Opening URL for product ray_work_Swivel_chair_9220: https://brunner-group.com/en/products/ray-work-swivel-chair/?variant=9220
Images detected on page for ray_work_Swivel_chair_9220, scrolling to load them...
Successfully opened URL for product ray_work_Swivel_chair_9220
Extracting images for product ray_work_Swivel_chair_9220...
Found 36 images for product ray_work_Swivel_chair_9220
Starting download with Playwright: https://live-brunner.pantheonsite.io/sites/default/files/styles/original_webp/public/video-preview-images/brunner_thumbnail_pds_kampganenfilm_ray-work.jpg.webp?itok=5JXiaFTL
Finished download: https://live-brunner.pantheonsite.io/sites/default/files/styles/original_webp/public/video-preview-images/brunner_thumbnail_pds_kampganenfilm_ray-work.jpg.webp?itok=5JXiaFTL -> ray_work_Swivel_chair_9220\image_1.jpg
Starting download with Playwright: https://live-brunner.pantheonsite.io/sites/default/files/styles/sm/public/oldImages/111216_Brunner_ray_work_9220_9223_9225_foild_1100-1010_HD_XL.jpg.webp?itok=vP4vAQks
Finished download: https://live-brunner.pantheonsite.io/sites/default/files/styles/sm/public/oldImages/111216_Brunner_ray_work_9220_9223_9225_foild_1100-1010_HD_XL.jpg.webp?itok=vP4vAQks -> ray_work_Swivel_chair_9220\image_2.jpg
Starting download with Playwright: https://live-brunner.pantheonsite.io/sites/default/files/styles/lg/public/oldImages/111216_Brunner_ray_work_9220_9223_9225_foild_1100-1010_HD_XL.jpg.webp?itok=-gOVmMhO
Finished download: https://live-brunner.pantheonsite.io/sites/default/files/styles/lg/public/oldImages/111216_Brunner_ray_work_9220_9223_9225_foild_1100-1010_HD_XL.jpg.webp?itok=-gOVmMhO -> ray_work_Swivel_chair_9220\image_3.jpg
Starting download with Playwright: https://live-brunner.pantheonsite.io/sites/default/files/styles/original_webp/public/oldImages/111216_Brunner_ray_work_9220_9223_9225_foild_1100-1010_HD_XL.jpg.webp?itok=RCbAeWat
Finished download: https://live-brunner.pantheonsite.io/sites/default/files/styles/original_webp/public/oldImages/111216_Brunner_ray_work_9220_9223_9225_foild_1100-1010_HD_XL.jpg.webp?itok=RCbAeWat -> ray_work_Swivel_chair_9220\image_4.jpg
Starting download with Playwright: https://live-brunner.pantheonsite.io/sites/default/files/styles/sm/public/oldImages/110704_Brunner_ray_work_9220_tay_table_9312_pads_1400_0100_0130_pads_sofa_1410_boards_BO200_HD_XL.jpg.webp?itok=lWZNfouC
Finished download: https://live-brunner.pantheonsite.io/sites/default/files/styles/sm/public/oldImages/110704_Brunner_ray_work_9220_tay_table_9312_pads_1400_0100_0130_pads_sofa_1410_boards_BO200_HD_XL.jpg.webp?itok=lWZNfouC -> ray_work_Swivel_chair_9220\image_5.jpg
Starting download with Playwright: https://live-brunner.pantheonsite.io/sites/default/files/styles/lg/public/oldImages/110704_Brunner_ray_work_9220_tay_table_9312_pads_1400_0100_0130_pads_sofa_1410_boards_BO200_HD_XL.jpg.webp?itok=X2kg8x5u
Finished download: https://live-brunner.pantheonsite.io/sites/default/files/styles/lg/public/oldImages/110704_Brunner_ray_work_9220_tay_table_9312_pads_1400_0100_0130_pads_sofa_1410_boards_BO200_HD_XL.jpg.webp?itok=X2kg8x5u -> ray_work_Swivel_chair_9220\image_6.jpg
Starting download with Playwright: https://live-brunner.pantheonsite.io/sites/default/files/styles/original_webp/public/oldImages/110704_Brunner_ray_work_9220_tay_table_9312_pads_1400_0100_0130_pads_sofa_1410_boards_BO200_HD_XL.jpg.webp?itok=zMCrrF79
Finished download: https://live-brunner.pantheonsite.io/sites/default/files/styles/original_webp/public/oldImages/110704_Brunner_ray_work_9220_tay_table_9312_pads_1400_0100_0130_pads_sofa_1410_boards_BO200_HD_XL.jpg.webp?itok=zMCrrF79 -> ray_work_Swivel_chair_9220\image_7.jpg
Starting download with Playwright: https://live-brunner.pantheonsite.io/sites/default/files/styles/original_webp/public/video-preview-images/brunner_thumbnail_pds_shooting_ray_work_9220_clay_light_nate_s_7772_detail.jpg.webp?itok=3htXbwQ4
Finished download: https://live-brunner.pantheonsite.io/sites/default/files/styles/original_webp/public/video-preview-images/brunner_thumbnail_pds_shooting_ray_work_9220_clay_light_nate_s_7772_detail.jpg.webp?itok=3htXbwQ4 -> ray_work_Swivel_chair_9220\image_8.jpg
Starting download with Playwright: https://live-brunner.pantheonsite.io/sites/default/files/styles/sm/public/oldImages/111211_Brunner_ray_work_9220_nate_s_7772_plot_PL060_HD_XL.jpg.webp?itok=Oc1tZKum
Finished download: https://live-brunner.pantheonsite.io/sites/default/files/styles/sm/public/oldImages/111211_Brunner_ray_work_9220_nate_s_7772_plot_PL060_HD_XL.jpg.webp?itok=Oc1tZKum -> ray_work_Swivel_chair_9220\image_9.jpg
Starting download with Playwright: https://live-brunner.pantheonsite.io/sites/default/files/styles/lg/public/oldImages/111211_Brunner_ray_work_9220_nate_s_7772_plot_PL060_HD_XL.jpg.webp?itok=R6qmlJ14
Finished download: https://live-brunner.pantheonsite.io/sites/default/files/styles/lg/public/oldImages/111211_Brunner_ray_work_9220_nate_s_7772_plot_PL060_HD_XL.jpg.webp?itok=R6qmlJ14 -> ray_work_Swivel_chair_9220\image_10.jpg
Starting download with Playwright: https://live-brunner.pantheonsite.io/sites/default/files/styles/original_webp/public/oldImages/111211_Brunner_ray_work_9220_nate_s_7772_plot_PL060_HD_XL.jpg.webp?itok=U-E22A9M
Finished download: https://live-brunner.pantheonsite.io/sites/default/files/styles/original_webp/public/oldImages/111211_Brunner_ray_work_9220_nate_s_7772_plot_PL060_HD_XL.jpg.webp?itok=U-E22A9M -> ray_work_Swivel_chair_9220\image_11.jpg
Starting download with Playwright: https://live-brunner.pantheonsite.io/sites/default/files/styles/sm/public/oldImages/111208_Brunner_ray_work_9220_earth_02_HD_XL.jpg.webp?itok=phuG8zA8
Finished download: https://live-brunner.pantheonsite.io/sites/default/files/styles/sm/public/oldImages/111208_Brunner_ray_work_9220_earth_02_HD_XL.jpg.webp?itok=phuG8zA8 -> ray_work_Swivel_chair_9220\image_12.jpg
Starting download with Playwright: https://live-brunner.pantheonsite.io/sites/default/files/styles/lg/public/oldImages/111208_Brunner_ray_work_9220_earth_02_HD_XL.jpg.webp?itok=xiLtwfe9
Finished download: https://live-brunner.pantheonsite.io/sites/default/files/styles/lg/public/oldImages/111208_Brunner_ray_work_9220_earth_02_HD_XL.jpg.webp?itok=xiLtwfe9 -> ray_work_Swivel_chair_9220\image_13.jpg
Starting download with Playwright: https://live-brunner.pantheonsite.io/sites/default/files/styles/original_webp/public/oldImages/111208_Brunner_ray_work_9220_earth_02_HD_XL.jpg.webp?itok=6vN3NzCj
Finished download: https://live-brunner.pantheonsite.io/sites/default/files/styles/original_webp/public/oldImages/111208_Brunner_ray_work_9220_earth_02_HD_XL.jpg.webp?itok=6vN3NzCj -> ray_work_Swivel_chair_9220\image_14.jpg
Starting download with Playwright: https://live-brunner.pantheonsite.io/sites/default/files/styles/sm/public/oldImages/113370_Brunner_ray_work_9225_Ledervariante_ray_table_9310_HD_XL.jpg.webp?itok=Waku1NSd
Finished download: https://live-brunner.pantheonsite.io/sites/default/files/styles/sm/public/oldImages/113370_Brunner_ray_work_9225_Ledervariante_ray_table_9310_HD_XL.jpg.webp?itok=Waku1NSd -> ray_work_Swivel_chair_9220\image_15.jpg
Starting download with Playwright: https://live-brunner.pantheonsite.io/sites/default/files/styles/lg/public/oldImages/113370_Brunner_ray_work_9225_Ledervariante_ray_table_9310_HD_XL.jpg.webp?itok=iWpSRy1y
Finished download: https://live-brunner.pantheonsite.io/sites/default/files/styles/lg/public/oldImages/113370_Brunner_ray_work_9225_Ledervariante_ray_table_9310_HD_XL.jpg.webp?itok=iWpSRy1y -> ray_work_Swivel_chair_9220\image_16.jpg
Starting download with Playwright: https://live-brunner.pantheonsite.io/sites/default/files/styles/original_webp/public/oldImages/113370_Brunner_ray_work_9225_Ledervariante_ray_table_9310_HD_XL.jpg.webp?itok=SYkezBoi
Finished download: https://live-brunner.pantheonsite.io/sites/default/files/styles/original_webp/public/oldImages/113370_Brunner_ray_work_9225_Ledervariante_ray_table_9310_HD_XL.jpg.webp?itok=SYkezBoi -> ray_work_Swivel_chair_9220\image_17.jpg
Starting download with Playwright: https://live-brunner.pantheonsite.io/sites/default/files/styles/sm/public/oldImages/111209_Brunner_ray_work_9220_lava_A-Bench_9791_A-Table_S9770_HD_XL.jpg.webp?itok=m3_ts7DK
Finished download: https://live-brunner.pantheonsite.io/sites/default/files/styles/sm/public/oldImages/111209_Brunner_ray_work_9220_lava_A-Bench_9791_A-Table_S9770_HD_XL.jpg.webp?itok=m3_ts7DK -> ray_work_Swivel_chair_9220\image_18.jpg
Starting download with Playwright: https://live-brunner.pantheonsite.io/sites/default/files/styles/lg/public/oldImages/111209_Brunner_ray_work_9220_lava_A-Bench_9791_A-Table_S9770_HD_XL.jpg.webp?itok=rZSJeouS
Finished download: https://live-brunner.pantheonsite.io/sites/default/files/styles/lg/public/oldImages/111209_Brunner_ray_work_9220_lava_A-Bench_9791_A-Table_S9770_HD_XL.jpg.webp?itok=rZSJeouS -> ray_work_Swivel_chair_9220\image_19.jpg
Starting download with Playwright: https://live-brunner.pantheonsite.io/sites/default/files/styles/original_webp/public/oldImages/111209_Brunner_ray_work_9220_lava_A-Bench_9791_A-Table_S9770_HD_XL.jpg.webp?itok=0mR5lNSe
Finished download: https://live-brunner.pantheonsite.io/sites/default/files/styles/original_webp/public/oldImages/111209_Brunner_ray_work_9220_lava_A-Bench_9791_A-Table_S9770_HD_XL.jpg.webp?itok=0mR5lNSe -> ray_work_Swivel_chair_9220\image_20.jpg
Starting download with Playwright: https://live-brunner.pantheonsite.io/sites/default/files/styles/sm/public/oldImages/113437_Brunner_ray_work_9225_wave_3510_HD_XL.jpg.webp?itok=emtkrAaq
Finished download: https://live-brunner.pantheonsite.io/sites/default/files/styles/sm/public/oldImages/113437_Brunner_ray_work_9225_wave_3510_HD_XL.jpg.webp?itok=emtkrAaq -> ray_work_Swivel_chair_9220\image_21.jpg
Starting download with Playwright: https://live-brunner.pantheonsite.io/sites/default/files/styles/lg/public/oldImages/113437_Brunner_ray_work_9225_wave_3510_HD_XL.jpg.webp?itok=B886PsD1
Finished download: https://live-brunner.pantheonsite.io/sites/default/files/styles/lg/public/oldImages/113437_Brunner_ray_work_9225_wave_3510_HD_XL.jpg.webp?itok=B886PsD1 -> ray_work_Swivel_chair_9220\image_22.jpg
Starting download with Playwright: https://live-brunner.pantheonsite.io/sites/default/files/styles/original_webp/public/oldImages/113437_Brunner_ray_work_9225_wave_3510_HD_XL.jpg.webp?itok=EawbuiN5
Finished download: https://live-brunner.pantheonsite.io/sites/default/files/styles/original_webp/public/oldImages/113437_Brunner_ray_work_9225_wave_3510_HD_XL.jpg.webp?itok=EawbuiN5 -> ray_work_Swivel_chair_9220\image_23.jpg
Starting download with Playwright: https://live-brunner.pantheonsite.io/sites/default/files/styles/sm/public/oldImages/111974_Brunner_ray_work_9225_ray_table_9312_Detail_HD_XL.jpg.webp?itok=gdyrSsZS
Finished download: https://live-brunner.pantheonsite.io/sites/default/files/styles/sm/public/oldImages/111974_Brunner_ray_work_9225_ray_table_9312_Detail_HD_XL.jpg.webp?itok=gdyrSsZS -> ray_work_Swivel_chair_9220\image_24.jpg
Starting download with Playwright: https://live-brunner.pantheonsite.io/sites/default/files/styles/lg/public/oldImages/111974_Brunner_ray_work_9225_ray_table_9312_Detail_HD_XL.jpg.webp?itok=Cr48gBpo
Finished download: https://live-brunner.pantheonsite.io/sites/default/files/styles/lg/public/oldImages/111974_Brunner_ray_work_9225_ray_table_9312_Detail_HD_XL.jpg.webp?itok=Cr48gBpo -> ray_work_Swivel_chair_9220\image_25.jpg
Starting download with Playwright: https://live-brunner.pantheonsite.io/sites/default/files/styles/original_webp/public/oldImages/111974_Brunner_ray_work_9225_ray_table_9312_Detail_HD_XL.jpg.webp?itok=7GRSkfYp
Finished download: https://live-brunner.pantheonsite.io/sites/default/files/styles/original_webp/public/oldImages/111974_Brunner_ray_work_9225_ray_table_9312_Detail_HD_XL.jpg.webp?itok=7GRSkfYp -> ray_work_Swivel_chair_9220\image_26.jpg
Starting download with Playwright: https://live-brunner.pantheonsite.io/sites/default/files/styles/sm/public/oldImages/111210_Brunner_ray_work_9220_midnight_ray_table_9314_HD_XL.jpg.webp?itok=Qk-KXl8J
Finished download: https://live-brunner.pantheonsite.io/sites/default/files/styles/sm/public/oldImages/111210_Brunner_ray_work_9220_midnight_ray_table_9314_HD_XL.jpg.webp?itok=Qk-KXl8J -> ray_work_Swivel_chair_9220\image_27.jpg
Starting download with Playwright: https://live-brunner.pantheonsite.io/sites/default/files/styles/lg/public/oldImages/111210_Brunner_ray_work_9220_midnight_ray_table_9314_HD_XL.jpg.webp?itok=nilRmY8h
Finished download: https://live-brunner.pantheonsite.io/sites/default/files/styles/lg/public/oldImages/111210_Brunner_ray_work_9220_midnight_ray_table_9314_HD_XL.jpg.webp?itok=nilRmY8h -> ray_work_Swivel_chair_9220\image_28.jpg
Starting download with Playwright: https://live-brunner.pantheonsite.io/sites/default/files/styles/original_webp/public/oldImages/111210_Brunner_ray_work_9220_midnight_ray_table_9314_HD_XL.jpg.webp?itok=3YE1-ZhQ
Finished download: https://live-brunner.pantheonsite.io/sites/default/files/styles/original_webp/public/oldImages/111210_Brunner_ray_work_9220_midnight_ray_table_9314_HD_XL.jpg.webp?itok=3YE1-ZhQ -> ray_work_Swivel_chair_9220\image_29.jpg
Starting download with Playwright: https://live-brunner.pantheonsite.io/sites/default/files/styles/sm/public/oldImages/113371_Brunner_ray_work_9225_Ledervariante_ray_table_9310-1_HD_XL.jpg.webp?itok=03MhQ51T
Finished download: https://live-brunner.pantheonsite.io/sites/default/files/styles/sm/public/oldImages/113371_Brunner_ray_work_9225_Ledervariante_ray_table_9310-1_HD_XL.jpg.webp?itok=03MhQ51T -> ray_work_Swivel_chair_9220\image_30.jpg
Starting download with Playwright: https://live-brunner.pantheonsite.io/sites/default/files/styles/lg/public/oldImages/113371_Brunner_ray_work_9225_Ledervariante_ray_table_9310-1_HD_XL.jpg.webp?itok=V9k7NIOW
Finished download: https://live-brunner.pantheonsite.io/sites/default/files/styles/lg/public/oldImages/113371_Brunner_ray_work_9225_Ledervariante_ray_table_9310-1_HD_XL.jpg.webp?itok=V9k7NIOW -> ray_work_Swivel_chair_9220\image_31.jpg
Starting download with Playwright: https://live-brunner.pantheonsite.io/sites/default/files/styles/original_webp/public/oldImages/113371_Brunner_ray_work_9225_Ledervariante_ray_table_9310-1_HD_XL.jpg.webp?itok=GZx5UwG2
Finished download: https://live-brunner.pantheonsite.io/sites/default/files/styles/original_webp/public/oldImages/113371_Brunner_ray_work_9225_Ledervariante_ray_table_9310-1_HD_XL.jpg.webp?itok=GZx5UwG2 -> ray_work_Swivel_chair_9220\image_32.jpg
Starting download with Playwright: https://live-brunner.pantheonsite.io/sites/default/files/styles/sm/public/oldImages/111846_Brunner_ray_work_9225_ray_table_9312_HD_XL.jpg.webp?itok=CXwX7rIL
Finished download: https://live-brunner.pantheonsite.io/sites/default/files/styles/sm/public/oldImages/111846_Brunner_ray_work_9225_ray_table_9312_HD_XL.jpg.webp?itok=CXwX7rIL -> ray_work_Swivel_chair_9220\image_33.jpg
Starting download with Playwright: https://live-brunner.pantheonsite.io/sites/default/files/styles/lg/public/oldImages/111846_Brunner_ray_work_9225_ray_table_9312_HD_XL.jpg.webp?itok=bEVFfWq9
Finished download: https://live-brunner.pantheonsite.io/sites/default/files/styles/lg/public/oldImages/111846_Brunner_ray_work_9225_ray_table_9312_HD_XL.jpg.webp?itok=bEVFfWq9 -> ray_work_Swivel_chair_9220\image_34.jpg
Starting download with Playwright: https://live-brunner.pantheonsite.io/sites/default/files/styles/original_webp/public/oldImages/111846_Brunner_ray_work_9225_ray_table_9312_HD_XL.jpg.webp?itok=NN3x7v2I
Finished download: https://live-brunner.pantheonsite.io/sites/default/files/styles/original_webp/public/oldImages/111846_Brunner_ray_work_9225_ray_table_9312_HD_XL.jpg.webp?itok=NN3x7v2I -> ray_work_Swivel_chair_9220\image_35.jpg
Starting download with Playwright: https://live-brunner.pantheonsite.io/sites/default/files/styles/original_webp/public/video-preview-images/brunner_thumbnail_pds_ray_work_design_news_9220_9223_9225.jpg.webp?itok=hC-bfDIc
Finished download: https://live-brunner.pantheonsite.io/sites/default/files/styles/original_webp/public/video-preview-images/brunner_thumbnail_pds_ray_work_design_news_9220_9223_9225.jpg.webp?itok=hC-bfDIc -> ray_work_Swivel_chair_9220\image_36.jpg
Completed image downloads for product ray_work_Swivel_chair_9220
Extracting features for product ray_work_Swivel_chair_9220...
Features saved for product ray_work_Swivel_chair_9220
Attempting to access Downloads tab for product ray_work_Swivel_chair_9220...
Starting download of PDF: https://live-brunner.pantheonsite.io/sites/default/files/oldPdfs/Produktdatenblaetter/Produktdatenblaetter_EN/Brunner_product_data_sheet_ray_work_EN.pdf
Downloaded product_sheet.pdf for product ray_work_Swivel_chair_9220
Opening URL for product ray_Conference_chair_9252: https://brunner-group.com/en/products/ray-conference-swivel-chair/?variant=9252
Images detected on page for ray_Conference_chair_9252, scrolling to load them...
Successfully opened URL for product ray_Conference_chair_9252
Extracting images for product ray_Conference_chair_9252...
Found 33 images for product ray_Conference_chair_9252
Starting download with Playwright: https://live-brunner.pantheonsite.io/sites/default/files/styles/sm/public/oldImages/115747_Brunner_wave_3510_ray_9252_HD_XL.jpg.webp?itok=1iPww4aX
Finished download: https://live-brunner.pantheonsite.io/sites/default/files/styles/sm/public/oldImages/115747_Brunner_wave_3510_ray_9252_HD_XL.jpg.webp?itok=1iPww4aX -> ray_Conference_chair_9252\image_1.jpg
Starting download with Playwright: https://live-brunner.pantheonsite.io/sites/default/files/styles/lg/public/oldImages/115747_Brunner_wave_3510_ray_9252_HD_XL.jpg.webp?itok=DHiGFJUI
Finished download: https://live-brunner.pantheonsite.io/sites/default/files/styles/lg/public/oldImages/115747_Brunner_wave_3510_ray_9252_HD_XL.jpg.webp?itok=DHiGFJUI -> ray_Conference_chair_9252\image_2.jpg
Starting download with Playwright: https://live-brunner.pantheonsite.io/sites/default/files/styles/original_webp/public/oldImages/115747_Brunner_wave_3510_ray_9252_HD_XL.jpg.webp?itok=zth6wfci
Finished download: https://live-brunner.pantheonsite.io/sites/default/files/styles/original_webp/public/oldImages/115747_Brunner_wave_3510_ray_9252_HD_XL.jpg.webp?itok=zth6wfci -> ray_Conference_chair_9252\image_3.jpg
Starting download with Playwright: https://live-brunner.pantheonsite.io/sites/default/files/styles/sm/public/oldImages/110639_Brunner_ray_9236_fina_club_6871_HD_XL.jpg.webp?itok=MbBB-G9d
Finished download: https://live-brunner.pantheonsite.io/sites/default/files/styles/sm/public/oldImages/110639_Brunner_ray_9236_fina_club_6871_HD_XL.jpg.webp?itok=MbBB-G9d -> ray_Conference_chair_9252\image_4.jpg
Starting download with Playwright: https://live-brunner.pantheonsite.io/sites/default/files/styles/lg/public/oldImages/110639_Brunner_ray_9236_fina_club_6871_HD_XL.jpg.webp?itok=ace07XTu
Finished download: https://live-brunner.pantheonsite.io/sites/default/files/styles/lg/public/oldImages/110639_Brunner_ray_9236_fina_club_6871_HD_XL.jpg.webp?itok=ace07XTu -> ray_Conference_chair_9252\image_5.jpg
Starting download with Playwright: https://live-brunner.pantheonsite.io/sites/default/files/styles/original_webp/public/oldImages/110639_Brunner_ray_9236_fina_club_6871_HD_XL.jpg.webp?itok=qWB7tVTZ
Finished download: https://live-brunner.pantheonsite.io/sites/default/files/styles/original_webp/public/oldImages/110639_Brunner_ray_9236_fina_club_6871_HD_XL.jpg.webp?itok=qWB7tVTZ -> ray_Conference_chair_9252\image_6.jpg
Starting download with Playwright: https://live-brunner.pantheonsite.io/sites/default/files/styles/sm/public/oldImages/90824_Brunner_ray_9252A_ray_table_9312_2_XL.jpg.webp?itok=mHzVYyX2
Finished download: https://live-brunner.pantheonsite.io/sites/default/files/styles/sm/public/oldImages/90824_Brunner_ray_9252A_ray_table_9312_2_XL.jpg.webp?itok=mHzVYyX2 -> ray_Conference_chair_9252\image_7.jpg
Starting download with Playwright: https://live-brunner.pantheonsite.io/sites/default/files/styles/lg/public/oldImages/90824_Brunner_ray_9252A_ray_table_9312_2_XL.jpg.webp?itok=boqG-Ghf
Finished download: https://live-brunner.pantheonsite.io/sites/default/files/styles/lg/public/oldImages/90824_Brunner_ray_9252A_ray_table_9312_2_XL.jpg.webp?itok=boqG-Ghf -> ray_Conference_chair_9252\image_8.jpg
Starting download with Playwright: https://live-brunner.pantheonsite.io/sites/default/files/styles/original_webp/public/oldImages/90824_Brunner_ray_9252A_ray_table_9312_2_XL.jpg.webp?itok=b0OXcbK9
Finished download: https://live-brunner.pantheonsite.io/sites/default/files/styles/original_webp/public/oldImages/90824_Brunner_ray_9252A_ray_table_9312_2_XL.jpg.webp?itok=b0OXcbK9 -> ray_Conference_chair_9252\image_9.jpg
Starting download with Playwright: https://live-brunner.pantheonsite.io/sites/default/files/styles/sm/public/oldImages/98005_Brunner_9264A_LOCATION-Meeting_Torro-2984-2989_DarkChrome_HD_XL.jpg.webp?itok=XsbwGP7F
Finished download: https://live-brunner.pantheonsite.io/sites/default/files/styles/sm/public/oldImages/98005_Brunner_9264A_LOCATION-Meeting_Torro-2984-2989_DarkChrome_HD_XL.jpg.webp?itok=XsbwGP7F -> ray_Conference_chair_9252\image_10.jpg
Starting download with Playwright: https://live-brunner.pantheonsite.io/sites/default/files/styles/lg/public/oldImages/98005_Brunner_9264A_LOCATION-Meeting_Torro-2984-2989_DarkChrome_HD_XL.jpg.webp?itok=Lt1eC_rm
Finished download: https://live-brunner.pantheonsite.io/sites/default/files/styles/lg/public/oldImages/98005_Brunner_9264A_LOCATION-Meeting_Torro-2984-2989_DarkChrome_HD_XL.jpg.webp?itok=Lt1eC_rm -> ray_Conference_chair_9252\image_11.jpg
Starting download with Playwright: https://live-brunner.pantheonsite.io/sites/default/files/styles/original_webp/public/oldImages/98005_Brunner_9264A_LOCATION-Meeting_Torro-2984-2989_DarkChrome_HD_XL.jpg.webp?itok=Qc3-9Rlj
Finished download: https://live-brunner.pantheonsite.io/sites/default/files/styles/original_webp/public/oldImages/98005_Brunner_9264A_LOCATION-Meeting_Torro-2984-2989_DarkChrome_HD_XL.jpg.webp?itok=Qc3-9Rlj -> ray_Conference_chair_9252\image_12.jpg
Starting download with Playwright: https://live-brunner.pantheonsite.io/sites/default/files/styles/sm/public/oldImages/110637_Brunner_ray_9234_Rollen_HD_XL.jpg.webp?itok=CLE5gGWJ
Finished download: https://live-brunner.pantheonsite.io/sites/default/files/styles/sm/public/oldImages/110637_Brunner_ray_9234_Rollen_HD_XL.jpg.webp?itok=CLE5gGWJ -> ray_Conference_chair_9252\image_13.jpg
Starting download with Playwright: https://live-brunner.pantheonsite.io/sites/default/files/styles/lg/public/oldImages/110637_Brunner_ray_9234_Rollen_HD_XL.jpg.webp?itok=rMgTsTVy
Finished download: https://live-brunner.pantheonsite.io/sites/default/files/styles/lg/public/oldImages/110637_Brunner_ray_9234_Rollen_HD_XL.jpg.webp?itok=rMgTsTVy -> ray_Conference_chair_9252\image_14.jpg
Starting download with Playwright: https://live-brunner.pantheonsite.io/sites/default/files/styles/original_webp/public/oldImages/110637_Brunner_ray_9234_Rollen_HD_XL.jpg.webp?itok=PNzZMvdU
Finished download: https://live-brunner.pantheonsite.io/sites/default/files/styles/original_webp/public/oldImages/110637_Brunner_ray_9234_Rollen_HD_XL.jpg.webp?itok=PNzZMvdU -> ray_Conference_chair_9252\image_15.jpg
Starting download with Playwright: https://live-brunner.pantheonsite.io/sites/default/files/styles/sm/public/oldImages/110640_Brunner_ray_9236_Gleiter_HD_XL.jpg.webp?itok=s-zOzn29
Finished download: https://live-brunner.pantheonsite.io/sites/default/files/styles/sm/public/oldImages/110640_Brunner_ray_9236_Gleiter_HD_XL.jpg.webp?itok=s-zOzn29 -> ray_Conference_chair_9252\image_16.jpg
Starting download with Playwright: https://live-brunner.pantheonsite.io/sites/default/files/styles/lg/public/oldImages/110640_Brunner_ray_9236_Gleiter_HD_XL.jpg.webp?itok=-KjUHXyR
Finished download: https://live-brunner.pantheonsite.io/sites/default/files/styles/lg/public/oldImages/110640_Brunner_ray_9236_Gleiter_HD_XL.jpg.webp?itok=-KjUHXyR -> ray_Conference_chair_9252\image_17.jpg
Starting download with Playwright: https://live-brunner.pantheonsite.io/sites/default/files/styles/original_webp/public/oldImages/110640_Brunner_ray_9236_Gleiter_HD_XL.jpg.webp?itok=y7hvSp2w
Finished download: https://live-brunner.pantheonsite.io/sites/default/files/styles/original_webp/public/oldImages/110640_Brunner_ray_9236_Gleiter_HD_XL.jpg.webp?itok=y7hvSp2w -> ray_Conference_chair_9252\image_18.jpg
Starting download with Playwright: https://live-brunner.pantheonsite.io/sites/default/files/styles/sm/public/oldImages/110635_Brunner_ray_9206A_9207A_Detail_HD_XL.jpg.webp?itok=Oa9eYTwH
Finished download: https://live-brunner.pantheonsite.io/sites/default/files/styles/sm/public/oldImages/110635_Brunner_ray_9206A_9207A_Detail_HD_XL.jpg.webp?itok=Oa9eYTwH -> ray_Conference_chair_9252\image_19.jpg
Starting download with Playwright: https://live-brunner.pantheonsite.io/sites/default/files/styles/lg/public/oldImages/110635_Brunner_ray_9206A_9207A_Detail_HD_XL.jpg.webp?itok=wJnxjRWb
Finished download: https://live-brunner.pantheonsite.io/sites/default/files/styles/lg/public/oldImages/110635_Brunner_ray_9206A_9207A_Detail_HD_XL.jpg.webp?itok=wJnxjRWb -> ray_Conference_chair_9252\image_20.jpg
Starting download with Playwright: https://live-brunner.pantheonsite.io/sites/default/files/styles/original_webp/public/oldImages/110635_Brunner_ray_9206A_9207A_Detail_HD_XL.jpg.webp?itok=TDqzXQRX
Finished download: https://live-brunner.pantheonsite.io/sites/default/files/styles/original_webp/public/oldImages/110635_Brunner_ray_9206A_9207A_Detail_HD_XL.jpg.webp?itok=TDqzXQRX -> ray_Conference_chair_9252\image_21.jpg
Starting download with Playwright: https://live-brunner.pantheonsite.io/sites/default/files/styles/sm/public/oldImages/110636_Brunner_ray_9232_ray_table_9312_HD_XL.jpg.webp?itok=myE7Jnc8
Finished download: https://live-brunner.pantheonsite.io/sites/default/files/styles/sm/public/oldImages/110636_Brunner_ray_9232_ray_table_9312_HD_XL.jpg.webp?itok=myE7Jnc8 -> ray_Conference_chair_9252\image_22.jpg
Starting download with Playwright: https://live-brunner.pantheonsite.io/sites/default/files/styles/lg/public/oldImages/110636_Brunner_ray_9232_ray_table_9312_HD_XL.jpg.webp?itok=YLe7W3fW
Finished download: https://live-brunner.pantheonsite.io/sites/default/files/styles/lg/public/oldImages/110636_Brunner_ray_9232_ray_table_9312_HD_XL.jpg.webp?itok=YLe7W3fW -> ray_Conference_chair_9252\image_23.jpg
Starting download with Playwright: https://live-brunner.pantheonsite.io/sites/default/files/styles/original_webp/public/oldImages/110636_Brunner_ray_9232_ray_table_9312_HD_XL.jpg.webp?itok=b1m6SVDs
Finished download: https://live-brunner.pantheonsite.io/sites/default/files/styles/original_webp/public/oldImages/110636_Brunner_ray_9232_ray_table_9312_HD_XL.jpg.webp?itok=b1m6SVDs -> ray_Conference_chair_9252\image_24.jpg
Starting download with Playwright: https://live-brunner.pantheonsite.io/sites/default/files/styles/sm/public/oldImages/110641_Brunner_ray_9236_plot_PL060_fina_club_6871_HD_XL.jpg.webp?itok=tJxTHsDG
Finished download: https://live-brunner.pantheonsite.io/sites/default/files/styles/sm/public/oldImages/110641_Brunner_ray_9236_plot_PL060_fina_club_6871_HD_XL.jpg.webp?itok=tJxTHsDG -> ray_Conference_chair_9252\image_25.jpg
Starting download with Playwright: https://live-brunner.pantheonsite.io/sites/default/files/styles/lg/public/oldImages/110641_Brunner_ray_9236_plot_PL060_fina_club_6871_HD_XL.jpg.webp?itok=UTdvYWwU
Finished download: https://live-brunner.pantheonsite.io/sites/default/files/styles/lg/public/oldImages/110641_Brunner_ray_9236_plot_PL060_fina_club_6871_HD_XL.jpg.webp?itok=UTdvYWwU -> ray_Conference_chair_9252\image_26.jpg
Starting download with Playwright: https://live-brunner.pantheonsite.io/sites/default/files/styles/original_webp/public/oldImages/110641_Brunner_ray_9236_plot_PL060_fina_club_6871_HD_XL.jpg.webp?itok=0TjrWWG6
Finished download: https://live-brunner.pantheonsite.io/sites/default/files/styles/original_webp/public/oldImages/110641_Brunner_ray_9236_plot_PL060_fina_club_6871_HD_XL.jpg.webp?itok=0TjrWWG6 -> ray_Conference_chair_9252\image_27.jpg
Starting download with Playwright: https://live-brunner.pantheonsite.io/sites/default/files/styles/sm/public/oldImages/110642_Brunner_ray_9232_Gleiter_HD_XL.jpg.webp?itok=R0WfFQIg
Finished download: https://live-brunner.pantheonsite.io/sites/default/files/styles/sm/public/oldImages/110642_Brunner_ray_9232_Gleiter_HD_XL.jpg.webp?itok=R0WfFQIg -> ray_Conference_chair_9252\image_28.jpg
Starting download with Playwright: https://live-brunner.pantheonsite.io/sites/default/files/styles/lg/public/oldImages/110642_Brunner_ray_9232_Gleiter_HD_XL.jpg.webp?itok=UJ-mD8UP
Finished download: https://live-brunner.pantheonsite.io/sites/default/files/styles/lg/public/oldImages/110642_Brunner_ray_9232_Gleiter_HD_XL.jpg.webp?itok=UJ-mD8UP -> ray_Conference_chair_9252\image_29.jpg
Starting download with Playwright: https://live-brunner.pantheonsite.io/sites/default/files/styles/original_webp/public/oldImages/110642_Brunner_ray_9232_Gleiter_HD_XL.jpg.webp?itok=SJ0GM4SD
Finished download: https://live-brunner.pantheonsite.io/sites/default/files/styles/original_webp/public/oldImages/110642_Brunner_ray_9232_Gleiter_HD_XL.jpg.webp?itok=SJ0GM4SD -> ray_Conference_chair_9252\image_30.jpg
Starting download with Playwright: https://live-brunner.pantheonsite.io/sites/default/files/styles/sm/public/oldImages/110643_Brunner_ray_9252A_GGArchard_HD_XL.jpg.webp?itok=lv51yrMy
Finished download: https://live-brunner.pantheonsite.io/sites/default/files/styles/sm/public/oldImages/110643_Brunner_ray_9252A_GGArchard_HD_XL.jpg.webp?itok=lv51yrMy -> ray_Conference_chair_9252\image_31.jpg
Starting download with Playwright: https://live-brunner.pantheonsite.io/sites/default/files/styles/lg/public/oldImages/110643_Brunner_ray_9252A_GGArchard_HD_XL.jpg.webp?itok=E1hAs-Op
Finished download: https://live-brunner.pantheonsite.io/sites/default/files/styles/lg/public/oldImages/110643_Brunner_ray_9252A_GGArchard_HD_XL.jpg.webp?itok=E1hAs-Op -> ray_Conference_chair_9252\image_32.jpg
Starting download with Playwright: https://live-brunner.pantheonsite.io/sites/default/files/styles/original_webp/public/oldImages/110643_Brunner_ray_9252A_GGArchard_HD_XL.jpg.webp?itok=LZO0TBKM
Finished download: https://live-brunner.pantheonsite.io/sites/default/files/styles/original_webp/public/oldImages/110643_Brunner_ray_9252A_GGArchard_HD_XL.jpg.webp?itok=LZO0TBKM -> ray_Conference_chair_9252\image_33.jpg
Completed image downloads for product ray_Conference_chair_9252
Extracting features for product ray_Conference_chair_9252...
Features saved for product ray_Conference_chair_9252
Attempting to access Downloads tab for product ray_Conference_chair_9252...
Starting download of PDF: https://live-brunner.pantheonsite.io/sites/default/files/oldPdfs/Produktdatenblaetter/Produktdatenblaetter_EN/ray_Brunner_product_data_sheet_EN.pdf
Downloaded product_sheet.pdf for product ray_Conference_chair_9252
Opening URL for product A-Chair_Stacking_chair_9708: https://brunner-group.com/en/products/a-chair-stacking-chair/?variant=9708
Images detected on page for A-Chair_Stacking_chair_9708, scrolling to load them...
Successfully opened URL for product A-Chair_Stacking_chair_9708
Extracting images for product A-Chair_Stacking_chair_9708...
Found 45 images for product A-Chair_Stacking_chair_9708
Starting download with Playwright: https://live-brunner.pantheonsite.io/sites/default/files/styles/sm/public/oldImages/83408_A_Chair_9709A_stone_Family_1920x1080_XL.jpg.webp?itok=KCqZVvOt
Finished download: https://live-brunner.pantheonsite.io/sites/default/files/styles/sm/public/oldImages/83408_A_Chair_9709A_stone_Family_1920x1080_XL.jpg.webp?itok=KCqZVvOt -> A-Chair_Stacking_chair_9708\image_1.jpg
Starting download with Playwright: https://live-brunner.pantheonsite.io/sites/default/files/styles/lg/public/oldImages/83408_A_Chair_9709A_stone_Family_1920x1080_XL.jpg.webp?itok=fPncm938
Finished download: https://live-brunner.pantheonsite.io/sites/default/files/styles/lg/public/oldImages/83408_A_Chair_9709A_stone_Family_1920x1080_XL.jpg.webp?itok=fPncm938 -> A-Chair_Stacking_chair_9708\image_2.jpg
Starting download with Playwright: https://live-brunner.pantheonsite.io/sites/default/files/styles/original_webp/public/oldImages/83408_A_Chair_9709A_stone_Family_1920x1080_XL.jpg.webp?itok=6e5AjD9G
Finished download: https://live-brunner.pantheonsite.io/sites/default/files/styles/original_webp/public/oldImages/83408_A_Chair_9709A_stone_Family_1920x1080_XL.jpg.webp?itok=6e5AjD9G -> A-Chair_Stacking_chair_9708\image_3.jpg
Starting download with Playwright: https://live-brunner.pantheonsite.io/sites/default/files/styles/sm/public/oldImages/112859_Brunner_A-Chair_9708_A-Table_9770_HD_XL.jpg.webp?itok=aLxSnB9G
Finished download: https://live-brunner.pantheonsite.io/sites/default/files/styles/sm/public/oldImages/112859_Brunner_A-Chair_9708_A-Table_9770_HD_XL.jpg.webp?itok=aLxSnB9G -> A-Chair_Stacking_chair_9708\image_4.jpg
Starting download with Playwright: https://live-brunner.pantheonsite.io/sites/default/files/styles/lg/public/oldImages/112859_Brunner_A-Chair_9708_A-Table_9770_HD_XL.jpg.webp?itok=AduVPwuQ
Finished download: https://live-brunner.pantheonsite.io/sites/default/files/styles/lg/public/oldImages/112859_Brunner_A-Chair_9708_A-Table_9770_HD_XL.jpg.webp?itok=AduVPwuQ -> A-Chair_Stacking_chair_9708\image_5.jpg
Starting download with Playwright: https://live-brunner.pantheonsite.io/sites/default/files/styles/original_webp/public/oldImages/112859_Brunner_A-Chair_9708_A-Table_9770_HD_XL.jpg.webp?itok=rlxx8qRA
Finished download: https://live-brunner.pantheonsite.io/sites/default/files/styles/original_webp/public/oldImages/112859_Brunner_A-Chair_9708_A-Table_9770_HD_XL.jpg.webp?itok=rlxx8qRA -> A-Chair_Stacking_chair_9708\image_6.jpg
Starting download with Playwright: https://live-brunner.pantheonsite.io/sites/default/files/styles/sm/public/oldImages/112865_Brunner_A_Chair_9708_Schreibtablar_HD_XL.jpg.webp?itok=e3zfsvZb
Finished download: https://live-brunner.pantheonsite.io/sites/default/files/styles/sm/public/oldImages/112865_Brunner_A_Chair_9708_Schreibtablar_HD_XL.jpg.webp?itok=e3zfsvZb -> A-Chair_Stacking_chair_9708\image_7.jpg
Starting download with Playwright: https://live-brunner.pantheonsite.io/sites/default/files/styles/lg/public/oldImages/112865_Brunner_A_Chair_9708_Schreibtablar_HD_XL.jpg.webp?itok=i58qQstY
Finished download: https://live-brunner.pantheonsite.io/sites/default/files/styles/lg/public/oldImages/112865_Brunner_A_Chair_9708_Schreibtablar_HD_XL.jpg.webp?itok=i58qQstY -> A-Chair_Stacking_chair_9708\image_8.jpg
Starting download with Playwright: https://live-brunner.pantheonsite.io/sites/default/files/styles/original_webp/public/oldImages/112865_Brunner_A_Chair_9708_Schreibtablar_HD_XL.jpg.webp?itok=EPw9QMGr
Finished download: https://live-brunner.pantheonsite.io/sites/default/files/styles/original_webp/public/oldImages/112865_Brunner_A_Chair_9708_Schreibtablar_HD_XL.jpg.webp?itok=EPw9QMGr -> A-Chair_Stacking_chair_9708\image_9.jpg
Starting download with Playwright: https://live-brunner.pantheonsite.io/sites/default/files/styles/sm/public/oldImages/99021_Brunner_A_Chair_9708_detail_HD_XL.jpg.webp?itok=T3cJPKkJ
Finished download: https://live-brunner.pantheonsite.io/sites/default/files/styles/sm/public/oldImages/99021_Brunner_A_Chair_9708_detail_HD_XL.jpg.webp?itok=T3cJPKkJ -> A-Chair_Stacking_chair_9708\image_10.jpg
Starting download with Playwright: https://live-brunner.pantheonsite.io/sites/default/files/styles/lg/public/oldImages/99021_Brunner_A_Chair_9708_detail_HD_XL.jpg.webp?itok=rB8Avh6r
Finished download: https://live-brunner.pantheonsite.io/sites/default/files/styles/lg/public/oldImages/99021_Brunner_A_Chair_9708_detail_HD_XL.jpg.webp?itok=rB8Avh6r -> A-Chair_Stacking_chair_9708\image_11.jpg
Starting download with Playwright: https://live-brunner.pantheonsite.io/sites/default/files/styles/original_webp/public/oldImages/99021_Brunner_A_Chair_9708_detail_HD_XL.jpg.webp?itok=0eSzIFpY
Finished download: https://live-brunner.pantheonsite.io/sites/default/files/styles/original_webp/public/oldImages/99021_Brunner_A_Chair_9708_detail_HD_XL.jpg.webp?itok=0eSzIFpY -> A-Chair_Stacking_chair_9708\image_12.jpg
Starting download with Playwright: https://live-brunner.pantheonsite.io/sites/default/files/styles/sm/public/oldImages/83515_A_Chair_Family_CMYK_1920x1080_XL.jpg.webp?itok=7Q47ia59
Finished download: https://live-brunner.pantheonsite.io/sites/default/files/styles/sm/public/oldImages/83515_A_Chair_Family_CMYK_1920x1080_XL.jpg.webp?itok=7Q47ia59 -> A-Chair_Stacking_chair_9708\image_13.jpg
Starting download with Playwright: https://live-brunner.pantheonsite.io/sites/default/files/styles/lg/public/oldImages/83515_A_Chair_Family_CMYK_1920x1080_XL.jpg.webp?itok=_z3-9GR9
Finished download: https://live-brunner.pantheonsite.io/sites/default/files/styles/lg/public/oldImages/83515_A_Chair_Family_CMYK_1920x1080_XL.jpg.webp?itok=_z3-9GR9 -> A-Chair_Stacking_chair_9708\image_14.jpg
Starting download with Playwright: https://live-brunner.pantheonsite.io/sites/default/files/styles/original_webp/public/oldImages/83515_A_Chair_Family_CMYK_1920x1080_XL.jpg.webp?itok=a6SblvTh
Finished download: https://live-brunner.pantheonsite.io/sites/default/files/styles/original_webp/public/oldImages/83515_A_Chair_Family_CMYK_1920x1080_XL.jpg.webp?itok=a6SblvTh -> A-Chair_Stacking_chair_9708\image_15.jpg
Starting download with Playwright: https://live-brunner.pantheonsite.io/sites/default/files/styles/sm/public/oldImages/98483_Brunner_A_Chair_9709A_Stapel_stone_lava_HD_XL.jpg.webp?itok=i446uict
Finished download: https://live-brunner.pantheonsite.io/sites/default/files/styles/sm/public/oldImages/98483_Brunner_A_Chair_9709A_Stapel_stone_lava_HD_XL.jpg.webp?itok=i446uict -> A-Chair_Stacking_chair_9708\image_16.jpg
Starting download with Playwright: https://live-brunner.pantheonsite.io/sites/default/files/styles/lg/public/oldImages/98483_Brunner_A_Chair_9709A_Stapel_stone_lava_HD_XL.jpg.webp?itok=PgDbY6TC
Finished download: https://live-brunner.pantheonsite.io/sites/default/files/styles/lg/public/oldImages/98483_Brunner_A_Chair_9709A_Stapel_stone_lava_HD_XL.jpg.webp?itok=PgDbY6TC -> A-Chair_Stacking_chair_9708\image_17.jpg
Starting download with Playwright: https://live-brunner.pantheonsite.io/sites/default/files/styles/original_webp/public/oldImages/98483_Brunner_A_Chair_9709A_Stapel_stone_lava_HD_XL.jpg.webp?itok=Oz4DC3g_
Finished download: https://live-brunner.pantheonsite.io/sites/default/files/styles/original_webp/public/oldImages/98483_Brunner_A_Chair_9709A_Stapel_stone_lava_HD_XL.jpg.webp?itok=Oz4DC3g_ -> A-Chair_Stacking_chair_9708\image_18.jpg
Starting download with Playwright: https://live-brunner.pantheonsite.io/sites/default/files/styles/sm/public/oldImages/110678_Brunner_basic_row_2942_A-Chair_9708_01_HD_XL.jpg.webp?itok=s_UlscHK
Finished download: https://live-brunner.pantheonsite.io/sites/default/files/styles/sm/public/oldImages/110678_Brunner_basic_row_2942_A-Chair_9708_01_HD_XL.jpg.webp?itok=s_UlscHK -> A-Chair_Stacking_chair_9708\image_19.jpg
Starting download with Playwright: https://live-brunner.pantheonsite.io/sites/default/files/styles/lg/public/oldImages/110678_Brunner_basic_row_2942_A-Chair_9708_01_HD_XL.jpg.webp?itok=zZvLqjbj
Finished download: https://live-brunner.pantheonsite.io/sites/default/files/styles/lg/public/oldImages/110678_Brunner_basic_row_2942_A-Chair_9708_01_HD_XL.jpg.webp?itok=zZvLqjbj -> A-Chair_Stacking_chair_9708\image_20.jpg
Starting download with Playwright: https://live-brunner.pantheonsite.io/sites/default/files/styles/original_webp/public/oldImages/110678_Brunner_basic_row_2942_A-Chair_9708_01_HD_XL.jpg.webp?itok=MUZhnHIQ
Finished download: https://live-brunner.pantheonsite.io/sites/default/files/styles/original_webp/public/oldImages/110678_Brunner_basic_row_2942_A-Chair_9708_01_HD_XL.jpg.webp?itok=MUZhnHIQ -> A-Chair_Stacking_chair_9708\image_21.jpg
Starting download with Playwright: https://live-brunner.pantheonsite.io/sites/default/files/styles/sm/public/oldImages/113919_Brunner_A-Chair_9708_RV04_002_HD_XL.jpg.webp?itok=WMNPRZOe
[Image Download] Failed image https://live-brunner.pantheonsite.io/sites/default/files/styles/sm/public/oldImages/113919_Brunner_A-Chair_9708_RV04_002_HD_XL.jpg.webp?itok=WMNPRZOe for product A-Chair_Stacking_chair_9708: HTTP status 404
Starting download with Playwright: https://live-brunner.pantheonsite.io/sites/default/files/styles/lg/public/oldImages/113919_Brunner_A-Chair_9708_RV04_002_HD_XL.jpg.webp?itok=b0I_OFlZ
[Image Download] Failed image https://live-brunner.pantheonsite.io/sites/default/files/styles/lg/public/oldImages/113919_Brunner_A-Chair_9708_RV04_002_HD_XL.jpg.webp?itok=b0I_OFlZ for product A-Chair_Stacking_chair_9708: HTTP status 404
Starting download with Playwright: https://live-brunner.pantheonsite.io/sites/default/files/styles/original_webp/public/oldImages/113919_Brunner_A-Chair_9708_RV04_002_HD_XL.jpg.webp?itok=jlMpehhL
[Image Download] Failed image https://live-brunner.pantheonsite.io/sites/default/files/styles/original_webp/public/oldImages/113919_Brunner_A-Chair_9708_RV04_002_HD_XL.jpg.webp?itok=jlMpehhL for product A-Chair_Stacking_chair_9708: HTTP status 404
Starting download with Playwright: https://live-brunner.pantheonsite.io/sites/default/files/styles/sm/public/oldImages/98485_Brunner_A_Chair_9707A_Detail_Armlehne_Eiche_stone_HD_XL.jpg.webp?itok=Cs5t4TiP
Finished download: https://live-brunner.pantheonsite.io/sites/default/files/styles/sm/public/oldImages/98485_Brunner_A_Chair_9707A_Detail_Armlehne_Eiche_stone_HD_XL.jpg.webp?itok=Cs5t4TiP -> A-Chair_Stacking_chair_9708\image_25.jpg
Starting download with Playwright: https://live-brunner.pantheonsite.io/sites/default/files/styles/lg/public/oldImages/98485_Brunner_A_Chair_9707A_Detail_Armlehne_Eiche_stone_HD_XL.jpg.webp?itok=wHB8VZjq
Finished download: https://live-brunner.pantheonsite.io/sites/default/files/styles/lg/public/oldImages/98485_Brunner_A_Chair_9707A_Detail_Armlehne_Eiche_stone_HD_XL.jpg.webp?itok=wHB8VZjq -> A-Chair_Stacking_chair_9708\image_26.jpg
Starting download with Playwright: https://live-brunner.pantheonsite.io/sites/default/files/styles/original_webp/public/oldImages/98485_Brunner_A_Chair_9707A_Detail_Armlehne_Eiche_stone_HD_XL.jpg.webp?itok=bLzynIcK
Finished download: https://live-brunner.pantheonsite.io/sites/default/files/styles/original_webp/public/oldImages/98485_Brunner_A_Chair_9707A_Detail_Armlehne_Eiche_stone_HD_XL.jpg.webp?itok=bLzynIcK -> A-Chair_Stacking_chair_9708\image_27.jpg
Starting download with Playwright: https://live-brunner.pantheonsite.io/sites/default/files/styles/sm/public/oldImages/112860_Brunner_A-Chair_9709A_ray_table_9312_01_HD_XL.jpg.webp?itok=9UHRu4ot
Finished download: https://live-brunner.pantheonsite.io/sites/default/files/styles/sm/public/oldImages/112860_Brunner_A-Chair_9709A_ray_table_9312_01_HD_XL.jpg.webp?itok=9UHRu4ot -> A-Chair_Stacking_chair_9708\image_28.jpg
Starting download with Playwright: https://live-brunner.pantheonsite.io/sites/default/files/styles/lg/public/oldImages/112860_Brunner_A-Chair_9709A_ray_table_9312_01_HD_XL.jpg.webp?itok=YnK-Ox4_
Finished download: https://live-brunner.pantheonsite.io/sites/default/files/styles/lg/public/oldImages/112860_Brunner_A-Chair_9709A_ray_table_9312_01_HD_XL.jpg.webp?itok=YnK-Ox4_ -> A-Chair_Stacking_chair_9708\image_29.jpg
Starting download with Playwright: https://live-brunner.pantheonsite.io/sites/default/files/styles/original_webp/public/oldImages/112860_Brunner_A-Chair_9709A_ray_table_9312_01_HD_XL.jpg.webp?itok=CMiole8Y
Finished download: https://live-brunner.pantheonsite.io/sites/default/files/styles/original_webp/public/oldImages/112860_Brunner_A-Chair_9709A_ray_table_9312_01_HD_XL.jpg.webp?itok=CMiole8Y -> A-Chair_Stacking_chair_9708\image_30.jpg
Starting download with Playwright: https://live-brunner.pantheonsite.io/sites/default/files/styles/sm/public/oldImages/95371_A_Chair_9706_9708_9708A_XL.jpg.webp?itok=Yap8GfsJ
Finished download: https://live-brunner.pantheonsite.io/sites/default/files/styles/sm/public/oldImages/95371_A_Chair_9706_9708_9708A_XL.jpg.webp?itok=Yap8GfsJ -> A-Chair_Stacking_chair_9708\image_31.jpg
Starting download with Playwright: https://live-brunner.pantheonsite.io/sites/default/files/styles/lg/public/oldImages/95371_A_Chair_9706_9708_9708A_XL.jpg.webp?itok=ZdPWTCCw
Finished download: https://live-brunner.pantheonsite.io/sites/default/files/styles/lg/public/oldImages/95371_A_Chair_9706_9708_9708A_XL.jpg.webp?itok=ZdPWTCCw -> A-Chair_Stacking_chair_9708\image_32.jpg
Starting download with Playwright: https://live-brunner.pantheonsite.io/sites/default/files/styles/original_webp/public/oldImages/95371_A_Chair_9706_9708_9708A_XL.jpg.webp?itok=aW6XtfXx
Finished download: https://live-brunner.pantheonsite.io/sites/default/files/styles/original_webp/public/oldImages/95371_A_Chair_9706_9708_9708A_XL.jpg.webp?itok=aW6XtfXx -> A-Chair_Stacking_chair_9708\image_33.jpg
Starting download with Playwright: https://live-brunner.pantheonsite.io/sites/default/files/styles/sm/public/oldImages/113920_Brunner_A-Chair_9708_RV04_006_HD_XL.jpg.webp?itok=PcpYNGS5
[Image Download] Failed image https://live-brunner.pantheonsite.io/sites/default/files/styles/sm/public/oldImages/113920_Brunner_A-Chair_9708_RV04_006_HD_XL.jpg.webp?itok=PcpYNGS5 for product A-Chair_Stacking_chair_9708: HTTP status 404
Starting download with Playwright: https://live-brunner.pantheonsite.io/sites/default/files/styles/lg/public/oldImages/113920_Brunner_A-Chair_9708_RV04_006_HD_XL.jpg.webp?itok=HTi2KpJ3
[Image Download] Failed image https://live-brunner.pantheonsite.io/sites/default/files/styles/lg/public/oldImages/113920_Brunner_A-Chair_9708_RV04_006_HD_XL.jpg.webp?itok=HTi2KpJ3 for product A-Chair_Stacking_chair_9708: HTTP status 404
Starting download with Playwright: https://live-brunner.pantheonsite.io/sites/default/files/styles/original_webp/public/oldImages/113920_Brunner_A-Chair_9708_RV04_006_HD_XL.jpg.webp?itok=yWcmNGyG
[Image Download] Failed image https://live-brunner.pantheonsite.io/sites/default/files/styles/original_webp/public/oldImages/113920_Brunner_A-Chair_9708_RV04_006_HD_XL.jpg.webp?itok=yWcmNGyG for product A-Chair_Stacking_chair_9708: HTTP status 404
Starting download with Playwright: https://live-brunner.pantheonsite.io/sites/default/files/styles/sm/public/oldImages/113112_Brunner_A_Chair_9704_1920x1357_XL.jpg.webp?itok=BxY7Euk8
Finished download: https://live-brunner.pantheonsite.io/sites/default/files/styles/sm/public/oldImages/113112_Brunner_A_Chair_9704_1920x1357_XL.jpg.webp?itok=BxY7Euk8 -> A-Chair_Stacking_chair_9708\image_37.jpg
Starting download with Playwright: https://live-brunner.pantheonsite.io/sites/default/files/styles/lg/public/oldImages/113112_Brunner_A_Chair_9704_1920x1357_XL.jpg.webp?itok=UgC18ZbC
Finished download: https://live-brunner.pantheonsite.io/sites/default/files/styles/lg/public/oldImages/113112_Brunner_A_Chair_9704_1920x1357_XL.jpg.webp?itok=UgC18ZbC -> A-Chair_Stacking_chair_9708\image_38.jpg
Starting download with Playwright: https://live-brunner.pantheonsite.io/sites/default/files/styles/original_webp/public/oldImages/113112_Brunner_A_Chair_9704_1920x1357_XL.jpg.webp?itok=NUiqAc63
Finished download: https://live-brunner.pantheonsite.io/sites/default/files/styles/original_webp/public/oldImages/113112_Brunner_A_Chair_9704_1920x1357_XL.jpg.webp?itok=NUiqAc63 -> A-Chair_Stacking_chair_9708\image_39.jpg
Starting download with Playwright: https://live-brunner.pantheonsite.io/sites/default/files/styles/sm/public/oldImages/112793_Brunner_A_Table-A-Chair_9770_A_Chair_9709A_HD_XL.jpg.webp?itok=Lk0s0zCJ
Finished download: https://live-brunner.pantheonsite.io/sites/default/files/styles/sm/public/oldImages/112793_Brunner_A_Table-A-Chair_9770_A_Chair_9709A_HD_XL.jpg.webp?itok=Lk0s0zCJ -> A-Chair_Stacking_chair_9708\image_40.jpg
Starting download with Playwright: https://live-brunner.pantheonsite.io/sites/default/files/styles/lg/public/oldImages/112793_Brunner_A_Table-A-Chair_9770_A_Chair_9709A_HD_XL.jpg.webp?itok=a35lHTUj
Finished download: https://live-brunner.pantheonsite.io/sites/default/files/styles/lg/public/oldImages/112793_Brunner_A_Table-A-Chair_9770_A_Chair_9709A_HD_XL.jpg.webp?itok=a35lHTUj -> A-Chair_Stacking_chair_9708\image_41.jpg
Starting download with Playwright: https://live-brunner.pantheonsite.io/sites/default/files/styles/original_webp/public/oldImages/112793_Brunner_A_Table-A-Chair_9770_A_Chair_9709A_HD_XL.jpg.webp?itok=ZLH1vCKq
Finished download: https://live-brunner.pantheonsite.io/sites/default/files/styles/original_webp/public/oldImages/112793_Brunner_A_Table-A-Chair_9770_A_Chair_9709A_HD_XL.jpg.webp?itok=ZLH1vCKq -> A-Chair_Stacking_chair_9708\image_42.jpg
Starting download with Playwright: https://live-brunner.pantheonsite.io/sites/default/files/styles/sm/public/oldImages/112857_Brunner_A_Chair_9704_HD_XL.jpg.webp?itok=LsYtw2T3
Finished download: https://live-brunner.pantheonsite.io/sites/default/files/styles/sm/public/oldImages/112857_Brunner_A_Chair_9704_HD_XL.jpg.webp?itok=LsYtw2T3 -> A-Chair_Stacking_chair_9708\image_43.jpg
Starting download with Playwright: https://live-brunner.pantheonsite.io/sites/default/files/styles/lg/public/oldImages/112857_Brunner_A_Chair_9704_HD_XL.jpg.webp?itok=UzGAETiv
Finished download: https://live-brunner.pantheonsite.io/sites/default/files/styles/lg/public/oldImages/112857_Brunner_A_Chair_9704_HD_XL.jpg.webp?itok=UzGAETiv -> A-Chair_Stacking_chair_9708\image_44.jpg
Starting download with Playwright: https://live-brunner.pantheonsite.io/sites/default/files/styles/original_webp/public/oldImages/112857_Brunner_A_Chair_9704_HD_XL.jpg.webp?itok=HomARH29
Finished download: https://live-brunner.pantheonsite.io/sites/default/files/styles/original_webp/public/oldImages/112857_Brunner_A_Chair_9704_HD_XL.jpg.webp?itok=HomARH29 -> A-Chair_Stacking_chair_9708\image_45.jpg
Completed image downloads for product A-Chair_Stacking_chair_9708
Extracting features for product A-Chair_Stacking_chair_9708...
Features saved for product A-Chair_Stacking_chair_9708
Attempting to access Downloads tab for product A-Chair_Stacking_chair_9708...
Starting download of PDF: https://live-brunner.pantheonsite.io/sites/default/files/oldPdfs/Produktdatenblaetter/Produktdatenblaetter_EN/A_Chair_Brunner_product_data_sheet_EN.pdf
Downloaded product_sheet.pdf for product A-Chair_Stacking_chair_9708
Opening URL for product nate_s_Stacking_chair_7702: https://brunner-group.com/en/products/nate-s-stacking-chair/?variant=7702
Images detected on page for nate_s_Stacking_chair_7702, scrolling to load them...
Successfully opened URL for product nate_s_Stacking_chair_7702
Extracting images for product nate_s_Stacking_chair_7702...
Found 45 images for product nate_s_Stacking_chair_7702
Starting download with Playwright: https://live-brunner.pantheonsite.io/sites/default/files/styles/sm/public/oldImages/93545_Brunner_nate-s_7702_7702A_7748_7770_XL.jpg.webp?itok=lHDFGB5F
Finished download: https://live-brunner.pantheonsite.io/sites/default/files/styles/sm/public/oldImages/93545_Brunner_nate-s_7702_7702A_7748_7770_XL.jpg.webp?itok=lHDFGB5F -> nate_s_Stacking_chair_7702\image_1.jpg
Starting download with Playwright: https://live-brunner.pantheonsite.io/sites/default/files/styles/lg/public/oldImages/93545_Brunner_nate-s_7702_7702A_7748_7770_XL.jpg.webp?itok=D-nDswSZ
Finished download: https://live-brunner.pantheonsite.io/sites/default/files/styles/lg/public/oldImages/93545_Brunner_nate-s_7702_7702A_7748_7770_XL.jpg.webp?itok=D-nDswSZ -> nate_s_Stacking_chair_7702\image_2.jpg
Starting download with Playwright: https://live-brunner.pantheonsite.io/sites/default/files/styles/original_webp/public/oldImages/93545_Brunner_nate-s_7702_7702A_7748_7770_XL.jpg.webp?itok=4-MrKD6m
Finished download: https://live-brunner.pantheonsite.io/sites/default/files/styles/original_webp/public/oldImages/93545_Brunner_nate-s_7702_7702A_7748_7770_XL.jpg.webp?itok=4-MrKD6m -> nate_s_Stacking_chair_7702\image_3.jpg
Starting download with Playwright: https://live-brunner.pantheonsite.io/sites/default/files/styles/sm/public/oldImages/97980_Brunner_nate-s_7702_7702A_7770-2_Loc_HD_XL.jpg.webp?itok=fry9PWiv
Finished download: https://live-brunner.pantheonsite.io/sites/default/files/styles/sm/public/oldImages/97980_Brunner_nate-s_7702_7702A_7770-2_Loc_HD_XL.jpg.webp?itok=fry9PWiv -> nate_s_Stacking_chair_7702\image_4.jpg
Starting download with Playwright: https://live-brunner.pantheonsite.io/sites/default/files/styles/lg/public/oldImages/97980_Brunner_nate-s_7702_7702A_7770-2_Loc_HD_XL.jpg.webp?itok=Ae7GOd0f
Finished download: https://live-brunner.pantheonsite.io/sites/default/files/styles/lg/public/oldImages/97980_Brunner_nate-s_7702_7702A_7770-2_Loc_HD_XL.jpg.webp?itok=Ae7GOd0f -> nate_s_Stacking_chair_7702\image_5.jpg
Starting download with Playwright: https://live-brunner.pantheonsite.io/sites/default/files/styles/original_webp/public/oldImages/97980_Brunner_nate-s_7702_7702A_7770-2_Loc_HD_XL.jpg.webp?itok=t07DJmu6
Finished download: https://live-brunner.pantheonsite.io/sites/default/files/styles/original_webp/public/oldImages/97980_Brunner_nate-s_7702_7702A_7770-2_Loc_HD_XL.jpg.webp?itok=t07DJmu6 -> nate_s_Stacking_chair_7702\image_6.jpg
Starting download with Playwright: https://live-brunner.pantheonsite.io/sites/default/files/styles/sm/public/oldImages/97976_Brunner_nate-s_chair_7702_7702A_oak_lava_HD_XL.jpg.webp?itok=A9Wz32v5
Finished download: https://live-brunner.pantheonsite.io/sites/default/files/styles/sm/public/oldImages/97976_Brunner_nate-s_chair_7702_7702A_oak_lava_HD_XL.jpg.webp?itok=A9Wz32v5 -> nate_s_Stacking_chair_7702\image_7.jpg
Starting download with Playwright: https://live-brunner.pantheonsite.io/sites/default/files/styles/lg/public/oldImages/97976_Brunner_nate-s_chair_7702_7702A_oak_lava_HD_XL.jpg.webp?itok=K7Rt06un
Finished download: https://live-brunner.pantheonsite.io/sites/default/files/styles/lg/public/oldImages/97976_Brunner_nate-s_chair_7702_7702A_oak_lava_HD_XL.jpg.webp?itok=K7Rt06un -> nate_s_Stacking_chair_7702\image_8.jpg
Starting download with Playwright: https://live-brunner.pantheonsite.io/sites/default/files/styles/original_webp/public/oldImages/97976_Brunner_nate-s_chair_7702_7702A_oak_lava_HD_XL.jpg.webp?itok=xgnHN_qZ
Finished download: https://live-brunner.pantheonsite.io/sites/default/files/styles/original_webp/public/oldImages/97976_Brunner_nate-s_chair_7702_7702A_oak_lava_HD_XL.jpg.webp?itok=xgnHN_qZ -> nate_s_Stacking_chair_7702\image_9.jpg
Starting download with Playwright: https://live-brunner.pantheonsite.io/sites/default/files/styles/sm/public/oldImages/93714_Brunner_nate_colelction_nate-s_7702_XL.jpg.webp?itok=YV4wnAfA
Finished download: https://live-brunner.pantheonsite.io/sites/default/files/styles/sm/public/oldImages/93714_Brunner_nate_colelction_nate-s_7702_XL.jpg.webp?itok=YV4wnAfA -> nate_s_Stacking_chair_7702\image_10.jpg
Starting download with Playwright: https://live-brunner.pantheonsite.io/sites/default/files/styles/lg/public/oldImages/93714_Brunner_nate_colelction_nate-s_7702_XL.jpg.webp?itok=IURK7Of0
Finished download: https://live-brunner.pantheonsite.io/sites/default/files/styles/lg/public/oldImages/93714_Brunner_nate_colelction_nate-s_7702_XL.jpg.webp?itok=IURK7Of0 -> nate_s_Stacking_chair_7702\image_11.jpg
Starting download with Playwright: https://live-brunner.pantheonsite.io/sites/default/files/styles/original_webp/public/oldImages/93714_Brunner_nate_colelction_nate-s_7702_XL.jpg.webp?itok=DjUclsgV
Finished download: https://live-brunner.pantheonsite.io/sites/default/files/styles/original_webp/public/oldImages/93714_Brunner_nate_colelction_nate-s_7702_XL.jpg.webp?itok=DjUclsgV -> nate_s_Stacking_chair_7702\image_12.jpg
Starting download with Playwright: https://live-brunner.pantheonsite.io/sites/default/files/styles/sm/public/oldImages/93549_Brunner_nate-s_7702_7702A_9_16_XL.jpg.webp?itok=6KH6JDaz
Finished download: https://live-brunner.pantheonsite.io/sites/default/files/styles/sm/public/oldImages/93549_Brunner_nate-s_7702_7702A_9_16_XL.jpg.webp?itok=6KH6JDaz -> nate_s_Stacking_chair_7702\image_13.jpg
Starting download with Playwright: https://live-brunner.pantheonsite.io/sites/default/files/styles/lg/public/oldImages/93549_Brunner_nate-s_7702_7702A_9_16_XL.jpg.webp?itok=xcwvquFG
Finished download: https://live-brunner.pantheonsite.io/sites/default/files/styles/lg/public/oldImages/93549_Brunner_nate-s_7702_7702A_9_16_XL.jpg.webp?itok=xcwvquFG -> nate_s_Stacking_chair_7702\image_14.jpg
Starting download with Playwright: https://live-brunner.pantheonsite.io/sites/default/files/styles/original_webp/public/oldImages/93549_Brunner_nate-s_7702_7702A_9_16_XL.jpg.webp?itok=S2j2KKwM
Finished download: https://live-brunner.pantheonsite.io/sites/default/files/styles/original_webp/public/oldImages/93549_Brunner_nate-s_7702_7702A_9_16_XL.jpg.webp?itok=S2j2KKwM -> nate_s_Stacking_chair_7702\image_15.jpg
Starting download with Playwright: https://live-brunner.pantheonsite.io/sites/default/files/styles/sm/public/oldImages/90598_nate_s_7712_remix2_653_Grau_Schatten_XL.jpg.webp?itok=2iAxGwW8
Finished download: https://live-brunner.pantheonsite.io/sites/default/files/styles/sm/public/oldImages/90598_nate_s_7712_remix2_653_Grau_Schatten_XL.jpg.webp?itok=2iAxGwW8 -> nate_s_Stacking_chair_7702\image_16.jpg
Starting download with Playwright: https://live-brunner.pantheonsite.io/sites/default/files/styles/lg/public/oldImages/90598_nate_s_7712_remix2_653_Grau_Schatten_XL.jpg.webp?itok=RKbSh152
Finished download: https://live-brunner.pantheonsite.io/sites/default/files/styles/lg/public/oldImages/90598_nate_s_7712_remix2_653_Grau_Schatten_XL.jpg.webp?itok=RKbSh152 -> nate_s_Stacking_chair_7702\image_17.jpg
Starting download with Playwright: https://live-brunner.pantheonsite.io/sites/default/files/styles/original_webp/public/oldImages/90598_nate_s_7712_remix2_653_Grau_Schatten_XL.jpg.webp?itok=G2pwB3WI
Finished download: https://live-brunner.pantheonsite.io/sites/default/files/styles/original_webp/public/oldImages/90598_nate_s_7712_remix2_653_Grau_Schatten_XL.jpg.webp?itok=G2pwB3WI -> nate_s_Stacking_chair_7702\image_18.jpg
Starting download with Playwright: https://live-brunner.pantheonsite.io/sites/default/files/styles/sm/public/oldImages/97977_Brunner_nate-s_7702_7702A_7748_7770_Detail_HD_XL.jpg.webp?itok=aNTKcs3q
Finished download: https://live-brunner.pantheonsite.io/sites/default/files/styles/sm/public/oldImages/97977_Brunner_nate-s_7702_7702A_7748_7770_Detail_HD_XL.jpg.webp?itok=aNTKcs3q -> nate_s_Stacking_chair_7702\image_19.jpg
Starting download with Playwright: https://live-brunner.pantheonsite.io/sites/default/files/styles/lg/public/oldImages/97977_Brunner_nate-s_7702_7702A_7748_7770_Detail_HD_XL.jpg.webp?itok=THeWF_cg
Finished download: https://live-brunner.pantheonsite.io/sites/default/files/styles/lg/public/oldImages/97977_Brunner_nate-s_7702_7702A_7748_7770_Detail_HD_XL.jpg.webp?itok=THeWF_cg -> nate_s_Stacking_chair_7702\image_20.jpg
Starting download with Playwright: https://live-brunner.pantheonsite.io/sites/default/files/styles/original_webp/public/oldImages/97977_Brunner_nate-s_7702_7702A_7748_7770_Detail_HD_XL.jpg.webp?itok=fJOOhVfE
Finished download: https://live-brunner.pantheonsite.io/sites/default/files/styles/original_webp/public/oldImages/97977_Brunner_nate-s_7702_7702A_7748_7770_Detail_HD_XL.jpg.webp?itok=fJOOhVfE -> nate_s_Stacking_chair_7702\image_21.jpg
Starting download with Playwright: https://live-brunner.pantheonsite.io/sites/default/files/styles/sm/public/oldImages/97981_Brunner_nate-s_7702A_Stapel_1x1_HD_XL.jpg.webp?itok=WcxqVC28
Finished download: https://live-brunner.pantheonsite.io/sites/default/files/styles/sm/public/oldImages/97981_Brunner_nate-s_7702A_Stapel_1x1_HD_XL.jpg.webp?itok=WcxqVC28 -> nate_s_Stacking_chair_7702\image_22.jpg
Starting download with Playwright: https://live-brunner.pantheonsite.io/sites/default/files/styles/lg/public/oldImages/97981_Brunner_nate-s_7702A_Stapel_1x1_HD_XL.jpg.webp?itok=9cCWU3kS
Finished download: https://live-brunner.pantheonsite.io/sites/default/files/styles/lg/public/oldImages/97981_Brunner_nate-s_7702A_Stapel_1x1_HD_XL.jpg.webp?itok=9cCWU3kS -> nate_s_Stacking_chair_7702\image_23.jpg
Starting download with Playwright: https://live-brunner.pantheonsite.io/sites/default/files/styles/original_webp/public/oldImages/97981_Brunner_nate-s_7702A_Stapel_1x1_HD_XL.jpg.webp?itok=RUsm7Kiw
Finished download: https://live-brunner.pantheonsite.io/sites/default/files/styles/original_webp/public/oldImages/97981_Brunner_nate-s_7702A_Stapel_1x1_HD_XL.jpg.webp?itok=RUsm7Kiw -> nate_s_Stacking_chair_7702\image_24.jpg
Starting download with Playwright: https://live-brunner.pantheonsite.io/sites/default/files/styles/sm/public/oldImages/93550_Brunner_nate-s_7702_7702A_7770_Detail_XL.jpg.webp?itok=Vm-QAjwb
Finished download: https://live-brunner.pantheonsite.io/sites/default/files/styles/sm/public/oldImages/93550_Brunner_nate-s_7702_7702A_7770_Detail_XL.jpg.webp?itok=Vm-QAjwb -> nate_s_Stacking_chair_7702\image_25.jpg
Starting download with Playwright: https://live-brunner.pantheonsite.io/sites/default/files/styles/lg/public/oldImages/93550_Brunner_nate-s_7702_7702A_7770_Detail_XL.jpg.webp?itok=1gY0YmLF
Finished download: https://live-brunner.pantheonsite.io/sites/default/files/styles/lg/public/oldImages/93550_Brunner_nate-s_7702_7702A_7770_Detail_XL.jpg.webp?itok=1gY0YmLF -> nate_s_Stacking_chair_7702\image_26.jpg
Starting download with Playwright: https://live-brunner.pantheonsite.io/sites/default/files/styles/original_webp/public/oldImages/93550_Brunner_nate-s_7702_7702A_7770_Detail_XL.jpg.webp?itok=T5VZtEmr
Finished download: https://live-brunner.pantheonsite.io/sites/default/files/styles/original_webp/public/oldImages/93550_Brunner_nate-s_7702_7702A_7770_Detail_XL.jpg.webp?itok=T5VZtEmr -> nate_s_Stacking_chair_7702\image_27.jpg
Starting download with Playwright: https://live-brunner.pantheonsite.io/sites/default/files/styles/sm/public/oldImages/93731_Brunner_nate_collection_3571_XL.jpg.webp?itok=pGzyFDeB
Finished download: https://live-brunner.pantheonsite.io/sites/default/files/styles/sm/public/oldImages/93731_Brunner_nate_collection_3571_XL.jpg.webp?itok=pGzyFDeB -> nate_s_Stacking_chair_7702\image_28.jpg
Starting download with Playwright: https://live-brunner.pantheonsite.io/sites/default/files/styles/lg/public/oldImages/93731_Brunner_nate_collection_3571_XL.jpg.webp?itok=bZhTRXpO
Finished download: https://live-brunner.pantheonsite.io/sites/default/files/styles/lg/public/oldImages/93731_Brunner_nate_collection_3571_XL.jpg.webp?itok=bZhTRXpO -> nate_s_Stacking_chair_7702\image_29.jpg
Starting download with Playwright: https://live-brunner.pantheonsite.io/sites/default/files/styles/original_webp/public/oldImages/93731_Brunner_nate_collection_3571_XL.jpg.webp?itok=fOs6ho1n
Finished download: https://live-brunner.pantheonsite.io/sites/default/files/styles/original_webp/public/oldImages/93731_Brunner_nate_collection_3571_XL.jpg.webp?itok=fOs6ho1n -> nate_s_Stacking_chair_7702\image_30.jpg
Starting download with Playwright: https://live-brunner.pantheonsite.io/sites/default/files/styles/sm/public/oldImages/93408_Brunner_nate-s_7702_7770_XL.tif.webp?itok=Y8Y8XapU
Finished download: https://live-brunner.pantheonsite.io/sites/default/files/styles/sm/public/oldImages/93408_Brunner_nate-s_7702_7770_XL.tif.webp?itok=Y8Y8XapU -> nate_s_Stacking_chair_7702\image_31.jpg
Starting download with Playwright: https://live-brunner.pantheonsite.io/sites/default/files/styles/lg/public/oldImages/93408_Brunner_nate-s_7702_7770_XL.tif.webp?itok=y8NPshGF
Finished download: https://live-brunner.pantheonsite.io/sites/default/files/styles/lg/public/oldImages/93408_Brunner_nate-s_7702_7770_XL.tif.webp?itok=y8NPshGF -> nate_s_Stacking_chair_7702\image_32.jpg
Starting download with Playwright: https://live-brunner.pantheonsite.io/sites/default/files/styles/original_webp/public/oldImages/93408_Brunner_nate-s_7702_7770_XL.tif.webp?itok=5BDBJf36
Finished download: https://live-brunner.pantheonsite.io/sites/default/files/styles/original_webp/public/oldImages/93408_Brunner_nate-s_7702_7770_XL.tif.webp?itok=5BDBJf36 -> nate_s_Stacking_chair_7702\image_33.jpg
Starting download with Playwright: https://live-brunner.pantheonsite.io/sites/default/files/styles/sm/public/oldImages/93715_Brunner_nate_collection_DSC9855_XL.jpg.webp?itok=s_fNdE8O
Finished download: https://live-brunner.pantheonsite.io/sites/default/files/styles/sm/public/oldImages/93715_Brunner_nate_collection_DSC9855_XL.jpg.webp?itok=s_fNdE8O -> nate_s_Stacking_chair_7702\image_34.jpg
Starting download with Playwright: https://live-brunner.pantheonsite.io/sites/default/files/styles/lg/public/oldImages/93715_Brunner_nate_collection_DSC9855_XL.jpg.webp?itok=WXom5jC3
Finished download: https://live-brunner.pantheonsite.io/sites/default/files/styles/lg/public/oldImages/93715_Brunner_nate_collection_DSC9855_XL.jpg.webp?itok=WXom5jC3 -> nate_s_Stacking_chair_7702\image_35.jpg
Starting download with Playwright: https://live-brunner.pantheonsite.io/sites/default/files/styles/original_webp/public/oldImages/93715_Brunner_nate_collection_DSC9855_XL.jpg.webp?itok=-V3cjsnX
Finished download: https://live-brunner.pantheonsite.io/sites/default/files/styles/original_webp/public/oldImages/93715_Brunner_nate_collection_DSC9855_XL.jpg.webp?itok=-V3cjsnX -> nate_s_Stacking_chair_7702\image_36.jpg
Starting download with Playwright: https://live-brunner.pantheonsite.io/sites/default/files/styles/sm/public/oldImages/93735_Brunner_nate-s_7702_Stapel_XL.jpg.webp?itok=fExSc9P3
Finished download: https://live-brunner.pantheonsite.io/sites/default/files/styles/sm/public/oldImages/93735_Brunner_nate-s_7702_Stapel_XL.jpg.webp?itok=fExSc9P3 -> nate_s_Stacking_chair_7702\image_37.jpg
Starting download with Playwright: https://live-brunner.pantheonsite.io/sites/default/files/styles/lg/public/oldImages/93735_Brunner_nate-s_7702_Stapel_XL.jpg.webp?itok=G6ADN7H-
Finished download: https://live-brunner.pantheonsite.io/sites/default/files/styles/lg/public/oldImages/93735_Brunner_nate-s_7702_Stapel_XL.jpg.webp?itok=G6ADN7H- -> nate_s_Stacking_chair_7702\image_38.jpg
Starting download with Playwright: https://live-brunner.pantheonsite.io/sites/default/files/styles/original_webp/public/oldImages/93735_Brunner_nate-s_7702_Stapel_XL.jpg.webp?itok=heqeZ8Z-
Finished download: https://live-brunner.pantheonsite.io/sites/default/files/styles/original_webp/public/oldImages/93735_Brunner_nate-s_7702_Stapel_XL.jpg.webp?itok=heqeZ8Z- -> nate_s_Stacking_chair_7702\image_39.jpg
Starting download with Playwright: https://live-brunner.pantheonsite.io/sites/default/files/styles/sm/public/oldImages/97979_Brunner_nate-s_7702_7702A_7770_Loc_HD_XL.jpg.webp?itok=Vp34pcql
Finished download: https://live-brunner.pantheonsite.io/sites/default/files/styles/sm/public/oldImages/97979_Brunner_nate-s_7702_7702A_7770_Loc_HD_XL.jpg.webp?itok=Vp34pcql -> nate_s_Stacking_chair_7702\image_40.jpg
Starting download with Playwright: https://live-brunner.pantheonsite.io/sites/default/files/styles/lg/public/oldImages/97979_Brunner_nate-s_7702_7702A_7770_Loc_HD_XL.jpg.webp?itok=Z_-aOVo3
Finished download: https://live-brunner.pantheonsite.io/sites/default/files/styles/lg/public/oldImages/97979_Brunner_nate-s_7702_7702A_7770_Loc_HD_XL.jpg.webp?itok=Z_-aOVo3 -> nate_s_Stacking_chair_7702\image_41.jpg
Starting download with Playwright: https://live-brunner.pantheonsite.io/sites/default/files/styles/original_webp/public/oldImages/97979_Brunner_nate-s_7702_7702A_7770_Loc_HD_XL.jpg.webp?itok=8KilKacX
Finished download: https://live-brunner.pantheonsite.io/sites/default/files/styles/original_webp/public/oldImages/97979_Brunner_nate-s_7702_7702A_7770_Loc_HD_XL.jpg.webp?itok=8KilKacX -> nate_s_Stacking_chair_7702\image_42.jpg
Starting download with Playwright: https://live-brunner.pantheonsite.io/sites/default/files/styles/sm/public/oldImages/90604_nate_s_7722A_remix2_823_Grau_Schatten_XL.jpg.webp?itok=Xw9-tTpD
Finished download: https://live-brunner.pantheonsite.io/sites/default/files/styles/sm/public/oldImages/90604_nate_s_7722A_remix2_823_Grau_Schatten_XL.jpg.webp?itok=Xw9-tTpD -> nate_s_Stacking_chair_7702\image_43.jpg
Starting download with Playwright: https://live-brunner.pantheonsite.io/sites/default/files/styles/lg/public/oldImages/90604_nate_s_7722A_remix2_823_Grau_Schatten_XL.jpg.webp?itok=SL_gkL9d
Finished download: https://live-brunner.pantheonsite.io/sites/default/files/styles/lg/public/oldImages/90604_nate_s_7722A_remix2_823_Grau_Schatten_XL.jpg.webp?itok=SL_gkL9d -> nate_s_Stacking_chair_7702\image_44.jpg
Starting download with Playwright: https://live-brunner.pantheonsite.io/sites/default/files/styles/original_webp/public/oldImages/90604_nate_s_7722A_remix2_823_Grau_Schatten_XL.jpg.webp?itok=msuyZEA6
Finished download: https://live-brunner.pantheonsite.io/sites/default/files/styles/original_webp/public/oldImages/90604_nate_s_7722A_remix2_823_Grau_Schatten_XL.jpg.webp?itok=msuyZEA6 -> nate_s_Stacking_chair_7702\image_45.jpg
Completed image downloads for product nate_s_Stacking_chair_7702
Extracting features for product nate_s_Stacking_chair_7702...
Features saved for product nate_s_Stacking_chair_7702
Attempting to access Downloads tab for product nate_s_Stacking_chair_7702...
Starting download of PDF: https://live-brunner.pantheonsite.io/sites/default/files/oldPdfs/Produktdatenblaetter/Produktdatenblaetter_EN/Brunner_product_data_sheet_nate_s_EN.pdf
Downloaded product_sheet.pdf for product nate_s_Stacking_chair_7702
Opening URL for product nate_Stacking_chair_7602: https://brunner-group.com/en/products/nate-stacking-chair/?variant=7602
Images detected on page for nate_Stacking_chair_7602, scrolling to load them...
Successfully opened URL for product nate_Stacking_chair_7602
Extracting images for product nate_Stacking_chair_7602...
Found 45 images for product nate_Stacking_chair_7602
Starting download with Playwright: https://live-brunner.pantheonsite.io/sites/default/files/styles/sm/public/oldImages/93548_Brunner_nate_7602_7670_7601_7673_IF_XL.jpg.webp?itok=yWbW3296
Finished download: https://live-brunner.pantheonsite.io/sites/default/files/styles/sm/public/oldImages/93548_Brunner_nate_7602_7670_7601_7673_IF_XL.jpg.webp?itok=yWbW3296 -> nate_Stacking_chair_7602\image_1.jpg
Starting download with Playwright: https://live-brunner.pantheonsite.io/sites/default/files/styles/lg/public/oldImages/93548_Brunner_nate_7602_7670_7601_7673_IF_XL.jpg.webp?itok=HStUdh3I
Finished download: https://live-brunner.pantheonsite.io/sites/default/files/styles/lg/public/oldImages/93548_Brunner_nate_7602_7670_7601_7673_IF_XL.jpg.webp?itok=HStUdh3I -> nate_Stacking_chair_7602\image_2.jpg
Starting download with Playwright: https://live-brunner.pantheonsite.io/sites/default/files/styles/original_webp/public/oldImages/93548_Brunner_nate_7602_7670_7601_7673_IF_XL.jpg.webp?itok=X8VPgGDR
Finished download: https://live-brunner.pantheonsite.io/sites/default/files/styles/original_webp/public/oldImages/93548_Brunner_nate_7602_7670_7601_7673_IF_XL.jpg.webp?itok=X8VPgGDR -> nate_Stacking_chair_7602\image_3.jpg
Starting download with Playwright: https://live-brunner.pantheonsite.io/sites/default/files/styles/sm/public/oldImages/97948_Brunner_nate_7602_oak_Stapel_Detail_HD_XL.jpg.webp?itok=C_kg8rIy
Finished download: https://live-brunner.pantheonsite.io/sites/default/files/styles/sm/public/oldImages/97948_Brunner_nate_7602_oak_Stapel_Detail_HD_XL.jpg.webp?itok=C_kg8rIy -> nate_Stacking_chair_7602\image_4.jpg
Starting download with Playwright: https://live-brunner.pantheonsite.io/sites/default/files/styles/lg/public/oldImages/97948_Brunner_nate_7602_oak_Stapel_Detail_HD_XL.jpg.webp?itok=t4XwFISg
Finished download: https://live-brunner.pantheonsite.io/sites/default/files/styles/lg/public/oldImages/97948_Brunner_nate_7602_oak_Stapel_Detail_HD_XL.jpg.webp?itok=t4XwFISg -> nate_Stacking_chair_7602\image_5.jpg
Starting download with Playwright: https://live-brunner.pantheonsite.io/sites/default/files/styles/original_webp/public/oldImages/97948_Brunner_nate_7602_oak_Stapel_Detail_HD_XL.jpg.webp?itok=VVccyunS
Finished download: https://live-brunner.pantheonsite.io/sites/default/files/styles/original_webp/public/oldImages/97948_Brunner_nate_7602_oak_Stapel_Detail_HD_XL.jpg.webp?itok=VVccyunS -> nate_Stacking_chair_7602\image_6.jpg
Starting download with Playwright: https://live-brunner.pantheonsite.io/sites/default/files/styles/sm/public/oldImages/97945_Brunner_nate_7612_schwarz_1x1_HD_XL.jpg.webp?itok=2fDW0FRe
Finished download: https://live-brunner.pantheonsite.io/sites/default/files/styles/sm/public/oldImages/97945_Brunner_nate_7612_schwarz_1x1_HD_XL.jpg.webp?itok=2fDW0FRe -> nate_Stacking_chair_7602\image_7.jpg
Starting download with Playwright: https://live-brunner.pantheonsite.io/sites/default/files/styles/lg/public/oldImages/97945_Brunner_nate_7612_schwarz_1x1_HD_XL.jpg.webp?itok=TjH5EoCr
Finished download: https://live-brunner.pantheonsite.io/sites/default/files/styles/lg/public/oldImages/97945_Brunner_nate_7612_schwarz_1x1_HD_XL.jpg.webp?itok=TjH5EoCr -> nate_Stacking_chair_7602\image_8.jpg
Starting download with Playwright: https://live-brunner.pantheonsite.io/sites/default/files/styles/original_webp/public/oldImages/97945_Brunner_nate_7612_schwarz_1x1_HD_XL.jpg.webp?itok=myf5v8py
Finished download: https://live-brunner.pantheonsite.io/sites/default/files/styles/original_webp/public/oldImages/97945_Brunner_nate_7612_schwarz_1x1_HD_XL.jpg.webp?itok=myf5v8py -> nate_Stacking_chair_7602\image_9.jpg
Starting download with Playwright: https://live-brunner.pantheonsite.io/sites/default/files/styles/sm/public/oldImages/93546_Brunner_nate_7602_Detail_Zarge_XL.jpg.webp?itok=Uz1m9hGa
Finished download: https://live-brunner.pantheonsite.io/sites/default/files/styles/sm/public/oldImages/93546_Brunner_nate_7602_Detail_Zarge_XL.jpg.webp?itok=Uz1m9hGa -> nate_Stacking_chair_7602\image_10.jpg
Starting download with Playwright: https://live-brunner.pantheonsite.io/sites/default/files/styles/lg/public/oldImages/93546_Brunner_nate_7602_Detail_Zarge_XL.jpg.webp?itok=XwgbMKS1
Finished download: https://live-brunner.pantheonsite.io/sites/default/files/styles/lg/public/oldImages/93546_Brunner_nate_7602_Detail_Zarge_XL.jpg.webp?itok=XwgbMKS1 -> nate_Stacking_chair_7602\image_11.jpg
Starting download with Playwright: https://live-brunner.pantheonsite.io/sites/default/files/styles/original_webp/public/oldImages/93546_Brunner_nate_7602_Detail_Zarge_XL.jpg.webp?itok=aNgQAK7Z
Finished download: https://live-brunner.pantheonsite.io/sites/default/files/styles/original_webp/public/oldImages/93546_Brunner_nate_7602_Detail_Zarge_XL.jpg.webp?itok=aNgQAK7Z -> nate_Stacking_chair_7602\image_12.jpg
Starting download with Playwright: https://live-brunner.pantheonsite.io/sites/default/files/styles/sm/public/oldImages/90571_nate_7622_remix2_823_grau_Schatten_XL.jpg.webp?itok=lrtSLbD7
Finished download: https://live-brunner.pantheonsite.io/sites/default/files/styles/sm/public/oldImages/90571_nate_7622_remix2_823_grau_Schatten_XL.jpg.webp?itok=lrtSLbD7 -> nate_Stacking_chair_7602\image_13.jpg
Starting download with Playwright: https://live-brunner.pantheonsite.io/sites/default/files/styles/lg/public/oldImages/90571_nate_7622_remix2_823_grau_Schatten_XL.jpg.webp?itok=9MTcTxwF
Finished download: https://live-brunner.pantheonsite.io/sites/default/files/styles/lg/public/oldImages/90571_nate_7622_remix2_823_grau_Schatten_XL.jpg.webp?itok=9MTcTxwF -> nate_Stacking_chair_7602\image_14.jpg
Starting download with Playwright: https://live-brunner.pantheonsite.io/sites/default/files/styles/original_webp/public/oldImages/90571_nate_7622_remix2_823_grau_Schatten_XL.jpg.webp?itok=r-XLIF3w
Finished download: https://live-brunner.pantheonsite.io/sites/default/files/styles/original_webp/public/oldImages/90571_nate_7622_remix2_823_grau_Schatten_XL.jpg.webp?itok=r-XLIF3w -> nate_Stacking_chair_7602\image_15.jpg
Starting download with Playwright: https://live-brunner.pantheonsite.io/sites/default/files/styles/sm/public/oldImages/97944_Brunner_nate_7602A_Stapel_1x1_HD_XL.jpg.webp?itok=Mu_dqwKn
Finished download: https://live-brunner.pantheonsite.io/sites/default/files/styles/sm/public/oldImages/97944_Brunner_nate_7602A_Stapel_1x1_HD_XL.jpg.webp?itok=Mu_dqwKn -> nate_Stacking_chair_7602\image_16.jpg
Starting download with Playwright: https://live-brunner.pantheonsite.io/sites/default/files/styles/lg/public/oldImages/97944_Brunner_nate_7602A_Stapel_1x1_HD_XL.jpg.webp?itok=TR8LfkjV
Finished download: https://live-brunner.pantheonsite.io/sites/default/files/styles/lg/public/oldImages/97944_Brunner_nate_7602A_Stapel_1x1_HD_XL.jpg.webp?itok=TR8LfkjV -> nate_Stacking_chair_7602\image_17.jpg
Starting download with Playwright: https://live-brunner.pantheonsite.io/sites/default/files/styles/original_webp/public/oldImages/97944_Brunner_nate_7602A_Stapel_1x1_HD_XL.jpg.webp?itok=jFa7VfKf
Finished download: https://live-brunner.pantheonsite.io/sites/default/files/styles/original_webp/public/oldImages/97944_Brunner_nate_7602A_Stapel_1x1_HD_XL.jpg.webp?itok=jFa7VfKf -> nate_Stacking_chair_7602\image_18.jpg
Starting download with Playwright: https://live-brunner.pantheonsite.io/sites/default/files/styles/sm/public/oldImages/90568_nate_7612A_oak_remix2_653_grau_Schatten_XL.jpg.webp?itok=-d_YlJ1h
Finished download: https://live-brunner.pantheonsite.io/sites/default/files/styles/sm/public/oldImages/90568_nate_7612A_oak_remix2_653_grau_Schatten_XL.jpg.webp?itok=-d_YlJ1h -> nate_Stacking_chair_7602\image_19.jpg
Starting download with Playwright: https://live-brunner.pantheonsite.io/sites/default/files/styles/lg/public/oldImages/90568_nate_7612A_oak_remix2_653_grau_Schatten_XL.jpg.webp?itok=k1u04Wyh
Finished download: https://live-brunner.pantheonsite.io/sites/default/files/styles/lg/public/oldImages/90568_nate_7612A_oak_remix2_653_grau_Schatten_XL.jpg.webp?itok=k1u04Wyh -> nate_Stacking_chair_7602\image_20.jpg
Starting download with Playwright: https://live-brunner.pantheonsite.io/sites/default/files/styles/original_webp/public/oldImages/90568_nate_7612A_oak_remix2_653_grau_Schatten_XL.jpg.webp?itok=VKhzAos0
Finished download: https://live-brunner.pantheonsite.io/sites/default/files/styles/original_webp/public/oldImages/90568_nate_7612A_oak_remix2_653_grau_Schatten_XL.jpg.webp?itok=VKhzAos0 -> nate_Stacking_chair_7602\image_21.jpg
Starting download with Playwright: https://live-brunner.pantheonsite.io/sites/default/files/styles/sm/public/oldImages/97946_Brunner_nate_7612_schwarz_Detail_HD_XL.jpg.webp?itok=zu0fo8nh
Finished download: https://live-brunner.pantheonsite.io/sites/default/files/styles/sm/public/oldImages/97946_Brunner_nate_7612_schwarz_Detail_HD_XL.jpg.webp?itok=zu0fo8nh -> nate_Stacking_chair_7602\image_22.jpg
Starting download with Playwright: https://live-brunner.pantheonsite.io/sites/default/files/styles/lg/public/oldImages/97946_Brunner_nate_7612_schwarz_Detail_HD_XL.jpg.webp?itok=3-44HaAL
Finished download: https://live-brunner.pantheonsite.io/sites/default/files/styles/lg/public/oldImages/97946_Brunner_nate_7612_schwarz_Detail_HD_XL.jpg.webp?itok=3-44HaAL -> nate_Stacking_chair_7602\image_23.jpg
Starting download with Playwright: https://live-brunner.pantheonsite.io/sites/default/files/styles/original_webp/public/oldImages/97946_Brunner_nate_7612_schwarz_Detail_HD_XL.jpg.webp?itok=Dbgs4N3x
Finished download: https://live-brunner.pantheonsite.io/sites/default/files/styles/original_webp/public/oldImages/97946_Brunner_nate_7612_schwarz_Detail_HD_XL.jpg.webp?itok=Dbgs4N3x -> nate_Stacking_chair_7602\image_24.jpg
Starting download with Playwright: https://live-brunner.pantheonsite.io/sites/default/files/styles/sm/public/oldImages/97947_Brunner_nate_7602_7602A_Freisteller_HD_XL.jpg.webp?itok=clD3W1qa
Finished download: https://live-brunner.pantheonsite.io/sites/default/files/styles/sm/public/oldImages/97947_Brunner_nate_7602_7602A_Freisteller_HD_XL.jpg.webp?itok=clD3W1qa -> nate_Stacking_chair_7602\image_25.jpg
Starting download with Playwright: https://live-brunner.pantheonsite.io/sites/default/files/styles/lg/public/oldImages/97947_Brunner_nate_7602_7602A_Freisteller_HD_XL.jpg.webp?itok=X5XL78gX
Finished download: https://live-brunner.pantheonsite.io/sites/default/files/styles/lg/public/oldImages/97947_Brunner_nate_7602_7602A_Freisteller_HD_XL.jpg.webp?itok=X5XL78gX -> nate_Stacking_chair_7602\image_26.jpg
Starting download with Playwright: https://live-brunner.pantheonsite.io/sites/default/files/styles/original_webp/public/oldImages/97947_Brunner_nate_7602_7602A_Freisteller_HD_XL.jpg.webp?itok=mqEftnbs
Finished download: https://live-brunner.pantheonsite.io/sites/default/files/styles/original_webp/public/oldImages/97947_Brunner_nate_7602_7602A_Freisteller_HD_XL.jpg.webp?itok=mqEftnbs -> nate_Stacking_chair_7602\image_27.jpg
Starting download with Playwright: https://live-brunner.pantheonsite.io/sites/default/files/styles/sm/public/oldImages/97943_Brunner_nate_7602A_Schatten_HD_XL.jpg.webp?itok=PO6SVjpa
Finished download: https://live-brunner.pantheonsite.io/sites/default/files/styles/sm/public/oldImages/97943_Brunner_nate_7602A_Schatten_HD_XL.jpg.webp?itok=PO6SVjpa -> nate_Stacking_chair_7602\image_28.jpg
Starting download with Playwright: https://live-brunner.pantheonsite.io/sites/default/files/styles/lg/public/oldImages/97943_Brunner_nate_7602A_Schatten_HD_XL.jpg.webp?itok=nNPo-H-Z
Finished download: https://live-brunner.pantheonsite.io/sites/default/files/styles/lg/public/oldImages/97943_Brunner_nate_7602A_Schatten_HD_XL.jpg.webp?itok=nNPo-H-Z -> nate_Stacking_chair_7602\image_29.jpg
Starting download with Playwright: https://live-brunner.pantheonsite.io/sites/default/files/styles/original_webp/public/oldImages/97943_Brunner_nate_7602A_Schatten_HD_XL.jpg.webp?itok=vdqrUuOM
Finished download: https://live-brunner.pantheonsite.io/sites/default/files/styles/original_webp/public/oldImages/97943_Brunner_nate_7602A_Schatten_HD_XL.jpg.webp?itok=vdqrUuOM -> nate_Stacking_chair_7602\image_30.jpg
Starting download with Playwright: https://live-brunner.pantheonsite.io/sites/default/files/styles/sm/public/oldImages/93722_Brunner_nate_collection_DSC2465_XL.jpg.webp?itok=t63GP-RG
Finished download: https://live-brunner.pantheonsite.io/sites/default/files/styles/sm/public/oldImages/93722_Brunner_nate_collection_DSC2465_XL.jpg.webp?itok=t63GP-RG -> nate_Stacking_chair_7602\image_31.jpg
Starting download with Playwright: https://live-brunner.pantheonsite.io/sites/default/files/styles/lg/public/oldImages/93722_Brunner_nate_collection_DSC2465_XL.jpg.webp?itok=gFPUHNRd
Finished download: https://live-brunner.pantheonsite.io/sites/default/files/styles/lg/public/oldImages/93722_Brunner_nate_collection_DSC2465_XL.jpg.webp?itok=gFPUHNRd -> nate_Stacking_chair_7602\image_32.jpg
Starting download with Playwright: https://live-brunner.pantheonsite.io/sites/default/files/styles/original_webp/public/oldImages/93722_Brunner_nate_collection_DSC2465_XL.jpg.webp?itok=nKCr4bDb
Finished download: https://live-brunner.pantheonsite.io/sites/default/files/styles/original_webp/public/oldImages/93722_Brunner_nate_collection_DSC2465_XL.jpg.webp?itok=nKCr4bDb -> nate_Stacking_chair_7602\image_33.jpg
Starting download with Playwright: https://live-brunner.pantheonsite.io/sites/default/files/styles/sm/public/oldImages/93721_Brunner_nate_collection_DSC2383_XL.jpg.webp?itok=XrZ8muu0
Finished download: https://live-brunner.pantheonsite.io/sites/default/files/styles/sm/public/oldImages/93721_Brunner_nate_collection_DSC2383_XL.jpg.webp?itok=XrZ8muu0 -> nate_Stacking_chair_7602\image_34.jpg
Starting download with Playwright: https://live-brunner.pantheonsite.io/sites/default/files/styles/lg/public/oldImages/93721_Brunner_nate_collection_DSC2383_XL.jpg.webp?itok=7QT8ECz5
Finished download: https://live-brunner.pantheonsite.io/sites/default/files/styles/lg/public/oldImages/93721_Brunner_nate_collection_DSC2383_XL.jpg.webp?itok=7QT8ECz5 -> nate_Stacking_chair_7602\image_35.jpg
Starting download with Playwright: https://live-brunner.pantheonsite.io/sites/default/files/styles/original_webp/public/oldImages/93721_Brunner_nate_collection_DSC2383_XL.jpg.webp?itok=LWLuGbpD
Finished download: https://live-brunner.pantheonsite.io/sites/default/files/styles/original_webp/public/oldImages/93721_Brunner_nate_collection_DSC2383_XL.jpg.webp?itok=LWLuGbpD -> nate_Stacking_chair_7602\image_36.jpg
Starting download with Playwright: https://live-brunner.pantheonsite.io/sites/default/files/styles/sm/public/oldImages/97949_Brunner_nate_7602A_oak_Detail_HD_XL.jpg.webp?itok=4O6M2pYa
Finished download: https://live-brunner.pantheonsite.io/sites/default/files/styles/sm/public/oldImages/97949_Brunner_nate_7602A_oak_Detail_HD_XL.jpg.webp?itok=4O6M2pYa -> nate_Stacking_chair_7602\image_37.jpg
Starting download with Playwright: https://live-brunner.pantheonsite.io/sites/default/files/styles/lg/public/oldImages/97949_Brunner_nate_7602A_oak_Detail_HD_XL.jpg.webp?itok=_U3IJYsP
Finished download: https://live-brunner.pantheonsite.io/sites/default/files/styles/lg/public/oldImages/97949_Brunner_nate_7602A_oak_Detail_HD_XL.jpg.webp?itok=_U3IJYsP -> nate_Stacking_chair_7602\image_38.jpg
Starting download with Playwright: https://live-brunner.pantheonsite.io/sites/default/files/styles/original_webp/public/oldImages/97949_Brunner_nate_7602A_oak_Detail_HD_XL.jpg.webp?itok=MgZSuE3Y
Finished download: https://live-brunner.pantheonsite.io/sites/default/files/styles/original_webp/public/oldImages/97949_Brunner_nate_7602A_oak_Detail_HD_XL.jpg.webp?itok=MgZSuE3Y -> nate_Stacking_chair_7602\image_39.jpg
Starting download with Playwright: https://live-brunner.pantheonsite.io/sites/default/files/styles/sm/public/oldImages/93554_Brunner_nate_collection_7602_7670_Loc_XL.jpg.webp?itok=KITImjid
Finished download: https://live-brunner.pantheonsite.io/sites/default/files/styles/sm/public/oldImages/93554_Brunner_nate_collection_7602_7670_Loc_XL.jpg.webp?itok=KITImjid -> nate_Stacking_chair_7602\image_40.jpg
Starting download with Playwright: https://live-brunner.pantheonsite.io/sites/default/files/styles/lg/public/oldImages/93554_Brunner_nate_collection_7602_7670_Loc_XL.jpg.webp?itok=_8oMsxsO
Finished download: https://live-brunner.pantheonsite.io/sites/default/files/styles/lg/public/oldImages/93554_Brunner_nate_collection_7602_7670_Loc_XL.jpg.webp?itok=_8oMsxsO -> nate_Stacking_chair_7602\image_41.jpg
Starting download with Playwright: https://live-brunner.pantheonsite.io/sites/default/files/styles/original_webp/public/oldImages/93554_Brunner_nate_collection_7602_7670_Loc_XL.jpg.webp?itok=b2jge7vo
Finished download: https://live-brunner.pantheonsite.io/sites/default/files/styles/original_webp/public/oldImages/93554_Brunner_nate_collection_7602_7670_Loc_XL.jpg.webp?itok=b2jge7vo -> nate_Stacking_chair_7602\image_42.jpg
Starting download with Playwright: https://live-brunner.pantheonsite.io/sites/default/files/styles/sm/public/oldImages/93551_Brunner_nate_7602_Detail_Zarge_2_XL.jpg.webp?itok=sPIh8IwN
Finished download: https://live-brunner.pantheonsite.io/sites/default/files/styles/sm/public/oldImages/93551_Brunner_nate_7602_Detail_Zarge_2_XL.jpg.webp?itok=sPIh8IwN -> nate_Stacking_chair_7602\image_43.jpg
Starting download with Playwright: https://live-brunner.pantheonsite.io/sites/default/files/styles/lg/public/oldImages/93551_Brunner_nate_7602_Detail_Zarge_2_XL.jpg.webp?itok=g6o1RAY0
Finished download: https://live-brunner.pantheonsite.io/sites/default/files/styles/lg/public/oldImages/93551_Brunner_nate_7602_Detail_Zarge_2_XL.jpg.webp?itok=g6o1RAY0 -> nate_Stacking_chair_7602\image_44.jpg
Starting download with Playwright: https://live-brunner.pantheonsite.io/sites/default/files/styles/original_webp/public/oldImages/93551_Brunner_nate_7602_Detail_Zarge_2_XL.jpg.webp?itok=HZVmeXeb
Finished download: https://live-brunner.pantheonsite.io/sites/default/files/styles/original_webp/public/oldImages/93551_Brunner_nate_7602_Detail_Zarge_2_XL.jpg.webp?itok=HZVmeXeb -> nate_Stacking_chair_7602\image_45.jpg
Completed image downloads for product nate_Stacking_chair_7602
Extracting features for product nate_Stacking_chair_7602...
Features saved for product nate_Stacking_chair_7602
Attempting to access Downloads tab for product nate_Stacking_chair_7602...
Starting download of PDF: https://live-brunner.pantheonsite.io/sites/default/files/oldPdfs/Produktdatenblaetter/Produktdatenblaetter_EN/Brunner_product_data_sheet_nate_EN.pdf
Downloaded product_sheet.pdf for product nate_Stacking_chair_7602
Opening URL for product crona_chair_with_armrests_6367: https://brunner-group.com/en/products/crona-chair-with-armrests/?variant=6367
Images detected on page for crona_chair_with_armrests_6367, scrolling to load them...
Successfully opened URL for product crona_chair_with_armrests_6367
Extracting images for product crona_chair_with_armrests_6367...
Found 45 images for product crona_chair_with_armrests_6367
Starting download with Playwright: https://live-brunner.pantheonsite.io/sites/default/files/styles/sm/public/oldImages/97763_Brunner_crona_6362A_ray_table_9312_9_team_TE101_HD_XL.jpg.webp?itok=jcz-Qm5Z
Finished download: https://live-brunner.pantheonsite.io/sites/default/files/styles/sm/public/oldImages/97763_Brunner_crona_6362A_ray_table_9312_9_team_TE101_HD_XL.jpg.webp?itok=jcz-Qm5Z -> crona_chair_with_armrests_6367\image_1.jpg
Starting download with Playwright: https://live-brunner.pantheonsite.io/sites/default/files/styles/lg/public/oldImages/97763_Brunner_crona_6362A_ray_table_9312_9_team_TE101_HD_XL.jpg.webp?itok=NwEZ4wWr
Finished download: https://live-brunner.pantheonsite.io/sites/default/files/styles/lg/public/oldImages/97763_Brunner_crona_6362A_ray_table_9312_9_team_TE101_HD_XL.jpg.webp?itok=NwEZ4wWr -> crona_chair_with_armrests_6367\image_2.jpg
Starting download with Playwright: https://live-brunner.pantheonsite.io/sites/default/files/styles/original_webp/public/oldImages/97763_Brunner_crona_6362A_ray_table_9312_9_team_TE101_HD_XL.jpg.webp?itok=51JcOFAa
Finished download: https://live-brunner.pantheonsite.io/sites/default/files/styles/original_webp/public/oldImages/97763_Brunner_crona_6362A_ray_table_9312_9_team_TE101_HD_XL.jpg.webp?itok=51JcOFAa -> crona_chair_with_armrests_6367\image_3.jpg
Starting download with Playwright: https://live-brunner.pantheonsite.io/sites/default/files/styles/sm/public/oldImages/66932_crona_6361A_divina_torro_finaconference_6924_8_Loc_family_XL.jpg.webp?itok=W7TC4ZiN
Finished download: https://live-brunner.pantheonsite.io/sites/default/files/styles/sm/public/oldImages/66932_crona_6361A_divina_torro_finaconference_6924_8_Loc_family_XL.jpg.webp?itok=W7TC4ZiN -> crona_chair_with_armrests_6367\image_4.jpg
Starting download with Playwright: https://live-brunner.pantheonsite.io/sites/default/files/styles/lg/public/oldImages/66932_crona_6361A_divina_torro_finaconference_6924_8_Loc_family_XL.jpg.webp?itok=igA17bKk
Finished download: https://live-brunner.pantheonsite.io/sites/default/files/styles/lg/public/oldImages/66932_crona_6361A_divina_torro_finaconference_6924_8_Loc_family_XL.jpg.webp?itok=igA17bKk -> crona_chair_with_armrests_6367\image_5.jpg
Starting download with Playwright: https://live-brunner.pantheonsite.io/sites/default/files/styles/original_webp/public/oldImages/66932_crona_6361A_divina_torro_finaconference_6924_8_Loc_family_XL.jpg.webp?itok=HJ_H3ISn
Finished download: https://live-brunner.pantheonsite.io/sites/default/files/styles/original_webp/public/oldImages/66932_crona_6361A_divina_torro_finaconference_6924_8_Loc_family_XL.jpg.webp?itok=HJ_H3ISn -> crona_chair_with_armrests_6367\image_6.jpg
Starting download with Playwright: https://live-brunner.pantheonsite.io/sites/default/files/styles/sm/public/oldImages/81536_crona_cafeteria_kufe_6365A_divina_chrom_3060_0_loc_001_XL.jpg.webp?itok=PbXB6epN
Finished download: https://live-brunner.pantheonsite.io/sites/default/files/styles/sm/public/oldImages/81536_crona_cafeteria_kufe_6365A_divina_chrom_3060_0_loc_001_XL.jpg.webp?itok=PbXB6epN -> crona_chair_with_armrests_6367\image_7.jpg
Starting download with Playwright: https://live-brunner.pantheonsite.io/sites/default/files/styles/lg/public/oldImages/81536_crona_cafeteria_kufe_6365A_divina_chrom_3060_0_loc_001_XL.jpg.webp?itok=zI08Gz-b
Finished download: https://live-brunner.pantheonsite.io/sites/default/files/styles/lg/public/oldImages/81536_crona_cafeteria_kufe_6365A_divina_chrom_3060_0_loc_001_XL.jpg.webp?itok=zI08Gz-b -> crona_chair_with_armrests_6367\image_8.jpg
Starting download with Playwright: https://live-brunner.pantheonsite.io/sites/default/files/styles/original_webp/public/oldImages/81536_crona_cafeteria_kufe_6365A_divina_chrom_3060_0_loc_001_XL.jpg.webp?itok=dmgBn_hu
Finished download: https://live-brunner.pantheonsite.io/sites/default/files/styles/original_webp/public/oldImages/81536_crona_cafeteria_kufe_6365A_divina_chrom_3060_0_loc_001_XL.jpg.webp?itok=dmgBn_hu -> crona_chair_with_armrests_6367\image_9.jpg
Starting download with Playwright: https://live-brunner.pantheonsite.io/sites/default/files/styles/sm/public/oldImages/22163_crona_6363A_fina_conference_6914_0_Loc_XL.jpg.webp?itok=-b5Yh6KJ
Finished download: https://live-brunner.pantheonsite.io/sites/default/files/styles/sm/public/oldImages/22163_crona_6363A_fina_conference_6914_0_Loc_XL.jpg.webp?itok=-b5Yh6KJ -> crona_chair_with_armrests_6367\image_10.jpg
Starting download with Playwright: https://live-brunner.pantheonsite.io/sites/default/files/styles/lg/public/oldImages/22163_crona_6363A_fina_conference_6914_0_Loc_XL.jpg.webp?itok=g5A-dTp1
Finished download: https://live-brunner.pantheonsite.io/sites/default/files/styles/lg/public/oldImages/22163_crona_6363A_fina_conference_6914_0_Loc_XL.jpg.webp?itok=g5A-dTp1 -> crona_chair_with_armrests_6367\image_11.jpg
Starting download with Playwright: https://live-brunner.pantheonsite.io/sites/default/files/styles/original_webp/public/oldImages/22163_crona_6363A_fina_conference_6914_0_Loc_XL.jpg.webp?itok=mxLS7jmO
Finished download: https://live-brunner.pantheonsite.io/sites/default/files/styles/original_webp/public/oldImages/22163_crona_6363A_fina_conference_6914_0_Loc_XL.jpg.webp?itok=mxLS7jmO -> crona_chair_with_armrests_6367\image_12.jpg
Starting download with Playwright: https://live-brunner.pantheonsite.io/sites/default/files/styles/sm/public/oldImages/90988_Brunner_crona_6362A_Rollen_Hallingdal65_126_Grau_mitSchatten_RGB_XL.jpg.webp?itok=IOrk4Ycb
Finished download: https://live-brunner.pantheonsite.io/sites/default/files/styles/sm/public/oldImages/90988_Brunner_crona_6362A_Rollen_Hallingdal65_126_Grau_mitSchatten_RGB_XL.jpg.webp?itok=IOrk4Ycb -> crona_chair_with_armrests_6367\image_13.jpg
Starting download with Playwright: https://live-brunner.pantheonsite.io/sites/default/files/styles/lg/public/oldImages/90988_Brunner_crona_6362A_Rollen_Hallingdal65_126_Grau_mitSchatten_RGB_XL.jpg.webp?itok=x6Lgqn8r
Finished download: https://live-brunner.pantheonsite.io/sites/default/files/styles/lg/public/oldImages/90988_Brunner_crona_6362A_Rollen_Hallingdal65_126_Grau_mitSchatten_RGB_XL.jpg.webp?itok=x6Lgqn8r -> crona_chair_with_armrests_6367\image_14.jpg
Starting download with Playwright: https://live-brunner.pantheonsite.io/sites/default/files/styles/original_webp/public/oldImages/90988_Brunner_crona_6362A_Rollen_Hallingdal65_126_Grau_mitSchatten_RGB_XL.jpg.webp?itok=vI95z-hi
Finished download: https://live-brunner.pantheonsite.io/sites/default/files/styles/original_webp/public/oldImages/90988_Brunner_crona_6362A_Rollen_Hallingdal65_126_Grau_mitSchatten_RGB_XL.jpg.webp?itok=vI95z-hi -> crona_chair_with_armrests_6367\image_15.jpg
Starting download with Playwright: https://live-brunner.pantheonsite.io/sites/default/files/styles/sm/public/oldImages/86760_Brunner_Gioias_Marquardt_12_XL.jpg.webp?itok=8sXcJmZe
Finished download: https://live-brunner.pantheonsite.io/sites/default/files/styles/sm/public/oldImages/86760_Brunner_Gioias_Marquardt_12_XL.jpg.webp?itok=8sXcJmZe -> crona_chair_with_armrests_6367\image_16.jpg
Starting download with Playwright: https://live-brunner.pantheonsite.io/sites/default/files/styles/lg/public/oldImages/86760_Brunner_Gioias_Marquardt_12_XL.jpg.webp?itok=v0uizFIA
Finished download: https://live-brunner.pantheonsite.io/sites/default/files/styles/lg/public/oldImages/86760_Brunner_Gioias_Marquardt_12_XL.jpg.webp?itok=v0uizFIA -> crona_chair_with_armrests_6367\image_17.jpg
Starting download with Playwright: https://live-brunner.pantheonsite.io/sites/default/files/styles/original_webp/public/oldImages/86760_Brunner_Gioias_Marquardt_12_XL.jpg.webp?itok=ttUOB1SW
Finished download: https://live-brunner.pantheonsite.io/sites/default/files/styles/original_webp/public/oldImages/86760_Brunner_Gioias_Marquardt_12_XL.jpg.webp?itok=ttUOB1SW -> crona_chair_with_armrests_6367\image_18.jpg
Starting download with Playwright: https://live-brunner.pantheonsite.io/sites/default/files/styles/sm/public/oldImages/99025_Brunner_crona_6361A_Loc_HD_XL.jpg.webp?itok=VrU2RhEE
Finished download: https://live-brunner.pantheonsite.io/sites/default/files/styles/sm/public/oldImages/99025_Brunner_crona_6361A_Loc_HD_XL.jpg.webp?itok=VrU2RhEE -> crona_chair_with_armrests_6367\image_19.jpg
Starting download with Playwright: https://live-brunner.pantheonsite.io/sites/default/files/styles/lg/public/oldImages/99025_Brunner_crona_6361A_Loc_HD_XL.jpg.webp?itok=ZWbgLjyN
Finished download: https://live-brunner.pantheonsite.io/sites/default/files/styles/lg/public/oldImages/99025_Brunner_crona_6361A_Loc_HD_XL.jpg.webp?itok=ZWbgLjyN -> crona_chair_with_armrests_6367\image_20.jpg
Starting download with Playwright: https://live-brunner.pantheonsite.io/sites/default/files/styles/original_webp/public/oldImages/99025_Brunner_crona_6361A_Loc_HD_XL.jpg.webp?itok=hTYosFmd
Finished download: https://live-brunner.pantheonsite.io/sites/default/files/styles/original_webp/public/oldImages/99025_Brunner_crona_6361A_Loc_HD_XL.jpg.webp?itok=hTYosFmd -> crona_chair_with_armrests_6367\image_21.jpg
Starting download with Playwright: https://live-brunner.pantheonsite.io/sites/default/files/styles/sm/public/oldImages/28603_crona_6365_A_divina_3060_0_Loc_XL.jpg.webp?itok=qa3PSy6U
Finished download: https://live-brunner.pantheonsite.io/sites/default/files/styles/sm/public/oldImages/28603_crona_6365_A_divina_3060_0_Loc_XL.jpg.webp?itok=qa3PSy6U -> crona_chair_with_armrests_6367\image_22.jpg
Starting download with Playwright: https://live-brunner.pantheonsite.io/sites/default/files/styles/lg/public/oldImages/28603_crona_6365_A_divina_3060_0_Loc_XL.jpg.webp?itok=QM3tCU5_
Finished download: https://live-brunner.pantheonsite.io/sites/default/files/styles/lg/public/oldImages/28603_crona_6365_A_divina_3060_0_Loc_XL.jpg.webp?itok=QM3tCU5_ -> crona_chair_with_armrests_6367\image_23.jpg
Starting download with Playwright: https://live-brunner.pantheonsite.io/sites/default/files/styles/original_webp/public/oldImages/28603_crona_6365_A_divina_3060_0_Loc_XL.jpg.webp?itok=zBIzoN1e
Finished download: https://live-brunner.pantheonsite.io/sites/default/files/styles/original_webp/public/oldImages/28603_crona_6365_A_divina_3060_0_Loc_XL.jpg.webp?itok=zBIzoN1e -> crona_chair_with_armrests_6367\image_24.jpg
Starting download with Playwright: https://live-brunner.pantheonsite.io/sites/default/files/styles/sm/public/oldImages/66934_crona_6367A_6377_Leder_torro_3861_0_Loc_Family_XL.jpg.webp?itok=e1h6kBK1
Finished download: https://live-brunner.pantheonsite.io/sites/default/files/styles/sm/public/oldImages/66934_crona_6367A_6377_Leder_torro_3861_0_Loc_Family_XL.jpg.webp?itok=e1h6kBK1 -> crona_chair_with_armrests_6367\image_25.jpg
Starting download with Playwright: https://live-brunner.pantheonsite.io/sites/default/files/styles/lg/public/oldImages/66934_crona_6367A_6377_Leder_torro_3861_0_Loc_Family_XL.jpg.webp?itok=G1n3si4r
Finished download: https://live-brunner.pantheonsite.io/sites/default/files/styles/lg/public/oldImages/66934_crona_6367A_6377_Leder_torro_3861_0_Loc_Family_XL.jpg.webp?itok=G1n3si4r -> crona_chair_with_armrests_6367\image_26.jpg
Starting download with Playwright: https://live-brunner.pantheonsite.io/sites/default/files/styles/original_webp/public/oldImages/66934_crona_6367A_6377_Leder_torro_3861_0_Loc_Family_XL.jpg.webp?itok=sCnDNOZ5
Finished download: https://live-brunner.pantheonsite.io/sites/default/files/styles/original_webp/public/oldImages/66934_crona_6367A_6377_Leder_torro_3861_0_Loc_Family_XL.jpg.webp?itok=sCnDNOZ5 -> crona_chair_with_armrests_6367\image_27.jpg
Starting download with Playwright: https://live-brunner.pantheonsite.io/sites/default/files/styles/sm/public/oldImages/86756_Brunner_Gioias_Marquardt_8_XL.jpg.webp?itok=whb5xae-
Finished download: https://live-brunner.pantheonsite.io/sites/default/files/styles/sm/public/oldImages/86756_Brunner_Gioias_Marquardt_8_XL.jpg.webp?itok=whb5xae- -> crona_chair_with_armrests_6367\image_28.jpg
Starting download with Playwright: https://live-brunner.pantheonsite.io/sites/default/files/styles/lg/public/oldImages/86756_Brunner_Gioias_Marquardt_8_XL.jpg.webp?itok=m7Z0UKus
Finished download: https://live-brunner.pantheonsite.io/sites/default/files/styles/lg/public/oldImages/86756_Brunner_Gioias_Marquardt_8_XL.jpg.webp?itok=m7Z0UKus -> crona_chair_with_armrests_6367\image_29.jpg
Starting download with Playwright: https://live-brunner.pantheonsite.io/sites/default/files/styles/original_webp/public/oldImages/86756_Brunner_Gioias_Marquardt_8_XL.jpg.webp?itok=sTdtDch6
Finished download: https://live-brunner.pantheonsite.io/sites/default/files/styles/original_webp/public/oldImages/86756_Brunner_Gioias_Marquardt_8_XL.jpg.webp?itok=sTdtDch6 -> crona_chair_with_armrests_6367\image_30.jpg
Starting download with Playwright: https://live-brunner.pantheonsite.io/sites/default/files/styles/sm/public/oldImages/9743_crona_6365A_XL.jpg.webp?itok=raT9OGDD
Finished download: https://live-brunner.pantheonsite.io/sites/default/files/styles/sm/public/oldImages/9743_crona_6365A_XL.jpg.webp?itok=raT9OGDD -> crona_chair_with_armrests_6367\image_31.jpg
Starting download with Playwright: https://live-brunner.pantheonsite.io/sites/default/files/styles/lg/public/oldImages/9743_crona_6365A_XL.jpg.webp?itok=wNo6COUC
Finished download: https://live-brunner.pantheonsite.io/sites/default/files/styles/lg/public/oldImages/9743_crona_6365A_XL.jpg.webp?itok=wNo6COUC -> crona_chair_with_armrests_6367\image_32.jpg
Starting download with Playwright: https://live-brunner.pantheonsite.io/sites/default/files/styles/original_webp/public/oldImages/9743_crona_6365A_XL.jpg.webp?itok=P4dELHBu
Finished download: https://live-brunner.pantheonsite.io/sites/default/files/styles/original_webp/public/oldImages/9743_crona_6365A_XL.jpg.webp?itok=P4dELHBu -> crona_chair_with_armrests_6367\image_33.jpg
Starting download with Playwright: https://live-brunner.pantheonsite.io/sites/default/files/styles/sm/public/oldImages/99023_Brunner_crona_6365A_torro_canvas_fina_conference_6924_8_HD_XL.jpg.webp?itok=wzMgXtcN
Finished download: https://live-brunner.pantheonsite.io/sites/default/files/styles/sm/public/oldImages/99023_Brunner_crona_6365A_torro_canvas_fina_conference_6924_8_HD_XL.jpg.webp?itok=wzMgXtcN -> crona_chair_with_armrests_6367\image_34.jpg
Starting download with Playwright: https://live-brunner.pantheonsite.io/sites/default/files/styles/lg/public/oldImages/99023_Brunner_crona_6365A_torro_canvas_fina_conference_6924_8_HD_XL.jpg.webp?itok=t_GX5t6j
Finished download: https://live-brunner.pantheonsite.io/sites/default/files/styles/lg/public/oldImages/99023_Brunner_crona_6365A_torro_canvas_fina_conference_6924_8_HD_XL.jpg.webp?itok=t_GX5t6j -> crona_chair_with_armrests_6367\image_35.jpg
Starting download with Playwright: https://live-brunner.pantheonsite.io/sites/default/files/styles/original_webp/public/oldImages/99023_Brunner_crona_6365A_torro_canvas_fina_conference_6924_8_HD_XL.jpg.webp?itok=vjO-9CzZ
Finished download: https://live-brunner.pantheonsite.io/sites/default/files/styles/original_webp/public/oldImages/99023_Brunner_crona_6365A_torro_canvas_fina_conference_6924_8_HD_XL.jpg.webp?itok=vjO-9CzZ -> crona_chair_with_armrests_6367\image_36.jpg
Starting download with Playwright: https://live-brunner.pantheonsite.io/sites/default/files/styles/sm/public/oldImages/86750_Brunner_Gioias_Marquardt_2_XL.jpg.webp?itok=_EOKtXsg
Finished download: https://live-brunner.pantheonsite.io/sites/default/files/styles/sm/public/oldImages/86750_Brunner_Gioias_Marquardt_2_XL.jpg.webp?itok=_EOKtXsg -> crona_chair_with_armrests_6367\image_37.jpg
Starting download with Playwright: https://live-brunner.pantheonsite.io/sites/default/files/styles/lg/public/oldImages/86750_Brunner_Gioias_Marquardt_2_XL.jpg.webp?itok=19bpvsSZ
Finished download: https://live-brunner.pantheonsite.io/sites/default/files/styles/lg/public/oldImages/86750_Brunner_Gioias_Marquardt_2_XL.jpg.webp?itok=19bpvsSZ -> crona_chair_with_armrests_6367\image_38.jpg
Starting download with Playwright: https://live-brunner.pantheonsite.io/sites/default/files/styles/original_webp/public/oldImages/86750_Brunner_Gioias_Marquardt_2_XL.jpg.webp?itok=bfe9P0Ci
Finished download: https://live-brunner.pantheonsite.io/sites/default/files/styles/original_webp/public/oldImages/86750_Brunner_Gioias_Marquardt_2_XL.jpg.webp?itok=bfe9P0Ci -> crona_chair_with_armrests_6367\image_39.jpg
Starting download with Playwright: https://live-brunner.pantheonsite.io/sites/default/files/styles/sm/public/oldImages/90986_Brunner_crona_6362A_Gleiter_Hallingdal65_200_Alu_Grau_mitSchatten_RGB_XL.jpg.webp?itok=N0ZzQY4t
Finished download: https://live-brunner.pantheonsite.io/sites/default/files/styles/sm/public/oldImages/90986_Brunner_crona_6362A_Gleiter_Hallingdal65_200_Alu_Grau_mitSchatten_RGB_XL.jpg.webp?itok=N0ZzQY4t -> crona_chair_with_armrests_6367\image_40.jpg
Starting download with Playwright: https://live-brunner.pantheonsite.io/sites/default/files/styles/lg/public/oldImages/90986_Brunner_crona_6362A_Gleiter_Hallingdal65_200_Alu_Grau_mitSchatten_RGB_XL.jpg.webp?itok=pqcIm8LV
Finished download: https://live-brunner.pantheonsite.io/sites/default/files/styles/lg/public/oldImages/90986_Brunner_crona_6362A_Gleiter_Hallingdal65_200_Alu_Grau_mitSchatten_RGB_XL.jpg.webp?itok=pqcIm8LV -> crona_chair_with_armrests_6367\image_41.jpg
Starting download with Playwright: https://live-brunner.pantheonsite.io/sites/default/files/styles/original_webp/public/oldImages/90986_Brunner_crona_6362A_Gleiter_Hallingdal65_200_Alu_Grau_mitSchatten_RGB_XL.jpg.webp?itok=Y8uMVE6V
Finished download: https://live-brunner.pantheonsite.io/sites/default/files/styles/original_webp/public/oldImages/90986_Brunner_crona_6362A_Gleiter_Hallingdal65_200_Alu_Grau_mitSchatten_RGB_XL.jpg.webp?itok=Y8uMVE6V -> crona_chair_with_armrests_6367\image_42.jpg
Starting download with Playwright: https://live-brunner.pantheonsite.io/sites/default/files/styles/sm/public/oldImages/99024_Brunner_crona_family_big_HD_XL.jpg.webp?itok=CFXKCNaQ
Finished download: https://live-brunner.pantheonsite.io/sites/default/files/styles/sm/public/oldImages/99024_Brunner_crona_family_big_HD_XL.jpg.webp?itok=CFXKCNaQ -> crona_chair_with_armrests_6367\image_43.jpg
Starting download with Playwright: https://live-brunner.pantheonsite.io/sites/default/files/styles/lg/public/oldImages/99024_Brunner_crona_family_big_HD_XL.jpg.webp?itok=Yr3IspvR
Finished download: https://live-brunner.pantheonsite.io/sites/default/files/styles/lg/public/oldImages/99024_Brunner_crona_family_big_HD_XL.jpg.webp?itok=Yr3IspvR -> crona_chair_with_armrests_6367\image_44.jpg
Starting download with Playwright: https://live-brunner.pantheonsite.io/sites/default/files/styles/original_webp/public/oldImages/99024_Brunner_crona_family_big_HD_XL.jpg.webp?itok=K_vobYe9
Finished download: https://live-brunner.pantheonsite.io/sites/default/files/styles/original_webp/public/oldImages/99024_Brunner_crona_family_big_HD_XL.jpg.webp?itok=K_vobYe9 -> crona_chair_with_armrests_6367\image_45.jpg
Completed image downloads for product crona_chair_with_armrests_6367
Extracting features for product crona_chair_with_armrests_6367...
Features saved for product crona_chair_with_armrests_6367
Attempting to access Downloads tab for product crona_chair_with_armrests_6367...
Starting download of PDF: https://live-brunner.pantheonsite.io/sites/default/files/oldPdfs/Produktdatenblaetter/Produktdatenblaetter_EN/crona_Brunner_product_data_sheet_EN.pdf
Downloaded product_sheet.pdf for product crona_chair_with_armrests_6367
Opening URL for product crona_light_Chair_with_armrests_6311: https://brunner-group.com/en/products/crona-light-chair-with-armrests/?variant=6311
Images detected on page for crona_light_Chair_with_armrests_6311, scrolling to load them...
Successfully opened URL for product crona_light_Chair_with_armrests_6311
Extracting images for product crona_light_Chair_with_armrests_6311...
Found 42 images for product crona_light_Chair_with_armrests_6311
Starting download with Playwright: https://live-brunner.pantheonsite.io/sites/default/files/styles/sm/public/oldImages/99091_Brunner_crona_light_6311_HD_XL.jpg.webp?itok=LxLtFL7e
Finished download: https://live-brunner.pantheonsite.io/sites/default/files/styles/sm/public/oldImages/99091_Brunner_crona_light_6311_HD_XL.jpg.webp?itok=LxLtFL7e -> crona_light_Chair_with_armrests_6311\image_1.jpg
Starting download with Playwright: https://live-brunner.pantheonsite.io/sites/default/files/styles/lg/public/oldImages/99091_Brunner_crona_light_6311_HD_XL.jpg.webp?itok=zjwTo5Td
Finished download: https://live-brunner.pantheonsite.io/sites/default/files/styles/lg/public/oldImages/99091_Brunner_crona_light_6311_HD_XL.jpg.webp?itok=zjwTo5Td -> crona_light_Chair_with_armrests_6311\image_2.jpg
Starting download with Playwright: https://live-brunner.pantheonsite.io/sites/default/files/styles/original_webp/public/oldImages/99091_Brunner_crona_light_6311_HD_XL.jpg.webp?itok=7pdtgukg
Finished download: https://live-brunner.pantheonsite.io/sites/default/files/styles/original_webp/public/oldImages/99091_Brunner_crona_light_6311_HD_XL.jpg.webp?itok=7pdtgukg -> crona_light_Chair_with_armrests_6311\image_3.jpg
Starting download with Playwright: https://live-brunner.pantheonsite.io/sites/default/files/styles/sm/public/oldImages/97764_Brunner_crona_light_6307_6317A_1920x1080_HD_XL.jpg.webp?itok=ksMK-Rbq
Finished download: https://live-brunner.pantheonsite.io/sites/default/files/styles/sm/public/oldImages/97764_Brunner_crona_light_6307_6317A_1920x1080_HD_XL.jpg.webp?itok=ksMK-Rbq -> crona_light_Chair_with_armrests_6311\image_4.jpg
Starting download with Playwright: https://live-brunner.pantheonsite.io/sites/default/files/styles/lg/public/oldImages/97764_Brunner_crona_light_6307_6317A_1920x1080_HD_XL.jpg.webp?itok=dZanlP95
Finished download: https://live-brunner.pantheonsite.io/sites/default/files/styles/lg/public/oldImages/97764_Brunner_crona_light_6307_6317A_1920x1080_HD_XL.jpg.webp?itok=dZanlP95 -> crona_light_Chair_with_armrests_6311\image_5.jpg
Starting download with Playwright: https://live-brunner.pantheonsite.io/sites/default/files/styles/original_webp/public/oldImages/97764_Brunner_crona_light_6307_6317A_1920x1080_HD_XL.jpg.webp?itok=1TxRA7su
Finished download: https://live-brunner.pantheonsite.io/sites/default/files/styles/original_webp/public/oldImages/97764_Brunner_crona_light_6307_6317A_1920x1080_HD_XL.jpg.webp?itok=1TxRA7su -> crona_light_Chair_with_armrests_6311\image_6.jpg
Starting download with Playwright: https://live-brunner.pantheonsite.io/sites/default/files/styles/sm/public/oldImages/99095_Brunner_crona_light_6317A_Softpolsterung_HD_XL.jpg.webp?itok=89oBqsxe
Finished download: https://live-brunner.pantheonsite.io/sites/default/files/styles/sm/public/oldImages/99095_Brunner_crona_light_6317A_Softpolsterung_HD_XL.jpg.webp?itok=89oBqsxe -> crona_light_Chair_with_armrests_6311\image_7.jpg
Starting download with Playwright: https://live-brunner.pantheonsite.io/sites/default/files/styles/lg/public/oldImages/99095_Brunner_crona_light_6317A_Softpolsterung_HD_XL.jpg.webp?itok=JLBBggS0
Finished download: https://live-brunner.pantheonsite.io/sites/default/files/styles/lg/public/oldImages/99095_Brunner_crona_light_6317A_Softpolsterung_HD_XL.jpg.webp?itok=JLBBggS0 -> crona_light_Chair_with_armrests_6311\image_8.jpg
Starting download with Playwright: https://live-brunner.pantheonsite.io/sites/default/files/styles/original_webp/public/oldImages/99095_Brunner_crona_light_6317A_Softpolsterung_HD_XL.jpg.webp?itok=_UVLYU_z
Finished download: https://live-brunner.pantheonsite.io/sites/default/files/styles/original_webp/public/oldImages/99095_Brunner_crona_light_6317A_Softpolsterung_HD_XL.jpg.webp?itok=_UVLYU_z -> crona_light_Chair_with_armrests_6311\image_9.jpg
Starting download with Playwright: https://live-brunner.pantheonsite.io/sites/default/files/styles/sm/public/oldImages/99198_Brunner_crona_light_6315A_Freisteller_HD_XL.jpg.webp?itok=-RYuyAsO
Finished download: https://live-brunner.pantheonsite.io/sites/default/files/styles/sm/public/oldImages/99198_Brunner_crona_light_6315A_Freisteller_HD_XL.jpg.webp?itok=-RYuyAsO -> crona_light_Chair_with_armrests_6311\image_10.jpg
Starting download with Playwright: https://live-brunner.pantheonsite.io/sites/default/files/styles/lg/public/oldImages/99198_Brunner_crona_light_6315A_Freisteller_HD_XL.jpg.webp?itok=BxQxJOmL
Finished download: https://live-brunner.pantheonsite.io/sites/default/files/styles/lg/public/oldImages/99198_Brunner_crona_light_6315A_Freisteller_HD_XL.jpg.webp?itok=BxQxJOmL -> crona_light_Chair_with_armrests_6311\image_11.jpg
Starting download with Playwright: https://live-brunner.pantheonsite.io/sites/default/files/styles/original_webp/public/oldImages/99198_Brunner_crona_light_6315A_Freisteller_HD_XL.jpg.webp?itok=noWEyLR5
Finished download: https://live-brunner.pantheonsite.io/sites/default/files/styles/original_webp/public/oldImages/99198_Brunner_crona_light_6315A_Freisteller_HD_XL.jpg.webp?itok=noWEyLR5 -> crona_light_Chair_with_armrests_6311\image_12.jpg
Starting download with Playwright: https://live-brunner.pantheonsite.io/sites/default/files/styles/sm/public/oldImages/99197_Brunner_crona_light_6317A_Loc_HD_XL.jpg.webp?itok=sJYsXeFR
Finished download: https://live-brunner.pantheonsite.io/sites/default/files/styles/sm/public/oldImages/99197_Brunner_crona_light_6317A_Loc_HD_XL.jpg.webp?itok=sJYsXeFR -> crona_light_Chair_with_armrests_6311\image_13.jpg
Starting download with Playwright: https://live-brunner.pantheonsite.io/sites/default/files/styles/lg/public/oldImages/99197_Brunner_crona_light_6317A_Loc_HD_XL.jpg.webp?itok=xG8Sk9pG
Finished download: https://live-brunner.pantheonsite.io/sites/default/files/styles/lg/public/oldImages/99197_Brunner_crona_light_6317A_Loc_HD_XL.jpg.webp?itok=xG8Sk9pG -> crona_light_Chair_with_armrests_6311\image_14.jpg
Starting download with Playwright: https://live-brunner.pantheonsite.io/sites/default/files/styles/original_webp/public/oldImages/99197_Brunner_crona_light_6317A_Loc_HD_XL.jpg.webp?itok=2bQA0NUH
Finished download: https://live-brunner.pantheonsite.io/sites/default/files/styles/original_webp/public/oldImages/99197_Brunner_crona_light_6317A_Loc_HD_XL.jpg.webp?itok=2bQA0NUH -> crona_light_Chair_with_armrests_6311\image_15.jpg
Starting download with Playwright: https://live-brunner.pantheonsite.io/sites/default/files/styles/sm/public/oldImages/99194_Brunner_Heines_wine_and_dine_Marquardt_crona_light_banc_HD_XL.jpg.webp?itok=iMuqaqQy
Finished download: https://live-brunner.pantheonsite.io/sites/default/files/styles/sm/public/oldImages/99194_Brunner_Heines_wine_and_dine_Marquardt_crona_light_banc_HD_XL.jpg.webp?itok=iMuqaqQy -> crona_light_Chair_with_armrests_6311\image_16.jpg
Starting download with Playwright: https://live-brunner.pantheonsite.io/sites/default/files/styles/lg/public/oldImages/99194_Brunner_Heines_wine_and_dine_Marquardt_crona_light_banc_HD_XL.jpg.webp?itok=6E2Z9TIV
Finished download: https://live-brunner.pantheonsite.io/sites/default/files/styles/lg/public/oldImages/99194_Brunner_Heines_wine_and_dine_Marquardt_crona_light_banc_HD_XL.jpg.webp?itok=6E2Z9TIV -> crona_light_Chair_with_armrests_6311\image_17.jpg
Starting download with Playwright: https://live-brunner.pantheonsite.io/sites/default/files/styles/original_webp/public/oldImages/99194_Brunner_Heines_wine_and_dine_Marquardt_crona_light_banc_HD_XL.jpg.webp?itok=7drFBLnd
Finished download: https://live-brunner.pantheonsite.io/sites/default/files/styles/original_webp/public/oldImages/99194_Brunner_Heines_wine_and_dine_Marquardt_crona_light_banc_HD_XL.jpg.webp?itok=7drFBLnd -> crona_light_Chair_with_armrests_6311\image_18.jpg
Starting download with Playwright: https://live-brunner.pantheonsite.io/sites/default/files/styles/sm/public/oldImages/99094_Brunner_cellular_CE4030_crona_light_6311A_HD_XL.jpg.webp?itok=uQZ34ctw
Finished download: https://live-brunner.pantheonsite.io/sites/default/files/styles/sm/public/oldImages/99094_Brunner_cellular_CE4030_crona_light_6311A_HD_XL.jpg.webp?itok=uQZ34ctw -> crona_light_Chair_with_armrests_6311\image_19.jpg
Starting download with Playwright: https://live-brunner.pantheonsite.io/sites/default/files/styles/lg/public/oldImages/99094_Brunner_cellular_CE4030_crona_light_6311A_HD_XL.jpg.webp?itok=L9LqOFFm
Finished download: https://live-brunner.pantheonsite.io/sites/default/files/styles/lg/public/oldImages/99094_Brunner_cellular_CE4030_crona_light_6311A_HD_XL.jpg.webp?itok=L9LqOFFm -> crona_light_Chair_with_armrests_6311\image_20.jpg
Starting download with Playwright: https://live-brunner.pantheonsite.io/sites/default/files/styles/original_webp/public/oldImages/99094_Brunner_cellular_CE4030_crona_light_6311A_HD_XL.jpg.webp?itok=m1aC9UWE
Finished download: https://live-brunner.pantheonsite.io/sites/default/files/styles/original_webp/public/oldImages/99094_Brunner_cellular_CE4030_crona_light_6311A_HD_XL.jpg.webp?itok=m1aC9UWE -> crona_light_Chair_with_armrests_6311\image_21.jpg
Starting download with Playwright: https://live-brunner.pantheonsite.io/sites/default/files/styles/sm/public/oldImages/99193_Brunner_cellular_CE1100_CE1070_CE1080_crona_light_6315A__Loc_Leipzig_HD_XL.jpg.webp?itok=boJRl9Qr
Finished download: https://live-brunner.pantheonsite.io/sites/default/files/styles/sm/public/oldImages/99193_Brunner_cellular_CE1100_CE1070_CE1080_crona_light_6315A__Loc_Leipzig_HD_XL.jpg.webp?itok=boJRl9Qr -> crona_light_Chair_with_armrests_6311\image_22.jpg
Starting download with Playwright: https://live-brunner.pantheonsite.io/sites/default/files/styles/lg/public/oldImages/99193_Brunner_cellular_CE1100_CE1070_CE1080_crona_light_6315A__Loc_Leipzig_HD_XL.jpg.webp?itok=EAaC2qW1
Finished download: https://live-brunner.pantheonsite.io/sites/default/files/styles/lg/public/oldImages/99193_Brunner_cellular_CE1100_CE1070_CE1080_crona_light_6315A__Loc_Leipzig_HD_XL.jpg.webp?itok=EAaC2qW1 -> crona_light_Chair_with_armrests_6311\image_23.jpg
Starting download with Playwright: https://live-brunner.pantheonsite.io/sites/default/files/styles/original_webp/public/oldImages/99193_Brunner_cellular_CE1100_CE1070_CE1080_crona_light_6315A__Loc_Leipzig_HD_XL.jpg.webp?itok=jV5MsDHh
Finished download: https://live-brunner.pantheonsite.io/sites/default/files/styles/original_webp/public/oldImages/99193_Brunner_cellular_CE1100_CE1070_CE1080_crona_light_6315A__Loc_Leipzig_HD_XL.jpg.webp?itok=jV5MsDHh -> crona_light_Chair_with_armrests_6311\image_24.jpg
Starting download with Playwright: https://live-brunner.pantheonsite.io/sites/default/files/styles/sm/public/oldImages/99087_Brunner_crona_light_6315A_Softpolsterung_break_3962_HD_XL.jpg.webp?itok=pNqDsbkX
Finished download: https://live-brunner.pantheonsite.io/sites/default/files/styles/sm/public/oldImages/99087_Brunner_crona_light_6315A_Softpolsterung_break_3962_HD_XL.jpg.webp?itok=pNqDsbkX -> crona_light_Chair_with_armrests_6311\image_25.jpg
Starting download with Playwright: https://live-brunner.pantheonsite.io/sites/default/files/styles/lg/public/oldImages/99087_Brunner_crona_light_6315A_Softpolsterung_break_3962_HD_XL.jpg.webp?itok=3eBTu8QL
Finished download: https://live-brunner.pantheonsite.io/sites/default/files/styles/lg/public/oldImages/99087_Brunner_crona_light_6315A_Softpolsterung_break_3962_HD_XL.jpg.webp?itok=3eBTu8QL -> crona_light_Chair_with_armrests_6311\image_26.jpg
Starting download with Playwright: https://live-brunner.pantheonsite.io/sites/default/files/styles/original_webp/public/oldImages/99087_Brunner_crona_light_6315A_Softpolsterung_break_3962_HD_XL.jpg.webp?itok=RSVXPx8W
Finished download: https://live-brunner.pantheonsite.io/sites/default/files/styles/original_webp/public/oldImages/99087_Brunner_crona_light_6315A_Softpolsterung_break_3962_HD_XL.jpg.webp?itok=RSVXPx8W -> crona_light_Chair_with_armrests_6311\image_27.jpg
Starting download with Playwright: https://live-brunner.pantheonsite.io/sites/default/files/styles/sm/public/oldImages/99088_Brunner_crona_collection_central_base_RGB_HD_XL.jpg.webp?itok=CPNHoB_O
Finished download: https://live-brunner.pantheonsite.io/sites/default/files/styles/sm/public/oldImages/99088_Brunner_crona_collection_central_base_RGB_HD_XL.jpg.webp?itok=CPNHoB_O -> crona_light_Chair_with_armrests_6311\image_28.jpg
Starting download with Playwright: https://live-brunner.pantheonsite.io/sites/default/files/styles/lg/public/oldImages/99088_Brunner_crona_collection_central_base_RGB_HD_XL.jpg.webp?itok=FQQ2JZpx
Finished download: https://live-brunner.pantheonsite.io/sites/default/files/styles/lg/public/oldImages/99088_Brunner_crona_collection_central_base_RGB_HD_XL.jpg.webp?itok=FQQ2JZpx -> crona_light_Chair_with_armrests_6311\image_29.jpg
Starting download with Playwright: https://live-brunner.pantheonsite.io/sites/default/files/styles/original_webp/public/oldImages/99088_Brunner_crona_collection_central_base_RGB_HD_XL.jpg.webp?itok=alYM6n0M
Finished download: https://live-brunner.pantheonsite.io/sites/default/files/styles/original_webp/public/oldImages/99088_Brunner_crona_collection_central_base_RGB_HD_XL.jpg.webp?itok=alYM6n0M -> crona_light_Chair_with_armrests_6311\image_30.jpg
Starting download with Playwright: https://live-brunner.pantheonsite.io/sites/default/files/styles/sm/public/oldImages/99096_Brunner_crona_light_6312A_Gleiter_DarkCherry_Alu_HD_XL.jpg.webp?itok=_OMTC8_2
Finished download: https://live-brunner.pantheonsite.io/sites/default/files/styles/sm/public/oldImages/99096_Brunner_crona_light_6312A_Gleiter_DarkCherry_Alu_HD_XL.jpg.webp?itok=_OMTC8_2 -> crona_light_Chair_with_armrests_6311\image_31.jpg
Starting download with Playwright: https://live-brunner.pantheonsite.io/sites/default/files/styles/lg/public/oldImages/99096_Brunner_crona_light_6312A_Gleiter_DarkCherry_Alu_HD_XL.jpg.webp?itok=4uLgd1Mk
Finished download: https://live-brunner.pantheonsite.io/sites/default/files/styles/lg/public/oldImages/99096_Brunner_crona_light_6312A_Gleiter_DarkCherry_Alu_HD_XL.jpg.webp?itok=4uLgd1Mk -> crona_light_Chair_with_armrests_6311\image_32.jpg
Starting download with Playwright: https://live-brunner.pantheonsite.io/sites/default/files/styles/original_webp/public/oldImages/99096_Brunner_crona_light_6312A_Gleiter_DarkCherry_Alu_HD_XL.jpg.webp?itok=9jnFIv1b
Finished download: https://live-brunner.pantheonsite.io/sites/default/files/styles/original_webp/public/oldImages/99096_Brunner_crona_light_6312A_Gleiter_DarkCherry_Alu_HD_XL.jpg.webp?itok=9jnFIv1b -> crona_light_Chair_with_armrests_6311\image_33.jpg
Starting download with Playwright: https://live-brunner.pantheonsite.io/sites/default/files/styles/sm/public/oldImages/99086_Brunner_cellular_CE3100_CE3200_CE4010_CE4030_crona_light_6311A_HD_XL.jpg.webp?itok=7gy9moau
Finished download: https://live-brunner.pantheonsite.io/sites/default/files/styles/sm/public/oldImages/99086_Brunner_cellular_CE3100_CE3200_CE4010_CE4030_crona_light_6311A_HD_XL.jpg.webp?itok=7gy9moau -> crona_light_Chair_with_armrests_6311\image_34.jpg
Starting download with Playwright: https://live-brunner.pantheonsite.io/sites/default/files/styles/lg/public/oldImages/99086_Brunner_cellular_CE3100_CE3200_CE4010_CE4030_crona_light_6311A_HD_XL.jpg.webp?itok=EsXNltNo
Finished download: https://live-brunner.pantheonsite.io/sites/default/files/styles/lg/public/oldImages/99086_Brunner_cellular_CE3100_CE3200_CE4010_CE4030_crona_light_6311A_HD_XL.jpg.webp?itok=EsXNltNo -> crona_light_Chair_with_armrests_6311\image_35.jpg
Starting download with Playwright: https://live-brunner.pantheonsite.io/sites/default/files/styles/original_webp/public/oldImages/99086_Brunner_cellular_CE3100_CE3200_CE4010_CE4030_crona_light_6311A_HD_XL.jpg.webp?itok=jTd4vg3m
Finished download: https://live-brunner.pantheonsite.io/sites/default/files/styles/original_webp/public/oldImages/99086_Brunner_cellular_CE3100_CE3200_CE4010_CE4030_crona_light_6311A_HD_XL.jpg.webp?itok=jTd4vg3m -> crona_light_Chair_with_armrests_6311\image_36.jpg
Starting download with Playwright: https://live-brunner.pantheonsite.io/sites/default/files/styles/sm/public/oldImages/99090_Brunner_crona_light_6315A_colours_HD_XL.jpg.webp?itok=mNndYjto
Finished download: https://live-brunner.pantheonsite.io/sites/default/files/styles/sm/public/oldImages/99090_Brunner_crona_light_6315A_colours_HD_XL.jpg.webp?itok=mNndYjto -> crona_light_Chair_with_armrests_6311\image_37.jpg
Starting download with Playwright: https://live-brunner.pantheonsite.io/sites/default/files/styles/lg/public/oldImages/99090_Brunner_crona_light_6315A_colours_HD_XL.jpg.webp?itok=QU3oaOqi
Finished download: https://live-brunner.pantheonsite.io/sites/default/files/styles/lg/public/oldImages/99090_Brunner_crona_light_6315A_colours_HD_XL.jpg.webp?itok=QU3oaOqi -> crona_light_Chair_with_armrests_6311\image_38.jpg
Starting download with Playwright: https://live-brunner.pantheonsite.io/sites/default/files/styles/original_webp/public/oldImages/99090_Brunner_crona_light_6315A_colours_HD_XL.jpg.webp?itok=P42dKBoQ
Finished download: https://live-brunner.pantheonsite.io/sites/default/files/styles/original_webp/public/oldImages/99090_Brunner_crona_light_6315A_colours_HD_XL.jpg.webp?itok=P42dKBoQ -> crona_light_Chair_with_armrests_6311\image_39.jpg
Starting download with Playwright: https://live-brunner.pantheonsite.io/sites/default/files/styles/sm/public/oldImages/99195_Brunner_crona_light_basic_Loc_Home_HD_XL.jpg.webp?itok=JFQp9q3B
Finished download: https://live-brunner.pantheonsite.io/sites/default/files/styles/sm/public/oldImages/99195_Brunner_crona_light_basic_Loc_Home_HD_XL.jpg.webp?itok=JFQp9q3B -> crona_light_Chair_with_armrests_6311\image_40.jpg
Starting download with Playwright: https://live-brunner.pantheonsite.io/sites/default/files/styles/lg/public/oldImages/99195_Brunner_crona_light_basic_Loc_Home_HD_XL.jpg.webp?itok=HD_IEwsB
Finished download: https://live-brunner.pantheonsite.io/sites/default/files/styles/lg/public/oldImages/99195_Brunner_crona_light_basic_Loc_Home_HD_XL.jpg.webp?itok=HD_IEwsB -> crona_light_Chair_with_armrests_6311\image_41.jpg
Starting download with Playwright: https://live-brunner.pantheonsite.io/sites/default/files/styles/original_webp/public/oldImages/99195_Brunner_crona_light_basic_Loc_Home_HD_XL.jpg.webp?itok=Sg2h4WiS
Finished download: https://live-brunner.pantheonsite.io/sites/default/files/styles/original_webp/public/oldImages/99195_Brunner_crona_light_basic_Loc_Home_HD_XL.jpg.webp?itok=Sg2h4WiS -> crona_light_Chair_with_armrests_6311\image_42.jpg
Completed image downloads for product crona_light_Chair_with_armrests_6311
Extracting features for product crona_light_Chair_with_armrests_6311...
Features saved for product crona_light_Chair_with_armrests_6311
Attempting to access Downloads tab for product crona_light_Chair_with_armrests_6311...
Starting download of PDF: https://live-brunner.pantheonsite.io/sites/default/files/oldPdfs/Produktdatenblaetter/Produktdatenblaetter_EN/crona_light_Brunner_product_data_sheet_EN.pdf
Downloaded product_sheet.pdf for product crona_light_Chair_with_armrests_6311
Opening URL for product scoop_Shell_chair_4813: https://brunner-group.com/en/products/scoop-shell-chair/?variant=4813
Images detected on page for scoop_Shell_chair_4813, scrolling to load them...
Successfully opened URL for product scoop_Shell_chair_4813
Extracting images for product scoop_Shell_chair_4813...
Found 42 images for product scoop_Shell_chair_4813
Starting download with Playwright: https://live-brunner.pantheonsite.io/sites/default/files/styles/sm/public/oldImages/115801_Brunner_wave_light_3570_scoop_4803_scoop_bar_4874_crona_steel_6340_HD_XL.jpg.webp?itok=E6ZnEJJr
Finished download: https://live-brunner.pantheonsite.io/sites/default/files/styles/sm/public/oldImages/115801_Brunner_wave_light_3570_scoop_4803_scoop_bar_4874_crona_steel_6340_HD_XL.jpg.webp?itok=E6ZnEJJr -> scoop_Shell_chair_4813\image_1.jpg
Starting download with Playwright: https://live-brunner.pantheonsite.io/sites/default/files/styles/lg/public/oldImages/115801_Brunner_wave_light_3570_scoop_4803_scoop_bar_4874_crona_steel_6340_HD_XL.jpg.webp?itok=9Ykq_dUR
Finished download: https://live-brunner.pantheonsite.io/sites/default/files/styles/lg/public/oldImages/115801_Brunner_wave_light_3570_scoop_4803_scoop_bar_4874_crona_steel_6340_HD_XL.jpg.webp?itok=9Ykq_dUR -> scoop_Shell_chair_4813\image_2.jpg
Starting download with Playwright: https://live-brunner.pantheonsite.io/sites/default/files/styles/original_webp/public/oldImages/115801_Brunner_wave_light_3570_scoop_4803_scoop_bar_4874_crona_steel_6340_HD_XL.jpg.webp?itok=KMWElEZx
Finished download: https://live-brunner.pantheonsite.io/sites/default/files/styles/original_webp/public/oldImages/115801_Brunner_wave_light_3570_scoop_4803_scoop_bar_4874_crona_steel_6340_HD_XL.jpg.webp?itok=KMWElEZx -> scoop_Shell_chair_4813\image_3.jpg
Starting download with Playwright: https://live-brunner.pantheonsite.io/sites/default/files/styles/sm/public/oldImages/115589_Brunner_wave_light_3570_scoop_4802_4812_banc_BC-H40_soop_bar_4872_RGB_HD_XL.jpg.webp?itok=xQB12Jqf
Finished download: https://live-brunner.pantheonsite.io/sites/default/files/styles/sm/public/oldImages/115589_Brunner_wave_light_3570_scoop_4802_4812_banc_BC-H40_soop_bar_4872_RGB_HD_XL.jpg.webp?itok=xQB12Jqf -> scoop_Shell_chair_4813\image_4.jpg
Starting download with Playwright: https://live-brunner.pantheonsite.io/sites/default/files/styles/lg/public/oldImages/115589_Brunner_wave_light_3570_scoop_4802_4812_banc_BC-H40_soop_bar_4872_RGB_HD_XL.jpg.webp?itok=O8G3RRTt
Finished download: https://live-brunner.pantheonsite.io/sites/default/files/styles/lg/public/oldImages/115589_Brunner_wave_light_3570_scoop_4802_4812_banc_BC-H40_soop_bar_4872_RGB_HD_XL.jpg.webp?itok=O8G3RRTt -> scoop_Shell_chair_4813\image_5.jpg
Starting download with Playwright: https://live-brunner.pantheonsite.io/sites/default/files/styles/original_webp/public/oldImages/115589_Brunner_wave_light_3570_scoop_4802_4812_banc_BC-H40_soop_bar_4872_RGB_HD_XL.jpg.webp?itok=-ZqAOcyk
Finished download: https://live-brunner.pantheonsite.io/sites/default/files/styles/original_webp/public/oldImages/115589_Brunner_wave_light_3570_scoop_4802_4812_banc_BC-H40_soop_bar_4872_RGB_HD_XL.jpg.webp?itok=-ZqAOcyk -> scoop_Shell_chair_4813\image_6.jpg
Starting download with Playwright: https://live-brunner.pantheonsite.io/sites/default/files/styles/sm/public/oldImages/115579_Brunner_advance_2970_scoop_4805_RGB_HD_XL.jpg.webp?itok=WwgIuuYb
Finished download: https://live-brunner.pantheonsite.io/sites/default/files/styles/sm/public/oldImages/115579_Brunner_advance_2970_scoop_4805_RGB_HD_XL.jpg.webp?itok=WwgIuuYb -> scoop_Shell_chair_4813\image_7.jpg
Starting download with Playwright: https://live-brunner.pantheonsite.io/sites/default/files/styles/lg/public/oldImages/115579_Brunner_advance_2970_scoop_4805_RGB_HD_XL.jpg.webp?itok=Uo_II84x
Finished download: https://live-brunner.pantheonsite.io/sites/default/files/styles/lg/public/oldImages/115579_Brunner_advance_2970_scoop_4805_RGB_HD_XL.jpg.webp?itok=Uo_II84x -> scoop_Shell_chair_4813\image_8.jpg
Starting download with Playwright: https://live-brunner.pantheonsite.io/sites/default/files/styles/original_webp/public/oldImages/115579_Brunner_advance_2970_scoop_4805_RGB_HD_XL.jpg.webp?itok=JYj-zySQ
Finished download: https://live-brunner.pantheonsite.io/sites/default/files/styles/original_webp/public/oldImages/115579_Brunner_advance_2970_scoop_4805_RGB_HD_XL.jpg.webp?itok=JYj-zySQ -> scoop_Shell_chair_4813\image_9.jpg
Starting download with Playwright: https://live-brunner.pantheonsite.io/sites/default/files/styles/sm/public/oldImages/115481_Brunner_scoop_4805_03_HD_XL.jpg.webp?itok=yeEzHcmF
Finished download: https://live-brunner.pantheonsite.io/sites/default/files/styles/sm/public/oldImages/115481_Brunner_scoop_4805_03_HD_XL.jpg.webp?itok=yeEzHcmF -> scoop_Shell_chair_4813\image_10.jpg
Starting download with Playwright: https://live-brunner.pantheonsite.io/sites/default/files/styles/lg/public/oldImages/115481_Brunner_scoop_4805_03_HD_XL.jpg.webp?itok=6T-tOI6S
Finished download: https://live-brunner.pantheonsite.io/sites/default/files/styles/lg/public/oldImages/115481_Brunner_scoop_4805_03_HD_XL.jpg.webp?itok=6T-tOI6S -> scoop_Shell_chair_4813\image_11.jpg
Starting download with Playwright: https://live-brunner.pantheonsite.io/sites/default/files/styles/original_webp/public/oldImages/115481_Brunner_scoop_4805_03_HD_XL.jpg.webp?itok=_XFM2kS2
Finished download: https://live-brunner.pantheonsite.io/sites/default/files/styles/original_webp/public/oldImages/115481_Brunner_scoop_4805_03_HD_XL.jpg.webp?itok=_XFM2kS2 -> scoop_Shell_chair_4813\image_12.jpg
Starting download with Playwright: https://live-brunner.pantheonsite.io/sites/default/files/styles/sm/public/oldImages/115582_Brunner_boards_B0340_scoop_4805_lift_active_7884_pads_1420-0120_foild_1100-2020_RGB_HD_XL.jpg.webp?itok=FaLoInLq
Finished download: https://live-brunner.pantheonsite.io/sites/default/files/styles/sm/public/oldImages/115582_Brunner_boards_B0340_scoop_4805_lift_active_7884_pads_1420-0120_foild_1100-2020_RGB_HD_XL.jpg.webp?itok=FaLoInLq -> scoop_Shell_chair_4813\image_13.jpg
Starting download with Playwright: https://live-brunner.pantheonsite.io/sites/default/files/styles/lg/public/oldImages/115582_Brunner_boards_B0340_scoop_4805_lift_active_7884_pads_1420-0120_foild_1100-2020_RGB_HD_XL.jpg.webp?itok=rhaiXt4s
Finished download: https://live-brunner.pantheonsite.io/sites/default/files/styles/lg/public/oldImages/115582_Brunner_boards_B0340_scoop_4805_lift_active_7884_pads_1420-0120_foild_1100-2020_RGB_HD_XL.jpg.webp?itok=rhaiXt4s -> scoop_Shell_chair_4813\image_14.jpg
Starting download with Playwright: https://live-brunner.pantheonsite.io/sites/default/files/styles/original_webp/public/oldImages/115582_Brunner_boards_B0340_scoop_4805_lift_active_7884_pads_1420-0120_foild_1100-2020_RGB_HD_XL.jpg.webp?itok=n8vnxppB
Finished download: https://live-brunner.pantheonsite.io/sites/default/files/styles/original_webp/public/oldImages/115582_Brunner_boards_B0340_scoop_4805_lift_active_7884_pads_1420-0120_foild_1100-2020_RGB_HD_XL.jpg.webp?itok=n8vnxppB -> scoop_Shell_chair_4813\image_15.jpg
Starting download with Playwright: https://live-brunner.pantheonsite.io/sites/default/files/styles/sm/public/oldImages/115587_Brunner_scoop_4802_4812_4804_4814_wave_light_3570_wave_3560_RGB_HD_XL.jpg.webp?itok=_qneLU5e
Finished download: https://live-brunner.pantheonsite.io/sites/default/files/styles/sm/public/oldImages/115587_Brunner_scoop_4802_4812_4804_4814_wave_light_3570_wave_3560_RGB_HD_XL.jpg.webp?itok=_qneLU5e -> scoop_Shell_chair_4813\image_16.jpg
Starting download with Playwright: https://live-brunner.pantheonsite.io/sites/default/files/styles/lg/public/oldImages/115587_Brunner_scoop_4802_4812_4804_4814_wave_light_3570_wave_3560_RGB_HD_XL.jpg.webp?itok=STQWmFN3
Finished download: https://live-brunner.pantheonsite.io/sites/default/files/styles/lg/public/oldImages/115587_Brunner_scoop_4802_4812_4804_4814_wave_light_3570_wave_3560_RGB_HD_XL.jpg.webp?itok=STQWmFN3 -> scoop_Shell_chair_4813\image_17.jpg
Starting download with Playwright: https://live-brunner.pantheonsite.io/sites/default/files/styles/original_webp/public/oldImages/115587_Brunner_scoop_4802_4812_4804_4814_wave_light_3570_wave_3560_RGB_HD_XL.jpg.webp?itok=KQl7vtvP
Finished download: https://live-brunner.pantheonsite.io/sites/default/files/styles/original_webp/public/oldImages/115587_Brunner_scoop_4802_4812_4804_4814_wave_light_3570_wave_3560_RGB_HD_XL.jpg.webp?itok=KQl7vtvP -> scoop_Shell_chair_4813\image_18.jpg
Starting download with Playwright: https://live-brunner.pantheonsite.io/sites/default/files/styles/sm/public/oldImages/115591_Brunner_wave_light_3570_scoop_4812_RGB_HD_XL.jpg.webp?itok=cJUDbYpl
Finished download: https://live-brunner.pantheonsite.io/sites/default/files/styles/sm/public/oldImages/115591_Brunner_wave_light_3570_scoop_4812_RGB_HD_XL.jpg.webp?itok=cJUDbYpl -> scoop_Shell_chair_4813\image_19.jpg
Starting download with Playwright: https://live-brunner.pantheonsite.io/sites/default/files/styles/lg/public/oldImages/115591_Brunner_wave_light_3570_scoop_4812_RGB_HD_XL.jpg.webp?itok=gyThSBYn
Finished download: https://live-brunner.pantheonsite.io/sites/default/files/styles/lg/public/oldImages/115591_Brunner_wave_light_3570_scoop_4812_RGB_HD_XL.jpg.webp?itok=gyThSBYn -> scoop_Shell_chair_4813\image_20.jpg
Starting download with Playwright: https://live-brunner.pantheonsite.io/sites/default/files/styles/original_webp/public/oldImages/115591_Brunner_wave_light_3570_scoop_4812_RGB_HD_XL.jpg.webp?itok=SHoLp8_P
Finished download: https://live-brunner.pantheonsite.io/sites/default/files/styles/original_webp/public/oldImages/115591_Brunner_wave_light_3570_scoop_4812_RGB_HD_XL.jpg.webp?itok=SHoLp8_P -> scoop_Shell_chair_4813\image_21.jpg
Starting download with Playwright: https://live-brunner.pantheonsite.io/sites/default/files/styles/sm/public/oldImages/115586_Brunner_Orgatec_2024_Messestand_031_HD_XL.jpg.webp?itok=h78zqTYc
Finished download: https://live-brunner.pantheonsite.io/sites/default/files/styles/sm/public/oldImages/115586_Brunner_Orgatec_2024_Messestand_031_HD_XL.jpg.webp?itok=h78zqTYc -> scoop_Shell_chair_4813\image_22.jpg
Starting download with Playwright: https://live-brunner.pantheonsite.io/sites/default/files/styles/lg/public/oldImages/115586_Brunner_Orgatec_2024_Messestand_031_HD_XL.jpg.webp?itok=8hxLYq1Q
Finished download: https://live-brunner.pantheonsite.io/sites/default/files/styles/lg/public/oldImages/115586_Brunner_Orgatec_2024_Messestand_031_HD_XL.jpg.webp?itok=8hxLYq1Q -> scoop_Shell_chair_4813\image_23.jpg
Starting download with Playwright: https://live-brunner.pantheonsite.io/sites/default/files/styles/original_webp/public/oldImages/115586_Brunner_Orgatec_2024_Messestand_031_HD_XL.jpg.webp?itok=emTNLJC_
Finished download: https://live-brunner.pantheonsite.io/sites/default/files/styles/original_webp/public/oldImages/115586_Brunner_Orgatec_2024_Messestand_031_HD_XL.jpg.webp?itok=emTNLJC_ -> scoop_Shell_chair_4813\image_24.jpg
Starting download with Playwright: https://live-brunner.pantheonsite.io/sites/default/files/styles/sm/public/oldImages/115588_Brunner_scoop_4802_4814_wave_3560_RGB_HD_XL.jpg.webp?itok=G5SMrkBx
Finished download: https://live-brunner.pantheonsite.io/sites/default/files/styles/sm/public/oldImages/115588_Brunner_scoop_4802_4814_wave_3560_RGB_HD_XL.jpg.webp?itok=G5SMrkBx -> scoop_Shell_chair_4813\image_25.jpg
Starting download with Playwright: https://live-brunner.pantheonsite.io/sites/default/files/styles/lg/public/oldImages/115588_Brunner_scoop_4802_4814_wave_3560_RGB_HD_XL.jpg.webp?itok=lmSZC-qI
Finished download: https://live-brunner.pantheonsite.io/sites/default/files/styles/lg/public/oldImages/115588_Brunner_scoop_4802_4814_wave_3560_RGB_HD_XL.jpg.webp?itok=lmSZC-qI -> scoop_Shell_chair_4813\image_26.jpg
Starting download with Playwright: https://live-brunner.pantheonsite.io/sites/default/files/styles/original_webp/public/oldImages/115588_Brunner_scoop_4802_4814_wave_3560_RGB_HD_XL.jpg.webp?itok=urKQ65sH
Finished download: https://live-brunner.pantheonsite.io/sites/default/files/styles/original_webp/public/oldImages/115588_Brunner_scoop_4802_4814_wave_3560_RGB_HD_XL.jpg.webp?itok=urKQ65sH -> scoop_Shell_chair_4813\image_27.jpg
Starting download with Playwright: https://live-brunner.pantheonsite.io/sites/default/files/styles/sm/public/oldImages/115590_Brunner_wave_light_3570_scoop_4804_banc_BC-H40_RGB_HD_XL.jpg.webp?itok=2QdIUHcf
Finished download: https://live-brunner.pantheonsite.io/sites/default/files/styles/sm/public/oldImages/115590_Brunner_wave_light_3570_scoop_4804_banc_BC-H40_RGB_HD_XL.jpg.webp?itok=2QdIUHcf -> scoop_Shell_chair_4813\image_28.jpg
Starting download with Playwright: https://live-brunner.pantheonsite.io/sites/default/files/styles/lg/public/oldImages/115590_Brunner_wave_light_3570_scoop_4804_banc_BC-H40_RGB_HD_XL.jpg.webp?itok=wJlwBf1g
Finished download: https://live-brunner.pantheonsite.io/sites/default/files/styles/lg/public/oldImages/115590_Brunner_wave_light_3570_scoop_4804_banc_BC-H40_RGB_HD_XL.jpg.webp?itok=wJlwBf1g -> scoop_Shell_chair_4813\image_29.jpg
Starting download with Playwright: https://live-brunner.pantheonsite.io/sites/default/files/styles/original_webp/public/oldImages/115590_Brunner_wave_light_3570_scoop_4804_banc_BC-H40_RGB_HD_XL.jpg.webp?itok=FtI5giZw
Finished download: https://live-brunner.pantheonsite.io/sites/default/files/styles/original_webp/public/oldImages/115590_Brunner_wave_light_3570_scoop_4804_banc_BC-H40_RGB_HD_XL.jpg.webp?itok=FtI5giZw -> scoop_Shell_chair_4813\image_30.jpg
Starting download with Playwright: https://live-brunner.pantheonsite.io/sites/default/files/styles/sm/public/oldImages/115482_Brunner_scoop_4819_03_HD_XL.jpg.webp?itok=qc_8OYoR
Finished download: https://live-brunner.pantheonsite.io/sites/default/files/styles/sm/public/oldImages/115482_Brunner_scoop_4819_03_HD_XL.jpg.webp?itok=qc_8OYoR -> scoop_Shell_chair_4813\image_31.jpg
Starting download with Playwright: https://live-brunner.pantheonsite.io/sites/default/files/styles/lg/public/oldImages/115482_Brunner_scoop_4819_03_HD_XL.jpg.webp?itok=3uutW2gW
Finished download: https://live-brunner.pantheonsite.io/sites/default/files/styles/lg/public/oldImages/115482_Brunner_scoop_4819_03_HD_XL.jpg.webp?itok=3uutW2gW -> scoop_Shell_chair_4813\image_32.jpg
Starting download with Playwright: https://live-brunner.pantheonsite.io/sites/default/files/styles/original_webp/public/oldImages/115482_Brunner_scoop_4819_03_HD_XL.jpg.webp?itok=a8Zivo5N
Finished download: https://live-brunner.pantheonsite.io/sites/default/files/styles/original_webp/public/oldImages/115482_Brunner_scoop_4819_03_HD_XL.jpg.webp?itok=a8Zivo5N -> scoop_Shell_chair_4813\image_33.jpg
Starting download with Playwright: https://live-brunner.pantheonsite.io/sites/default/files/styles/sm/public/oldImages/116111_Brunner_scoop_4813_wave_light_3570_3572_crona_steel_6340_HD_XL.jpg.webp?itok=SeYfqUk8
Finished download: https://live-brunner.pantheonsite.io/sites/default/files/styles/sm/public/oldImages/116111_Brunner_scoop_4813_wave_light_3570_3572_crona_steel_6340_HD_XL.jpg.webp?itok=SeYfqUk8 -> scoop_Shell_chair_4813\image_34.jpg
Starting download with Playwright: https://live-brunner.pantheonsite.io/sites/default/files/styles/lg/public/oldImages/116111_Brunner_scoop_4813_wave_light_3570_3572_crona_steel_6340_HD_XL.jpg.webp?itok=dBEEf_Zz
Finished download: https://live-brunner.pantheonsite.io/sites/default/files/styles/lg/public/oldImages/116111_Brunner_scoop_4813_wave_light_3570_3572_crona_steel_6340_HD_XL.jpg.webp?itok=dBEEf_Zz -> scoop_Shell_chair_4813\image_35.jpg
Starting download with Playwright: https://live-brunner.pantheonsite.io/sites/default/files/styles/original_webp/public/oldImages/116111_Brunner_scoop_4813_wave_light_3570_3572_crona_steel_6340_HD_XL.jpg.webp?itok=rxWXyQNb
Finished download: https://live-brunner.pantheonsite.io/sites/default/files/styles/original_webp/public/oldImages/116111_Brunner_scoop_4813_wave_light_3570_3572_crona_steel_6340_HD_XL.jpg.webp?itok=rxWXyQNb -> scoop_Shell_chair_4813\image_36.jpg
Starting download with Playwright: https://live-brunner.pantheonsite.io/sites/default/files/styles/sm/public/oldImages/115480_Brunner_scoop_4803_03_HD_XL.jpg.webp?itok=8ulyP1yH
Finished download: https://live-brunner.pantheonsite.io/sites/default/files/styles/sm/public/oldImages/115480_Brunner_scoop_4803_03_HD_XL.jpg.webp?itok=8ulyP1yH -> scoop_Shell_chair_4813\image_37.jpg
Starting download with Playwright: https://live-brunner.pantheonsite.io/sites/default/files/styles/lg/public/oldImages/115480_Brunner_scoop_4803_03_HD_XL.jpg.webp?itok=c2UPKFdp
Finished download: https://live-brunner.pantheonsite.io/sites/default/files/styles/lg/public/oldImages/115480_Brunner_scoop_4803_03_HD_XL.jpg.webp?itok=c2UPKFdp -> scoop_Shell_chair_4813\image_38.jpg
Starting download with Playwright: https://live-brunner.pantheonsite.io/sites/default/files/styles/original_webp/public/oldImages/115480_Brunner_scoop_4803_03_HD_XL.jpg.webp?itok=vop0Zw0x
Finished download: https://live-brunner.pantheonsite.io/sites/default/files/styles/original_webp/public/oldImages/115480_Brunner_scoop_4803_03_HD_XL.jpg.webp?itok=vop0Zw0x -> scoop_Shell_chair_4813\image_39.jpg
Starting download with Playwright: https://live-brunner.pantheonsite.io/sites/default/files/styles/sm/public/oldImages/115483_Brunner_scoop_Sitzpolster_4812_03_HD_XL.jpg.webp?itok=mVUHt4Ra
Finished download: https://live-brunner.pantheonsite.io/sites/default/files/styles/sm/public/oldImages/115483_Brunner_scoop_Sitzpolster_4812_03_HD_XL.jpg.webp?itok=mVUHt4Ra -> scoop_Shell_chair_4813\image_40.jpg
Starting download with Playwright: https://live-brunner.pantheonsite.io/sites/default/files/styles/lg/public/oldImages/115483_Brunner_scoop_Sitzpolster_4812_03_HD_XL.jpg.webp?itok=TZKLiW-s
Finished download: https://live-brunner.pantheonsite.io/sites/default/files/styles/lg/public/oldImages/115483_Brunner_scoop_Sitzpolster_4812_03_HD_XL.jpg.webp?itok=TZKLiW-s -> scoop_Shell_chair_4813\image_41.jpg
Starting download with Playwright: https://live-brunner.pantheonsite.io/sites/default/files/styles/original_webp/public/oldImages/115483_Brunner_scoop_Sitzpolster_4812_03_HD_XL.jpg.webp?itok=0nk2Um9G
Finished download: https://live-brunner.pantheonsite.io/sites/default/files/styles/original_webp/public/oldImages/115483_Brunner_scoop_Sitzpolster_4812_03_HD_XL.jpg.webp?itok=0nk2Um9G -> scoop_Shell_chair_4813\image_42.jpg
Completed image downloads for product scoop_Shell_chair_4813
Extracting features for product scoop_Shell_chair_4813...
Features saved for product scoop_Shell_chair_4813
Attempting to access Downloads tab for product scoop_Shell_chair_4813...
Starting download of PDF: https://live-brunner.pantheonsite.io/sites/default/files/oldPdfs/Produktdatenblaetter/Produktdatenblaetter_EN/Brunner_product_data_sheet_scoop_EN.pdf
Downloaded product_sheet.pdf for product scoop_Shell_chair_4813
Opening URL for product invite_Upholstered_chair_5924: https://brunner-group.com/en/products/invite-upholstered-chair/?variant=5924
Images detected on page for invite_Upholstered_chair_5924, scrolling to load them...
Successfully opened URL for product invite_Upholstered_chair_5924
Extracting images for product invite_Upholstered_chair_5924...
Found 36 images for product invite_Upholstered_chair_5924
Starting download with Playwright: https://live-brunner.pantheonsite.io/sites/default/files/styles/sm/public/oldImages/115753_Brunner_wave_3560_invite_5924_HD_XL.jpg.webp?itok=Nptb7vR4
Finished download: https://live-brunner.pantheonsite.io/sites/default/files/styles/sm/public/oldImages/115753_Brunner_wave_3560_invite_5924_HD_XL.jpg.webp?itok=Nptb7vR4 -> invite_Upholstered_chair_5924\image_1.jpg
Starting download with Playwright: https://live-brunner.pantheonsite.io/sites/default/files/styles/lg/public/oldImages/115753_Brunner_wave_3560_invite_5924_HD_XL.jpg.webp?itok=JFjxNdBU
Finished download: https://live-brunner.pantheonsite.io/sites/default/files/styles/lg/public/oldImages/115753_Brunner_wave_3560_invite_5924_HD_XL.jpg.webp?itok=JFjxNdBU -> invite_Upholstered_chair_5924\image_2.jpg
Starting download with Playwright: https://live-brunner.pantheonsite.io/sites/default/files/styles/original_webp/public/oldImages/115753_Brunner_wave_3560_invite_5924_HD_XL.jpg.webp?itok=JvcyXLrI
Finished download: https://live-brunner.pantheonsite.io/sites/default/files/styles/original_webp/public/oldImages/115753_Brunner_wave_3560_invite_5924_HD_XL.jpg.webp?itok=JvcyXLrI -> invite_Upholstered_chair_5924\image_3.jpg
Starting download with Playwright: https://live-brunner.pantheonsite.io/sites/default/files/styles/sm/public/oldImages/114739_Brunner_fina_club_6871_invite_5922_pads_sofa_1410_HD_XL.jpg.webp?itok=po5i0W3O
Finished download: https://live-brunner.pantheonsite.io/sites/default/files/styles/sm/public/oldImages/114739_Brunner_fina_club_6871_invite_5922_pads_sofa_1410_HD_XL.jpg.webp?itok=po5i0W3O -> invite_Upholstered_chair_5924\image_4.jpg
Starting download with Playwright: https://live-brunner.pantheonsite.io/sites/default/files/styles/lg/public/oldImages/114739_Brunner_fina_club_6871_invite_5922_pads_sofa_1410_HD_XL.jpg.webp?itok=ChhdMufI
Finished download: https://live-brunner.pantheonsite.io/sites/default/files/styles/lg/public/oldImages/114739_Brunner_fina_club_6871_invite_5922_pads_sofa_1410_HD_XL.jpg.webp?itok=ChhdMufI -> invite_Upholstered_chair_5924\image_5.jpg
Starting download with Playwright: https://live-brunner.pantheonsite.io/sites/default/files/styles/original_webp/public/oldImages/114739_Brunner_fina_club_6871_invite_5922_pads_sofa_1410_HD_XL.jpg.webp?itok=SdYsgWv9
Finished download: https://live-brunner.pantheonsite.io/sites/default/files/styles/original_webp/public/oldImages/114739_Brunner_fina_club_6871_invite_5922_pads_sofa_1410_HD_XL.jpg.webp?itok=SdYsgWv9 -> invite_Upholstered_chair_5924\image_6.jpg
Starting download with Playwright: https://live-brunner.pantheonsite.io/sites/default/files/styles/sm/public/oldImages/110941_Brunner_invite_5924_03_HD_XL.jpg.webp?itok=kP1bTK-E
Finished download: https://live-brunner.pantheonsite.io/sites/default/files/styles/sm/public/oldImages/110941_Brunner_invite_5924_03_HD_XL.jpg.webp?itok=kP1bTK-E -> invite_Upholstered_chair_5924\image_7.jpg
Starting download with Playwright: https://live-brunner.pantheonsite.io/sites/default/files/styles/lg/public/oldImages/110941_Brunner_invite_5924_03_HD_XL.jpg.webp?itok=OfY6IiQP
Finished download: https://live-brunner.pantheonsite.io/sites/default/files/styles/lg/public/oldImages/110941_Brunner_invite_5924_03_HD_XL.jpg.webp?itok=OfY6IiQP -> invite_Upholstered_chair_5924\image_8.jpg
Starting download with Playwright: https://live-brunner.pantheonsite.io/sites/default/files/styles/original_webp/public/oldImages/110941_Brunner_invite_5924_03_HD_XL.jpg.webp?itok=xgNyP-XO
Finished download: https://live-brunner.pantheonsite.io/sites/default/files/styles/original_webp/public/oldImages/110941_Brunner_invite_5924_03_HD_XL.jpg.webp?itok=xgNyP-XO -> invite_Upholstered_chair_5924\image_9.jpg
Starting download with Playwright: https://live-brunner.pantheonsite.io/sites/default/files/styles/sm/public/oldImages/110943_Brunner_invite_5922_Rueckansicht_03_HD_XL.jpg.webp?itok=Z83hneFT
Finished download: https://live-brunner.pantheonsite.io/sites/default/files/styles/sm/public/oldImages/110943_Brunner_invite_5922_Rueckansicht_03_HD_XL.jpg.webp?itok=Z83hneFT -> invite_Upholstered_chair_5924\image_10.jpg
Starting download with Playwright: https://live-brunner.pantheonsite.io/sites/default/files/styles/lg/public/oldImages/110943_Brunner_invite_5922_Rueckansicht_03_HD_XL.jpg.webp?itok=AFE8TlwW
Finished download: https://live-brunner.pantheonsite.io/sites/default/files/styles/lg/public/oldImages/110943_Brunner_invite_5922_Rueckansicht_03_HD_XL.jpg.webp?itok=AFE8TlwW -> invite_Upholstered_chair_5924\image_11.jpg
Starting download with Playwright: https://live-brunner.pantheonsite.io/sites/default/files/styles/original_webp/public/oldImages/110943_Brunner_invite_5922_Rueckansicht_03_HD_XL.jpg.webp?itok=OKS4WzJq
Finished download: https://live-brunner.pantheonsite.io/sites/default/files/styles/original_webp/public/oldImages/110943_Brunner_invite_5922_Rueckansicht_03_HD_XL.jpg.webp?itok=OKS4WzJq -> invite_Upholstered_chair_5924\image_12.jpg
Starting download with Playwright: https://live-brunner.pantheonsite.io/sites/default/files/styles/sm/public/oldImages/110697_Brunner_invite_5924_ray_table_9314_HD_XL.jpg.webp?itok=kA6bVqIv
Finished download: https://live-brunner.pantheonsite.io/sites/default/files/styles/sm/public/oldImages/110697_Brunner_invite_5924_ray_table_9314_HD_XL.jpg.webp?itok=kA6bVqIv -> invite_Upholstered_chair_5924\image_13.jpg
Starting download with Playwright: https://live-brunner.pantheonsite.io/sites/default/files/styles/lg/public/oldImages/110697_Brunner_invite_5924_ray_table_9314_HD_XL.jpg.webp?itok=cUL9VazD
Finished download: https://live-brunner.pantheonsite.io/sites/default/files/styles/lg/public/oldImages/110697_Brunner_invite_5924_ray_table_9314_HD_XL.jpg.webp?itok=cUL9VazD -> invite_Upholstered_chair_5924\image_14.jpg
Starting download with Playwright: https://live-brunner.pantheonsite.io/sites/default/files/styles/original_webp/public/oldImages/110697_Brunner_invite_5924_ray_table_9314_HD_XL.jpg.webp?itok=vMQXWrSk
Finished download: https://live-brunner.pantheonsite.io/sites/default/files/styles/original_webp/public/oldImages/110697_Brunner_invite_5924_ray_table_9314_HD_XL.jpg.webp?itok=vMQXWrSk -> invite_Upholstered_chair_5924\image_15.jpg
Starting download with Playwright: https://live-brunner.pantheonsite.io/sites/default/files/styles/sm/public/oldImages/115752_Brunner_wave_3560_invite_5924_Detail_HD_XL.jpg.webp?itok=Pmia7Mlw
Finished download: https://live-brunner.pantheonsite.io/sites/default/files/styles/sm/public/oldImages/115752_Brunner_wave_3560_invite_5924_Detail_HD_XL.jpg.webp?itok=Pmia7Mlw -> invite_Upholstered_chair_5924\image_16.jpg
Starting download with Playwright: https://live-brunner.pantheonsite.io/sites/default/files/styles/lg/public/oldImages/115752_Brunner_wave_3560_invite_5924_Detail_HD_XL.jpg.webp?itok=6DT1yC0r
Finished download: https://live-brunner.pantheonsite.io/sites/default/files/styles/lg/public/oldImages/115752_Brunner_wave_3560_invite_5924_Detail_HD_XL.jpg.webp?itok=6DT1yC0r -> invite_Upholstered_chair_5924\image_17.jpg
Starting download with Playwright: https://live-brunner.pantheonsite.io/sites/default/files/styles/original_webp/public/oldImages/115752_Brunner_wave_3560_invite_5924_Detail_HD_XL.jpg.webp?itok=28LBQ6lE
Finished download: https://live-brunner.pantheonsite.io/sites/default/files/styles/original_webp/public/oldImages/115752_Brunner_wave_3560_invite_5924_Detail_HD_XL.jpg.webp?itok=28LBQ6lE -> invite_Upholstered_chair_5924\image_18.jpg
Starting download with Playwright: https://live-brunner.pantheonsite.io/sites/default/files/styles/sm/public/oldImages/110695_Brunner_invite_5922_ray_table_9312_HD_XL.jpg.webp?itok=oBhIskZt
Finished download: https://live-brunner.pantheonsite.io/sites/default/files/styles/sm/public/oldImages/110695_Brunner_invite_5922_ray_table_9312_HD_XL.jpg.webp?itok=oBhIskZt -> invite_Upholstered_chair_5924\image_19.jpg
Starting download with Playwright: https://live-brunner.pantheonsite.io/sites/default/files/styles/lg/public/oldImages/110695_Brunner_invite_5922_ray_table_9312_HD_XL.jpg.webp?itok=XSch_MY3
Finished download: https://live-brunner.pantheonsite.io/sites/default/files/styles/lg/public/oldImages/110695_Brunner_invite_5922_ray_table_9312_HD_XL.jpg.webp?itok=XSch_MY3 -> invite_Upholstered_chair_5924\image_20.jpg
Starting download with Playwright: https://live-brunner.pantheonsite.io/sites/default/files/styles/original_webp/public/oldImages/110695_Brunner_invite_5922_ray_table_9312_HD_XL.jpg.webp?itok=IeW6zeGD
Finished download: https://live-brunner.pantheonsite.io/sites/default/files/styles/original_webp/public/oldImages/110695_Brunner_invite_5922_ray_table_9312_HD_XL.jpg.webp?itok=IeW6zeGD -> invite_Upholstered_chair_5924\image_21.jpg
Starting download with Playwright: https://live-brunner.pantheonsite.io/sites/default/files/styles/sm/public/oldImages/112750_Brunner_Thumbnail_Design_News_Snippets_invite_XL.jpg.webp?itok=nqk2nUx3
Finished download: https://live-brunner.pantheonsite.io/sites/default/files/styles/sm/public/oldImages/112750_Brunner_Thumbnail_Design_News_Snippets_invite_XL.jpg.webp?itok=nqk2nUx3 -> invite_Upholstered_chair_5924\image_22.jpg
Starting download with Playwright: https://live-brunner.pantheonsite.io/sites/default/files/styles/lg/public/oldImages/112750_Brunner_Thumbnail_Design_News_Snippets_invite_XL.jpg.webp?itok=b1jFMZRT
Finished download: https://live-brunner.pantheonsite.io/sites/default/files/styles/lg/public/oldImages/112750_Brunner_Thumbnail_Design_News_Snippets_invite_XL.jpg.webp?itok=b1jFMZRT -> invite_Upholstered_chair_5924\image_23.jpg
Starting download with Playwright: https://live-brunner.pantheonsite.io/sites/default/files/styles/original_webp/public/oldImages/112750_Brunner_Thumbnail_Design_News_Snippets_invite_XL.jpg.webp?itok=rpFyNFue
Finished download: https://live-brunner.pantheonsite.io/sites/default/files/styles/original_webp/public/oldImages/112750_Brunner_Thumbnail_Design_News_Snippets_invite_XL.jpg.webp?itok=rpFyNFue -> invite_Upholstered_chair_5924\image_24.jpg
Starting download with Playwright: https://live-brunner.pantheonsite.io/sites/default/files/styles/sm/public/oldImages/110942_Brunner_invite_5922_03_HD_XL.jpg.webp?itok=tJUJwxIA
Finished download: https://live-brunner.pantheonsite.io/sites/default/files/styles/sm/public/oldImages/110942_Brunner_invite_5922_03_HD_XL.jpg.webp?itok=tJUJwxIA -> invite_Upholstered_chair_5924\image_25.jpg
Starting download with Playwright: https://live-brunner.pantheonsite.io/sites/default/files/styles/lg/public/oldImages/110942_Brunner_invite_5922_03_HD_XL.jpg.webp?itok=QDbGq5py
Finished download: https://live-brunner.pantheonsite.io/sites/default/files/styles/lg/public/oldImages/110942_Brunner_invite_5922_03_HD_XL.jpg.webp?itok=QDbGq5py -> invite_Upholstered_chair_5924\image_26.jpg
Starting download with Playwright: https://live-brunner.pantheonsite.io/sites/default/files/styles/original_webp/public/oldImages/110942_Brunner_invite_5922_03_HD_XL.jpg.webp?itok=VS0csepm
Finished download: https://live-brunner.pantheonsite.io/sites/default/files/styles/original_webp/public/oldImages/110942_Brunner_invite_5922_03_HD_XL.jpg.webp?itok=VS0csepm -> invite_Upholstered_chair_5924\image_27.jpg
Starting download with Playwright: https://live-brunner.pantheonsite.io/sites/default/files/styles/sm/public/oldImages/110696_Brunner_invite_5924_HD_XL.jpg.webp?itok=sRGZL2NT
Finished download: https://live-brunner.pantheonsite.io/sites/default/files/styles/sm/public/oldImages/110696_Brunner_invite_5924_HD_XL.jpg.webp?itok=sRGZL2NT -> invite_Upholstered_chair_5924\image_28.jpg
Starting download with Playwright: https://live-brunner.pantheonsite.io/sites/default/files/styles/lg/public/oldImages/110696_Brunner_invite_5924_HD_XL.jpg.webp?itok=P9hzf_zg
Finished download: https://live-brunner.pantheonsite.io/sites/default/files/styles/lg/public/oldImages/110696_Brunner_invite_5924_HD_XL.jpg.webp?itok=P9hzf_zg -> invite_Upholstered_chair_5924\image_29.jpg
Starting download with Playwright: https://live-brunner.pantheonsite.io/sites/default/files/styles/original_webp/public/oldImages/110696_Brunner_invite_5924_HD_XL.jpg.webp?itok=-GobprZ2
Finished download: https://live-brunner.pantheonsite.io/sites/default/files/styles/original_webp/public/oldImages/110696_Brunner_invite_5924_HD_XL.jpg.webp?itok=-GobprZ2 -> invite_Upholstered_chair_5924\image_30.jpg
Starting download with Playwright: https://live-brunner.pantheonsite.io/sites/default/files/styles/sm/public/oldImages/114741_Brunner_fina_club_6871_invite_5922_hoc_9149_HD_XL.jpg.webp?itok=AtQPNGNM
Finished download: https://live-brunner.pantheonsite.io/sites/default/files/styles/sm/public/oldImages/114741_Brunner_fina_club_6871_invite_5922_hoc_9149_HD_XL.jpg.webp?itok=AtQPNGNM -> invite_Upholstered_chair_5924\image_31.jpg
Starting download with Playwright: https://live-brunner.pantheonsite.io/sites/default/files/styles/lg/public/oldImages/114741_Brunner_fina_club_6871_invite_5922_hoc_9149_HD_XL.jpg.webp?itok=ECl9_Qb3
Finished download: https://live-brunner.pantheonsite.io/sites/default/files/styles/lg/public/oldImages/114741_Brunner_fina_club_6871_invite_5922_hoc_9149_HD_XL.jpg.webp?itok=ECl9_Qb3 -> invite_Upholstered_chair_5924\image_32.jpg
Starting download with Playwright: https://live-brunner.pantheonsite.io/sites/default/files/styles/original_webp/public/oldImages/114741_Brunner_fina_club_6871_invite_5922_hoc_9149_HD_XL.jpg.webp?itok=vg1ijKGj
Finished download: https://live-brunner.pantheonsite.io/sites/default/files/styles/original_webp/public/oldImages/114741_Brunner_fina_club_6871_invite_5922_hoc_9149_HD_XL.jpg.webp?itok=vg1ijKGj -> invite_Upholstered_chair_5924\image_33.jpg
Starting download with Playwright: https://live-brunner.pantheonsite.io/sites/default/files/styles/sm/public/oldImages/114754_Brunner_Orgatec_2024_Messestand_033_HD_XL.jpg.webp?itok=DGOfwpa7
Finished download: https://live-brunner.pantheonsite.io/sites/default/files/styles/sm/public/oldImages/114754_Brunner_Orgatec_2024_Messestand_033_HD_XL.jpg.webp?itok=DGOfwpa7 -> invite_Upholstered_chair_5924\image_34.jpg
Starting download with Playwright: https://live-brunner.pantheonsite.io/sites/default/files/styles/lg/public/oldImages/114754_Brunner_Orgatec_2024_Messestand_033_HD_XL.jpg.webp?itok=spxk_tCX
Finished download: https://live-brunner.pantheonsite.io/sites/default/files/styles/lg/public/oldImages/114754_Brunner_Orgatec_2024_Messestand_033_HD_XL.jpg.webp?itok=spxk_tCX -> invite_Upholstered_chair_5924\image_35.jpg
Starting download with Playwright: https://live-brunner.pantheonsite.io/sites/default/files/styles/original_webp/public/oldImages/114754_Brunner_Orgatec_2024_Messestand_033_HD_XL.jpg.webp?itok=FL5dVi0y
Finished download: https://live-brunner.pantheonsite.io/sites/default/files/styles/original_webp/public/oldImages/114754_Brunner_Orgatec_2024_Messestand_033_HD_XL.jpg.webp?itok=FL5dVi0y -> invite_Upholstered_chair_5924\image_36.jpg
Completed image downloads for product invite_Upholstered_chair_5924
Extracting features for product invite_Upholstered_chair_5924...
Features saved for product invite_Upholstered_chair_5924
Attempting to access Downloads tab for product invite_Upholstered_chair_5924...
Starting download of PDF: https://live-brunner.pantheonsite.io/sites/default/files/oldPdfs/Produktdatenblaetter/Produktdatenblaetter_EN/Brunner_product_data_sheet_invite_EN.pdf
Downloaded product_sheet.pdf for product invite_Upholstered_chair_5924
Opening URL for product halm_Stacking_chair_3854: https://brunner-group.com/en/products/halm-stacking-chair/?variant=3854
Images detected on page for halm_Stacking_chair_3854, scrolling to load them...
Successfully opened URL for product halm_Stacking_chair_3854
Extracting images for product halm_Stacking_chair_3854...
Found 45 images for product halm_Stacking_chair_3854
Starting download with Playwright: https://live-brunner.pantheonsite.io/sites/default/files/styles/sm/public/oldImages/99213_Brunner_halm_3854A_ray_table_9312_HD_XL.jpg.webp?itok=VgHMJ_8W
Finished download: https://live-brunner.pantheonsite.io/sites/default/files/styles/sm/public/oldImages/99213_Brunner_halm_3854A_ray_table_9312_HD_XL.jpg.webp?itok=VgHMJ_8W -> halm_Stacking_chair_3854\image_1.jpg
Starting download with Playwright: https://live-brunner.pantheonsite.io/sites/default/files/styles/lg/public/oldImages/99213_Brunner_halm_3854A_ray_table_9312_HD_XL.jpg.webp?itok=hlcYlsHh
Finished download: https://live-brunner.pantheonsite.io/sites/default/files/styles/lg/public/oldImages/99213_Brunner_halm_3854A_ray_table_9312_HD_XL.jpg.webp?itok=hlcYlsHh -> halm_Stacking_chair_3854\image_2.jpg
Starting download with Playwright: https://live-brunner.pantheonsite.io/sites/default/files/styles/original_webp/public/oldImages/99213_Brunner_halm_3854A_ray_table_9312_HD_XL.jpg.webp?itok=lIcodrkY
Finished download: https://live-brunner.pantheonsite.io/sites/default/files/styles/original_webp/public/oldImages/99213_Brunner_halm_3854A_ray_table_9312_HD_XL.jpg.webp?itok=lIcodrkY -> halm_Stacking_chair_3854\image_3.jpg
Starting download with Playwright: https://live-brunner.pantheonsite.io/sites/default/files/styles/sm/public/oldImages/99209_Brunner_halm_3854A_Fotocredit_Andreas_Koerner_03_HD_XL.jpg.webp?itok=O-I7bTAU
Finished download: https://live-brunner.pantheonsite.io/sites/default/files/styles/sm/public/oldImages/99209_Brunner_halm_3854A_Fotocredit_Andreas_Koerner_03_HD_XL.jpg.webp?itok=O-I7bTAU -> halm_Stacking_chair_3854\image_4.jpg
Starting download with Playwright: https://live-brunner.pantheonsite.io/sites/default/files/styles/lg/public/oldImages/99209_Brunner_halm_3854A_Fotocredit_Andreas_Koerner_03_HD_XL.jpg.webp?itok=AZxCeSjN
Finished download: https://live-brunner.pantheonsite.io/sites/default/files/styles/lg/public/oldImages/99209_Brunner_halm_3854A_Fotocredit_Andreas_Koerner_03_HD_XL.jpg.webp?itok=AZxCeSjN -> halm_Stacking_chair_3854\image_5.jpg
Starting download with Playwright: https://live-brunner.pantheonsite.io/sites/default/files/styles/original_webp/public/oldImages/99209_Brunner_halm_3854A_Fotocredit_Andreas_Koerner_03_HD_XL.jpg.webp?itok=mzJoi6FY
Finished download: https://live-brunner.pantheonsite.io/sites/default/files/styles/original_webp/public/oldImages/99209_Brunner_halm_3854A_Fotocredit_Andreas_Koerner_03_HD_XL.jpg.webp?itok=mzJoi6FY -> halm_Stacking_chair_3854\image_6.jpg
Starting download with Playwright: https://live-brunner.pantheonsite.io/sites/default/files/styles/sm/public/oldImages/99208_Brunner_halm_3854_Freisteller-01_HD_XL.jpg.webp?itok=t6WSeTuu
Finished download: https://live-brunner.pantheonsite.io/sites/default/files/styles/sm/public/oldImages/99208_Brunner_halm_3854_Freisteller-01_HD_XL.jpg.webp?itok=t6WSeTuu -> halm_Stacking_chair_3854\image_7.jpg
Starting download with Playwright: https://live-brunner.pantheonsite.io/sites/default/files/styles/lg/public/oldImages/99208_Brunner_halm_3854_Freisteller-01_HD_XL.jpg.webp?itok=HgoC0rg3
Finished download: https://live-brunner.pantheonsite.io/sites/default/files/styles/lg/public/oldImages/99208_Brunner_halm_3854_Freisteller-01_HD_XL.jpg.webp?itok=HgoC0rg3 -> halm_Stacking_chair_3854\image_8.jpg
Starting download with Playwright: https://live-brunner.pantheonsite.io/sites/default/files/styles/original_webp/public/oldImages/99208_Brunner_halm_3854_Freisteller-01_HD_XL.jpg.webp?itok=lSDIIpfB
Finished download: https://live-brunner.pantheonsite.io/sites/default/files/styles/original_webp/public/oldImages/99208_Brunner_halm_3854_Freisteller-01_HD_XL.jpg.webp?itok=lSDIIpfB -> halm_Stacking_chair_3854\image_9.jpg
Starting download with Playwright: https://live-brunner.pantheonsite.io/sites/default/files/styles/sm/public/oldImages/99215_Brunner_halm_3854A_Fotocredit_Andreas_Koerner_04_HD_XL.jpg.webp?itok=vfTVkmIZ
Finished download: https://live-brunner.pantheonsite.io/sites/default/files/styles/sm/public/oldImages/99215_Brunner_halm_3854A_Fotocredit_Andreas_Koerner_04_HD_XL.jpg.webp?itok=vfTVkmIZ -> halm_Stacking_chair_3854\image_10.jpg
Starting download with Playwright: https://live-brunner.pantheonsite.io/sites/default/files/styles/lg/public/oldImages/99215_Brunner_halm_3854A_Fotocredit_Andreas_Koerner_04_HD_XL.jpg.webp?itok=CDJkywTx
Finished download: https://live-brunner.pantheonsite.io/sites/default/files/styles/lg/public/oldImages/99215_Brunner_halm_3854A_Fotocredit_Andreas_Koerner_04_HD_XL.jpg.webp?itok=CDJkywTx -> halm_Stacking_chair_3854\image_11.jpg
Starting download with Playwright: https://live-brunner.pantheonsite.io/sites/default/files/styles/original_webp/public/oldImages/99215_Brunner_halm_3854A_Fotocredit_Andreas_Koerner_04_HD_XL.jpg.webp?itok=e-U-N6Mw
Finished download: https://live-brunner.pantheonsite.io/sites/default/files/styles/original_webp/public/oldImages/99215_Brunner_halm_3854A_Fotocredit_Andreas_Koerner_04_HD_XL.jpg.webp?itok=e-U-N6Mw -> halm_Stacking_chair_3854\image_12.jpg
Starting download with Playwright: https://live-brunner.pantheonsite.io/sites/default/files/styles/sm/public/oldImages/99210_Brunner_halm_3854A_Fotocredit_Andreas_Koerner_02_HD_XL.jpg.webp?itok=tSfKabtL
Finished download: https://live-brunner.pantheonsite.io/sites/default/files/styles/sm/public/oldImages/99210_Brunner_halm_3854A_Fotocredit_Andreas_Koerner_02_HD_XL.jpg.webp?itok=tSfKabtL -> halm_Stacking_chair_3854\image_13.jpg
Starting download with Playwright: https://live-brunner.pantheonsite.io/sites/default/files/styles/lg/public/oldImages/99210_Brunner_halm_3854A_Fotocredit_Andreas_Koerner_02_HD_XL.jpg.webp?itok=G68EbiFU
Finished download: https://live-brunner.pantheonsite.io/sites/default/files/styles/lg/public/oldImages/99210_Brunner_halm_3854A_Fotocredit_Andreas_Koerner_02_HD_XL.jpg.webp?itok=G68EbiFU -> halm_Stacking_chair_3854\image_14.jpg
Starting download with Playwright: https://live-brunner.pantheonsite.io/sites/default/files/styles/original_webp/public/oldImages/99210_Brunner_halm_3854A_Fotocredit_Andreas_Koerner_02_HD_XL.jpg.webp?itok=ruR_54sQ
Finished download: https://live-brunner.pantheonsite.io/sites/default/files/styles/original_webp/public/oldImages/99210_Brunner_halm_3854A_Fotocredit_Andreas_Koerner_02_HD_XL.jpg.webp?itok=ruR_54sQ -> halm_Stacking_chair_3854\image_15.jpg
Starting download with Playwright: https://live-brunner.pantheonsite.io/sites/default/files/styles/sm/public/oldImages/99120_Brunner_halm_3854A_ray_table_9312_HD_XL.jpg.webp?itok=YLpjkJsP
Finished download: https://live-brunner.pantheonsite.io/sites/default/files/styles/sm/public/oldImages/99120_Brunner_halm_3854A_ray_table_9312_HD_XL.jpg.webp?itok=YLpjkJsP -> halm_Stacking_chair_3854\image_16.jpg
Starting download with Playwright: https://live-brunner.pantheonsite.io/sites/default/files/styles/lg/public/oldImages/99120_Brunner_halm_3854A_ray_table_9312_HD_XL.jpg.webp?itok=DkrecnQc
Finished download: https://live-brunner.pantheonsite.io/sites/default/files/styles/lg/public/oldImages/99120_Brunner_halm_3854A_ray_table_9312_HD_XL.jpg.webp?itok=DkrecnQc -> halm_Stacking_chair_3854\image_17.jpg
Starting download with Playwright: https://live-brunner.pantheonsite.io/sites/default/files/styles/original_webp/public/oldImages/99120_Brunner_halm_3854A_ray_table_9312_HD_XL.jpg.webp?itok=-4JTaYdh
Finished download: https://live-brunner.pantheonsite.io/sites/default/files/styles/original_webp/public/oldImages/99120_Brunner_halm_3854A_ray_table_9312_HD_XL.jpg.webp?itok=-4JTaYdh -> halm_Stacking_chair_3854\image_18.jpg
Starting download with Playwright: https://live-brunner.pantheonsite.io/sites/default/files/styles/sm/public/oldImages/97894_Brunner_break_3962_halm_3854A_HD_XL.jpg.webp?itok=of3__NII
Finished download: https://live-brunner.pantheonsite.io/sites/default/files/styles/sm/public/oldImages/97894_Brunner_break_3962_halm_3854A_HD_XL.jpg.webp?itok=of3__NII -> halm_Stacking_chair_3854\image_19.jpg
Starting download with Playwright: https://live-brunner.pantheonsite.io/sites/default/files/styles/lg/public/oldImages/97894_Brunner_break_3962_halm_3854A_HD_XL.jpg.webp?itok=5YKX2a9L
Finished download: https://live-brunner.pantheonsite.io/sites/default/files/styles/lg/public/oldImages/97894_Brunner_break_3962_halm_3854A_HD_XL.jpg.webp?itok=5YKX2a9L -> halm_Stacking_chair_3854\image_20.jpg
Starting download with Playwright: https://live-brunner.pantheonsite.io/sites/default/files/styles/original_webp/public/oldImages/97894_Brunner_break_3962_halm_3854A_HD_XL.jpg.webp?itok=wrSbxXtS
Finished download: https://live-brunner.pantheonsite.io/sites/default/files/styles/original_webp/public/oldImages/97894_Brunner_break_3962_halm_3854A_HD_XL.jpg.webp?itok=wrSbxXtS -> halm_Stacking_chair_3854\image_21.jpg
Starting download with Playwright: https://live-brunner.pantheonsite.io/sites/default/files/styles/sm/public/oldImages/99212_Brunner_halm_3852_3854A_Gruppe_HD_XL.jpg.webp?itok=tlyeT9vH
Finished download: https://live-brunner.pantheonsite.io/sites/default/files/styles/sm/public/oldImages/99212_Brunner_halm_3852_3854A_Gruppe_HD_XL.jpg.webp?itok=tlyeT9vH -> halm_Stacking_chair_3854\image_22.jpg
Starting download with Playwright: https://live-brunner.pantheonsite.io/sites/default/files/styles/lg/public/oldImages/99212_Brunner_halm_3852_3854A_Gruppe_HD_XL.jpg.webp?itok=chGV6hD-
Finished download: https://live-brunner.pantheonsite.io/sites/default/files/styles/lg/public/oldImages/99212_Brunner_halm_3852_3854A_Gruppe_HD_XL.jpg.webp?itok=chGV6hD- -> halm_Stacking_chair_3854\image_23.jpg
Starting download with Playwright: https://live-brunner.pantheonsite.io/sites/default/files/styles/original_webp/public/oldImages/99212_Brunner_halm_3852_3854A_Gruppe_HD_XL.jpg.webp?itok=fmdI07zK
Finished download: https://live-brunner.pantheonsite.io/sites/default/files/styles/original_webp/public/oldImages/99212_Brunner_halm_3852_3854A_Gruppe_HD_XL.jpg.webp?itok=fmdI07zK -> halm_Stacking_chair_3854\image_24.jpg
Starting download with Playwright: https://live-brunner.pantheonsite.io/sites/default/files/styles/sm/public/oldImages/99116_Brunner_halm_3852_3854A_Seite_HD_XL.jpg.webp?itok=KaAmgC9R
Finished download: https://live-brunner.pantheonsite.io/sites/default/files/styles/sm/public/oldImages/99116_Brunner_halm_3852_3854A_Seite_HD_XL.jpg.webp?itok=KaAmgC9R -> halm_Stacking_chair_3854\image_25.jpg
Starting download with Playwright: https://live-brunner.pantheonsite.io/sites/default/files/styles/lg/public/oldImages/99116_Brunner_halm_3852_3854A_Seite_HD_XL.jpg.webp?itok=MitKYEk1
Finished download: https://live-brunner.pantheonsite.io/sites/default/files/styles/lg/public/oldImages/99116_Brunner_halm_3852_3854A_Seite_HD_XL.jpg.webp?itok=MitKYEk1 -> halm_Stacking_chair_3854\image_26.jpg
Starting download with Playwright: https://live-brunner.pantheonsite.io/sites/default/files/styles/original_webp/public/oldImages/99116_Brunner_halm_3852_3854A_Seite_HD_XL.jpg.webp?itok=S9kcCath
Finished download: https://live-brunner.pantheonsite.io/sites/default/files/styles/original_webp/public/oldImages/99116_Brunner_halm_3852_3854A_Seite_HD_XL.jpg.webp?itok=S9kcCath -> halm_Stacking_chair_3854\image_27.jpg
Starting download with Playwright: https://live-brunner.pantheonsite.io/sites/default/files/styles/sm/public/oldImages/99211_Brunner_halm_3852_3854A_Fotocredit_Andreas_Koerner_01_HD_XL.jpg.webp?itok=ExNQf0C4
Finished download: https://live-brunner.pantheonsite.io/sites/default/files/styles/sm/public/oldImages/99211_Brunner_halm_3852_3854A_Fotocredit_Andreas_Koerner_01_HD_XL.jpg.webp?itok=ExNQf0C4 -> halm_Stacking_chair_3854\image_28.jpg
Starting download with Playwright: https://live-brunner.pantheonsite.io/sites/default/files/styles/lg/public/oldImages/99211_Brunner_halm_3852_3854A_Fotocredit_Andreas_Koerner_01_HD_XL.jpg.webp?itok=rEmJh-Tf
Finished download: https://live-brunner.pantheonsite.io/sites/default/files/styles/lg/public/oldImages/99211_Brunner_halm_3852_3854A_Fotocredit_Andreas_Koerner_01_HD_XL.jpg.webp?itok=rEmJh-Tf -> halm_Stacking_chair_3854\image_29.jpg
Starting download with Playwright: https://live-brunner.pantheonsite.io/sites/default/files/styles/original_webp/public/oldImages/99211_Brunner_halm_3852_3854A_Fotocredit_Andreas_Koerner_01_HD_XL.jpg.webp?itok=Ohyg6o0y
Finished download: https://live-brunner.pantheonsite.io/sites/default/files/styles/original_webp/public/oldImages/99211_Brunner_halm_3852_3854A_Fotocredit_Andreas_Koerner_01_HD_XL.jpg.webp?itok=Ohyg6o0y -> halm_Stacking_chair_3854\image_30.jpg
Starting download with Playwright: https://live-brunner.pantheonsite.io/sites/default/files/styles/sm/public/oldImages/99118_Brunner_halm_3854A_break_3962_HD_XL.jpg.webp?itok=Q-jwP2Dk
Finished download: https://live-brunner.pantheonsite.io/sites/default/files/styles/sm/public/oldImages/99118_Brunner_halm_3854A_break_3962_HD_XL.jpg.webp?itok=Q-jwP2Dk -> halm_Stacking_chair_3854\image_31.jpg
Starting download with Playwright: https://live-brunner.pantheonsite.io/sites/default/files/styles/lg/public/oldImages/99118_Brunner_halm_3854A_break_3962_HD_XL.jpg.webp?itok=d2-Jzz1M
Finished download: https://live-brunner.pantheonsite.io/sites/default/files/styles/lg/public/oldImages/99118_Brunner_halm_3854A_break_3962_HD_XL.jpg.webp?itok=d2-Jzz1M -> halm_Stacking_chair_3854\image_32.jpg
Starting download with Playwright: https://live-brunner.pantheonsite.io/sites/default/files/styles/original_webp/public/oldImages/99118_Brunner_halm_3854A_break_3962_HD_XL.jpg.webp?itok=AEEfSst7
Finished download: https://live-brunner.pantheonsite.io/sites/default/files/styles/original_webp/public/oldImages/99118_Brunner_halm_3854A_break_3962_HD_XL.jpg.webp?itok=AEEfSst7 -> halm_Stacking_chair_3854\image_33.jpg
Starting download with Playwright: https://live-brunner.pantheonsite.io/sites/default/files/styles/sm/public/oldImages/99121_Brunner_Future_Works_Cafeteria_Einzel_02_HD_XL.jpg.webp?itok=exQlGQJo
Finished download: https://live-brunner.pantheonsite.io/sites/default/files/styles/sm/public/oldImages/99121_Brunner_Future_Works_Cafeteria_Einzel_02_HD_XL.jpg.webp?itok=exQlGQJo -> halm_Stacking_chair_3854\image_34.jpg
Starting download with Playwright: https://live-brunner.pantheonsite.io/sites/default/files/styles/lg/public/oldImages/99121_Brunner_Future_Works_Cafeteria_Einzel_02_HD_XL.jpg.webp?itok=0PinzXsS
Finished download: https://live-brunner.pantheonsite.io/sites/default/files/styles/lg/public/oldImages/99121_Brunner_Future_Works_Cafeteria_Einzel_02_HD_XL.jpg.webp?itok=0PinzXsS -> halm_Stacking_chair_3854\image_35.jpg
Starting download with Playwright: https://live-brunner.pantheonsite.io/sites/default/files/styles/original_webp/public/oldImages/99121_Brunner_Future_Works_Cafeteria_Einzel_02_HD_XL.jpg.webp?itok=DAff4UJr
Finished download: https://live-brunner.pantheonsite.io/sites/default/files/styles/original_webp/public/oldImages/99121_Brunner_Future_Works_Cafeteria_Einzel_02_HD_XL.jpg.webp?itok=DAff4UJr -> halm_Stacking_chair_3854\image_36.jpg
Starting download with Playwright: https://live-brunner.pantheonsite.io/sites/default/files/styles/sm/public/oldImages/99207_Brunner_halm_3854A_Freisteller-02_HD_XL.jpg.webp?itok=EhDq1Bxp
Finished download: https://live-brunner.pantheonsite.io/sites/default/files/styles/sm/public/oldImages/99207_Brunner_halm_3854A_Freisteller-02_HD_XL.jpg.webp?itok=EhDq1Bxp -> halm_Stacking_chair_3854\image_37.jpg
Starting download with Playwright: https://live-brunner.pantheonsite.io/sites/default/files/styles/lg/public/oldImages/99207_Brunner_halm_3854A_Freisteller-02_HD_XL.jpg.webp?itok=lujFH28A
Finished download: https://live-brunner.pantheonsite.io/sites/default/files/styles/lg/public/oldImages/99207_Brunner_halm_3854A_Freisteller-02_HD_XL.jpg.webp?itok=lujFH28A -> halm_Stacking_chair_3854\image_38.jpg
Starting download with Playwright: https://live-brunner.pantheonsite.io/sites/default/files/styles/original_webp/public/oldImages/99207_Brunner_halm_3854A_Freisteller-02_HD_XL.jpg.webp?itok=i_GW0K3t
Finished download: https://live-brunner.pantheonsite.io/sites/default/files/styles/original_webp/public/oldImages/99207_Brunner_halm_3854A_Freisteller-02_HD_XL.jpg.webp?itok=i_GW0K3t -> halm_Stacking_chair_3854\image_39.jpg
Starting download with Playwright: https://live-brunner.pantheonsite.io/sites/default/files/styles/sm/public/oldImages/99214_Brunner_halm_3854A_Fotocredit_Andreas_Koerner_05_HD_XL.jpg.webp?itok=Ved7Tw_H
Finished download: https://live-brunner.pantheonsite.io/sites/default/files/styles/sm/public/oldImages/99214_Brunner_halm_3854A_Fotocredit_Andreas_Koerner_05_HD_XL.jpg.webp?itok=Ved7Tw_H -> halm_Stacking_chair_3854\image_40.jpg
Starting download with Playwright: https://live-brunner.pantheonsite.io/sites/default/files/styles/lg/public/oldImages/99214_Brunner_halm_3854A_Fotocredit_Andreas_Koerner_05_HD_XL.jpg.webp?itok=_vcbrLRU
Finished download: https://live-brunner.pantheonsite.io/sites/default/files/styles/lg/public/oldImages/99214_Brunner_halm_3854A_Fotocredit_Andreas_Koerner_05_HD_XL.jpg.webp?itok=_vcbrLRU -> halm_Stacking_chair_3854\image_41.jpg
Starting download with Playwright: https://live-brunner.pantheonsite.io/sites/default/files/styles/original_webp/public/oldImages/99214_Brunner_halm_3854A_Fotocredit_Andreas_Koerner_05_HD_XL.jpg.webp?itok=-D329JkH
Finished download: https://live-brunner.pantheonsite.io/sites/default/files/styles/original_webp/public/oldImages/99214_Brunner_halm_3854A_Fotocredit_Andreas_Koerner_05_HD_XL.jpg.webp?itok=-D329JkH -> halm_Stacking_chair_3854\image_42.jpg
Starting download with Playwright: https://live-brunner.pantheonsite.io/sites/default/files/styles/sm/public/oldImages/99117_Brunner_halm_3852_Uph_Back_Seat_HD_XL.jpg.webp?itok=K2JMhoK8
Finished download: https://live-brunner.pantheonsite.io/sites/default/files/styles/sm/public/oldImages/99117_Brunner_halm_3852_Uph_Back_Seat_HD_XL.jpg.webp?itok=K2JMhoK8 -> halm_Stacking_chair_3854\image_43.jpg
Starting download with Playwright: https://live-brunner.pantheonsite.io/sites/default/files/styles/lg/public/oldImages/99117_Brunner_halm_3852_Uph_Back_Seat_HD_XL.jpg.webp?itok=Upv6f1GR
Finished download: https://live-brunner.pantheonsite.io/sites/default/files/styles/lg/public/oldImages/99117_Brunner_halm_3852_Uph_Back_Seat_HD_XL.jpg.webp?itok=Upv6f1GR -> halm_Stacking_chair_3854\image_44.jpg
Starting download with Playwright: https://live-brunner.pantheonsite.io/sites/default/files/styles/original_webp/public/oldImages/99117_Brunner_halm_3852_Uph_Back_Seat_HD_XL.jpg.webp?itok=-RoUr0s5
Finished download: https://live-brunner.pantheonsite.io/sites/default/files/styles/original_webp/public/oldImages/99117_Brunner_halm_3852_Uph_Back_Seat_HD_XL.jpg.webp?itok=-RoUr0s5 -> halm_Stacking_chair_3854\image_45.jpg
Completed image downloads for product halm_Stacking_chair_3854
Extracting features for product halm_Stacking_chair_3854...
Features saved for product halm_Stacking_chair_3854
Attempting to access Downloads tab for product halm_Stacking_chair_3854...
Starting download of PDF: https://live-brunner.pantheonsite.io/sites/default/files/oldPdfs/Produktdatenblaetter/Produktdatenblaetter_EN/halm_Brunner_Produktdatenblatt_EN.pdf
Downloaded product_sheet.pdf for product halm_Stacking_chair_3854
Opening URL for product hero_plus_Stacking_chair_4613: https://brunner-group.com/en/products/hero-plus-stacking-chair-1/?variant=4613
Images detected on page for hero_plus_Stacking_chair_4613, scrolling to load them...
Successfully opened URL for product hero_plus_Stacking_chair_4613
Extracting images for product hero_plus_Stacking_chair_4613...
Found 24 images for product hero_plus_Stacking_chair_4613
Starting download with Playwright: https://live-brunner.pantheonsite.io/sites/default/files/styles/sm/public/oldImages/112900_Brunner_hero_plus_4623A_basic_V_2940_CMYK_HD_XL.jpg.webp?itok=HqFCjdHx
Finished download: https://live-brunner.pantheonsite.io/sites/default/files/styles/sm/public/oldImages/112900_Brunner_hero_plus_4623A_basic_V_2940_CMYK_HD_XL.jpg.webp?itok=HqFCjdHx -> hero_plus_Stacking_chair_4613\image_1.jpg
Starting download with Playwright: https://live-brunner.pantheonsite.io/sites/default/files/styles/lg/public/oldImages/112900_Brunner_hero_plus_4623A_basic_V_2940_CMYK_HD_XL.jpg.webp?itok=ag9l1dKV
Finished download: https://live-brunner.pantheonsite.io/sites/default/files/styles/lg/public/oldImages/112900_Brunner_hero_plus_4623A_basic_V_2940_CMYK_HD_XL.jpg.webp?itok=ag9l1dKV -> hero_plus_Stacking_chair_4613\image_2.jpg
Starting download with Playwright: https://live-brunner.pantheonsite.io/sites/default/files/styles/original_webp/public/oldImages/112900_Brunner_hero_plus_4623A_basic_V_2940_CMYK_HD_XL.jpg.webp?itok=62HBD9XV
Finished download: https://live-brunner.pantheonsite.io/sites/default/files/styles/original_webp/public/oldImages/112900_Brunner_hero_plus_4623A_basic_V_2940_CMYK_HD_XL.jpg.webp?itok=62HBD9XV -> hero_plus_Stacking_chair_4613\image_3.jpg
Starting download with Playwright: https://live-brunner.pantheonsite.io/sites/default/files/styles/sm/public/oldImages/112904_Brunner_hero_plus_4603A_Eiche_Lava_grau_mit_Schatten_RGB_HD_XL.jpg.webp?itok=AgZ66Cef
Finished download: https://live-brunner.pantheonsite.io/sites/default/files/styles/sm/public/oldImages/112904_Brunner_hero_plus_4603A_Eiche_Lava_grau_mit_Schatten_RGB_HD_XL.jpg.webp?itok=AgZ66Cef -> hero_plus_Stacking_chair_4613\image_4.jpg
Starting download with Playwright: https://live-brunner.pantheonsite.io/sites/default/files/styles/lg/public/oldImages/112904_Brunner_hero_plus_4603A_Eiche_Lava_grau_mit_Schatten_RGB_HD_XL.jpg.webp?itok=sTLaGC2T
Finished download: https://live-brunner.pantheonsite.io/sites/default/files/styles/lg/public/oldImages/112904_Brunner_hero_plus_4603A_Eiche_Lava_grau_mit_Schatten_RGB_HD_XL.jpg.webp?itok=sTLaGC2T -> hero_plus_Stacking_chair_4613\image_5.jpg
Starting download with Playwright: https://live-brunner.pantheonsite.io/sites/default/files/styles/original_webp/public/oldImages/112904_Brunner_hero_plus_4603A_Eiche_Lava_grau_mit_Schatten_RGB_HD_XL.jpg.webp?itok=f3_loO8f
Finished download: https://live-brunner.pantheonsite.io/sites/default/files/styles/original_webp/public/oldImages/112904_Brunner_hero_plus_4603A_Eiche_Lava_grau_mit_Schatten_RGB_HD_XL.jpg.webp?itok=f3_loO8f -> hero_plus_Stacking_chair_4613\image_6.jpg
Starting download with Playwright: https://live-brunner.pantheonsite.io/sites/default/files/styles/sm/public/oldImages/112905_Brunner_hero_plus_4613A_Eiche_Lava_Remix2-123_Chrome_grau_mit_Schatten_RGB_HD_XL.jpg.webp?itok=ZjtDh3sg
Finished download: https://live-brunner.pantheonsite.io/sites/default/files/styles/sm/public/oldImages/112905_Brunner_hero_plus_4613A_Eiche_Lava_Remix2-123_Chrome_grau_mit_Schatten_RGB_HD_XL.jpg.webp?itok=ZjtDh3sg -> hero_plus_Stacking_chair_4613\image_7.jpg
Starting download with Playwright: https://live-brunner.pantheonsite.io/sites/default/files/styles/lg/public/oldImages/112905_Brunner_hero_plus_4613A_Eiche_Lava_Remix2-123_Chrome_grau_mit_Schatten_RGB_HD_XL.jpg.webp?itok=F7zOSWzL
Finished download: https://live-brunner.pantheonsite.io/sites/default/files/styles/lg/public/oldImages/112905_Brunner_hero_plus_4613A_Eiche_Lava_Remix2-123_Chrome_grau_mit_Schatten_RGB_HD_XL.jpg.webp?itok=F7zOSWzL -> hero_plus_Stacking_chair_4613\image_8.jpg
Starting download with Playwright: https://live-brunner.pantheonsite.io/sites/default/files/styles/original_webp/public/oldImages/112905_Brunner_hero_plus_4613A_Eiche_Lava_Remix2-123_Chrome_grau_mit_Schatten_RGB_HD_XL.jpg.webp?itok=WRNDpP_A
Finished download: https://live-brunner.pantheonsite.io/sites/default/files/styles/original_webp/public/oldImages/112905_Brunner_hero_plus_4613A_Eiche_Lava_Remix2-123_Chrome_grau_mit_Schatten_RGB_HD_XL.jpg.webp?itok=WRNDpP_A -> hero_plus_Stacking_chair_4613\image_9.jpg
Starting download with Playwright: https://live-brunner.pantheonsite.io/sites/default/files/styles/sm/public/oldImages/112901_Brunner_hero_plus_4623A_Remix2-173_chrome_grauerHintergrund_HD_XL.jpg.webp?itok=wBUS4U09
Finished download: https://live-brunner.pantheonsite.io/sites/default/files/styles/sm/public/oldImages/112901_Brunner_hero_plus_4623A_Remix2-173_chrome_grauerHintergrund_HD_XL.jpg.webp?itok=wBUS4U09 -> hero_plus_Stacking_chair_4613\image_10.jpg
Starting download with Playwright: https://live-brunner.pantheonsite.io/sites/default/files/styles/lg/public/oldImages/112901_Brunner_hero_plus_4623A_Remix2-173_chrome_grauerHintergrund_HD_XL.jpg.webp?itok=HbHb-tRU
Finished download: https://live-brunner.pantheonsite.io/sites/default/files/styles/lg/public/oldImages/112901_Brunner_hero_plus_4623A_Remix2-173_chrome_grauerHintergrund_HD_XL.jpg.webp?itok=HbHb-tRU -> hero_plus_Stacking_chair_4613\image_11.jpg
Starting download with Playwright: https://live-brunner.pantheonsite.io/sites/default/files/styles/original_webp/public/oldImages/112901_Brunner_hero_plus_4623A_Remix2-173_chrome_grauerHintergrund_HD_XL.jpg.webp?itok=f5nCLE6w
Finished download: https://live-brunner.pantheonsite.io/sites/default/files/styles/original_webp/public/oldImages/112901_Brunner_hero_plus_4623A_Remix2-173_chrome_grauerHintergrund_HD_XL.jpg.webp?itok=f5nCLE6w -> hero_plus_Stacking_chair_4613\image_12.jpg
Starting download with Playwright: https://live-brunner.pantheonsite.io/sites/default/files/styles/sm/public/oldImages/112903_Brunner_hero_plus_4603_Eiche_Chrome_grau_mit_Schatten_RGB_HD_XL.jpg.webp?itok=s-UwyLV9
Finished download: https://live-brunner.pantheonsite.io/sites/default/files/styles/sm/public/oldImages/112903_Brunner_hero_plus_4603_Eiche_Chrome_grau_mit_Schatten_RGB_HD_XL.jpg.webp?itok=s-UwyLV9 -> hero_plus_Stacking_chair_4613\image_13.jpg
Starting download with Playwright: https://live-brunner.pantheonsite.io/sites/default/files/styles/lg/public/oldImages/112903_Brunner_hero_plus_4603_Eiche_Chrome_grau_mit_Schatten_RGB_HD_XL.jpg.webp?itok=SAUziEu7
Finished download: https://live-brunner.pantheonsite.io/sites/default/files/styles/lg/public/oldImages/112903_Brunner_hero_plus_4603_Eiche_Chrome_grau_mit_Schatten_RGB_HD_XL.jpg.webp?itok=SAUziEu7 -> hero_plus_Stacking_chair_4613\image_14.jpg
Starting download with Playwright: https://live-brunner.pantheonsite.io/sites/default/files/styles/original_webp/public/oldImages/112903_Brunner_hero_plus_4603_Eiche_Chrome_grau_mit_Schatten_RGB_HD_XL.jpg.webp?itok=UIiMOZwm
Finished download: https://live-brunner.pantheonsite.io/sites/default/files/styles/original_webp/public/oldImages/112903_Brunner_hero_plus_4603_Eiche_Chrome_grau_mit_Schatten_RGB_HD_XL.jpg.webp?itok=UIiMOZwm -> hero_plus_Stacking_chair_4613\image_15.jpg
Starting download with Playwright: https://live-brunner.pantheonsite.io/sites/default/files/styles/sm/public/oldImages/112906_Brunner_hero_plus_4613_Eiche_Lava_Remix2-123_grau_mit_Schatten_RGB_HD_XL.jpg.webp?itok=HoltRrz3
Finished download: https://live-brunner.pantheonsite.io/sites/default/files/styles/sm/public/oldImages/112906_Brunner_hero_plus_4613_Eiche_Lava_Remix2-123_grau_mit_Schatten_RGB_HD_XL.jpg.webp?itok=HoltRrz3 -> hero_plus_Stacking_chair_4613\image_16.jpg
Starting download with Playwright: https://live-brunner.pantheonsite.io/sites/default/files/styles/lg/public/oldImages/112906_Brunner_hero_plus_4613_Eiche_Lava_Remix2-123_grau_mit_Schatten_RGB_HD_XL.jpg.webp?itok=MauEIKhf
Finished download: https://live-brunner.pantheonsite.io/sites/default/files/styles/lg/public/oldImages/112906_Brunner_hero_plus_4613_Eiche_Lava_Remix2-123_grau_mit_Schatten_RGB_HD_XL.jpg.webp?itok=MauEIKhf -> hero_plus_Stacking_chair_4613\image_17.jpg
Starting download with Playwright: https://live-brunner.pantheonsite.io/sites/default/files/styles/original_webp/public/oldImages/112906_Brunner_hero_plus_4613_Eiche_Lava_Remix2-123_grau_mit_Schatten_RGB_HD_XL.jpg.webp?itok=18a5DV1x
Finished download: https://live-brunner.pantheonsite.io/sites/default/files/styles/original_webp/public/oldImages/112906_Brunner_hero_plus_4613_Eiche_Lava_Remix2-123_grau_mit_Schatten_RGB_HD_XL.jpg.webp?itok=18a5DV1x -> hero_plus_Stacking_chair_4613\image_18.jpg
Starting download with Playwright: https://live-brunner.pantheonsite.io/sites/default/files/styles/sm/public/oldImages/112899_Brunner_hero_plus_4623_Remix2-143_Lava_grau_mit_Schatten_RGB_HD_XL.jpg.webp?itok=4r50Ihc2
Finished download: https://live-brunner.pantheonsite.io/sites/default/files/styles/sm/public/oldImages/112899_Brunner_hero_plus_4623_Remix2-143_Lava_grau_mit_Schatten_RGB_HD_XL.jpg.webp?itok=4r50Ihc2 -> hero_plus_Stacking_chair_4613\image_19.jpg
Starting download with Playwright: https://live-brunner.pantheonsite.io/sites/default/files/styles/lg/public/oldImages/112899_Brunner_hero_plus_4623_Remix2-143_Lava_grau_mit_Schatten_RGB_HD_XL.jpg.webp?itok=tih5iaZz
Finished download: https://live-brunner.pantheonsite.io/sites/default/files/styles/lg/public/oldImages/112899_Brunner_hero_plus_4623_Remix2-143_Lava_grau_mit_Schatten_RGB_HD_XL.jpg.webp?itok=tih5iaZz -> hero_plus_Stacking_chair_4613\image_20.jpg
Starting download with Playwright: https://live-brunner.pantheonsite.io/sites/default/files/styles/original_webp/public/oldImages/112899_Brunner_hero_plus_4623_Remix2-143_Lava_grau_mit_Schatten_RGB_HD_XL.jpg.webp?itok=vzaqmOiK
Finished download: https://live-brunner.pantheonsite.io/sites/default/files/styles/original_webp/public/oldImages/112899_Brunner_hero_plus_4623_Remix2-143_Lava_grau_mit_Schatten_RGB_HD_XL.jpg.webp?itok=vzaqmOiK -> hero_plus_Stacking_chair_4613\image_21.jpg
Starting download with Playwright: https://live-brunner.pantheonsite.io/sites/default/files/styles/sm/public/oldImages/112902_Brunner_hero_plus_4623A_Stapel-10_Remix143_Chrome_grau_mit_Schatten_RGB_HD_XL.jpg.webp?itok=9f_2P03j
Finished download: https://live-brunner.pantheonsite.io/sites/default/files/styles/sm/public/oldImages/112902_Brunner_hero_plus_4623A_Stapel-10_Remix143_Chrome_grau_mit_Schatten_RGB_HD_XL.jpg.webp?itok=9f_2P03j -> hero_plus_Stacking_chair_4613\image_22.jpg
Starting download with Playwright: https://live-brunner.pantheonsite.io/sites/default/files/styles/lg/public/oldImages/112902_Brunner_hero_plus_4623A_Stapel-10_Remix143_Chrome_grau_mit_Schatten_RGB_HD_XL.jpg.webp?itok=U1ND52Wo
Finished download: https://live-brunner.pantheonsite.io/sites/default/files/styles/lg/public/oldImages/112902_Brunner_hero_plus_4623A_Stapel-10_Remix143_Chrome_grau_mit_Schatten_RGB_HD_XL.jpg.webp?itok=U1ND52Wo -> hero_plus_Stacking_chair_4613\image_23.jpg
Starting download with Playwright: https://live-brunner.pantheonsite.io/sites/default/files/styles/original_webp/public/oldImages/112902_Brunner_hero_plus_4623A_Stapel-10_Remix143_Chrome_grau_mit_Schatten_RGB_HD_XL.jpg.webp?itok=J3QnHWtA
Finished download: https://live-brunner.pantheonsite.io/sites/default/files/styles/original_webp/public/oldImages/112902_Brunner_hero_plus_4623A_Stapel-10_Remix143_Chrome_grau_mit_Schatten_RGB_HD_XL.jpg.webp?itok=J3QnHWtA -> hero_plus_Stacking_chair_4613\image_24.jpg
Completed image downloads for product hero_plus_Stacking_chair_4613
Extracting features for product hero_plus_Stacking_chair_4613...
Features saved for product hero_plus_Stacking_chair_4613
Attempting to access Downloads tab for product hero_plus_Stacking_chair_4613...
Starting download of PDF: https://live-brunner.pantheonsite.io/sites/default/files/oldPdfs/Produktdatenblaetter/Produktdatenblaetter_EN/Brunner_product_data_sheet_hero_plus_EN.pdf
Downloaded product_sheet.pdf for product hero_plus_Stacking_chair_4613
Opening URL for product hero_plus_flex_Stacking_chair_4607: https://brunner-group.com/en/products/hero-plus-flex-stacking-chair/?variant=4607
Images detected on page for hero_plus_flex_Stacking_chair_4607, scrolling to load them...
Successfully opened URL for product hero_plus_flex_Stacking_chair_4607
Extracting images for product hero_plus_flex_Stacking_chair_4607...
Found 39 images for product hero_plus_flex_Stacking_chair_4607
Starting download with Playwright: https://live-brunner.pantheonsite.io/sites/default/files/styles/sm/public/oldImages/110937_Brunner_hero_plus_flex_4607-60_Konfiguration_Stuhl_Stuhl_RV14_paniksicher_HD_XL.jpg.webp?itok=DUPElHSD
Finished download: https://live-brunner.pantheonsite.io/sites/default/files/styles/sm/public/oldImages/110937_Brunner_hero_plus_flex_4607-60_Konfiguration_Stuhl_Stuhl_RV14_paniksicher_HD_XL.jpg.webp?itok=DUPElHSD -> hero_plus_flex_Stacking_chair_4607\image_1.jpg
Starting download with Playwright: https://live-brunner.pantheonsite.io/sites/default/files/styles/lg/public/oldImages/110937_Brunner_hero_plus_flex_4607-60_Konfiguration_Stuhl_Stuhl_RV14_paniksicher_HD_XL.jpg.webp?itok=hDEz2Vti
Finished download: https://live-brunner.pantheonsite.io/sites/default/files/styles/lg/public/oldImages/110937_Brunner_hero_plus_flex_4607-60_Konfiguration_Stuhl_Stuhl_RV14_paniksicher_HD_XL.jpg.webp?itok=hDEz2Vti -> hero_plus_flex_Stacking_chair_4607\image_2.jpg
Starting download with Playwright: https://live-brunner.pantheonsite.io/sites/default/files/styles/original_webp/public/oldImages/110937_Brunner_hero_plus_flex_4607-60_Konfiguration_Stuhl_Stuhl_RV14_paniksicher_HD_XL.jpg.webp?itok=Jd4V1Zrt
Finished download: https://live-brunner.pantheonsite.io/sites/default/files/styles/original_webp/public/oldImages/110937_Brunner_hero_plus_flex_4607-60_Konfiguration_Stuhl_Stuhl_RV14_paniksicher_HD_XL.jpg.webp?itok=Jd4V1Zrt -> hero_plus_flex_Stacking_chair_4607\image_3.jpg
Starting download with Playwright: https://live-brunner.pantheonsite.io/sites/default/files/styles/sm/public/oldImages/110932_Brunner_hero_plus_4627_mit_Blindstueck_03_HD_XL.jpg.webp?itok=DL7jOPD2
Finished download: https://live-brunner.pantheonsite.io/sites/default/files/styles/sm/public/oldImages/110932_Brunner_hero_plus_4627_mit_Blindstueck_03_HD_XL.jpg.webp?itok=DL7jOPD2 -> hero_plus_flex_Stacking_chair_4607\image_4.jpg
Starting download with Playwright: https://live-brunner.pantheonsite.io/sites/default/files/styles/lg/public/oldImages/110932_Brunner_hero_plus_4627_mit_Blindstueck_03_HD_XL.jpg.webp?itok=T5gBtzG5
Finished download: https://live-brunner.pantheonsite.io/sites/default/files/styles/lg/public/oldImages/110932_Brunner_hero_plus_4627_mit_Blindstueck_03_HD_XL.jpg.webp?itok=T5gBtzG5 -> hero_plus_flex_Stacking_chair_4607\image_5.jpg
Starting download with Playwright: https://live-brunner.pantheonsite.io/sites/default/files/styles/original_webp/public/oldImages/110932_Brunner_hero_plus_4627_mit_Blindstueck_03_HD_XL.jpg.webp?itok=8DlDf3fe
Finished download: https://live-brunner.pantheonsite.io/sites/default/files/styles/original_webp/public/oldImages/110932_Brunner_hero_plus_4627_mit_Blindstueck_03_HD_XL.jpg.webp?itok=8DlDf3fe -> hero_plus_flex_Stacking_chair_4607\image_6.jpg
Starting download with Playwright: https://live-brunner.pantheonsite.io/sites/default/files/styles/sm/public/oldImages/110936_Brunner_hero_plus_flex_4607-60_Konfiguration_Stuhl_Armlehnstuhl_RV14_paniksicher_HD_XL.jpg.webp?itok=nI2urXh_
Finished download: https://live-brunner.pantheonsite.io/sites/default/files/styles/sm/public/oldImages/110936_Brunner_hero_plus_flex_4607-60_Konfiguration_Stuhl_Armlehnstuhl_RV14_paniksicher_HD_XL.jpg.webp?itok=nI2urXh_ -> hero_plus_flex_Stacking_chair_4607\image_7.jpg
Starting download with Playwright: https://live-brunner.pantheonsite.io/sites/default/files/styles/lg/public/oldImages/110936_Brunner_hero_plus_flex_4607-60_Konfiguration_Stuhl_Armlehnstuhl_RV14_paniksicher_HD_XL.jpg.webp?itok=6QOwhNHc
Finished download: https://live-brunner.pantheonsite.io/sites/default/files/styles/lg/public/oldImages/110936_Brunner_hero_plus_flex_4607-60_Konfiguration_Stuhl_Armlehnstuhl_RV14_paniksicher_HD_XL.jpg.webp?itok=6QOwhNHc -> hero_plus_flex_Stacking_chair_4607\image_8.jpg
Starting download with Playwright: https://live-brunner.pantheonsite.io/sites/default/files/styles/original_webp/public/oldImages/110936_Brunner_hero_plus_flex_4607-60_Konfiguration_Stuhl_Armlehnstuhl_RV14_paniksicher_HD_XL.jpg.webp?itok=VFnq1TgF
Finished download: https://live-brunner.pantheonsite.io/sites/default/files/styles/original_webp/public/oldImages/110936_Brunner_hero_plus_flex_4607-60_Konfiguration_Stuhl_Armlehnstuhl_RV14_paniksicher_HD_XL.jpg.webp?itok=VFnq1TgF -> hero_plus_flex_Stacking_chair_4607\image_9.jpg
Starting download with Playwright: https://live-brunner.pantheonsite.io/sites/default/files/styles/sm/public/oldImages/110931_Brunner_hero_plus_4607_A46F_rechts_ST46F_links_03_HD_XL.jpg.webp?itok=LA99NbCX
Finished download: https://live-brunner.pantheonsite.io/sites/default/files/styles/sm/public/oldImages/110931_Brunner_hero_plus_4607_A46F_rechts_ST46F_links_03_HD_XL.jpg.webp?itok=LA99NbCX -> hero_plus_flex_Stacking_chair_4607\image_10.jpg
Starting download with Playwright: https://live-brunner.pantheonsite.io/sites/default/files/styles/lg/public/oldImages/110931_Brunner_hero_plus_4607_A46F_rechts_ST46F_links_03_HD_XL.jpg.webp?itok=yNYHvxbW
Finished download: https://live-brunner.pantheonsite.io/sites/default/files/styles/lg/public/oldImages/110931_Brunner_hero_plus_4607_A46F_rechts_ST46F_links_03_HD_XL.jpg.webp?itok=yNYHvxbW -> hero_plus_flex_Stacking_chair_4607\image_11.jpg
Starting download with Playwright: https://live-brunner.pantheonsite.io/sites/default/files/styles/original_webp/public/oldImages/110931_Brunner_hero_plus_4607_A46F_rechts_ST46F_links_03_HD_XL.jpg.webp?itok=d-ADJGbW
Finished download: https://live-brunner.pantheonsite.io/sites/default/files/styles/original_webp/public/oldImages/110931_Brunner_hero_plus_4607_A46F_rechts_ST46F_links_03_HD_XL.jpg.webp?itok=d-ADJGbW -> hero_plus_flex_Stacking_chair_4607\image_12.jpg
Starting download with Playwright: https://live-brunner.pantheonsite.io/sites/default/files/styles/sm/public/oldImages/110935_Brunner_hero_plus_flex_4607-60_Konfiguration_Armlehnstuhl_Armlehnstuhl_HD_XL.jpg.webp?itok=wDmtYV2K
Finished download: https://live-brunner.pantheonsite.io/sites/default/files/styles/sm/public/oldImages/110935_Brunner_hero_plus_flex_4607-60_Konfiguration_Armlehnstuhl_Armlehnstuhl_HD_XL.jpg.webp?itok=wDmtYV2K -> hero_plus_flex_Stacking_chair_4607\image_13.jpg
Starting download with Playwright: https://live-brunner.pantheonsite.io/sites/default/files/styles/lg/public/oldImages/110935_Brunner_hero_plus_flex_4607-60_Konfiguration_Armlehnstuhl_Armlehnstuhl_HD_XL.jpg.webp?itok=rX80G38M
Finished download: https://live-brunner.pantheonsite.io/sites/default/files/styles/lg/public/oldImages/110935_Brunner_hero_plus_flex_4607-60_Konfiguration_Armlehnstuhl_Armlehnstuhl_HD_XL.jpg.webp?itok=rX80G38M -> hero_plus_flex_Stacking_chair_4607\image_14.jpg
Starting download with Playwright: https://live-brunner.pantheonsite.io/sites/default/files/styles/original_webp/public/oldImages/110935_Brunner_hero_plus_flex_4607-60_Konfiguration_Armlehnstuhl_Armlehnstuhl_HD_XL.jpg.webp?itok=Zz7TyFHk
Finished download: https://live-brunner.pantheonsite.io/sites/default/files/styles/original_webp/public/oldImages/110935_Brunner_hero_plus_flex_4607-60_Konfiguration_Armlehnstuhl_Armlehnstuhl_HD_XL.jpg.webp?itok=Zz7TyFHk -> hero_plus_flex_Stacking_chair_4607\image_15.jpg
Starting download with Playwright: https://live-brunner.pantheonsite.io/sites/default/files/styles/sm/public/oldImages/110921_Brunner_hero_plus_flex_Zusatzelemente_HD_XL.jpg.webp?itok=YfQNP0oF
Finished download: https://live-brunner.pantheonsite.io/sites/default/files/styles/sm/public/oldImages/110921_Brunner_hero_plus_flex_Zusatzelemente_HD_XL.jpg.webp?itok=YfQNP0oF -> hero_plus_flex_Stacking_chair_4607\image_16.jpg
Starting download with Playwright: https://live-brunner.pantheonsite.io/sites/default/files/styles/lg/public/oldImages/110921_Brunner_hero_plus_flex_Zusatzelemente_HD_XL.jpg.webp?itok=QmGUOsSJ
Finished download: https://live-brunner.pantheonsite.io/sites/default/files/styles/lg/public/oldImages/110921_Brunner_hero_plus_flex_Zusatzelemente_HD_XL.jpg.webp?itok=QmGUOsSJ -> hero_plus_flex_Stacking_chair_4607\image_17.jpg
Starting download with Playwright: https://live-brunner.pantheonsite.io/sites/default/files/styles/original_webp/public/oldImages/110921_Brunner_hero_plus_flex_Zusatzelemente_HD_XL.jpg.webp?itok=pVAfRyGR
Finished download: https://live-brunner.pantheonsite.io/sites/default/files/styles/original_webp/public/oldImages/110921_Brunner_hero_plus_flex_Zusatzelemente_HD_XL.jpg.webp?itok=pVAfRyGR -> hero_plus_flex_Stacking_chair_4607\image_18.jpg
Starting download with Playwright: https://live-brunner.pantheonsite.io/sites/default/files/styles/sm/public/oldImages/110920_Brunner_hero_plus_flex_Lagerwagen_1007HE_001_HD_XL.jpg.webp?itok=NvO74cq0
Finished download: https://live-brunner.pantheonsite.io/sites/default/files/styles/sm/public/oldImages/110920_Brunner_hero_plus_flex_Lagerwagen_1007HE_001_HD_XL.jpg.webp?itok=NvO74cq0 -> hero_plus_flex_Stacking_chair_4607\image_19.jpg
Starting download with Playwright: https://live-brunner.pantheonsite.io/sites/default/files/styles/lg/public/oldImages/110920_Brunner_hero_plus_flex_Lagerwagen_1007HE_001_HD_XL.jpg.webp?itok=DTO8QxBa
Finished download: https://live-brunner.pantheonsite.io/sites/default/files/styles/lg/public/oldImages/110920_Brunner_hero_plus_flex_Lagerwagen_1007HE_001_HD_XL.jpg.webp?itok=DTO8QxBa -> hero_plus_flex_Stacking_chair_4607\image_20.jpg
Starting download with Playwright: https://live-brunner.pantheonsite.io/sites/default/files/styles/original_webp/public/oldImages/110920_Brunner_hero_plus_flex_Lagerwagen_1007HE_001_HD_XL.jpg.webp?itok=ON291xLs
Finished download: https://live-brunner.pantheonsite.io/sites/default/files/styles/original_webp/public/oldImages/110920_Brunner_hero_plus_flex_Lagerwagen_1007HE_001_HD_XL.jpg.webp?itok=ON291xLs -> hero_plus_flex_Stacking_chair_4607\image_21.jpg
Starting download with Playwright: https://live-brunner.pantheonsite.io/sites/default/files/styles/sm/public/oldImages/110938_Brunner_hero_plus_flex_4607-60_paniksichere%20RV14_002_HD_XL.jpg.webp?itok=_4WyoSe2
Finished download: https://live-brunner.pantheonsite.io/sites/default/files/styles/sm/public/oldImages/110938_Brunner_hero_plus_flex_4607-60_paniksichere%20RV14_002_HD_XL.jpg.webp?itok=_4WyoSe2 -> hero_plus_flex_Stacking_chair_4607\image_22.jpg
Starting download with Playwright: https://live-brunner.pantheonsite.io/sites/default/files/styles/lg/public/oldImages/110938_Brunner_hero_plus_flex_4607-60_paniksichere%20RV14_002_HD_XL.jpg.webp?itok=J0K_udyf
Finished download: https://live-brunner.pantheonsite.io/sites/default/files/styles/lg/public/oldImages/110938_Brunner_hero_plus_flex_4607-60_paniksichere%20RV14_002_HD_XL.jpg.webp?itok=J0K_udyf -> hero_plus_flex_Stacking_chair_4607\image_23.jpg
Starting download with Playwright: https://live-brunner.pantheonsite.io/sites/default/files/styles/original_webp/public/oldImages/110938_Brunner_hero_plus_flex_4607-60_paniksichere%20RV14_002_HD_XL.jpg.webp?itok=gFwXwVPF
Finished download: https://live-brunner.pantheonsite.io/sites/default/files/styles/original_webp/public/oldImages/110938_Brunner_hero_plus_flex_4607-60_paniksichere%20RV14_002_HD_XL.jpg.webp?itok=gFwXwVPF -> hero_plus_flex_Stacking_chair_4607\image_24.jpg
Starting download with Playwright: https://live-brunner.pantheonsite.io/sites/default/files/styles/sm/public/oldImages/110933_Brunner_hero_plus_flex_4607-60_A46F_Stapel_001_HD_XL.jpg.webp?itok=hts1hXPN
Finished download: https://live-brunner.pantheonsite.io/sites/default/files/styles/sm/public/oldImages/110933_Brunner_hero_plus_flex_4607-60_A46F_Stapel_001_HD_XL.jpg.webp?itok=hts1hXPN -> hero_plus_flex_Stacking_chair_4607\image_25.jpg
Starting download with Playwright: https://live-brunner.pantheonsite.io/sites/default/files/styles/lg/public/oldImages/110933_Brunner_hero_plus_flex_4607-60_A46F_Stapel_001_HD_XL.jpg.webp?itok=eyFd03Ux
Finished download: https://live-brunner.pantheonsite.io/sites/default/files/styles/lg/public/oldImages/110933_Brunner_hero_plus_flex_4607-60_A46F_Stapel_001_HD_XL.jpg.webp?itok=eyFd03Ux -> hero_plus_flex_Stacking_chair_4607\image_26.jpg
Starting download with Playwright: https://live-brunner.pantheonsite.io/sites/default/files/styles/original_webp/public/oldImages/110933_Brunner_hero_plus_flex_4607-60_A46F_Stapel_001_HD_XL.jpg.webp?itok=Zh3jhDfj
Finished download: https://live-brunner.pantheonsite.io/sites/default/files/styles/original_webp/public/oldImages/110933_Brunner_hero_plus_flex_4607-60_A46F_Stapel_001_HD_XL.jpg.webp?itok=Zh3jhDfj -> hero_plus_flex_Stacking_chair_4607\image_27.jpg
Starting download with Playwright: https://live-brunner.pantheonsite.io/sites/default/files/styles/sm/public/oldImages/110940_Brunner_hero_plus_flex_4607-60_RV14_%20paniksicher_HD_XL.jpg.webp?itok=n-VZjQlS
Finished download: https://live-brunner.pantheonsite.io/sites/default/files/styles/sm/public/oldImages/110940_Brunner_hero_plus_flex_4607-60_RV14_%20paniksicher_HD_XL.jpg.webp?itok=n-VZjQlS -> hero_plus_flex_Stacking_chair_4607\image_28.jpg
Starting download with Playwright: https://live-brunner.pantheonsite.io/sites/default/files/styles/lg/public/oldImages/110940_Brunner_hero_plus_flex_4607-60_RV14_%20paniksicher_HD_XL.jpg.webp?itok=cClehy-O
Finished download: https://live-brunner.pantheonsite.io/sites/default/files/styles/lg/public/oldImages/110940_Brunner_hero_plus_flex_4607-60_RV14_%20paniksicher_HD_XL.jpg.webp?itok=cClehy-O -> hero_plus_flex_Stacking_chair_4607\image_29.jpg
Starting download with Playwright: https://live-brunner.pantheonsite.io/sites/default/files/styles/original_webp/public/oldImages/110940_Brunner_hero_plus_flex_4607-60_RV14_%20paniksicher_HD_XL.jpg.webp?itok=5m5fn9mE
Finished download: https://live-brunner.pantheonsite.io/sites/default/files/styles/original_webp/public/oldImages/110940_Brunner_hero_plus_flex_4607-60_RV14_%20paniksicher_HD_XL.jpg.webp?itok=5m5fn9mE -> hero_plus_flex_Stacking_chair_4607\image_30.jpg
Starting download with Playwright: https://live-brunner.pantheonsite.io/sites/default/files/styles/sm/public/oldImages/110939_Brunner_hero_plus_flex_4607-60_paniksichere%20RV14_004_HD_XL.jpg.webp?itok=F4bR_OqD
Finished download: https://live-brunner.pantheonsite.io/sites/default/files/styles/sm/public/oldImages/110939_Brunner_hero_plus_flex_4607-60_paniksichere%20RV14_004_HD_XL.jpg.webp?itok=F4bR_OqD -> hero_plus_flex_Stacking_chair_4607\image_31.jpg
Starting download with Playwright: https://live-brunner.pantheonsite.io/sites/default/files/styles/lg/public/oldImages/110939_Brunner_hero_plus_flex_4607-60_paniksichere%20RV14_004_HD_XL.jpg.webp?itok=26xCJjhZ
Finished download: https://live-brunner.pantheonsite.io/sites/default/files/styles/lg/public/oldImages/110939_Brunner_hero_plus_flex_4607-60_paniksichere%20RV14_004_HD_XL.jpg.webp?itok=26xCJjhZ -> hero_plus_flex_Stacking_chair_4607\image_32.jpg
Starting download with Playwright: https://live-brunner.pantheonsite.io/sites/default/files/styles/original_webp/public/oldImages/110939_Brunner_hero_plus_flex_4607-60_paniksichere%20RV14_004_HD_XL.jpg.webp?itok=V-5XE3jq
Finished download: https://live-brunner.pantheonsite.io/sites/default/files/styles/original_webp/public/oldImages/110939_Brunner_hero_plus_flex_4607-60_paniksichere%20RV14_004_HD_XL.jpg.webp?itok=V-5XE3jq -> hero_plus_flex_Stacking_chair_4607\image_33.jpg
Starting download with Playwright: https://live-brunner.pantheonsite.io/sites/default/files/styles/sm/public/oldImages/110934_Brunner_hero_plus_flex_4607-60_Ausloesegriff_HD_XL.jpg.webp?itok=Wjl2o3cp
Finished download: https://live-brunner.pantheonsite.io/sites/default/files/styles/sm/public/oldImages/110934_Brunner_hero_plus_flex_4607-60_Ausloesegriff_HD_XL.jpg.webp?itok=Wjl2o3cp -> hero_plus_flex_Stacking_chair_4607\image_34.jpg
Starting download with Playwright: https://live-brunner.pantheonsite.io/sites/default/files/styles/lg/public/oldImages/110934_Brunner_hero_plus_flex_4607-60_Ausloesegriff_HD_XL.jpg.webp?itok=cugTjGkh
Finished download: https://live-brunner.pantheonsite.io/sites/default/files/styles/lg/public/oldImages/110934_Brunner_hero_plus_flex_4607-60_Ausloesegriff_HD_XL.jpg.webp?itok=cugTjGkh -> hero_plus_flex_Stacking_chair_4607\image_35.jpg
Starting download with Playwright: https://live-brunner.pantheonsite.io/sites/default/files/styles/original_webp/public/oldImages/110934_Brunner_hero_plus_flex_4607-60_Ausloesegriff_HD_XL.jpg.webp?itok=hCOZ5GL_
Finished download: https://live-brunner.pantheonsite.io/sites/default/files/styles/original_webp/public/oldImages/110934_Brunner_hero_plus_flex_4607-60_Ausloesegriff_HD_XL.jpg.webp?itok=hCOZ5GL_ -> hero_plus_flex_Stacking_chair_4607\image_36.jpg
Starting download with Playwright: https://live-brunner.pantheonsite.io/sites/default/files/styles/sm/public/oldImages/110930_Brunner_hero_plus_flex_Lagerwagen_1007HE_004_HD_XL.jpg.webp?itok=CE2ZhDYx
Finished download: https://live-brunner.pantheonsite.io/sites/default/files/styles/sm/public/oldImages/110930_Brunner_hero_plus_flex_Lagerwagen_1007HE_004_HD_XL.jpg.webp?itok=CE2ZhDYx -> hero_plus_flex_Stacking_chair_4607\image_37.jpg
Starting download with Playwright: https://live-brunner.pantheonsite.io/sites/default/files/styles/lg/public/oldImages/110930_Brunner_hero_plus_flex_Lagerwagen_1007HE_004_HD_XL.jpg.webp?itok=C0d2Mzxu
Finished download: https://live-brunner.pantheonsite.io/sites/default/files/styles/lg/public/oldImages/110930_Brunner_hero_plus_flex_Lagerwagen_1007HE_004_HD_XL.jpg.webp?itok=C0d2Mzxu -> hero_plus_flex_Stacking_chair_4607\image_38.jpg
Starting download with Playwright: https://live-brunner.pantheonsite.io/sites/default/files/styles/original_webp/public/oldImages/110930_Brunner_hero_plus_flex_Lagerwagen_1007HE_004_HD_XL.jpg.webp?itok=THnXrh3H
Finished download: https://live-brunner.pantheonsite.io/sites/default/files/styles/original_webp/public/oldImages/110930_Brunner_hero_plus_flex_Lagerwagen_1007HE_004_HD_XL.jpg.webp?itok=THnXrh3H -> hero_plus_flex_Stacking_chair_4607\image_39.jpg
Completed image downloads for product hero_plus_flex_Stacking_chair_4607
Extracting features for product hero_plus_flex_Stacking_chair_4607...
Features saved for product hero_plus_flex_Stacking_chair_4607
Attempting to access Downloads tab for product hero_plus_flex_Stacking_chair_4607...
Starting download of PDF: https://live-brunner.pantheonsite.io/sites/default/files/2025-07/brunner_bedienungs_und_montageanleitung_hero_flex_plus_0.pdf
Downloaded product_sheet.pdf for product hero_plus_flex_Stacking_chair_4607
Opening URL for product fox_Stacking_chair_1015: https://brunner-group.com/en/products/fox-stacking-chair/?variant=1015
Images detected on page for fox_Stacking_chair_1015, scrolling to load them...
Successfully opened URL for product fox_Stacking_chair_1015
Extracting images for product fox_Stacking_chair_1015...
Found 45 images for product fox_Stacking_chair_1015
Starting download with Playwright: https://live-brunner.pantheonsite.io/sites/default/files/styles/sm/public/oldImages/116254_Brunner_fox_1015_Grossraum_HD_XL.jpg.webp?itok=CHWotWoF
Finished download: https://live-brunner.pantheonsite.io/sites/default/files/styles/sm/public/oldImages/116254_Brunner_fox_1015_Grossraum_HD_XL.jpg.webp?itok=CHWotWoF -> fox_Stacking_chair_1015\image_1.jpg
Starting download with Playwright: https://live-brunner.pantheonsite.io/sites/default/files/styles/lg/public/oldImages/116254_Brunner_fox_1015_Grossraum_HD_XL.jpg.webp?itok=Pm5-sx9a
Finished download: https://live-brunner.pantheonsite.io/sites/default/files/styles/lg/public/oldImages/116254_Brunner_fox_1015_Grossraum_HD_XL.jpg.webp?itok=Pm5-sx9a -> fox_Stacking_chair_1015\image_2.jpg
Starting download with Playwright: https://live-brunner.pantheonsite.io/sites/default/files/styles/original_webp/public/oldImages/116254_Brunner_fox_1015_Grossraum_HD_XL.jpg.webp?itok=X67SuCnt
Finished download: https://live-brunner.pantheonsite.io/sites/default/files/styles/original_webp/public/oldImages/116254_Brunner_fox_1015_Grossraum_HD_XL.jpg.webp?itok=X67SuCnt -> fox_Stacking_chair_1015\image_3.jpg
Starting download with Playwright: https://live-brunner.pantheonsite.io/sites/default/files/styles/sm/public/oldImages/97904_Brunner_fox_1015_Stapel_HD_XL.jpg.webp?itok=MWj4qonf
Finished download: https://live-brunner.pantheonsite.io/sites/default/files/styles/sm/public/oldImages/97904_Brunner_fox_1015_Stapel_HD_XL.jpg.webp?itok=MWj4qonf -> fox_Stacking_chair_1015\image_4.jpg
Starting download with Playwright: https://live-brunner.pantheonsite.io/sites/default/files/styles/lg/public/oldImages/97904_Brunner_fox_1015_Stapel_HD_XL.jpg.webp?itok=4jyaXnSg
Finished download: https://live-brunner.pantheonsite.io/sites/default/files/styles/lg/public/oldImages/97904_Brunner_fox_1015_Stapel_HD_XL.jpg.webp?itok=4jyaXnSg -> fox_Stacking_chair_1015\image_5.jpg
Starting download with Playwright: https://live-brunner.pantheonsite.io/sites/default/files/styles/original_webp/public/oldImages/97904_Brunner_fox_1015_Stapel_HD_XL.jpg.webp?itok=h5Z1pgLb
Finished download: https://live-brunner.pantheonsite.io/sites/default/files/styles/original_webp/public/oldImages/97904_Brunner_fox_1015_Stapel_HD_XL.jpg.webp?itok=h5Z1pgLb -> fox_Stacking_chair_1015\image_6.jpg
Starting download with Playwright: https://live-brunner.pantheonsite.io/sites/default/files/styles/sm/public/oldImages/97905_Brunner_fox_1019_1019A_HD_XL.jpg.webp?itok=z2uD51Wx
Finished download: https://live-brunner.pantheonsite.io/sites/default/files/styles/sm/public/oldImages/97905_Brunner_fox_1019_1019A_HD_XL.jpg.webp?itok=z2uD51Wx -> fox_Stacking_chair_1015\image_7.jpg
Starting download with Playwright: https://live-brunner.pantheonsite.io/sites/default/files/styles/lg/public/oldImages/97905_Brunner_fox_1019_1019A_HD_XL.jpg.webp?itok=aWkX0PY-
Finished download: https://live-brunner.pantheonsite.io/sites/default/files/styles/lg/public/oldImages/97905_Brunner_fox_1019_1019A_HD_XL.jpg.webp?itok=aWkX0PY- -> fox_Stacking_chair_1015\image_8.jpg
Starting download with Playwright: https://live-brunner.pantheonsite.io/sites/default/files/styles/original_webp/public/oldImages/97905_Brunner_fox_1019_1019A_HD_XL.jpg.webp?itok=3tGCOAJt
Finished download: https://live-brunner.pantheonsite.io/sites/default/files/styles/original_webp/public/oldImages/97905_Brunner_fox_1019_1019A_HD_XL.jpg.webp?itok=3tGCOAJt -> fox_Stacking_chair_1015\image_9.jpg
Starting download with Playwright: https://live-brunner.pantheonsite.io/sites/default/files/styles/sm/public/oldImages/112937_Brunner_fox_1370_136_1370A_136_Referenz_Orscholz_HD_XL.jpg.webp?itok=LtGxP9w-
Finished download: https://live-brunner.pantheonsite.io/sites/default/files/styles/sm/public/oldImages/112937_Brunner_fox_1370_136_1370A_136_Referenz_Orscholz_HD_XL.jpg.webp?itok=LtGxP9w- -> fox_Stacking_chair_1015\image_10.jpg
Starting download with Playwright: https://live-brunner.pantheonsite.io/sites/default/files/styles/lg/public/oldImages/112937_Brunner_fox_1370_136_1370A_136_Referenz_Orscholz_HD_XL.jpg.webp?itok=WeVYRm46
Finished download: https://live-brunner.pantheonsite.io/sites/default/files/styles/lg/public/oldImages/112937_Brunner_fox_1370_136_1370A_136_Referenz_Orscholz_HD_XL.jpg.webp?itok=WeVYRm46 -> fox_Stacking_chair_1015\image_11.jpg
Starting download with Playwright: https://live-brunner.pantheonsite.io/sites/default/files/styles/original_webp/public/oldImages/112937_Brunner_fox_1370_136_1370A_136_Referenz_Orscholz_HD_XL.jpg.webp?itok=yIhsq1KE
Finished download: https://live-brunner.pantheonsite.io/sites/default/files/styles/original_webp/public/oldImages/112937_Brunner_fox_1370_136_1370A_136_Referenz_Orscholz_HD_XL.jpg.webp?itok=yIhsq1KE -> fox_Stacking_chair_1015\image_12.jpg
Starting download with Playwright: https://live-brunner.pantheonsite.io/sites/default/files/styles/sm/public/oldImages/112777_Brunner_fox_1030_1920px_XL.jpg.webp?itok=Hj-ndByN
Finished download: https://live-brunner.pantheonsite.io/sites/default/files/styles/sm/public/oldImages/112777_Brunner_fox_1030_1920px_XL.jpg.webp?itok=Hj-ndByN -> fox_Stacking_chair_1015\image_13.jpg
Starting download with Playwright: https://live-brunner.pantheonsite.io/sites/default/files/styles/lg/public/oldImages/112777_Brunner_fox_1030_1920px_XL.jpg.webp?itok=Kqnedxvu
Finished download: https://live-brunner.pantheonsite.io/sites/default/files/styles/lg/public/oldImages/112777_Brunner_fox_1030_1920px_XL.jpg.webp?itok=Kqnedxvu -> fox_Stacking_chair_1015\image_14.jpg
Starting download with Playwright: https://live-brunner.pantheonsite.io/sites/default/files/styles/original_webp/public/oldImages/112777_Brunner_fox_1030_1920px_XL.jpg.webp?itok=7xc-F5hQ
Finished download: https://live-brunner.pantheonsite.io/sites/default/files/styles/original_webp/public/oldImages/112777_Brunner_fox_1030_1920px_XL.jpg.webp?itok=7xc-F5hQ -> fox_Stacking_chair_1015\image_15.jpg
Starting download with Playwright: https://live-brunner.pantheonsite.io/sites/default/files/styles/sm/public/oldImages/112936_Brunner_fox_1360A_135_Buche_Sitzpolster_HD_XL.jpg.webp?itok=zcnOmC9n
Finished download: https://live-brunner.pantheonsite.io/sites/default/files/styles/sm/public/oldImages/112936_Brunner_fox_1360A_135_Buche_Sitzpolster_HD_XL.jpg.webp?itok=zcnOmC9n -> fox_Stacking_chair_1015\image_16.jpg
Starting download with Playwright: https://live-brunner.pantheonsite.io/sites/default/files/styles/lg/public/oldImages/112936_Brunner_fox_1360A_135_Buche_Sitzpolster_HD_XL.jpg.webp?itok=8Q01hh-7
Finished download: https://live-brunner.pantheonsite.io/sites/default/files/styles/lg/public/oldImages/112936_Brunner_fox_1360A_135_Buche_Sitzpolster_HD_XL.jpg.webp?itok=8Q01hh-7 -> fox_Stacking_chair_1015\image_17.jpg
Starting download with Playwright: https://live-brunner.pantheonsite.io/sites/default/files/styles/original_webp/public/oldImages/112936_Brunner_fox_1360A_135_Buche_Sitzpolster_HD_XL.jpg.webp?itok=QugyZJ-r
Finished download: https://live-brunner.pantheonsite.io/sites/default/files/styles/original_webp/public/oldImages/112936_Brunner_fox_1360A_135_Buche_Sitzpolster_HD_XL.jpg.webp?itok=QugyZJ-r -> fox_Stacking_chair_1015\image_18.jpg
Starting download with Playwright: https://live-brunner.pantheonsite.io/sites/default/files/styles/sm/public/oldImages/112938_Brunner_fox_Schreibtablar_20_HPL_HD_XL.jpg.webp?itok=Q9vKyBJV
Finished download: https://live-brunner.pantheonsite.io/sites/default/files/styles/sm/public/oldImages/112938_Brunner_fox_Schreibtablar_20_HPL_HD_XL.jpg.webp?itok=Q9vKyBJV -> fox_Stacking_chair_1015\image_19.jpg
Starting download with Playwright: https://live-brunner.pantheonsite.io/sites/default/files/styles/lg/public/oldImages/112938_Brunner_fox_Schreibtablar_20_HPL_HD_XL.jpg.webp?itok=cA8-UPtf
Finished download: https://live-brunner.pantheonsite.io/sites/default/files/styles/lg/public/oldImages/112938_Brunner_fox_Schreibtablar_20_HPL_HD_XL.jpg.webp?itok=cA8-UPtf -> fox_Stacking_chair_1015\image_20.jpg
Starting download with Playwright: https://live-brunner.pantheonsite.io/sites/default/files/styles/original_webp/public/oldImages/112938_Brunner_fox_Schreibtablar_20_HPL_HD_XL.jpg.webp?itok=h_8gP101
Finished download: https://live-brunner.pantheonsite.io/sites/default/files/styles/original_webp/public/oldImages/112938_Brunner_fox_Schreibtablar_20_HPL_HD_XL.jpg.webp?itok=h_8gP101 -> fox_Stacking_chair_1015\image_21.jpg
Starting download with Playwright: https://live-brunner.pantheonsite.io/sites/default/files/styles/sm/public/oldImages/112931_Brunner_fox_1019A_HD_XL.jpg.webp?itok=PkE9hw5J
Finished download: https://live-brunner.pantheonsite.io/sites/default/files/styles/sm/public/oldImages/112931_Brunner_fox_1019A_HD_XL.jpg.webp?itok=PkE9hw5J -> fox_Stacking_chair_1015\image_22.jpg
Starting download with Playwright: https://live-brunner.pantheonsite.io/sites/default/files/styles/lg/public/oldImages/112931_Brunner_fox_1019A_HD_XL.jpg.webp?itok=DRVCPQuu
Finished download: https://live-brunner.pantheonsite.io/sites/default/files/styles/lg/public/oldImages/112931_Brunner_fox_1019A_HD_XL.jpg.webp?itok=DRVCPQuu -> fox_Stacking_chair_1015\image_23.jpg
Starting download with Playwright: https://live-brunner.pantheonsite.io/sites/default/files/styles/original_webp/public/oldImages/112931_Brunner_fox_1019A_HD_XL.jpg.webp?itok=I9u-3ynF
Finished download: https://live-brunner.pantheonsite.io/sites/default/files/styles/original_webp/public/oldImages/112931_Brunner_fox_1019A_HD_XL.jpg.webp?itok=I9u-3ynF -> fox_Stacking_chair_1015\image_24.jpg
Starting download with Playwright: https://live-brunner.pantheonsite.io/sites/default/files/styles/sm/public/oldImages/58113_Brunner_fox_1015_XL.tif.webp?itok=XwhsYkK2
Finished download: https://live-brunner.pantheonsite.io/sites/default/files/styles/sm/public/oldImages/58113_Brunner_fox_1015_XL.tif.webp?itok=XwhsYkK2 -> fox_Stacking_chair_1015\image_25.jpg
Starting download with Playwright: https://live-brunner.pantheonsite.io/sites/default/files/styles/lg/public/oldImages/58113_Brunner_fox_1015_XL.tif.webp?itok=Wj-koO5c
Finished download: https://live-brunner.pantheonsite.io/sites/default/files/styles/lg/public/oldImages/58113_Brunner_fox_1015_XL.tif.webp?itok=Wj-koO5c -> fox_Stacking_chair_1015\image_26.jpg
Starting download with Playwright: https://live-brunner.pantheonsite.io/sites/default/files/styles/original_webp/public/oldImages/58113_Brunner_fox_1015_XL.tif.webp?itok=zEeVD77I
Finished download: https://live-brunner.pantheonsite.io/sites/default/files/styles/original_webp/public/oldImages/58113_Brunner_fox_1015_XL.tif.webp?itok=zEeVD77I -> fox_Stacking_chair_1015\image_27.jpg
Starting download with Playwright: https://live-brunner.pantheonsite.io/sites/default/files/styles/sm/public/oldImages/97911_Brunner_fox_1019A_Loc_HD_XL.jpg.webp?itok=H_FLf2JG
Finished download: https://live-brunner.pantheonsite.io/sites/default/files/styles/sm/public/oldImages/97911_Brunner_fox_1019A_Loc_HD_XL.jpg.webp?itok=H_FLf2JG -> fox_Stacking_chair_1015\image_28.jpg
Starting download with Playwright: https://live-brunner.pantheonsite.io/sites/default/files/styles/lg/public/oldImages/97911_Brunner_fox_1019A_Loc_HD_XL.jpg.webp?itok=-lt5Lr-h
Finished download: https://live-brunner.pantheonsite.io/sites/default/files/styles/lg/public/oldImages/97911_Brunner_fox_1019A_Loc_HD_XL.jpg.webp?itok=-lt5Lr-h -> fox_Stacking_chair_1015\image_29.jpg
Starting download with Playwright: https://live-brunner.pantheonsite.io/sites/default/files/styles/original_webp/public/oldImages/97911_Brunner_fox_1019A_Loc_HD_XL.jpg.webp?itok=VEBrwiYE
Finished download: https://live-brunner.pantheonsite.io/sites/default/files/styles/original_webp/public/oldImages/97911_Brunner_fox_1019A_Loc_HD_XL.jpg.webp?itok=VEBrwiYE -> fox_Stacking_chair_1015\image_30.jpg
Starting download with Playwright: https://live-brunner.pantheonsite.io/sites/default/files/styles/sm/public/oldImages/97909_Brunner_fox_1360_135_Buche_SN14_HD_XL.jpg.webp?itok=OcdASJSQ
Finished download: https://live-brunner.pantheonsite.io/sites/default/files/styles/sm/public/oldImages/97909_Brunner_fox_1360_135_Buche_SN14_HD_XL.jpg.webp?itok=OcdASJSQ -> fox_Stacking_chair_1015\image_31.jpg
Starting download with Playwright: https://live-brunner.pantheonsite.io/sites/default/files/styles/lg/public/oldImages/97909_Brunner_fox_1360_135_Buche_SN14_HD_XL.jpg.webp?itok=tvxWFwdG
Finished download: https://live-brunner.pantheonsite.io/sites/default/files/styles/lg/public/oldImages/97909_Brunner_fox_1360_135_Buche_SN14_HD_XL.jpg.webp?itok=tvxWFwdG -> fox_Stacking_chair_1015\image_32.jpg
Starting download with Playwright: https://live-brunner.pantheonsite.io/sites/default/files/styles/original_webp/public/oldImages/97909_Brunner_fox_1360_135_Buche_SN14_HD_XL.jpg.webp?itok=PsZjN-OZ
Finished download: https://live-brunner.pantheonsite.io/sites/default/files/styles/original_webp/public/oldImages/97909_Brunner_fox_1360_135_Buche_SN14_HD_XL.jpg.webp?itok=PsZjN-OZ -> fox_Stacking_chair_1015\image_33.jpg
Starting download with Playwright: https://live-brunner.pantheonsite.io/sites/default/files/styles/sm/public/oldImages/112932_Brunner_fox_1019A_ray_table_9312_HD_XL.jpg.webp?itok=I98xjfqt
Finished download: https://live-brunner.pantheonsite.io/sites/default/files/styles/sm/public/oldImages/112932_Brunner_fox_1019A_ray_table_9312_HD_XL.jpg.webp?itok=I98xjfqt -> fox_Stacking_chair_1015\image_34.jpg
Starting download with Playwright: https://live-brunner.pantheonsite.io/sites/default/files/styles/lg/public/oldImages/112932_Brunner_fox_1019A_ray_table_9312_HD_XL.jpg.webp?itok=k4BgyRJF
Finished download: https://live-brunner.pantheonsite.io/sites/default/files/styles/lg/public/oldImages/112932_Brunner_fox_1019A_ray_table_9312_HD_XL.jpg.webp?itok=k4BgyRJF -> fox_Stacking_chair_1015\image_35.jpg
Starting download with Playwright: https://live-brunner.pantheonsite.io/sites/default/files/styles/original_webp/public/oldImages/112932_Brunner_fox_1019A_ray_table_9312_HD_XL.jpg.webp?itok=GIXu3Fx_
Finished download: https://live-brunner.pantheonsite.io/sites/default/files/styles/original_webp/public/oldImages/112932_Brunner_fox_1019A_ray_table_9312_HD_XL.jpg.webp?itok=GIXu3Fx_ -> fox_Stacking_chair_1015\image_36.jpg
Starting download with Playwright: https://live-brunner.pantheonsite.io/sites/default/files/styles/sm/public/oldImages/97902_Brunner_fox_1370_50_stone_Reihenverbindung_HD_XL.jpg.webp?itok=NoKAWXvd
Finished download: https://live-brunner.pantheonsite.io/sites/default/files/styles/sm/public/oldImages/97902_Brunner_fox_1370_50_stone_Reihenverbindung_HD_XL.jpg.webp?itok=NoKAWXvd -> fox_Stacking_chair_1015\image_37.jpg
Starting download with Playwright: https://live-brunner.pantheonsite.io/sites/default/files/styles/lg/public/oldImages/97902_Brunner_fox_1370_50_stone_Reihenverbindung_HD_XL.jpg.webp?itok=2BSQpHws
Finished download: https://live-brunner.pantheonsite.io/sites/default/files/styles/lg/public/oldImages/97902_Brunner_fox_1370_50_stone_Reihenverbindung_HD_XL.jpg.webp?itok=2BSQpHws -> fox_Stacking_chair_1015\image_38.jpg
Starting download with Playwright: https://live-brunner.pantheonsite.io/sites/default/files/styles/original_webp/public/oldImages/97902_Brunner_fox_1370_50_stone_Reihenverbindung_HD_XL.jpg.webp?itok=2SQw9qgS
Finished download: https://live-brunner.pantheonsite.io/sites/default/files/styles/original_webp/public/oldImages/97902_Brunner_fox_1370_50_stone_Reihenverbindung_HD_XL.jpg.webp?itok=2SQw9qgS -> fox_Stacking_chair_1015\image_39.jpg
Starting download with Playwright: https://live-brunner.pantheonsite.io/sites/default/files/styles/sm/public/oldImages/112813_Brunner_fox_1019_1019A_Stapelschuss_Pulver_1920x1707_XL.jpg.webp?itok=RQZyDh0N
Finished download: https://live-brunner.pantheonsite.io/sites/default/files/styles/sm/public/oldImages/112813_Brunner_fox_1019_1019A_Stapelschuss_Pulver_1920x1707_XL.jpg.webp?itok=RQZyDh0N -> fox_Stacking_chair_1015\image_40.jpg
Starting download with Playwright: https://live-brunner.pantheonsite.io/sites/default/files/styles/lg/public/oldImages/112813_Brunner_fox_1019_1019A_Stapelschuss_Pulver_1920x1707_XL.jpg.webp?itok=oVR8tA9I
Finished download: https://live-brunner.pantheonsite.io/sites/default/files/styles/lg/public/oldImages/112813_Brunner_fox_1019_1019A_Stapelschuss_Pulver_1920x1707_XL.jpg.webp?itok=oVR8tA9I -> fox_Stacking_chair_1015\image_41.jpg
Starting download with Playwright: https://live-brunner.pantheonsite.io/sites/default/files/styles/original_webp/public/oldImages/112813_Brunner_fox_1019_1019A_Stapelschuss_Pulver_1920x1707_XL.jpg.webp?itok=LFyfgCD7
Finished download: https://live-brunner.pantheonsite.io/sites/default/files/styles/original_webp/public/oldImages/112813_Brunner_fox_1019_1019A_Stapelschuss_Pulver_1920x1707_XL.jpg.webp?itok=LFyfgCD7 -> fox_Stacking_chair_1015\image_42.jpg
Starting download with Playwright: https://live-brunner.pantheonsite.io/sites/default/files/styles/sm/public/oldImages/112933_Brunner_fox_1023_1026_HD_XL.jpg.webp?itok=2MfNgt1K
Finished download: https://live-brunner.pantheonsite.io/sites/default/files/styles/sm/public/oldImages/112933_Brunner_fox_1023_1026_HD_XL.jpg.webp?itok=2MfNgt1K -> fox_Stacking_chair_1015\image_43.jpg
Starting download with Playwright: https://live-brunner.pantheonsite.io/sites/default/files/styles/lg/public/oldImages/112933_Brunner_fox_1023_1026_HD_XL.jpg.webp?itok=a4Ijatkc
Finished download: https://live-brunner.pantheonsite.io/sites/default/files/styles/lg/public/oldImages/112933_Brunner_fox_1023_1026_HD_XL.jpg.webp?itok=a4Ijatkc -> fox_Stacking_chair_1015\image_44.jpg
Starting download with Playwright: https://live-brunner.pantheonsite.io/sites/default/files/styles/original_webp/public/oldImages/112933_Brunner_fox_1023_1026_HD_XL.jpg.webp?itok=JdPaoUD8
Finished download: https://live-brunner.pantheonsite.io/sites/default/files/styles/original_webp/public/oldImages/112933_Brunner_fox_1023_1026_HD_XL.jpg.webp?itok=JdPaoUD8 -> fox_Stacking_chair_1015\image_45.jpg
Completed image downloads for product fox_Stacking_chair_1015
Extracting features for product fox_Stacking_chair_1015...
Features saved for product fox_Stacking_chair_1015
Attempting to access Downloads tab for product fox_Stacking_chair_1015...
Starting download of PDF: https://live-brunner.pantheonsite.io/sites/default/files/oldPdfs/Produktdatenblaetter/Produktdatenblaetter_EN/fox_Brunner_product_data_sheet_EN.pdf
Downloaded product_sheet.pdf for product fox_Stacking_chair_1015
Opening URL for product crona_steel_Stacking_chair_6340: https://brunner-group.com/en/products/crona-steel-stacking-chair/?variant=6340
Images detected on page for crona_steel_Stacking_chair_6340, scrolling to load them...
Successfully opened URL for product crona_steel_Stacking_chair_6340
Extracting images for product crona_steel_Stacking_chair_6340...
Found 45 images for product crona_steel_Stacking_chair_6340
Starting download with Playwright: https://live-brunner.pantheonsite.io/sites/default/files/styles/sm/public/oldImages/111796_Brunner_crona_steel_6340_6380_003_HD_XL.jpg.webp?itok=ifYqIQmO
Finished download: https://live-brunner.pantheonsite.io/sites/default/files/styles/sm/public/oldImages/111796_Brunner_crona_steel_6340_6380_003_HD_XL.jpg.webp?itok=ifYqIQmO -> crona_steel_Stacking_chair_6340\image_1.jpg
Starting download with Playwright: https://live-brunner.pantheonsite.io/sites/default/files/styles/lg/public/oldImages/111796_Brunner_crona_steel_6340_6380_003_HD_XL.jpg.webp?itok=kPOrqwRb
Finished download: https://live-brunner.pantheonsite.io/sites/default/files/styles/lg/public/oldImages/111796_Brunner_crona_steel_6340_6380_003_HD_XL.jpg.webp?itok=kPOrqwRb -> crona_steel_Stacking_chair_6340\image_2.jpg
Starting download with Playwright: https://live-brunner.pantheonsite.io/sites/default/files/styles/original_webp/public/oldImages/111796_Brunner_crona_steel_6340_6380_003_HD_XL.jpg.webp?itok=ZxhwGdru
Finished download: https://live-brunner.pantheonsite.io/sites/default/files/styles/original_webp/public/oldImages/111796_Brunner_crona_steel_6340_6380_003_HD_XL.jpg.webp?itok=ZxhwGdru -> crona_steel_Stacking_chair_6340\image_3.jpg
Starting download with Playwright: https://live-brunner.pantheonsite.io/sites/default/files/styles/sm/public/oldImages/111794_Brunner_crona_steel_6340_6341_6346_HD_XL.jpg.webp?itok=hodGFsn_
Finished download: https://live-brunner.pantheonsite.io/sites/default/files/styles/sm/public/oldImages/111794_Brunner_crona_steel_6340_6341_6346_HD_XL.jpg.webp?itok=hodGFsn_ -> crona_steel_Stacking_chair_6340\image_4.jpg
Starting download with Playwright: https://live-brunner.pantheonsite.io/sites/default/files/styles/lg/public/oldImages/111794_Brunner_crona_steel_6340_6341_6346_HD_XL.jpg.webp?itok=whU6maN9
Finished download: https://live-brunner.pantheonsite.io/sites/default/files/styles/lg/public/oldImages/111794_Brunner_crona_steel_6340_6341_6346_HD_XL.jpg.webp?itok=whU6maN9 -> crona_steel_Stacking_chair_6340\image_5.jpg
Starting download with Playwright: https://live-brunner.pantheonsite.io/sites/default/files/styles/original_webp/public/oldImages/111794_Brunner_crona_steel_6340_6341_6346_HD_XL.jpg.webp?itok=uH_ksvuI
Finished download: https://live-brunner.pantheonsite.io/sites/default/files/styles/original_webp/public/oldImages/111794_Brunner_crona_steel_6340_6341_6346_HD_XL.jpg.webp?itok=uH_ksvuI -> crona_steel_Stacking_chair_6340\image_6.jpg
Starting download with Playwright: https://live-brunner.pantheonsite.io/sites/default/files/styles/sm/public/oldImages/115701_Brunner_crona_steel_6340_Polster_HD_XL.jpg.webp?itok=wf5y0vQ4
Finished download: https://live-brunner.pantheonsite.io/sites/default/files/styles/sm/public/oldImages/115701_Brunner_crona_steel_6340_Polster_HD_XL.jpg.webp?itok=wf5y0vQ4 -> crona_steel_Stacking_chair_6340\image_7.jpg
Starting download with Playwright: https://live-brunner.pantheonsite.io/sites/default/files/styles/lg/public/oldImages/115701_Brunner_crona_steel_6340_Polster_HD_XL.jpg.webp?itok=qZ3FLGBw
Finished download: https://live-brunner.pantheonsite.io/sites/default/files/styles/lg/public/oldImages/115701_Brunner_crona_steel_6340_Polster_HD_XL.jpg.webp?itok=qZ3FLGBw -> crona_steel_Stacking_chair_6340\image_8.jpg
Starting download with Playwright: https://live-brunner.pantheonsite.io/sites/default/files/styles/original_webp/public/oldImages/115701_Brunner_crona_steel_6340_Polster_HD_XL.jpg.webp?itok=YHPnnidA
Finished download: https://live-brunner.pantheonsite.io/sites/default/files/styles/original_webp/public/oldImages/115701_Brunner_crona_steel_6340_Polster_HD_XL.jpg.webp?itok=YHPnnidA -> crona_steel_Stacking_chair_6340\image_9.jpg
Starting download with Playwright: https://live-brunner.pantheonsite.io/sites/default/files/styles/sm/public/oldImages/116109_Brunner_wave_light_3572_3552_crona_steel_6340_6341_scoop_bar_4874_HD_XL.jpg.webp?itok=x3KejPqH
Finished download: https://live-brunner.pantheonsite.io/sites/default/files/styles/sm/public/oldImages/116109_Brunner_wave_light_3572_3552_crona_steel_6340_6341_scoop_bar_4874_HD_XL.jpg.webp?itok=x3KejPqH -> crona_steel_Stacking_chair_6340\image_10.jpg
Starting download with Playwright: https://live-brunner.pantheonsite.io/sites/default/files/styles/lg/public/oldImages/116109_Brunner_wave_light_3572_3552_crona_steel_6340_6341_scoop_bar_4874_HD_XL.jpg.webp?itok=CCPgPEA8
Finished download: https://live-brunner.pantheonsite.io/sites/default/files/styles/lg/public/oldImages/116109_Brunner_wave_light_3572_3552_crona_steel_6340_6341_scoop_bar_4874_HD_XL.jpg.webp?itok=CCPgPEA8 -> crona_steel_Stacking_chair_6340\image_11.jpg
Starting download with Playwright: https://live-brunner.pantheonsite.io/sites/default/files/styles/original_webp/public/oldImages/116109_Brunner_wave_light_3572_3552_crona_steel_6340_6341_scoop_bar_4874_HD_XL.jpg.webp?itok=PVgsLnfT
Finished download: https://live-brunner.pantheonsite.io/sites/default/files/styles/original_webp/public/oldImages/116109_Brunner_wave_light_3572_3552_crona_steel_6340_6341_scoop_bar_4874_HD_XL.jpg.webp?itok=PVgsLnfT -> crona_steel_Stacking_chair_6340\image_12.jpg
Starting download with Playwright: https://live-brunner.pantheonsite.io/sites/default/files/styles/sm/public/oldImages/111795_Brunner_crona_steel_6340_6380_001_HD_XL.jpg.webp?itok=dPXQQLBJ
Finished download: https://live-brunner.pantheonsite.io/sites/default/files/styles/sm/public/oldImages/111795_Brunner_crona_steel_6340_6380_001_HD_XL.jpg.webp?itok=dPXQQLBJ -> crona_steel_Stacking_chair_6340\image_13.jpg
Starting download with Playwright: https://live-brunner.pantheonsite.io/sites/default/files/styles/lg/public/oldImages/111795_Brunner_crona_steel_6340_6380_001_HD_XL.jpg.webp?itok=cQdK9jQR
Finished download: https://live-brunner.pantheonsite.io/sites/default/files/styles/lg/public/oldImages/111795_Brunner_crona_steel_6340_6380_001_HD_XL.jpg.webp?itok=cQdK9jQR -> crona_steel_Stacking_chair_6340\image_14.jpg
Starting download with Playwright: https://live-brunner.pantheonsite.io/sites/default/files/styles/original_webp/public/oldImages/111795_Brunner_crona_steel_6340_6380_001_HD_XL.jpg.webp?itok=c8d8Pruw
Finished download: https://live-brunner.pantheonsite.io/sites/default/files/styles/original_webp/public/oldImages/111795_Brunner_crona_steel_6340_6380_001_HD_XL.jpg.webp?itok=c8d8Pruw -> crona_steel_Stacking_chair_6340\image_15.jpg
Starting download with Playwright: https://live-brunner.pantheonsite.io/sites/default/files/styles/sm/public/oldImages/97801_Brunner_crona_steel_6340_6340A_HD_XL.jpg.webp?itok=2jayQ-lu
Finished download: https://live-brunner.pantheonsite.io/sites/default/files/styles/sm/public/oldImages/97801_Brunner_crona_steel_6340_6340A_HD_XL.jpg.webp?itok=2jayQ-lu -> crona_steel_Stacking_chair_6340\image_16.jpg
Starting download with Playwright: https://live-brunner.pantheonsite.io/sites/default/files/styles/lg/public/oldImages/97801_Brunner_crona_steel_6340_6340A_HD_XL.jpg.webp?itok=S2zpgs8Z
Finished download: https://live-brunner.pantheonsite.io/sites/default/files/styles/lg/public/oldImages/97801_Brunner_crona_steel_6340_6340A_HD_XL.jpg.webp?itok=S2zpgs8Z -> crona_steel_Stacking_chair_6340\image_17.jpg
Starting download with Playwright: https://live-brunner.pantheonsite.io/sites/default/files/styles/original_webp/public/oldImages/97801_Brunner_crona_steel_6340_6340A_HD_XL.jpg.webp?itok=bTS_GNlY
Finished download: https://live-brunner.pantheonsite.io/sites/default/files/styles/original_webp/public/oldImages/97801_Brunner_crona_steel_6340_6340A_HD_XL.jpg.webp?itok=bTS_GNlY -> crona_steel_Stacking_chair_6340\image_18.jpg
Starting download with Playwright: https://live-brunner.pantheonsite.io/sites/default/files/styles/sm/public/oldImages/111138_Brunner_crona_steel_2024_1920x1080_XL.jpg.webp?itok=hFjitTLJ
Finished download: https://live-brunner.pantheonsite.io/sites/default/files/styles/sm/public/oldImages/111138_Brunner_crona_steel_2024_1920x1080_XL.jpg.webp?itok=hFjitTLJ -> crona_steel_Stacking_chair_6340\image_19.jpg
Starting download with Playwright: https://live-brunner.pantheonsite.io/sites/default/files/styles/lg/public/oldImages/111138_Brunner_crona_steel_2024_1920x1080_XL.jpg.webp?itok=esdcBDQd
Finished download: https://live-brunner.pantheonsite.io/sites/default/files/styles/lg/public/oldImages/111138_Brunner_crona_steel_2024_1920x1080_XL.jpg.webp?itok=esdcBDQd -> crona_steel_Stacking_chair_6340\image_20.jpg
Starting download with Playwright: https://live-brunner.pantheonsite.io/sites/default/files/styles/original_webp/public/oldImages/111138_Brunner_crona_steel_2024_1920x1080_XL.jpg.webp?itok=9Fz6wDZD
Finished download: https://live-brunner.pantheonsite.io/sites/default/files/styles/original_webp/public/oldImages/111138_Brunner_crona_steel_2024_1920x1080_XL.jpg.webp?itok=9Fz6wDZD -> crona_steel_Stacking_chair_6340\image_21.jpg
Starting download with Playwright: https://live-brunner.pantheonsite.io/sites/default/files/styles/sm/public/oldImages/108582_Brunner_crona_steel_6340_HD_XL.jpg.webp?itok=gVB6Q6nr
Finished download: https://live-brunner.pantheonsite.io/sites/default/files/styles/sm/public/oldImages/108582_Brunner_crona_steel_6340_HD_XL.jpg.webp?itok=gVB6Q6nr -> crona_steel_Stacking_chair_6340\image_22.jpg
Starting download with Playwright: https://live-brunner.pantheonsite.io/sites/default/files/styles/lg/public/oldImages/108582_Brunner_crona_steel_6340_HD_XL.jpg.webp?itok=UJswGvF0
Finished download: https://live-brunner.pantheonsite.io/sites/default/files/styles/lg/public/oldImages/108582_Brunner_crona_steel_6340_HD_XL.jpg.webp?itok=UJswGvF0 -> crona_steel_Stacking_chair_6340\image_23.jpg
Starting download with Playwright: https://live-brunner.pantheonsite.io/sites/default/files/styles/original_webp/public/oldImages/108582_Brunner_crona_steel_6340_HD_XL.jpg.webp?itok=-R807wc8
Finished download: https://live-brunner.pantheonsite.io/sites/default/files/styles/original_webp/public/oldImages/108582_Brunner_crona_steel_6340_HD_XL.jpg.webp?itok=-R807wc8 -> crona_steel_Stacking_chair_6340\image_24.jpg
Starting download with Playwright: https://live-brunner.pantheonsite.io/sites/default/files/styles/sm/public/oldImages/105105_Brunner_Location_Provence_crona_steel_6340_6340A_6347A_6349_6399_6398_HD_XL.jpg.webp?itok=QlSuYSWk
Finished download: https://live-brunner.pantheonsite.io/sites/default/files/styles/sm/public/oldImages/105105_Brunner_Location_Provence_crona_steel_6340_6340A_6347A_6349_6399_6398_HD_XL.jpg.webp?itok=QlSuYSWk -> crona_steel_Stacking_chair_6340\image_25.jpg
Starting download with Playwright: https://live-brunner.pantheonsite.io/sites/default/files/styles/lg/public/oldImages/105105_Brunner_Location_Provence_crona_steel_6340_6340A_6347A_6349_6399_6398_HD_XL.jpg.webp?itok=OQqYLE_Z
Finished download: https://live-brunner.pantheonsite.io/sites/default/files/styles/lg/public/oldImages/105105_Brunner_Location_Provence_crona_steel_6340_6340A_6347A_6349_6399_6398_HD_XL.jpg.webp?itok=OQqYLE_Z -> crona_steel_Stacking_chair_6340\image_26.jpg
Starting download with Playwright: https://live-brunner.pantheonsite.io/sites/default/files/styles/original_webp/public/oldImages/105105_Brunner_Location_Provence_crona_steel_6340_6340A_6347A_6349_6399_6398_HD_XL.jpg.webp?itok=JdJY-cUU
Finished download: https://live-brunner.pantheonsite.io/sites/default/files/styles/original_webp/public/oldImages/105105_Brunner_Location_Provence_crona_steel_6340_6340A_6347A_6349_6399_6398_HD_XL.jpg.webp?itok=JdJY-cUU -> crona_steel_Stacking_chair_6340\image_27.jpg
Starting download with Playwright: https://live-brunner.pantheonsite.io/sites/default/files/styles/sm/public/oldImages/105102_Brunner_Location_Provence_crona_steel_Family_HD_XL.jpg.webp?itok=Sf1a5cR9
Finished download: https://live-brunner.pantheonsite.io/sites/default/files/styles/sm/public/oldImages/105102_Brunner_Location_Provence_crona_steel_Family_HD_XL.jpg.webp?itok=Sf1a5cR9 -> crona_steel_Stacking_chair_6340\image_28.jpg
Starting download with Playwright: https://live-brunner.pantheonsite.io/sites/default/files/styles/lg/public/oldImages/105102_Brunner_Location_Provence_crona_steel_Family_HD_XL.jpg.webp?itok=6vo7L__1
Finished download: https://live-brunner.pantheonsite.io/sites/default/files/styles/lg/public/oldImages/105102_Brunner_Location_Provence_crona_steel_Family_HD_XL.jpg.webp?itok=6vo7L__1 -> crona_steel_Stacking_chair_6340\image_29.jpg
Starting download with Playwright: https://live-brunner.pantheonsite.io/sites/default/files/styles/original_webp/public/oldImages/105102_Brunner_Location_Provence_crona_steel_Family_HD_XL.jpg.webp?itok=hLnFb5S5
Finished download: https://live-brunner.pantheonsite.io/sites/default/files/styles/original_webp/public/oldImages/105102_Brunner_Location_Provence_crona_steel_Family_HD_XL.jpg.webp?itok=hLnFb5S5 -> crona_steel_Stacking_chair_6340\image_30.jpg
Starting download with Playwright: https://live-brunner.pantheonsite.io/sites/default/files/styles/sm/public/oldImages/108588_Brunner_crona_steel_kvadrat_patio_6340_HD_XL.jpg.webp?itok=wqiEvrCw
Finished download: https://live-brunner.pantheonsite.io/sites/default/files/styles/sm/public/oldImages/108588_Brunner_crona_steel_kvadrat_patio_6340_HD_XL.jpg.webp?itok=wqiEvrCw -> crona_steel_Stacking_chair_6340\image_31.jpg
Starting download with Playwright: https://live-brunner.pantheonsite.io/sites/default/files/styles/lg/public/oldImages/108588_Brunner_crona_steel_kvadrat_patio_6340_HD_XL.jpg.webp?itok=IrAutqZ6
Finished download: https://live-brunner.pantheonsite.io/sites/default/files/styles/lg/public/oldImages/108588_Brunner_crona_steel_kvadrat_patio_6340_HD_XL.jpg.webp?itok=IrAutqZ6 -> crona_steel_Stacking_chair_6340\image_32.jpg
Starting download with Playwright: https://live-brunner.pantheonsite.io/sites/default/files/styles/original_webp/public/oldImages/108588_Brunner_crona_steel_kvadrat_patio_6340_HD_XL.jpg.webp?itok=x13-0E1W
Finished download: https://live-brunner.pantheonsite.io/sites/default/files/styles/original_webp/public/oldImages/108588_Brunner_crona_steel_kvadrat_patio_6340_HD_XL.jpg.webp?itok=x13-0E1W -> crona_steel_Stacking_chair_6340\image_33.jpg
Starting download with Playwright: https://live-brunner.pantheonsite.io/sites/default/files/styles/sm/public/oldImages/108586_Brunner_crona_steel_6398_6340_HD_XL.jpg.webp?itok=H3E5Uq6Q
Finished download: https://live-brunner.pantheonsite.io/sites/default/files/styles/sm/public/oldImages/108586_Brunner_crona_steel_6398_6340_HD_XL.jpg.webp?itok=H3E5Uq6Q -> crona_steel_Stacking_chair_6340\image_34.jpg
Starting download with Playwright: https://live-brunner.pantheonsite.io/sites/default/files/styles/lg/public/oldImages/108586_Brunner_crona_steel_6398_6340_HD_XL.jpg.webp?itok=01oSu6KI
Finished download: https://live-brunner.pantheonsite.io/sites/default/files/styles/lg/public/oldImages/108586_Brunner_crona_steel_6398_6340_HD_XL.jpg.webp?itok=01oSu6KI -> crona_steel_Stacking_chair_6340\image_35.jpg
Starting download with Playwright: https://live-brunner.pantheonsite.io/sites/default/files/styles/original_webp/public/oldImages/108586_Brunner_crona_steel_6398_6340_HD_XL.jpg.webp?itok=hPhcGKK1
Finished download: https://live-brunner.pantheonsite.io/sites/default/files/styles/original_webp/public/oldImages/108586_Brunner_crona_steel_6398_6340_HD_XL.jpg.webp?itok=hPhcGKK1 -> crona_steel_Stacking_chair_6340\image_36.jpg
Starting download with Playwright: https://live-brunner.pantheonsite.io/sites/default/files/styles/sm/public/oldImages/116911_Brunner_crona_steel_6340_Sitzkissen_HD_XL.jpg.webp?itok=isG_rxCr
Finished download: https://live-brunner.pantheonsite.io/sites/default/files/styles/sm/public/oldImages/116911_Brunner_crona_steel_6340_Sitzkissen_HD_XL.jpg.webp?itok=isG_rxCr -> crona_steel_Stacking_chair_6340\image_37.jpg
Starting download with Playwright: https://live-brunner.pantheonsite.io/sites/default/files/styles/lg/public/oldImages/116911_Brunner_crona_steel_6340_Sitzkissen_HD_XL.jpg.webp?itok=8b8tbLOU
Finished download: https://live-brunner.pantheonsite.io/sites/default/files/styles/lg/public/oldImages/116911_Brunner_crona_steel_6340_Sitzkissen_HD_XL.jpg.webp?itok=8b8tbLOU -> crona_steel_Stacking_chair_6340\image_38.jpg
Starting download with Playwright: https://live-brunner.pantheonsite.io/sites/default/files/styles/original_webp/public/oldImages/116911_Brunner_crona_steel_6340_Sitzkissen_HD_XL.jpg.webp?itok=2OXa_i5o
Finished download: https://live-brunner.pantheonsite.io/sites/default/files/styles/original_webp/public/oldImages/116911_Brunner_crona_steel_6340_Sitzkissen_HD_XL.jpg.webp?itok=2OXa_i5o -> crona_steel_Stacking_chair_6340\image_39.jpg
Starting download with Playwright: https://live-brunner.pantheonsite.io/sites/default/files/styles/sm/public/oldImages/116910_Brunner_crona_steel_6340_Sitzkissen_HD%20%282%29_XL.jpg.webp?itok=CrdI17Tz
Finished download: https://live-brunner.pantheonsite.io/sites/default/files/styles/sm/public/oldImages/116910_Brunner_crona_steel_6340_Sitzkissen_HD%20%282%29_XL.jpg.webp?itok=CrdI17Tz -> crona_steel_Stacking_chair_6340\image_40.jpg
Starting download with Playwright: https://live-brunner.pantheonsite.io/sites/default/files/styles/lg/public/oldImages/116910_Brunner_crona_steel_6340_Sitzkissen_HD%20%282%29_XL.jpg.webp?itok=ed6Q0tAA
Finished download: https://live-brunner.pantheonsite.io/sites/default/files/styles/lg/public/oldImages/116910_Brunner_crona_steel_6340_Sitzkissen_HD%20%282%29_XL.jpg.webp?itok=ed6Q0tAA -> crona_steel_Stacking_chair_6340\image_41.jpg
Starting download with Playwright: https://live-brunner.pantheonsite.io/sites/default/files/styles/original_webp/public/oldImages/116910_Brunner_crona_steel_6340_Sitzkissen_HD%20%282%29_XL.jpg.webp?itok=clREso1d
Finished download: https://live-brunner.pantheonsite.io/sites/default/files/styles/original_webp/public/oldImages/116910_Brunner_crona_steel_6340_Sitzkissen_HD%20%282%29_XL.jpg.webp?itok=clREso1d -> crona_steel_Stacking_chair_6340\image_42.jpg
Starting download with Playwright: https://live-brunner.pantheonsite.io/sites/default/files/styles/sm/public/oldImages/110608_Brunner_crona_steel_6340_mit_Sitzkissen_HD_XL.jpg.webp?itok=GkICFvRV
Finished download: https://live-brunner.pantheonsite.io/sites/default/files/styles/sm/public/oldImages/110608_Brunner_crona_steel_6340_mit_Sitzkissen_HD_XL.jpg.webp?itok=GkICFvRV -> crona_steel_Stacking_chair_6340\image_43.jpg
Starting download with Playwright: https://live-brunner.pantheonsite.io/sites/default/files/styles/lg/public/oldImages/110608_Brunner_crona_steel_6340_mit_Sitzkissen_HD_XL.jpg.webp?itok=KAMRZ0XA
Finished download: https://live-brunner.pantheonsite.io/sites/default/files/styles/lg/public/oldImages/110608_Brunner_crona_steel_6340_mit_Sitzkissen_HD_XL.jpg.webp?itok=KAMRZ0XA -> crona_steel_Stacking_chair_6340\image_44.jpg
Starting download with Playwright: https://live-brunner.pantheonsite.io/sites/default/files/styles/original_webp/public/oldImages/110608_Brunner_crona_steel_6340_mit_Sitzkissen_HD_XL.jpg.webp?itok=hBvjyUCe
Finished download: https://live-brunner.pantheonsite.io/sites/default/files/styles/original_webp/public/oldImages/110608_Brunner_crona_steel_6340_mit_Sitzkissen_HD_XL.jpg.webp?itok=hBvjyUCe -> crona_steel_Stacking_chair_6340\image_45.jpg
Completed image downloads for product crona_steel_Stacking_chair_6340
Extracting features for product crona_steel_Stacking_chair_6340...
Features saved for product crona_steel_Stacking_chair_6340
Attempting to access Downloads tab for product crona_steel_Stacking_chair_6340...
Starting download of PDF: https://live-brunner.pantheonsite.io/sites/default/files/oldPdfs/Produktdatenblaetter/Produktdatenblaetter_EN/Brunner_product_data_sheet_crona_steel_EN.pdf
Downloaded product_sheet.pdf for product crona_steel_Stacking_chair_6340
Opening URL for product crona_light_bar_Bar_stool_6310: https://brunner-group.com/en/products/crona-light-bar-bar-stool/?variant=6310
Images detected on page for crona_light_bar_Bar_stool_6310, scrolling to load them...
Successfully opened URL for product crona_light_bar_Bar_stool_6310
Extracting images for product crona_light_bar_Bar_stool_6310...
Found 39 images for product crona_light_bar_Bar_stool_6310
Starting download with Playwright: https://live-brunner.pantheonsite.io/sites/default/files/styles/sm/public/oldImages/99099_Brunner_crona_light_bar_6310_Orgatec2018_HD_XL.jpg.webp?itok=_6WoVXyx
Finished download: https://live-brunner.pantheonsite.io/sites/default/files/styles/sm/public/oldImages/99099_Brunner_crona_light_bar_6310_Orgatec2018_HD_XL.jpg.webp?itok=_6WoVXyx -> crona_light_bar_Bar_stool_6310\image_1.jpg
Starting download with Playwright: https://live-brunner.pantheonsite.io/sites/default/files/styles/lg/public/oldImages/99099_Brunner_crona_light_bar_6310_Orgatec2018_HD_XL.jpg.webp?itok=PG__qxa0
Finished download: https://live-brunner.pantheonsite.io/sites/default/files/styles/lg/public/oldImages/99099_Brunner_crona_light_bar_6310_Orgatec2018_HD_XL.jpg.webp?itok=PG__qxa0 -> crona_light_bar_Bar_stool_6310\image_2.jpg
Starting download with Playwright: https://live-brunner.pantheonsite.io/sites/default/files/styles/original_webp/public/oldImages/99099_Brunner_crona_light_bar_6310_Orgatec2018_HD_XL.jpg.webp?itok=SlBGD1dX
Finished download: https://live-brunner.pantheonsite.io/sites/default/files/styles/original_webp/public/oldImages/99099_Brunner_crona_light_bar_6310_Orgatec2018_HD_XL.jpg.webp?itok=SlBGD1dX -> crona_light_bar_Bar_stool_6310\image_3.jpg
Starting download with Playwright: https://live-brunner.pantheonsite.io/sites/default/files/styles/sm/public/oldImages/99097_Brunner_crona_light_bar_6309_Loc_HD_XL.jpg.webp?itok=IgJcRZ1J
Finished download: https://live-brunner.pantheonsite.io/sites/default/files/styles/sm/public/oldImages/99097_Brunner_crona_light_bar_6309_Loc_HD_XL.jpg.webp?itok=IgJcRZ1J -> crona_light_bar_Bar_stool_6310\image_4.jpg
Starting download with Playwright: https://live-brunner.pantheonsite.io/sites/default/files/styles/lg/public/oldImages/99097_Brunner_crona_light_bar_6309_Loc_HD_XL.jpg.webp?itok=MP_b8yEw
Finished download: https://live-brunner.pantheonsite.io/sites/default/files/styles/lg/public/oldImages/99097_Brunner_crona_light_bar_6309_Loc_HD_XL.jpg.webp?itok=MP_b8yEw -> crona_light_bar_Bar_stool_6310\image_5.jpg
Starting download with Playwright: https://live-brunner.pantheonsite.io/sites/default/files/styles/original_webp/public/oldImages/99097_Brunner_crona_light_bar_6309_Loc_HD_XL.jpg.webp?itok=4rvdIZu3
Finished download: https://live-brunner.pantheonsite.io/sites/default/files/styles/original_webp/public/oldImages/99097_Brunner_crona_light_bar_6309_Loc_HD_XL.jpg.webp?itok=4rvdIZu3 -> crona_light_bar_Bar_stool_6310\image_6.jpg
Starting download with Playwright: https://live-brunner.pantheonsite.io/sites/default/files/styles/sm/public/oldImages/99103_Brunner_crona_light_bar_6308_Detail_gestapelt_HD_XL.jpg.webp?itok=BOuWBkbt
Finished download: https://live-brunner.pantheonsite.io/sites/default/files/styles/sm/public/oldImages/99103_Brunner_crona_light_bar_6308_Detail_gestapelt_HD_XL.jpg.webp?itok=BOuWBkbt -> crona_light_bar_Bar_stool_6310\image_7.jpg
Starting download with Playwright: https://live-brunner.pantheonsite.io/sites/default/files/styles/lg/public/oldImages/99103_Brunner_crona_light_bar_6308_Detail_gestapelt_HD_XL.jpg.webp?itok=XcnRqt71
Finished download: https://live-brunner.pantheonsite.io/sites/default/files/styles/lg/public/oldImages/99103_Brunner_crona_light_bar_6308_Detail_gestapelt_HD_XL.jpg.webp?itok=XcnRqt71 -> crona_light_bar_Bar_stool_6310\image_8.jpg
Starting download with Playwright: https://live-brunner.pantheonsite.io/sites/default/files/styles/original_webp/public/oldImages/99103_Brunner_crona_light_bar_6308_Detail_gestapelt_HD_XL.jpg.webp?itok=sdst565D
Finished download: https://live-brunner.pantheonsite.io/sites/default/files/styles/original_webp/public/oldImages/99103_Brunner_crona_light_bar_6308_Detail_gestapelt_HD_XL.jpg.webp?itok=sdst565D -> crona_light_bar_Bar_stool_6310\image_9.jpg
Starting download with Playwright: https://live-brunner.pantheonsite.io/sites/default/files/styles/sm/public/oldImages/99100_Brunner_crona_light_bar_6310_Loc_Bar_HD_XL.jpg.webp?itok=A7caRtvf
Finished download: https://live-brunner.pantheonsite.io/sites/default/files/styles/sm/public/oldImages/99100_Brunner_crona_light_bar_6310_Loc_Bar_HD_XL.jpg.webp?itok=A7caRtvf -> crona_light_bar_Bar_stool_6310\image_10.jpg
Starting download with Playwright: https://live-brunner.pantheonsite.io/sites/default/files/styles/lg/public/oldImages/99100_Brunner_crona_light_bar_6310_Loc_Bar_HD_XL.jpg.webp?itok=CJkq3aLR
Finished download: https://live-brunner.pantheonsite.io/sites/default/files/styles/lg/public/oldImages/99100_Brunner_crona_light_bar_6310_Loc_Bar_HD_XL.jpg.webp?itok=CJkq3aLR -> crona_light_bar_Bar_stool_6310\image_11.jpg
Starting download with Playwright: https://live-brunner.pantheonsite.io/sites/default/files/styles/original_webp/public/oldImages/99100_Brunner_crona_light_bar_6310_Loc_Bar_HD_XL.jpg.webp?itok=ij3Vm0qH
Finished download: https://live-brunner.pantheonsite.io/sites/default/files/styles/original_webp/public/oldImages/99100_Brunner_crona_light_bar_6310_Loc_Bar_HD_XL.jpg.webp?itok=ij3Vm0qH -> crona_light_bar_Bar_stool_6310\image_12.jpg
Starting download with Playwright: https://live-brunner.pantheonsite.io/sites/default/files/styles/sm/public/oldImages/99102_Brunner_crona_light_bar_6308_Loc_HD_XL.jpg.webp?itok=FFX7fPCl
Finished download: https://live-brunner.pantheonsite.io/sites/default/files/styles/sm/public/oldImages/99102_Brunner_crona_light_bar_6308_Loc_HD_XL.jpg.webp?itok=FFX7fPCl -> crona_light_bar_Bar_stool_6310\image_13.jpg
Starting download with Playwright: https://live-brunner.pantheonsite.io/sites/default/files/styles/lg/public/oldImages/99102_Brunner_crona_light_bar_6308_Loc_HD_XL.jpg.webp?itok=wY2x5DXL
Finished download: https://live-brunner.pantheonsite.io/sites/default/files/styles/lg/public/oldImages/99102_Brunner_crona_light_bar_6308_Loc_HD_XL.jpg.webp?itok=wY2x5DXL -> crona_light_bar_Bar_stool_6310\image_14.jpg
Starting download with Playwright: https://live-brunner.pantheonsite.io/sites/default/files/styles/original_webp/public/oldImages/99102_Brunner_crona_light_bar_6308_Loc_HD_XL.jpg.webp?itok=9mG1YayT
Finished download: https://live-brunner.pantheonsite.io/sites/default/files/styles/original_webp/public/oldImages/99102_Brunner_crona_light_bar_6308_Loc_HD_XL.jpg.webp?itok=9mG1YayT -> crona_light_bar_Bar_stool_6310\image_15.jpg
Starting download with Playwright: https://live-brunner.pantheonsite.io/sites/default/files/styles/sm/public/oldImages/99098_Brunner_crona_light_bar_6308_2050_HD_XL.jpg.webp?itok=uvPKSSHr
Finished download: https://live-brunner.pantheonsite.io/sites/default/files/styles/sm/public/oldImages/99098_Brunner_crona_light_bar_6308_2050_HD_XL.jpg.webp?itok=uvPKSSHr -> crona_light_bar_Bar_stool_6310\image_16.jpg
Starting download with Playwright: https://live-brunner.pantheonsite.io/sites/default/files/styles/lg/public/oldImages/99098_Brunner_crona_light_bar_6308_2050_HD_XL.jpg.webp?itok=tt4qI054
Finished download: https://live-brunner.pantheonsite.io/sites/default/files/styles/lg/public/oldImages/99098_Brunner_crona_light_bar_6308_2050_HD_XL.jpg.webp?itok=tt4qI054 -> crona_light_bar_Bar_stool_6310\image_17.jpg
Starting download with Playwright: https://live-brunner.pantheonsite.io/sites/default/files/styles/original_webp/public/oldImages/99098_Brunner_crona_light_bar_6308_2050_HD_XL.jpg.webp?itok=sSM_DfEw
Finished download: https://live-brunner.pantheonsite.io/sites/default/files/styles/original_webp/public/oldImages/99098_Brunner_crona_light_bar_6308_2050_HD_XL.jpg.webp?itok=sSM_DfEw -> crona_light_bar_Bar_stool_6310\image_18.jpg
Starting download with Playwright: https://live-brunner.pantheonsite.io/sites/default/files/styles/sm/public/oldImages/99101_Brunner_crona_light_bar_6309_HD_XL.jpg.webp?itok=eqnMK9us
Finished download: https://live-brunner.pantheonsite.io/sites/default/files/styles/sm/public/oldImages/99101_Brunner_crona_light_bar_6309_HD_XL.jpg.webp?itok=eqnMK9us -> crona_light_bar_Bar_stool_6310\image_19.jpg
Starting download with Playwright: https://live-brunner.pantheonsite.io/sites/default/files/styles/lg/public/oldImages/99101_Brunner_crona_light_bar_6309_HD_XL.jpg.webp?itok=W0k_X3Gp
Finished download: https://live-brunner.pantheonsite.io/sites/default/files/styles/lg/public/oldImages/99101_Brunner_crona_light_bar_6309_HD_XL.jpg.webp?itok=W0k_X3Gp -> crona_light_bar_Bar_stool_6310\image_20.jpg
Starting download with Playwright: https://live-brunner.pantheonsite.io/sites/default/files/styles/original_webp/public/oldImages/99101_Brunner_crona_light_bar_6309_HD_XL.jpg.webp?itok=D1Xcu9V_
Finished download: https://live-brunner.pantheonsite.io/sites/default/files/styles/original_webp/public/oldImages/99101_Brunner_crona_light_bar_6309_HD_XL.jpg.webp?itok=D1Xcu9V_ -> crona_light_bar_Bar_stool_6310\image_21.jpg
Starting download with Playwright: https://live-brunner.pantheonsite.io/sites/default/files/styles/sm/public/oldImages/99104_Brunner_crona_light_bar_6310_6308_6309_Loc_HD_XL.jpg.webp?itok=YV-h72El
Finished download: https://live-brunner.pantheonsite.io/sites/default/files/styles/sm/public/oldImages/99104_Brunner_crona_light_bar_6310_6308_6309_Loc_HD_XL.jpg.webp?itok=YV-h72El -> crona_light_bar_Bar_stool_6310\image_22.jpg
Starting download with Playwright: https://live-brunner.pantheonsite.io/sites/default/files/styles/lg/public/oldImages/99104_Brunner_crona_light_bar_6310_6308_6309_Loc_HD_XL.jpg.webp?itok=RjVFfgiZ
Finished download: https://live-brunner.pantheonsite.io/sites/default/files/styles/lg/public/oldImages/99104_Brunner_crona_light_bar_6310_6308_6309_Loc_HD_XL.jpg.webp?itok=RjVFfgiZ -> crona_light_bar_Bar_stool_6310\image_23.jpg
Starting download with Playwright: https://live-brunner.pantheonsite.io/sites/default/files/styles/original_webp/public/oldImages/99104_Brunner_crona_light_bar_6310_6308_6309_Loc_HD_XL.jpg.webp?itok=Ttg5hnaF
Finished download: https://live-brunner.pantheonsite.io/sites/default/files/styles/original_webp/public/oldImages/99104_Brunner_crona_light_bar_6310_6308_6309_Loc_HD_XL.jpg.webp?itok=Ttg5hnaF -> crona_light_bar_Bar_stool_6310\image_24.jpg
Starting download with Playwright: https://live-brunner.pantheonsite.io/sites/default/files/styles/sm/public/oldImages/99204_Brunner_crona-light-bar_IEE_Luxemburg%20_Marquardt_HD_XL.jpg.webp?itok=vuFYwZvy
Finished download: https://live-brunner.pantheonsite.io/sites/default/files/styles/sm/public/oldImages/99204_Brunner_crona-light-bar_IEE_Luxemburg%20_Marquardt_HD_XL.jpg.webp?itok=vuFYwZvy -> crona_light_bar_Bar_stool_6310\image_25.jpg
Starting download with Playwright: https://live-brunner.pantheonsite.io/sites/default/files/styles/lg/public/oldImages/99204_Brunner_crona-light-bar_IEE_Luxemburg%20_Marquardt_HD_XL.jpg.webp?itok=NQ3dQk_A
Finished download: https://live-brunner.pantheonsite.io/sites/default/files/styles/lg/public/oldImages/99204_Brunner_crona-light-bar_IEE_Luxemburg%20_Marquardt_HD_XL.jpg.webp?itok=NQ3dQk_A -> crona_light_bar_Bar_stool_6310\image_26.jpg
Starting download with Playwright: https://live-brunner.pantheonsite.io/sites/default/files/styles/original_webp/public/oldImages/99204_Brunner_crona-light-bar_IEE_Luxemburg%20_Marquardt_HD_XL.jpg.webp?itok=taAc65qJ
Finished download: https://live-brunner.pantheonsite.io/sites/default/files/styles/original_webp/public/oldImages/99204_Brunner_crona-light-bar_IEE_Luxemburg%20_Marquardt_HD_XL.jpg.webp?itok=taAc65qJ -> crona_light_bar_Bar_stool_6310\image_27.jpg
Starting download with Playwright: https://live-brunner.pantheonsite.io/sites/default/files/styles/sm/public/oldImages/97776_Brunner_crona_light_bar_6308_Stapel_HD_XL.jpg.webp?itok=DDIHh52N
Finished download: https://live-brunner.pantheonsite.io/sites/default/files/styles/sm/public/oldImages/97776_Brunner_crona_light_bar_6308_Stapel_HD_XL.jpg.webp?itok=DDIHh52N -> crona_light_bar_Bar_stool_6310\image_28.jpg
Starting download with Playwright: https://live-brunner.pantheonsite.io/sites/default/files/styles/lg/public/oldImages/97776_Brunner_crona_light_bar_6308_Stapel_HD_XL.jpg.webp?itok=Z0LFUTwB
Finished download: https://live-brunner.pantheonsite.io/sites/default/files/styles/lg/public/oldImages/97776_Brunner_crona_light_bar_6308_Stapel_HD_XL.jpg.webp?itok=Z0LFUTwB -> crona_light_bar_Bar_stool_6310\image_29.jpg
Starting download with Playwright: https://live-brunner.pantheonsite.io/sites/default/files/styles/original_webp/public/oldImages/97776_Brunner_crona_light_bar_6308_Stapel_HD_XL.jpg.webp?itok=s0IbUq7I
Finished download: https://live-brunner.pantheonsite.io/sites/default/files/styles/original_webp/public/oldImages/97776_Brunner_crona_light_bar_6308_Stapel_HD_XL.jpg.webp?itok=s0IbUq7I -> crona_light_bar_Bar_stool_6310\image_30.jpg
Starting download with Playwright: https://live-brunner.pantheonsite.io/sites/default/files/styles/sm/public/oldImages/97778_Brunner_crona_light_bar_6310_IF_HD_XL.jpg.webp?itok=lmEA13k_
Finished download: https://live-brunner.pantheonsite.io/sites/default/files/styles/sm/public/oldImages/97778_Brunner_crona_light_bar_6310_IF_HD_XL.jpg.webp?itok=lmEA13k_ -> crona_light_bar_Bar_stool_6310\image_31.jpg
Starting download with Playwright: https://live-brunner.pantheonsite.io/sites/default/files/styles/lg/public/oldImages/97778_Brunner_crona_light_bar_6310_IF_HD_XL.jpg.webp?itok=FjJMrka6
Finished download: https://live-brunner.pantheonsite.io/sites/default/files/styles/lg/public/oldImages/97778_Brunner_crona_light_bar_6310_IF_HD_XL.jpg.webp?itok=FjJMrka6 -> crona_light_bar_Bar_stool_6310\image_32.jpg
Starting download with Playwright: https://live-brunner.pantheonsite.io/sites/default/files/styles/original_webp/public/oldImages/97778_Brunner_crona_light_bar_6310_IF_HD_XL.jpg.webp?itok=BN_RLojg
Finished download: https://live-brunner.pantheonsite.io/sites/default/files/styles/original_webp/public/oldImages/97778_Brunner_crona_light_bar_6310_IF_HD_XL.jpg.webp?itok=BN_RLojg -> crona_light_bar_Bar_stool_6310\image_33.jpg
Starting download with Playwright: https://live-brunner.pantheonsite.io/sites/default/files/styles/sm/public/oldImages/97775_Brunner_crona_light_bar_6308_kufe-theke_HD_XL.jpg.webp?itok=a5-9eQGw
Finished download: https://live-brunner.pantheonsite.io/sites/default/files/styles/sm/public/oldImages/97775_Brunner_crona_light_bar_6308_kufe-theke_HD_XL.jpg.webp?itok=a5-9eQGw -> crona_light_bar_Bar_stool_6310\image_34.jpg
Starting download with Playwright: https://live-brunner.pantheonsite.io/sites/default/files/styles/lg/public/oldImages/97775_Brunner_crona_light_bar_6308_kufe-theke_HD_XL.jpg.webp?itok=2bDyj70P
Finished download: https://live-brunner.pantheonsite.io/sites/default/files/styles/lg/public/oldImages/97775_Brunner_crona_light_bar_6308_kufe-theke_HD_XL.jpg.webp?itok=2bDyj70P -> crona_light_bar_Bar_stool_6310\image_35.jpg
Starting download with Playwright: https://live-brunner.pantheonsite.io/sites/default/files/styles/original_webp/public/oldImages/97775_Brunner_crona_light_bar_6308_kufe-theke_HD_XL.jpg.webp?itok=B-pXQ-RF
Finished download: https://live-brunner.pantheonsite.io/sites/default/files/styles/original_webp/public/oldImages/97775_Brunner_crona_light_bar_6308_kufe-theke_HD_XL.jpg.webp?itok=B-pXQ-RF -> crona_light_bar_Bar_stool_6310\image_36.jpg
Starting download with Playwright: https://live-brunner.pantheonsite.io/sites/default/files/styles/sm/public/oldImages/97777_Brunner_crona_light_bar_6308_Stapel-Detail_HD_XL.jpg.webp?itok=eaHhvraU
Finished download: https://live-brunner.pantheonsite.io/sites/default/files/styles/sm/public/oldImages/97777_Brunner_crona_light_bar_6308_Stapel-Detail_HD_XL.jpg.webp?itok=eaHhvraU -> crona_light_bar_Bar_stool_6310\image_37.jpg
Starting download with Playwright: https://live-brunner.pantheonsite.io/sites/default/files/styles/lg/public/oldImages/97777_Brunner_crona_light_bar_6308_Stapel-Detail_HD_XL.jpg.webp?itok=Q4L1ZIID
Finished download: https://live-brunner.pantheonsite.io/sites/default/files/styles/lg/public/oldImages/97777_Brunner_crona_light_bar_6308_Stapel-Detail_HD_XL.jpg.webp?itok=Q4L1ZIID -> crona_light_bar_Bar_stool_6310\image_38.jpg
Starting download with Playwright: https://live-brunner.pantheonsite.io/sites/default/files/styles/original_webp/public/oldImages/97777_Brunner_crona_light_bar_6308_Stapel-Detail_HD_XL.jpg.webp?itok=D-_dYmLw
Finished download: https://live-brunner.pantheonsite.io/sites/default/files/styles/original_webp/public/oldImages/97777_Brunner_crona_light_bar_6308_Stapel-Detail_HD_XL.jpg.webp?itok=D-_dYmLw -> crona_light_bar_Bar_stool_6310\image_39.jpg
Completed image downloads for product crona_light_bar_Bar_stool_6310
Extracting features for product crona_light_bar_Bar_stool_6310...
Features saved for product crona_light_bar_Bar_stool_6310
Attempting to access Downloads tab for product crona_light_bar_Bar_stool_6310...
Starting download of PDF: https://live-brunner.pantheonsite.io/sites/default/files/oldPdfs/Produktdatenblaetter/Produktdatenblaetter_EN/crona_light_bar_Brunner_product_data_sheet_EN.pdf
Downloaded product_sheet.pdf for product crona_light_bar_Bar_stool_6310
Opening URL for product hoc_Bar_stool_9101: https://brunner-group.com/en/products/hoc-bar-stool/?variant=9101
Images detected on page for hoc_Bar_stool_9101, scrolling to load them...
Successfully opened URL for product hoc_Bar_stool_9101
Extracting images for product hoc_Bar_stool_9101...
Found 36 images for product hoc_Bar_stool_9101
Starting download with Playwright: https://live-brunner.pantheonsite.io/sites/default/files/styles/sm/public/oldImages/33631_hoc_9101_9149_XL.jpg.webp?itok=zckgzo7V
Finished download: https://live-brunner.pantheonsite.io/sites/default/files/styles/sm/public/oldImages/33631_hoc_9101_9149_XL.jpg.webp?itok=zckgzo7V -> hoc_Bar_stool_9101\image_1.jpg
Starting download with Playwright: https://live-brunner.pantheonsite.io/sites/default/files/styles/lg/public/oldImages/33631_hoc_9101_9149_XL.jpg.webp?itok=ZoiWXSOo
Finished download: https://live-brunner.pantheonsite.io/sites/default/files/styles/lg/public/oldImages/33631_hoc_9101_9149_XL.jpg.webp?itok=ZoiWXSOo -> hoc_Bar_stool_9101\image_2.jpg
Starting download with Playwright: https://live-brunner.pantheonsite.io/sites/default/files/styles/original_webp/public/oldImages/33631_hoc_9101_9149_XL.jpg.webp?itok=W_YCwcCu
Finished download: https://live-brunner.pantheonsite.io/sites/default/files/styles/original_webp/public/oldImages/33631_hoc_9101_9149_XL.jpg.webp?itok=W_YCwcCu -> hoc_Bar_stool_9101\image_3.jpg
Starting download with Playwright: https://live-brunner.pantheonsite.io/sites/default/files/styles/sm/public/oldImages/33633_hoc_9101_XL.jpg.webp?itok=IBgJScEg
Finished download: https://live-brunner.pantheonsite.io/sites/default/files/styles/sm/public/oldImages/33633_hoc_9101_XL.jpg.webp?itok=IBgJScEg -> hoc_Bar_stool_9101\image_4.jpg
Starting download with Playwright: https://live-brunner.pantheonsite.io/sites/default/files/styles/lg/public/oldImages/33633_hoc_9101_XL.jpg.webp?itok=8NEnANh-
Finished download: https://live-brunner.pantheonsite.io/sites/default/files/styles/lg/public/oldImages/33633_hoc_9101_XL.jpg.webp?itok=8NEnANh- -> hoc_Bar_stool_9101\image_5.jpg
Starting download with Playwright: https://live-brunner.pantheonsite.io/sites/default/files/styles/original_webp/public/oldImages/33633_hoc_9101_XL.jpg.webp?itok=NL0O7tTi
Finished download: https://live-brunner.pantheonsite.io/sites/default/files/styles/original_webp/public/oldImages/33633_hoc_9101_XL.jpg.webp?itok=NL0O7tTi -> hoc_Bar_stool_9101\image_6.jpg
Starting download with Playwright: https://live-brunner.pantheonsite.io/sites/default/files/styles/sm/public/oldImages/28619_hoc_9181_3_9101_HPL_Loc_XL.jpg.webp?itok=PPI-koVg
Finished download: https://live-brunner.pantheonsite.io/sites/default/files/styles/sm/public/oldImages/28619_hoc_9181_3_9101_HPL_Loc_XL.jpg.webp?itok=PPI-koVg -> hoc_Bar_stool_9101\image_7.jpg
Starting download with Playwright: https://live-brunner.pantheonsite.io/sites/default/files/styles/lg/public/oldImages/28619_hoc_9181_3_9101_HPL_Loc_XL.jpg.webp?itok=IBMU47uQ
Finished download: https://live-brunner.pantheonsite.io/sites/default/files/styles/lg/public/oldImages/28619_hoc_9181_3_9101_HPL_Loc_XL.jpg.webp?itok=IBMU47uQ -> hoc_Bar_stool_9101\image_8.jpg
Starting download with Playwright: https://live-brunner.pantheonsite.io/sites/default/files/styles/original_webp/public/oldImages/28619_hoc_9181_3_9101_HPL_Loc_XL.jpg.webp?itok=cc0Fi8uI
Finished download: https://live-brunner.pantheonsite.io/sites/default/files/styles/original_webp/public/oldImages/28619_hoc_9181_3_9101_HPL_Loc_XL.jpg.webp?itok=cc0Fi8uI -> hoc_Bar_stool_9101\image_9.jpg
Starting download with Playwright: https://live-brunner.pantheonsite.io/sites/default/files/styles/sm/public/oldImages/9928_hoc_9101_Loc_XL.jpg.webp?itok=omezuMOD
Finished download: https://live-brunner.pantheonsite.io/sites/default/files/styles/sm/public/oldImages/9928_hoc_9101_Loc_XL.jpg.webp?itok=omezuMOD -> hoc_Bar_stool_9101\image_10.jpg
Starting download with Playwright: https://live-brunner.pantheonsite.io/sites/default/files/styles/lg/public/oldImages/9928_hoc_9101_Loc_XL.jpg.webp?itok=3TRPlO0z
Finished download: https://live-brunner.pantheonsite.io/sites/default/files/styles/lg/public/oldImages/9928_hoc_9101_Loc_XL.jpg.webp?itok=3TRPlO0z -> hoc_Bar_stool_9101\image_11.jpg
Starting download with Playwright: https://live-brunner.pantheonsite.io/sites/default/files/styles/original_webp/public/oldImages/9928_hoc_9101_Loc_XL.jpg.webp?itok=kvda_p1Q
Finished download: https://live-brunner.pantheonsite.io/sites/default/files/styles/original_webp/public/oldImages/9928_hoc_9101_Loc_XL.jpg.webp?itok=kvda_p1Q -> hoc_Bar_stool_9101\image_12.jpg
Starting download with Playwright: https://live-brunner.pantheonsite.io/sites/default/files/styles/sm/public/oldImages/97877_Brunner_Beau_Soleil_EvelynGfeller_hoc_HD_XL.jpg.webp?itok=9HF86OS4
Finished download: https://live-brunner.pantheonsite.io/sites/default/files/styles/sm/public/oldImages/97877_Brunner_Beau_Soleil_EvelynGfeller_hoc_HD_XL.jpg.webp?itok=9HF86OS4 -> hoc_Bar_stool_9101\image_13.jpg
Starting download with Playwright: https://live-brunner.pantheonsite.io/sites/default/files/styles/lg/public/oldImages/97877_Brunner_Beau_Soleil_EvelynGfeller_hoc_HD_XL.jpg.webp?itok=igqinSMP
Finished download: https://live-brunner.pantheonsite.io/sites/default/files/styles/lg/public/oldImages/97877_Brunner_Beau_Soleil_EvelynGfeller_hoc_HD_XL.jpg.webp?itok=igqinSMP -> hoc_Bar_stool_9101\image_14.jpg
Starting download with Playwright: https://live-brunner.pantheonsite.io/sites/default/files/styles/original_webp/public/oldImages/97877_Brunner_Beau_Soleil_EvelynGfeller_hoc_HD_XL.jpg.webp?itok=jGZ8VBpf
Finished download: https://live-brunner.pantheonsite.io/sites/default/files/styles/original_webp/public/oldImages/97877_Brunner_Beau_Soleil_EvelynGfeller_hoc_HD_XL.jpg.webp?itok=jGZ8VBpf -> hoc_Bar_stool_9101\image_15.jpg
Starting download with Playwright: https://live-brunner.pantheonsite.io/sites/default/files/styles/sm/public/oldImages/62761_Brunner_2050_hoc_9101_XL.jpg.webp?itok=cw3odNl2
Finished download: https://live-brunner.pantheonsite.io/sites/default/files/styles/sm/public/oldImages/62761_Brunner_2050_hoc_9101_XL.jpg.webp?itok=cw3odNl2 -> hoc_Bar_stool_9101\image_16.jpg
Starting download with Playwright: https://live-brunner.pantheonsite.io/sites/default/files/styles/lg/public/oldImages/62761_Brunner_2050_hoc_9101_XL.jpg.webp?itok=i-qa1tNQ
Finished download: https://live-brunner.pantheonsite.io/sites/default/files/styles/lg/public/oldImages/62761_Brunner_2050_hoc_9101_XL.jpg.webp?itok=i-qa1tNQ -> hoc_Bar_stool_9101\image_17.jpg
Starting download with Playwright: https://live-brunner.pantheonsite.io/sites/default/files/styles/original_webp/public/oldImages/62761_Brunner_2050_hoc_9101_XL.jpg.webp?itok=ctcJZiR3
Finished download: https://live-brunner.pantheonsite.io/sites/default/files/styles/original_webp/public/oldImages/62761_Brunner_2050_hoc_9101_XL.jpg.webp?itok=ctcJZiR3 -> hoc_Bar_stool_9101\image_18.jpg
Starting download with Playwright: https://live-brunner.pantheonsite.io/sites/default/files/styles/sm/public/oldImages/97869_Brunner_hoc_9101_HD_XL.jpg.webp?itok=waWxF3O0
Finished download: https://live-brunner.pantheonsite.io/sites/default/files/styles/sm/public/oldImages/97869_Brunner_hoc_9101_HD_XL.jpg.webp?itok=waWxF3O0 -> hoc_Bar_stool_9101\image_19.jpg
Starting download with Playwright: https://live-brunner.pantheonsite.io/sites/default/files/styles/lg/public/oldImages/97869_Brunner_hoc_9101_HD_XL.jpg.webp?itok=Tr3rvSgi
Finished download: https://live-brunner.pantheonsite.io/sites/default/files/styles/lg/public/oldImages/97869_Brunner_hoc_9101_HD_XL.jpg.webp?itok=Tr3rvSgi -> hoc_Bar_stool_9101\image_20.jpg
Starting download with Playwright: https://live-brunner.pantheonsite.io/sites/default/files/styles/original_webp/public/oldImages/97869_Brunner_hoc_9101_HD_XL.jpg.webp?itok=uvrBhlqa
Finished download: https://live-brunner.pantheonsite.io/sites/default/files/styles/original_webp/public/oldImages/97869_Brunner_hoc_9101_HD_XL.jpg.webp?itok=uvrBhlqa -> hoc_Bar_stool_9101\image_21.jpg
Starting download with Playwright: https://live-brunner.pantheonsite.io/sites/default/files/styles/sm/public/oldImages/9931_hoc_9101_Eiche_Sitzpolster_XL.jpg.webp?itok=baYDNCK9
Finished download: https://live-brunner.pantheonsite.io/sites/default/files/styles/sm/public/oldImages/9931_hoc_9101_Eiche_Sitzpolster_XL.jpg.webp?itok=baYDNCK9 -> hoc_Bar_stool_9101\image_22.jpg
Starting download with Playwright: https://live-brunner.pantheonsite.io/sites/default/files/styles/lg/public/oldImages/9931_hoc_9101_Eiche_Sitzpolster_XL.jpg.webp?itok=aNLHtOWE
Finished download: https://live-brunner.pantheonsite.io/sites/default/files/styles/lg/public/oldImages/9931_hoc_9101_Eiche_Sitzpolster_XL.jpg.webp?itok=aNLHtOWE -> hoc_Bar_stool_9101\image_23.jpg
Starting download with Playwright: https://live-brunner.pantheonsite.io/sites/default/files/styles/original_webp/public/oldImages/9931_hoc_9101_Eiche_Sitzpolster_XL.jpg.webp?itok=Qbr8n9na
Finished download: https://live-brunner.pantheonsite.io/sites/default/files/styles/original_webp/public/oldImages/9931_hoc_9101_Eiche_Sitzpolster_XL.jpg.webp?itok=Qbr8n9na -> hoc_Bar_stool_9101\image_24.jpg
Starting download with Playwright: https://live-brunner.pantheonsite.io/sites/default/files/styles/sm/public/oldImages/22110_hoc_9101_9181_3_XL.jpg.webp?itok=fJ0llHFO
Finished download: https://live-brunner.pantheonsite.io/sites/default/files/styles/sm/public/oldImages/22110_hoc_9101_9181_3_XL.jpg.webp?itok=fJ0llHFO -> hoc_Bar_stool_9101\image_25.jpg
Starting download with Playwright: https://live-brunner.pantheonsite.io/sites/default/files/styles/lg/public/oldImages/22110_hoc_9101_9181_3_XL.jpg.webp?itok=7YR0qEcW
Finished download: https://live-brunner.pantheonsite.io/sites/default/files/styles/lg/public/oldImages/22110_hoc_9101_9181_3_XL.jpg.webp?itok=7YR0qEcW -> hoc_Bar_stool_9101\image_26.jpg
Starting download with Playwright: https://live-brunner.pantheonsite.io/sites/default/files/styles/original_webp/public/oldImages/22110_hoc_9101_9181_3_XL.jpg.webp?itok=MAEbaGSt
Finished download: https://live-brunner.pantheonsite.io/sites/default/files/styles/original_webp/public/oldImages/22110_hoc_9101_9181_3_XL.jpg.webp?itok=MAEbaGSt -> hoc_Bar_stool_9101\image_27.jpg
Starting download with Playwright: https://live-brunner.pantheonsite.io/sites/default/files/styles/sm/public/oldImages/97855_Brunner_IF_lift_7882_hoc_9101_team_TE100_HD_XL.jpg.webp?itok=GUZTcEgd
Finished download: https://live-brunner.pantheonsite.io/sites/default/files/styles/sm/public/oldImages/97855_Brunner_IF_lift_7882_hoc_9101_team_TE100_HD_XL.jpg.webp?itok=GUZTcEgd -> hoc_Bar_stool_9101\image_28.jpg
Starting download with Playwright: https://live-brunner.pantheonsite.io/sites/default/files/styles/lg/public/oldImages/97855_Brunner_IF_lift_7882_hoc_9101_team_TE100_HD_XL.jpg.webp?itok=6mQC_RXV
Finished download: https://live-brunner.pantheonsite.io/sites/default/files/styles/lg/public/oldImages/97855_Brunner_IF_lift_7882_hoc_9101_team_TE100_HD_XL.jpg.webp?itok=6mQC_RXV -> hoc_Bar_stool_9101\image_29.jpg
Starting download with Playwright: https://live-brunner.pantheonsite.io/sites/default/files/styles/original_webp/public/oldImages/97855_Brunner_IF_lift_7882_hoc_9101_team_TE100_HD_XL.jpg.webp?itok=xNO5wGO7
Finished download: https://live-brunner.pantheonsite.io/sites/default/files/styles/original_webp/public/oldImages/97855_Brunner_IF_lift_7882_hoc_9101_team_TE100_HD_XL.jpg.webp?itok=xNO5wGO7 -> hoc_Bar_stool_9101\image_30.jpg
Starting download with Playwright: https://live-brunner.pantheonsite.io/sites/default/files/styles/sm/public/oldImages/97871_Brunner_hoc_9101_9177_Loc_HD_XL.jpg.webp?itok=KkTICXuB
Finished download: https://live-brunner.pantheonsite.io/sites/default/files/styles/sm/public/oldImages/97871_Brunner_hoc_9101_9177_Loc_HD_XL.jpg.webp?itok=KkTICXuB -> hoc_Bar_stool_9101\image_31.jpg
Starting download with Playwright: https://live-brunner.pantheonsite.io/sites/default/files/styles/lg/public/oldImages/97871_Brunner_hoc_9101_9177_Loc_HD_XL.jpg.webp?itok=kUObP8Xv
Finished download: https://live-brunner.pantheonsite.io/sites/default/files/styles/lg/public/oldImages/97871_Brunner_hoc_9101_9177_Loc_HD_XL.jpg.webp?itok=kUObP8Xv -> hoc_Bar_stool_9101\image_32.jpg
Starting download with Playwright: https://live-brunner.pantheonsite.io/sites/default/files/styles/original_webp/public/oldImages/97871_Brunner_hoc_9101_9177_Loc_HD_XL.jpg.webp?itok=BOBQ318u
Finished download: https://live-brunner.pantheonsite.io/sites/default/files/styles/original_webp/public/oldImages/97871_Brunner_hoc_9101_9177_Loc_HD_XL.jpg.webp?itok=BOBQ318u -> hoc_Bar_stool_9101\image_33.jpg
Starting download with Playwright: https://live-brunner.pantheonsite.io/sites/default/files/styles/sm/public/oldImages/9930_hoc_9101_Eiche_XL.jpg.webp?itok=EEYqDdxv
Finished download: https://live-brunner.pantheonsite.io/sites/default/files/styles/sm/public/oldImages/9930_hoc_9101_Eiche_XL.jpg.webp?itok=EEYqDdxv -> hoc_Bar_stool_9101\image_34.jpg
Starting download with Playwright: https://live-brunner.pantheonsite.io/sites/default/files/styles/lg/public/oldImages/9930_hoc_9101_Eiche_XL.jpg.webp?itok=S0jB6ZQy
Finished download: https://live-brunner.pantheonsite.io/sites/default/files/styles/lg/public/oldImages/9930_hoc_9101_Eiche_XL.jpg.webp?itok=S0jB6ZQy -> hoc_Bar_stool_9101\image_35.jpg
Starting download with Playwright: https://live-brunner.pantheonsite.io/sites/default/files/styles/original_webp/public/oldImages/9930_hoc_9101_Eiche_XL.jpg.webp?itok=FsekUd29
Finished download: https://live-brunner.pantheonsite.io/sites/default/files/styles/original_webp/public/oldImages/9930_hoc_9101_Eiche_XL.jpg.webp?itok=FsekUd29 -> hoc_Bar_stool_9101\image_36.jpg
Completed image downloads for product hoc_Bar_stool_9101
Extracting features for product hoc_Bar_stool_9101...
Features saved for product hoc_Bar_stool_9101
Attempting to access Downloads tab for product hoc_Bar_stool_9101...
Starting download of PDF: https://live-brunner.pantheonsite.io/sites/default/files/oldPdfs/https%3A//www.brunner-group.comProduktdatenblaetter/Produktdatenblaetter_EN/Brunner_product_data_sheet_hoc_EN.pdf
[PDF Download] Failed for product hoc_Bar_stool_9101: HTTP status 404
Opening URL for product pads_Lounge_chair_1420-0110: https://brunner-group.com/en/products/pads-lounge-stool/?variant=1420-0110
Images detected on page for pads_Lounge_chair_1420-0110, scrolling to load them...
Successfully opened URL for product pads_Lounge_chair_1420-0110
Extracting images for product pads_Lounge_chair_1420-0110...
Found 45 images for product pads_Lounge_chair_1420-0110
Starting download with Playwright: https://live-brunner.pantheonsite.io/sites/default/files/styles/sm/public/oldImages/112751_Brunner_Thumbnail_Design_News_Snippets_pads_XL.jpg.webp?itok=ZI_3SoIw
Finished download: https://live-brunner.pantheonsite.io/sites/default/files/styles/sm/public/oldImages/112751_Brunner_Thumbnail_Design_News_Snippets_pads_XL.jpg.webp?itok=ZI_3SoIw -> pads_Lounge_chair_1420-0110\image_1.jpg
Starting download with Playwright: https://live-brunner.pantheonsite.io/sites/default/files/styles/lg/public/oldImages/112751_Brunner_Thumbnail_Design_News_Snippets_pads_XL.jpg.webp?itok=d9h3dyLW
Finished download: https://live-brunner.pantheonsite.io/sites/default/files/styles/lg/public/oldImages/112751_Brunner_Thumbnail_Design_News_Snippets_pads_XL.jpg.webp?itok=d9h3dyLW -> pads_Lounge_chair_1420-0110\image_2.jpg
Starting download with Playwright: https://live-brunner.pantheonsite.io/sites/default/files/styles/original_webp/public/oldImages/112751_Brunner_Thumbnail_Design_News_Snippets_pads_XL.jpg.webp?itok=0A21Od_G
Finished download: https://live-brunner.pantheonsite.io/sites/default/files/styles/original_webp/public/oldImages/112751_Brunner_Thumbnail_Design_News_Snippets_pads_XL.jpg.webp?itok=0A21Od_G -> pads_Lounge_chair_1420-0110\image_3.jpg
Starting download with Playwright: https://live-brunner.pantheonsite.io/sites/default/files/styles/sm/public/oldImages/110683_Brunner_pads_1420-0120_1420-0310_valet_VT-1003_VT-1002_HD_XL.jpg.webp?itok=dgVUVf7X
Finished download: https://live-brunner.pantheonsite.io/sites/default/files/styles/sm/public/oldImages/110683_Brunner_pads_1420-0120_1420-0310_valet_VT-1003_VT-1002_HD_XL.jpg.webp?itok=dgVUVf7X -> pads_Lounge_chair_1420-0110\image_4.jpg
Starting download with Playwright: https://live-brunner.pantheonsite.io/sites/default/files/styles/lg/public/oldImages/110683_Brunner_pads_1420-0120_1420-0310_valet_VT-1003_VT-1002_HD_XL.jpg.webp?itok=sycv5rnw
Finished download: https://live-brunner.pantheonsite.io/sites/default/files/styles/lg/public/oldImages/110683_Brunner_pads_1420-0120_1420-0310_valet_VT-1003_VT-1002_HD_XL.jpg.webp?itok=sycv5rnw -> pads_Lounge_chair_1420-0110\image_5.jpg
Starting download with Playwright: https://live-brunner.pantheonsite.io/sites/default/files/styles/original_webp/public/oldImages/110683_Brunner_pads_1420-0120_1420-0310_valet_VT-1003_VT-1002_HD_XL.jpg.webp?itok=r5ltNki_
Finished download: https://live-brunner.pantheonsite.io/sites/default/files/styles/original_webp/public/oldImages/110683_Brunner_pads_1420-0120_1420-0310_valet_VT-1003_VT-1002_HD_XL.jpg.webp?itok=r5ltNki_ -> pads_Lounge_chair_1420-0110\image_6.jpg
Starting download with Playwright: https://live-brunner.pantheonsite.io/sites/default/files/styles/sm/public/oldImages/110684_Brunner_pads_1420-0120_Rollen_Detail_HD_XL.jpg.webp?itok=TmY--BLf
Finished download: https://live-brunner.pantheonsite.io/sites/default/files/styles/sm/public/oldImages/110684_Brunner_pads_1420-0120_Rollen_Detail_HD_XL.jpg.webp?itok=TmY--BLf -> pads_Lounge_chair_1420-0110\image_7.jpg
Starting download with Playwright: https://live-brunner.pantheonsite.io/sites/default/files/styles/lg/public/oldImages/110684_Brunner_pads_1420-0120_Rollen_Detail_HD_XL.jpg.webp?itok=u_77crL8
Finished download: https://live-brunner.pantheonsite.io/sites/default/files/styles/lg/public/oldImages/110684_Brunner_pads_1420-0120_Rollen_Detail_HD_XL.jpg.webp?itok=u_77crL8 -> pads_Lounge_chair_1420-0110\image_8.jpg
Starting download with Playwright: https://live-brunner.pantheonsite.io/sites/default/files/styles/original_webp/public/oldImages/110684_Brunner_pads_1420-0120_Rollen_Detail_HD_XL.jpg.webp?itok=hfpIvMKy
Finished download: https://live-brunner.pantheonsite.io/sites/default/files/styles/original_webp/public/oldImages/110684_Brunner_pads_1420-0120_Rollen_Detail_HD_XL.jpg.webp?itok=hfpIvMKy -> pads_Lounge_chair_1420-0110\image_9.jpg
Starting download with Playwright: https://live-brunner.pantheonsite.io/sites/default/files/styles/sm/public/oldImages/115430_Brunner_pads_1420-0010_HD_XL.jpg.webp?itok=N8Xjcs4C
Finished download: https://live-brunner.pantheonsite.io/sites/default/files/styles/sm/public/oldImages/115430_Brunner_pads_1420-0010_HD_XL.jpg.webp?itok=N8Xjcs4C -> pads_Lounge_chair_1420-0110\image_10.jpg
Starting download with Playwright: https://live-brunner.pantheonsite.io/sites/default/files/styles/lg/public/oldImages/115430_Brunner_pads_1420-0010_HD_XL.jpg.webp?itok=INBeliAf
Finished download: https://live-brunner.pantheonsite.io/sites/default/files/styles/lg/public/oldImages/115430_Brunner_pads_1420-0010_HD_XL.jpg.webp?itok=INBeliAf -> pads_Lounge_chair_1420-0110\image_11.jpg
Starting download with Playwright: https://live-brunner.pantheonsite.io/sites/default/files/styles/original_webp/public/oldImages/115430_Brunner_pads_1420-0010_HD_XL.jpg.webp?itok=y5DEDV7d
Finished download: https://live-brunner.pantheonsite.io/sites/default/files/styles/original_webp/public/oldImages/115430_Brunner_pads_1420-0010_HD_XL.jpg.webp?itok=y5DEDV7d -> pads_Lounge_chair_1420-0110\image_12.jpg
Starting download with Playwright: https://live-brunner.pantheonsite.io/sites/default/files/styles/sm/public/oldImages/110959_Brunner_pads_1420-0310_03_HD_XL.jpg.webp?itok=Uhn4wohW
Finished download: https://live-brunner.pantheonsite.io/sites/default/files/styles/sm/public/oldImages/110959_Brunner_pads_1420-0310_03_HD_XL.jpg.webp?itok=Uhn4wohW -> pads_Lounge_chair_1420-0110\image_13.jpg
Starting download with Playwright: https://live-brunner.pantheonsite.io/sites/default/files/styles/lg/public/oldImages/110959_Brunner_pads_1420-0310_03_HD_XL.jpg.webp?itok=VA1CPFWu
Finished download: https://live-brunner.pantheonsite.io/sites/default/files/styles/lg/public/oldImages/110959_Brunner_pads_1420-0310_03_HD_XL.jpg.webp?itok=VA1CPFWu -> pads_Lounge_chair_1420-0110\image_14.jpg
Starting download with Playwright: https://live-brunner.pantheonsite.io/sites/default/files/styles/original_webp/public/oldImages/110959_Brunner_pads_1420-0310_03_HD_XL.jpg.webp?itok=ge1y1K4u
Finished download: https://live-brunner.pantheonsite.io/sites/default/files/styles/original_webp/public/oldImages/110959_Brunner_pads_1420-0310_03_HD_XL.jpg.webp?itok=ge1y1K4u -> pads_Lounge_chair_1420-0110\image_15.jpg
Starting download with Playwright: https://live-brunner.pantheonsite.io/sites/default/files/styles/sm/public/oldImages/110961_Brunner_pads_1420_0120_Griff_03_HD_XL.jpg.webp?itok=bIdvR7QM
Finished download: https://live-brunner.pantheonsite.io/sites/default/files/styles/sm/public/oldImages/110961_Brunner_pads_1420_0120_Griff_03_HD_XL.jpg.webp?itok=bIdvR7QM -> pads_Lounge_chair_1420-0110\image_16.jpg
Starting download with Playwright: https://live-brunner.pantheonsite.io/sites/default/files/styles/lg/public/oldImages/110961_Brunner_pads_1420_0120_Griff_03_HD_XL.jpg.webp?itok=hsj6pPul
Finished download: https://live-brunner.pantheonsite.io/sites/default/files/styles/lg/public/oldImages/110961_Brunner_pads_1420_0120_Griff_03_HD_XL.jpg.webp?itok=hsj6pPul -> pads_Lounge_chair_1420-0110\image_17.jpg
Starting download with Playwright: https://live-brunner.pantheonsite.io/sites/default/files/styles/original_webp/public/oldImages/110961_Brunner_pads_1420_0120_Griff_03_HD_XL.jpg.webp?itok=U4rj072r
Finished download: https://live-brunner.pantheonsite.io/sites/default/files/styles/original_webp/public/oldImages/110961_Brunner_pads_1420_0120_Griff_03_HD_XL.jpg.webp?itok=U4rj072r -> pads_Lounge_chair_1420-0110\image_18.jpg
Starting download with Playwright: https://live-brunner.pantheonsite.io/sites/default/files/styles/sm/public/oldImages/110960_Brunner_Future_Works_Open_Plan_Office_Einzelrendering_02_HD_XL.jpg.webp?itok=GvU4D3C2
Finished download: https://live-brunner.pantheonsite.io/sites/default/files/styles/sm/public/oldImages/110960_Brunner_Future_Works_Open_Plan_Office_Einzelrendering_02_HD_XL.jpg.webp?itok=GvU4D3C2 -> pads_Lounge_chair_1420-0110\image_19.jpg
Starting download with Playwright: https://live-brunner.pantheonsite.io/sites/default/files/styles/lg/public/oldImages/110960_Brunner_Future_Works_Open_Plan_Office_Einzelrendering_02_HD_XL.jpg.webp?itok=TczmfuXA
Finished download: https://live-brunner.pantheonsite.io/sites/default/files/styles/lg/public/oldImages/110960_Brunner_Future_Works_Open_Plan_Office_Einzelrendering_02_HD_XL.jpg.webp?itok=TczmfuXA -> pads_Lounge_chair_1420-0110\image_20.jpg
Starting download with Playwright: https://live-brunner.pantheonsite.io/sites/default/files/styles/original_webp/public/oldImages/110960_Brunner_Future_Works_Open_Plan_Office_Einzelrendering_02_HD_XL.jpg.webp?itok=kk0Vo83u
Finished download: https://live-brunner.pantheonsite.io/sites/default/files/styles/original_webp/public/oldImages/110960_Brunner_Future_Works_Open_Plan_Office_Einzelrendering_02_HD_XL.jpg.webp?itok=kk0Vo83u -> pads_Lounge_chair_1420-0110\image_21.jpg
Starting download with Playwright: https://live-brunner.pantheonsite.io/sites/default/files/styles/sm/public/oldImages/110965_Brunner_pads_1420-0220_03_HD_XL.jpg.webp?itok=WejSoYHs
Finished download: https://live-brunner.pantheonsite.io/sites/default/files/styles/sm/public/oldImages/110965_Brunner_pads_1420-0220_03_HD_XL.jpg.webp?itok=WejSoYHs -> pads_Lounge_chair_1420-0110\image_22.jpg
Starting download with Playwright: https://live-brunner.pantheonsite.io/sites/default/files/styles/lg/public/oldImages/110965_Brunner_pads_1420-0220_03_HD_XL.jpg.webp?itok=EAuyo4Yc
Finished download: https://live-brunner.pantheonsite.io/sites/default/files/styles/lg/public/oldImages/110965_Brunner_pads_1420-0220_03_HD_XL.jpg.webp?itok=EAuyo4Yc -> pads_Lounge_chair_1420-0110\image_23.jpg
Starting download with Playwright: https://live-brunner.pantheonsite.io/sites/default/files/styles/original_webp/public/oldImages/110965_Brunner_pads_1420-0220_03_HD_XL.jpg.webp?itok=ba2Z1lmT
Finished download: https://live-brunner.pantheonsite.io/sites/default/files/styles/original_webp/public/oldImages/110965_Brunner_pads_1420-0220_03_HD_XL.jpg.webp?itok=ba2Z1lmT -> pads_Lounge_chair_1420-0110\image_24.jpg
Starting download with Playwright: https://live-brunner.pantheonsite.io/sites/default/files/styles/sm/public/oldImages/110698_Brunner_pads_1420-0120_1420-0310_1420-0220_pads_1400-0120_ray_work_9220_nate_s_7770_HD_XL.jpg.webp?itok=VWmKMamr
Finished download: https://live-brunner.pantheonsite.io/sites/default/files/styles/sm/public/oldImages/110698_Brunner_pads_1420-0120_1420-0310_1420-0220_pads_1400-0120_ray_work_9220_nate_s_7770_HD_XL.jpg.webp?itok=VWmKMamr -> pads_Lounge_chair_1420-0110\image_25.jpg
Starting download with Playwright: https://live-brunner.pantheonsite.io/sites/default/files/styles/lg/public/oldImages/110698_Brunner_pads_1420-0120_1420-0310_1420-0220_pads_1400-0120_ray_work_9220_nate_s_7770_HD_XL.jpg.webp?itok=2cNYLbNb
Finished download: https://live-brunner.pantheonsite.io/sites/default/files/styles/lg/public/oldImages/110698_Brunner_pads_1420-0120_1420-0310_1420-0220_pads_1400-0120_ray_work_9220_nate_s_7770_HD_XL.jpg.webp?itok=2cNYLbNb -> pads_Lounge_chair_1420-0110\image_26.jpg
Starting download with Playwright: https://live-brunner.pantheonsite.io/sites/default/files/styles/original_webp/public/oldImages/110698_Brunner_pads_1420-0120_1420-0310_1420-0220_pads_1400-0120_ray_work_9220_nate_s_7770_HD_XL.jpg.webp?itok=DQtaT8fK
Finished download: https://live-brunner.pantheonsite.io/sites/default/files/styles/original_webp/public/oldImages/110698_Brunner_pads_1420-0120_1420-0310_1420-0220_pads_1400-0120_ray_work_9220_nate_s_7770_HD_XL.jpg.webp?itok=DQtaT8fK -> pads_Lounge_chair_1420-0110\image_27.jpg
Starting download with Playwright: https://live-brunner.pantheonsite.io/sites/default/files/styles/sm/public/oldImages/110685_Brunner_pads_1420-0120_valet_VT-1003_VT-1002_HD_XL.jpg.webp?itok=e1ARmojh
Finished download: https://live-brunner.pantheonsite.io/sites/default/files/styles/sm/public/oldImages/110685_Brunner_pads_1420-0120_valet_VT-1003_VT-1002_HD_XL.jpg.webp?itok=e1ARmojh -> pads_Lounge_chair_1420-0110\image_28.jpg
Starting download with Playwright: https://live-brunner.pantheonsite.io/sites/default/files/styles/lg/public/oldImages/110685_Brunner_pads_1420-0120_valet_VT-1003_VT-1002_HD_XL.jpg.webp?itok=2Ym3CmNB
Finished download: https://live-brunner.pantheonsite.io/sites/default/files/styles/lg/public/oldImages/110685_Brunner_pads_1420-0120_valet_VT-1003_VT-1002_HD_XL.jpg.webp?itok=2Ym3CmNB -> pads_Lounge_chair_1420-0110\image_29.jpg
Starting download with Playwright: https://live-brunner.pantheonsite.io/sites/default/files/styles/original_webp/public/oldImages/110685_Brunner_pads_1420-0120_valet_VT-1003_VT-1002_HD_XL.jpg.webp?itok=iqlnt03z
Finished download: https://live-brunner.pantheonsite.io/sites/default/files/styles/original_webp/public/oldImages/110685_Brunner_pads_1420-0120_valet_VT-1003_VT-1002_HD_XL.jpg.webp?itok=iqlnt03z -> pads_Lounge_chair_1420-0110\image_30.jpg
Starting download with Playwright: https://live-brunner.pantheonsite.io/sites/default/files/styles/sm/public/oldImages/115431_Brunner_pads_1420-0020_HD_XL.jpg.webp?itok=2SGKtK3c
Finished download: https://live-brunner.pantheonsite.io/sites/default/files/styles/sm/public/oldImages/115431_Brunner_pads_1420-0020_HD_XL.jpg.webp?itok=2SGKtK3c -> pads_Lounge_chair_1420-0110\image_31.jpg
Starting download with Playwright: https://live-brunner.pantheonsite.io/sites/default/files/styles/lg/public/oldImages/115431_Brunner_pads_1420-0020_HD_XL.jpg.webp?itok=qL6UcM1-
Finished download: https://live-brunner.pantheonsite.io/sites/default/files/styles/lg/public/oldImages/115431_Brunner_pads_1420-0020_HD_XL.jpg.webp?itok=qL6UcM1- -> pads_Lounge_chair_1420-0110\image_32.jpg
Starting download with Playwright: https://live-brunner.pantheonsite.io/sites/default/files/styles/original_webp/public/oldImages/115431_Brunner_pads_1420-0020_HD_XL.jpg.webp?itok=VCA-XvA7
Finished download: https://live-brunner.pantheonsite.io/sites/default/files/styles/original_webp/public/oldImages/115431_Brunner_pads_1420-0020_HD_XL.jpg.webp?itok=VCA-XvA7 -> pads_Lounge_chair_1420-0110\image_33.jpg
Starting download with Playwright: https://live-brunner.pantheonsite.io/sites/default/files/styles/sm/public/oldImages/110964_Brunner_pads_1420-0210_03_HD_XL.jpg.webp?itok=q8HI4BjL
Finished download: https://live-brunner.pantheonsite.io/sites/default/files/styles/sm/public/oldImages/110964_Brunner_pads_1420-0210_03_HD_XL.jpg.webp?itok=q8HI4BjL -> pads_Lounge_chair_1420-0110\image_34.jpg
Starting download with Playwright: https://live-brunner.pantheonsite.io/sites/default/files/styles/lg/public/oldImages/110964_Brunner_pads_1420-0210_03_HD_XL.jpg.webp?itok=NQmmpCDH
Finished download: https://live-brunner.pantheonsite.io/sites/default/files/styles/lg/public/oldImages/110964_Brunner_pads_1420-0210_03_HD_XL.jpg.webp?itok=NQmmpCDH -> pads_Lounge_chair_1420-0110\image_35.jpg
Starting download with Playwright: https://live-brunner.pantheonsite.io/sites/default/files/styles/original_webp/public/oldImages/110964_Brunner_pads_1420-0210_03_HD_XL.jpg.webp?itok=vtErRnOY
Finished download: https://live-brunner.pantheonsite.io/sites/default/files/styles/original_webp/public/oldImages/110964_Brunner_pads_1420-0210_03_HD_XL.jpg.webp?itok=vtErRnOY -> pads_Lounge_chair_1420-0110\image_36.jpg
Starting download with Playwright: https://live-brunner.pantheonsite.io/sites/default/files/styles/sm/public/oldImages/110962_Brunner_pads_1420-0110_03_HD_XL.jpg.webp?itok=Tac7Hz8e
Finished download: https://live-brunner.pantheonsite.io/sites/default/files/styles/sm/public/oldImages/110962_Brunner_pads_1420-0110_03_HD_XL.jpg.webp?itok=Tac7Hz8e -> pads_Lounge_chair_1420-0110\image_37.jpg
Starting download with Playwright: https://live-brunner.pantheonsite.io/sites/default/files/styles/lg/public/oldImages/110962_Brunner_pads_1420-0110_03_HD_XL.jpg.webp?itok=S9wKV9bY
Finished download: https://live-brunner.pantheonsite.io/sites/default/files/styles/lg/public/oldImages/110962_Brunner_pads_1420-0110_03_HD_XL.jpg.webp?itok=S9wKV9bY -> pads_Lounge_chair_1420-0110\image_38.jpg
Starting download with Playwright: https://live-brunner.pantheonsite.io/sites/default/files/styles/original_webp/public/oldImages/110962_Brunner_pads_1420-0110_03_HD_XL.jpg.webp?itok=qhp5yd37
Finished download: https://live-brunner.pantheonsite.io/sites/default/files/styles/original_webp/public/oldImages/110962_Brunner_pads_1420-0110_03_HD_XL.jpg.webp?itok=qhp5yd37 -> pads_Lounge_chair_1420-0110\image_39.jpg
Starting download with Playwright: https://live-brunner.pantheonsite.io/sites/default/files/styles/sm/public/oldImages/115799_Brunner_nates_7770_7773_foild_1100-1020_crona_light_touch_6312%EF%80%A2T_crona_up_6320_6321_pads_1420-0010_1420_0020_1420_0120_scoop_4819_HD_XL.jpg.webp?itok=2QMTtiT3
Finished download: https://live-brunner.pantheonsite.io/sites/default/files/styles/sm/public/oldImages/115799_Brunner_nates_7770_7773_foild_1100-1020_crona_light_touch_6312%EF%80%A2T_crona_up_6320_6321_pads_1420-0010_1420_0020_1420_0120_scoop_4819_HD_XL.jpg.webp?itok=2QMTtiT3 -> pads_Lounge_chair_1420-0110\image_40.jpg
Starting download with Playwright: https://live-brunner.pantheonsite.io/sites/default/files/styles/lg/public/oldImages/115799_Brunner_nates_7770_7773_foild_1100-1020_crona_light_touch_6312%EF%80%A2T_crona_up_6320_6321_pads_1420-0010_1420_0020_1420_0120_scoop_4819_HD_XL.jpg.webp?itok=KfgV_J_-
Finished download: https://live-brunner.pantheonsite.io/sites/default/files/styles/lg/public/oldImages/115799_Brunner_nates_7770_7773_foild_1100-1020_crona_light_touch_6312%EF%80%A2T_crona_up_6320_6321_pads_1420-0010_1420_0020_1420_0120_scoop_4819_HD_XL.jpg.webp?itok=KfgV_J_- -> pads_Lounge_chair_1420-0110\image_41.jpg
Starting download with Playwright: https://live-brunner.pantheonsite.io/sites/default/files/styles/original_webp/public/oldImages/115799_Brunner_nates_7770_7773_foild_1100-1020_crona_light_touch_6312%EF%80%A2T_crona_up_6320_6321_pads_1420-0010_1420_0020_1420_0120_scoop_4819_HD_XL.jpg.webp?itok=GvIm49So
Finished download: https://live-brunner.pantheonsite.io/sites/default/files/styles/original_webp/public/oldImages/115799_Brunner_nates_7770_7773_foild_1100-1020_crona_light_touch_6312%EF%80%A2T_crona_up_6320_6321_pads_1420-0010_1420_0020_1420_0120_scoop_4819_HD_XL.jpg.webp?itok=GvIm49So -> pads_Lounge_chair_1420-0110\image_42.jpg
Starting download with Playwright: https://live-brunner.pantheonsite.io/sites/default/files/styles/sm/public/oldImages/110963_Brunner_pads_1420-0120_mit_Tablar_HD_XL.jpg.webp?itok=M_x3C3xr
Finished download: https://live-brunner.pantheonsite.io/sites/default/files/styles/sm/public/oldImages/110963_Brunner_pads_1420-0120_mit_Tablar_HD_XL.jpg.webp?itok=M_x3C3xr -> pads_Lounge_chair_1420-0110\image_43.jpg
Starting download with Playwright: https://live-brunner.pantheonsite.io/sites/default/files/styles/lg/public/oldImages/110963_Brunner_pads_1420-0120_mit_Tablar_HD_XL.jpg.webp?itok=emboo4LO
Finished download: https://live-brunner.pantheonsite.io/sites/default/files/styles/lg/public/oldImages/110963_Brunner_pads_1420-0120_mit_Tablar_HD_XL.jpg.webp?itok=emboo4LO -> pads_Lounge_chair_1420-0110\image_44.jpg
Starting download with Playwright: https://live-brunner.pantheonsite.io/sites/default/files/styles/original_webp/public/oldImages/110963_Brunner_pads_1420-0120_mit_Tablar_HD_XL.jpg.webp?itok=pNxIMXD-
Finished download: https://live-brunner.pantheonsite.io/sites/default/files/styles/original_webp/public/oldImages/110963_Brunner_pads_1420-0120_mit_Tablar_HD_XL.jpg.webp?itok=pNxIMXD- -> pads_Lounge_chair_1420-0110\image_45.jpg
Completed image downloads for product pads_Lounge_chair_1420-0110
Extracting features for product pads_Lounge_chair_1420-0110...
Features saved for product pads_Lounge_chair_1420-0110
Attempting to access Downloads tab for product pads_Lounge_chair_1420-0110...
Starting download of PDF: https://www.tfaforms.com/4904907
Downloaded product_sheet.pdf for product pads_Lounge_chair_1420-0110
Opening URL for product crona_light_lounge_Armchair_6356: https://brunner-group.com/en/products/crona-light-lounge-armchair/?variant=6356
Images detected on page for crona_light_lounge_Armchair_6356, scrolling to load them...
Successfully opened URL for product crona_light_lounge_Armchair_6356
Extracting images for product crona_light_lounge_Armchair_6356...
Found 15 images for product crona_light_lounge_Armchair_6356
Starting download with Playwright: https://live-brunner.pantheonsite.io/sites/default/files/styles/sm/public/oldImages/89661_Brunner_crona_light_lounge_6356_6357_6354_6355_1920x1400_XL.jpg.webp?itok=rrfE6T62
Finished download: https://live-brunner.pantheonsite.io/sites/default/files/styles/sm/public/oldImages/89661_Brunner_crona_light_lounge_6356_6357_6354_6355_1920x1400_XL.jpg.webp?itok=rrfE6T62 -> crona_light_lounge_Armchair_6356\image_1.jpg
Starting download with Playwright: https://live-brunner.pantheonsite.io/sites/default/files/styles/lg/public/oldImages/89661_Brunner_crona_light_lounge_6356_6357_6354_6355_1920x1400_XL.jpg.webp?itok=4ob_CQ44
Finished download: https://live-brunner.pantheonsite.io/sites/default/files/styles/lg/public/oldImages/89661_Brunner_crona_light_lounge_6356_6357_6354_6355_1920x1400_XL.jpg.webp?itok=4ob_CQ44 -> crona_light_lounge_Armchair_6356\image_2.jpg
Starting download with Playwright: https://live-brunner.pantheonsite.io/sites/default/files/styles/original_webp/public/oldImages/89661_Brunner_crona_light_lounge_6356_6357_6354_6355_1920x1400_XL.jpg.webp?itok=JlGWMbyH
Finished download: https://live-brunner.pantheonsite.io/sites/default/files/styles/original_webp/public/oldImages/89661_Brunner_crona_light_lounge_6356_6357_6354_6355_1920x1400_XL.jpg.webp?itok=JlGWMbyH -> crona_light_lounge_Armchair_6356\image_3.jpg
Starting download with Playwright: https://live-brunner.pantheonsite.io/sites/default/files/styles/sm/public/oldImages/96029_Brunner_Future_Works_Cafeteria_Einzel_04_XL.jpg.webp?itok=9iZ9XAUe
Finished download: https://live-brunner.pantheonsite.io/sites/default/files/styles/sm/public/oldImages/96029_Brunner_Future_Works_Cafeteria_Einzel_04_XL.jpg.webp?itok=9iZ9XAUe -> crona_light_lounge_Armchair_6356\image_4.jpg
Starting download with Playwright: https://live-brunner.pantheonsite.io/sites/default/files/styles/lg/public/oldImages/96029_Brunner_Future_Works_Cafeteria_Einzel_04_XL.jpg.webp?itok=nWJ-HF-r
Finished download: https://live-brunner.pantheonsite.io/sites/default/files/styles/lg/public/oldImages/96029_Brunner_Future_Works_Cafeteria_Einzel_04_XL.jpg.webp?itok=nWJ-HF-r -> crona_light_lounge_Armchair_6356\image_5.jpg
Starting download with Playwright: https://live-brunner.pantheonsite.io/sites/default/files/styles/original_webp/public/oldImages/96029_Brunner_Future_Works_Cafeteria_Einzel_04_XL.jpg.webp?itok=FCPGE1xF
Finished download: https://live-brunner.pantheonsite.io/sites/default/files/styles/original_webp/public/oldImages/96029_Brunner_Future_Works_Cafeteria_Einzel_04_XL.jpg.webp?itok=FCPGE1xF -> crona_light_lounge_Armchair_6356\image_6.jpg
Starting download with Playwright: https://live-brunner.pantheonsite.io/sites/default/files/styles/sm/public/oldImages/95033_Brunner_crona_light_lounge_6354_grau_mit_Schatten_XL.jpg.webp?itok=ghV4Jlli
Finished download: https://live-brunner.pantheonsite.io/sites/default/files/styles/sm/public/oldImages/95033_Brunner_crona_light_lounge_6354_grau_mit_Schatten_XL.jpg.webp?itok=ghV4Jlli -> crona_light_lounge_Armchair_6356\image_7.jpg
Starting download with Playwright: https://live-brunner.pantheonsite.io/sites/default/files/styles/lg/public/oldImages/95033_Brunner_crona_light_lounge_6354_grau_mit_Schatten_XL.jpg.webp?itok=E0AMAKkM
Finished download: https://live-brunner.pantheonsite.io/sites/default/files/styles/lg/public/oldImages/95033_Brunner_crona_light_lounge_6354_grau_mit_Schatten_XL.jpg.webp?itok=E0AMAKkM -> crona_light_lounge_Armchair_6356\image_8.jpg
Starting download with Playwright: https://live-brunner.pantheonsite.io/sites/default/files/styles/original_webp/public/oldImages/95033_Brunner_crona_light_lounge_6354_grau_mit_Schatten_XL.jpg.webp?itok=uupgtaON
Finished download: https://live-brunner.pantheonsite.io/sites/default/files/styles/original_webp/public/oldImages/95033_Brunner_crona_light_lounge_6354_grau_mit_Schatten_XL.jpg.webp?itok=uupgtaON -> crona_light_lounge_Armchair_6356\image_9.jpg
Starting download with Playwright: https://live-brunner.pantheonsite.io/sites/default/files/styles/sm/public/oldImages/96027_Brunner_Future_Works_Cafeteria_Einzel_02_XL.jpg.webp?itok=hk9Gwaw0
Finished download: https://live-brunner.pantheonsite.io/sites/default/files/styles/sm/public/oldImages/96027_Brunner_Future_Works_Cafeteria_Einzel_02_XL.jpg.webp?itok=hk9Gwaw0 -> crona_light_lounge_Armchair_6356\image_10.jpg
Starting download with Playwright: https://live-brunner.pantheonsite.io/sites/default/files/styles/lg/public/oldImages/96027_Brunner_Future_Works_Cafeteria_Einzel_02_XL.jpg.webp?itok=ohvtijTI
Finished download: https://live-brunner.pantheonsite.io/sites/default/files/styles/lg/public/oldImages/96027_Brunner_Future_Works_Cafeteria_Einzel_02_XL.jpg.webp?itok=ohvtijTI -> crona_light_lounge_Armchair_6356\image_11.jpg
Starting download with Playwright: https://live-brunner.pantheonsite.io/sites/default/files/styles/original_webp/public/oldImages/96027_Brunner_Future_Works_Cafeteria_Einzel_02_XL.jpg.webp?itok=5-08NyU3
Finished download: https://live-brunner.pantheonsite.io/sites/default/files/styles/original_webp/public/oldImages/96027_Brunner_Future_Works_Cafeteria_Einzel_02_XL.jpg.webp?itok=5-08NyU3 -> crona_light_lounge_Armchair_6356\image_12.jpg
Starting download with Playwright: https://live-brunner.pantheonsite.io/sites/default/files/styles/sm/public/oldImages/94241_Brunner_crona_light_lounge_6355_Softpolster_grau_mit_Schatten_XL.jpg.webp?itok=ZGuGrczh
Finished download: https://live-brunner.pantheonsite.io/sites/default/files/styles/sm/public/oldImages/94241_Brunner_crona_light_lounge_6355_Softpolster_grau_mit_Schatten_XL.jpg.webp?itok=ZGuGrczh -> crona_light_lounge_Armchair_6356\image_13.jpg
Starting download with Playwright: https://live-brunner.pantheonsite.io/sites/default/files/styles/lg/public/oldImages/94241_Brunner_crona_light_lounge_6355_Softpolster_grau_mit_Schatten_XL.jpg.webp?itok=hG9g7TPf
Finished download: https://live-brunner.pantheonsite.io/sites/default/files/styles/lg/public/oldImages/94241_Brunner_crona_light_lounge_6355_Softpolster_grau_mit_Schatten_XL.jpg.webp?itok=hG9g7TPf -> crona_light_lounge_Armchair_6356\image_14.jpg
Starting download with Playwright: https://live-brunner.pantheonsite.io/sites/default/files/styles/original_webp/public/oldImages/94241_Brunner_crona_light_lounge_6355_Softpolster_grau_mit_Schatten_XL.jpg.webp?itok=oH5_xFY_
Finished download: https://live-brunner.pantheonsite.io/sites/default/files/styles/original_webp/public/oldImages/94241_Brunner_crona_light_lounge_6355_Softpolster_grau_mit_Schatten_XL.jpg.webp?itok=oH5_xFY_ -> crona_light_lounge_Armchair_6356\image_15.jpg
Completed image downloads for product crona_light_lounge_Armchair_6356
Extracting features for product crona_light_lounge_Armchair_6356...
Features saved for product crona_light_lounge_Armchair_6356
Attempting to access Downloads tab for product crona_light_lounge_Armchair_6356...
Starting download of PDF: https://live-brunner.pantheonsite.io/sites/default/files/oldPdfs/Produktdatenblaetter/Produktdatenblaetter_EN/Brunner_product_data_sheet_crona_light_lounge_EN.pdf
Downloaded product_sheet.pdf for product crona_light_lounge_Armchair_6356
Opening URL for product A-Lounge_Chair_9743: https://brunner-group.com/en/products/a-lounge-chair/?variant=9743
Images detected on page for A-Lounge_Chair_9743, scrolling to load them...
Successfully opened URL for product A-Lounge_Chair_9743
Extracting images for product A-Lounge_Chair_9743...
Found 36 images for product A-Lounge_Chair_9743
Starting download with Playwright: https://live-brunner.pantheonsite.io/sites/default/files/styles/sm/public/oldImages/99108_Brunner_A-Lounge_9741_HD_XL.jpg.webp?itok=pw7WbVqq
[Image Download] Failed image https://live-brunner.pantheonsite.io/sites/default/files/styles/sm/public/oldImages/99108_Brunner_A-Lounge_9741_HD_XL.jpg.webp?itok=pw7WbVqq for product A-Lounge_Chair_9743: HTTP status 404
Starting download with Playwright: https://live-brunner.pantheonsite.io/sites/default/files/styles/lg/public/oldImages/99108_Brunner_A-Lounge_9741_HD_XL.jpg.webp?itok=l19l-LV2
[Image Download] Failed image https://live-brunner.pantheonsite.io/sites/default/files/styles/lg/public/oldImages/99108_Brunner_A-Lounge_9741_HD_XL.jpg.webp?itok=l19l-LV2 for product A-Lounge_Chair_9743: HTTP status 404
Starting download with Playwright: https://live-brunner.pantheonsite.io/sites/default/files/styles/original_webp/public/oldImages/99108_Brunner_A-Lounge_9741_HD_XL.jpg.webp?itok=4FHGCorq
[Image Download] Failed image https://live-brunner.pantheonsite.io/sites/default/files/styles/original_webp/public/oldImages/99108_Brunner_A-Lounge_9741_HD_XL.jpg.webp?itok=4FHGCorq for product A-Lounge_Chair_9743: HTTP status 404
Starting download with Playwright: https://live-brunner.pantheonsite.io/sites/default/files/styles/sm/public/oldImages/99109_Bunner_A-Lounge_9741_Loc-01_HD_XL.jpg.webp?itok=f2qjVSA7
[Image Download] Failed image https://live-brunner.pantheonsite.io/sites/default/files/styles/sm/public/oldImages/99109_Bunner_A-Lounge_9741_Loc-01_HD_XL.jpg.webp?itok=f2qjVSA7 for product A-Lounge_Chair_9743: HTTP status 404
Starting download with Playwright: https://live-brunner.pantheonsite.io/sites/default/files/styles/lg/public/oldImages/99109_Bunner_A-Lounge_9741_Loc-01_HD_XL.jpg.webp?itok=xVdDLCUq
[Image Download] Failed image https://live-brunner.pantheonsite.io/sites/default/files/styles/lg/public/oldImages/99109_Bunner_A-Lounge_9741_Loc-01_HD_XL.jpg.webp?itok=xVdDLCUq for product A-Lounge_Chair_9743: HTTP status 404
Starting download with Playwright: https://live-brunner.pantheonsite.io/sites/default/files/styles/original_webp/public/oldImages/99109_Bunner_A-Lounge_9741_Loc-01_HD_XL.jpg.webp?itok=X0CgUdPa
[Image Download] Failed image https://live-brunner.pantheonsite.io/sites/default/files/styles/original_webp/public/oldImages/99109_Bunner_A-Lounge_9741_Loc-01_HD_XL.jpg.webp?itok=X0CgUdPa for product A-Lounge_Chair_9743: HTTP status 404
Starting download with Playwright: https://live-brunner.pantheonsite.io/sites/default/files/styles/sm/public/oldImages/99113_Brunner_A-Lounge_9743_HD_XL.jpg.webp?itok=hz_NvGBy
[Image Download] Failed image https://live-brunner.pantheonsite.io/sites/default/files/styles/sm/public/oldImages/99113_Brunner_A-Lounge_9743_HD_XL.jpg.webp?itok=hz_NvGBy for product A-Lounge_Chair_9743: HTTP status 404
Starting download with Playwright: https://live-brunner.pantheonsite.io/sites/default/files/styles/lg/public/oldImages/99113_Brunner_A-Lounge_9743_HD_XL.jpg.webp?itok=FiH1qF1l
[Image Download] Failed image https://live-brunner.pantheonsite.io/sites/default/files/styles/lg/public/oldImages/99113_Brunner_A-Lounge_9743_HD_XL.jpg.webp?itok=FiH1qF1l for product A-Lounge_Chair_9743: HTTP status 404
Starting download with Playwright: https://live-brunner.pantheonsite.io/sites/default/files/styles/original_webp/public/oldImages/99113_Brunner_A-Lounge_9743_HD_XL.jpg.webp?itok=LYVoSxua
[Image Download] Failed image https://live-brunner.pantheonsite.io/sites/default/files/styles/original_webp/public/oldImages/99113_Brunner_A-Lounge_9743_HD_XL.jpg.webp?itok=LYVoSxua for product A-Lounge_Chair_9743: HTTP status 404
Starting download with Playwright: https://live-brunner.pantheonsite.io/sites/default/files/styles/sm/public/oldImages/96377_Brunner_A_Lounge_9741_Reihe_HD_XL.jpg.webp?itok=BcXtvuTT
Finished download: https://live-brunner.pantheonsite.io/sites/default/files/styles/sm/public/oldImages/96377_Brunner_A_Lounge_9741_Reihe_HD_XL.jpg.webp?itok=BcXtvuTT -> A-Lounge_Chair_9743\image_10.jpg
Starting download with Playwright: https://live-brunner.pantheonsite.io/sites/default/files/styles/lg/public/oldImages/96377_Brunner_A_Lounge_9741_Reihe_HD_XL.jpg.webp?itok=xsgkiTvX
Finished download: https://live-brunner.pantheonsite.io/sites/default/files/styles/lg/public/oldImages/96377_Brunner_A_Lounge_9741_Reihe_HD_XL.jpg.webp?itok=xsgkiTvX -> A-Lounge_Chair_9743\image_11.jpg
Starting download with Playwright: https://live-brunner.pantheonsite.io/sites/default/files/styles/original_webp/public/oldImages/96377_Brunner_A_Lounge_9741_Reihe_HD_XL.jpg.webp?itok=yaserZzv
Finished download: https://live-brunner.pantheonsite.io/sites/default/files/styles/original_webp/public/oldImages/96377_Brunner_A_Lounge_9741_Reihe_HD_XL.jpg.webp?itok=yaserZzv -> A-Lounge_Chair_9743\image_12.jpg
Starting download with Playwright: https://live-brunner.pantheonsite.io/sites/default/files/styles/sm/public/oldImages/97266_Brunner_A-Lounge_9741_break_3969_HD_XL.jpg.webp?itok=ZwsNevmd
Finished download: https://live-brunner.pantheonsite.io/sites/default/files/styles/sm/public/oldImages/97266_Brunner_A-Lounge_9741_break_3969_HD_XL.jpg.webp?itok=ZwsNevmd -> A-Lounge_Chair_9743\image_13.jpg
Starting download with Playwright: https://live-brunner.pantheonsite.io/sites/default/files/styles/lg/public/oldImages/97266_Brunner_A-Lounge_9741_break_3969_HD_XL.jpg.webp?itok=6VyT5Bvj
Finished download: https://live-brunner.pantheonsite.io/sites/default/files/styles/lg/public/oldImages/97266_Brunner_A-Lounge_9741_break_3969_HD_XL.jpg.webp?itok=6VyT5Bvj -> A-Lounge_Chair_9743\image_14.jpg
Starting download with Playwright: https://live-brunner.pantheonsite.io/sites/default/files/styles/original_webp/public/oldImages/97266_Brunner_A-Lounge_9741_break_3969_HD_XL.jpg.webp?itok=NIcS2UID
Finished download: https://live-brunner.pantheonsite.io/sites/default/files/styles/original_webp/public/oldImages/97266_Brunner_A-Lounge_9741_break_3969_HD_XL.jpg.webp?itok=NIcS2UID -> A-Lounge_Chair_9743\image_15.jpg
Starting download with Playwright: https://live-brunner.pantheonsite.io/sites/default/files/styles/sm/public/oldImages/99111_Brunner_A_Lounge_9743_Freisteller_HD_XL.jpg.webp?itok=In60jQJR
[Image Download] Failed image https://live-brunner.pantheonsite.io/sites/default/files/styles/sm/public/oldImages/99111_Brunner_A_Lounge_9743_Freisteller_HD_XL.jpg.webp?itok=In60jQJR for product A-Lounge_Chair_9743: HTTP status 404
Starting download with Playwright: https://live-brunner.pantheonsite.io/sites/default/files/styles/lg/public/oldImages/99111_Brunner_A_Lounge_9743_Freisteller_HD_XL.jpg.webp?itok=AT-ll9Ri
[Image Download] Failed image https://live-brunner.pantheonsite.io/sites/default/files/styles/lg/public/oldImages/99111_Brunner_A_Lounge_9743_Freisteller_HD_XL.jpg.webp?itok=AT-ll9Ri for product A-Lounge_Chair_9743: HTTP status 404
Starting download with Playwright: https://live-brunner.pantheonsite.io/sites/default/files/styles/original_webp/public/oldImages/99111_Brunner_A_Lounge_9743_Freisteller_HD_XL.jpg.webp?itok=99FZKSuZ
[Image Download] Failed image https://live-brunner.pantheonsite.io/sites/default/files/styles/original_webp/public/oldImages/99111_Brunner_A_Lounge_9743_Freisteller_HD_XL.jpg.webp?itok=99FZKSuZ for product A-Lounge_Chair_9743: HTTP status 404
Starting download with Playwright: https://live-brunner.pantheonsite.io/sites/default/files/styles/sm/public/oldImages/99107_Brunner_A-Lounge_9741_Front_HD_XL.jpg.webp?itok=n-8_yIbd
[Image Download] Failed image https://live-brunner.pantheonsite.io/sites/default/files/styles/sm/public/oldImages/99107_Brunner_A-Lounge_9741_Front_HD_XL.jpg.webp?itok=n-8_yIbd for product A-Lounge_Chair_9743: HTTP status 404
Starting download with Playwright: https://live-brunner.pantheonsite.io/sites/default/files/styles/lg/public/oldImages/99107_Brunner_A-Lounge_9741_Front_HD_XL.jpg.webp?itok=5ytTmRcY
[Image Download] Failed image https://live-brunner.pantheonsite.io/sites/default/files/styles/lg/public/oldImages/99107_Brunner_A-Lounge_9741_Front_HD_XL.jpg.webp?itok=5ytTmRcY for product A-Lounge_Chair_9743: HTTP status 404
Starting download with Playwright: https://live-brunner.pantheonsite.io/sites/default/files/styles/original_webp/public/oldImages/99107_Brunner_A-Lounge_9741_Front_HD_XL.jpg.webp?itok=UxEex5yF
[Image Download] Failed image https://live-brunner.pantheonsite.io/sites/default/files/styles/original_webp/public/oldImages/99107_Brunner_A-Lounge_9741_Front_HD_XL.jpg.webp?itok=UxEex5yF for product A-Lounge_Chair_9743: HTTP status 404
Starting download with Playwright: https://live-brunner.pantheonsite.io/sites/default/files/styles/sm/public/oldImages/99110_Bunner_A-Lounge_9741_Loc-02_HD_XL.jpg.webp?itok=_RJF5Bu5
[Image Download] Failed image https://live-brunner.pantheonsite.io/sites/default/files/styles/sm/public/oldImages/99110_Bunner_A-Lounge_9741_Loc-02_HD_XL.jpg.webp?itok=_RJF5Bu5 for product A-Lounge_Chair_9743: HTTP status 404
Starting download with Playwright: https://live-brunner.pantheonsite.io/sites/default/files/styles/lg/public/oldImages/99110_Bunner_A-Lounge_9741_Loc-02_HD_XL.jpg.webp?itok=ELa3AEig
[Image Download] Failed image https://live-brunner.pantheonsite.io/sites/default/files/styles/lg/public/oldImages/99110_Bunner_A-Lounge_9741_Loc-02_HD_XL.jpg.webp?itok=ELa3AEig for product A-Lounge_Chair_9743: HTTP status 404
Starting download with Playwright: https://live-brunner.pantheonsite.io/sites/default/files/styles/original_webp/public/oldImages/99110_Bunner_A-Lounge_9741_Loc-02_HD_XL.jpg.webp?itok=dfEhU9ye
[Image Download] Failed image https://live-brunner.pantheonsite.io/sites/default/files/styles/original_webp/public/oldImages/99110_Bunner_A-Lounge_9741_Loc-02_HD_XL.jpg.webp?itok=dfEhU9ye for product A-Lounge_Chair_9743: HTTP status 404
Starting download with Playwright: https://live-brunner.pantheonsite.io/sites/default/files/styles/sm/public/oldImages/99112_Brunner_A-Lounge_9741_Freisteller_HD_XL.jpg.webp?itok=oVGJA45w
[Image Download] Failed image https://live-brunner.pantheonsite.io/sites/default/files/styles/sm/public/oldImages/99112_Brunner_A-Lounge_9741_Freisteller_HD_XL.jpg.webp?itok=oVGJA45w for product A-Lounge_Chair_9743: HTTP status 404
Starting download with Playwright: https://live-brunner.pantheonsite.io/sites/default/files/styles/lg/public/oldImages/99112_Brunner_A-Lounge_9741_Freisteller_HD_XL.jpg.webp?itok=aGQKrtKr
[Image Download] Failed image https://live-brunner.pantheonsite.io/sites/default/files/styles/lg/public/oldImages/99112_Brunner_A-Lounge_9741_Freisteller_HD_XL.jpg.webp?itok=aGQKrtKr for product A-Lounge_Chair_9743: HTTP status 404
Starting download with Playwright: https://live-brunner.pantheonsite.io/sites/default/files/styles/original_webp/public/oldImages/99112_Brunner_A-Lounge_9741_Freisteller_HD_XL.jpg.webp?itok=TH3fqOPY
[Image Download] Failed image https://live-brunner.pantheonsite.io/sites/default/files/styles/original_webp/public/oldImages/99112_Brunner_A-Lounge_9741_Freisteller_HD_XL.jpg.webp?itok=TH3fqOPY for product A-Lounge_Chair_9743: HTTP status 404
Starting download with Playwright: https://live-brunner.pantheonsite.io/sites/default/files/styles/sm/public/oldImages/96391_Brunner_A_Collection_Restaurant_Wood_Loc_HD_XL.jpg.webp?itok=58v-3v99
Finished download: https://live-brunner.pantheonsite.io/sites/default/files/styles/sm/public/oldImages/96391_Brunner_A_Collection_Restaurant_Wood_Loc_HD_XL.jpg.webp?itok=58v-3v99 -> A-Lounge_Chair_9743\image_28.jpg
Starting download with Playwright: https://live-brunner.pantheonsite.io/sites/default/files/styles/lg/public/oldImages/96391_Brunner_A_Collection_Restaurant_Wood_Loc_HD_XL.jpg.webp?itok=O9KtyBPp
Finished download: https://live-brunner.pantheonsite.io/sites/default/files/styles/lg/public/oldImages/96391_Brunner_A_Collection_Restaurant_Wood_Loc_HD_XL.jpg.webp?itok=O9KtyBPp -> A-Lounge_Chair_9743\image_29.jpg
Starting download with Playwright: https://live-brunner.pantheonsite.io/sites/default/files/styles/original_webp/public/oldImages/96391_Brunner_A_Collection_Restaurant_Wood_Loc_HD_XL.jpg.webp?itok=y-fp2rjh
Finished download: https://live-brunner.pantheonsite.io/sites/default/files/styles/original_webp/public/oldImages/96391_Brunner_A_Collection_Restaurant_Wood_Loc_HD_XL.jpg.webp?itok=y-fp2rjh -> A-Lounge_Chair_9743\image_30.jpg
Starting download with Playwright: https://live-brunner.pantheonsite.io/sites/default/files/styles/sm/public/oldImages/96376_Brunner_A_Lounge_9741_lift_7890_Loc_HD_XL.jpg.webp?itok=YsMyG_tP
Finished download: https://live-brunner.pantheonsite.io/sites/default/files/styles/sm/public/oldImages/96376_Brunner_A_Lounge_9741_lift_7890_Loc_HD_XL.jpg.webp?itok=YsMyG_tP -> A-Lounge_Chair_9743\image_31.jpg
Starting download with Playwright: https://live-brunner.pantheonsite.io/sites/default/files/styles/lg/public/oldImages/96376_Brunner_A_Lounge_9741_lift_7890_Loc_HD_XL.jpg.webp?itok=BFybJUUW
Finished download: https://live-brunner.pantheonsite.io/sites/default/files/styles/lg/public/oldImages/96376_Brunner_A_Lounge_9741_lift_7890_Loc_HD_XL.jpg.webp?itok=BFybJUUW -> A-Lounge_Chair_9743\image_32.jpg
Starting download with Playwright: https://live-brunner.pantheonsite.io/sites/default/files/styles/original_webp/public/oldImages/96376_Brunner_A_Lounge_9741_lift_7890_Loc_HD_XL.jpg.webp?itok=jIX3r2VP
Finished download: https://live-brunner.pantheonsite.io/sites/default/files/styles/original_webp/public/oldImages/96376_Brunner_A_Lounge_9741_lift_7890_Loc_HD_XL.jpg.webp?itok=jIX3r2VP -> A-Lounge_Chair_9743\image_33.jpg
Starting download with Playwright: https://live-brunner.pantheonsite.io/sites/default/files/styles/sm/public/oldImages/99105_Bunner_A-Lounge_9741_Side_HD_XL.jpg.webp?itok=I5j8fe2Q
[Image Download] Failed image https://live-brunner.pantheonsite.io/sites/default/files/styles/sm/public/oldImages/99105_Bunner_A-Lounge_9741_Side_HD_XL.jpg.webp?itok=I5j8fe2Q for product A-Lounge_Chair_9743: HTTP status 404
Starting download with Playwright: https://live-brunner.pantheonsite.io/sites/default/files/styles/lg/public/oldImages/99105_Bunner_A-Lounge_9741_Side_HD_XL.jpg.webp?itok=XodnyBPJ
[Image Download] Failed image https://live-brunner.pantheonsite.io/sites/default/files/styles/lg/public/oldImages/99105_Bunner_A-Lounge_9741_Side_HD_XL.jpg.webp?itok=XodnyBPJ for product A-Lounge_Chair_9743: HTTP status 404
Starting download with Playwright: https://live-brunner.pantheonsite.io/sites/default/files/styles/original_webp/public/oldImages/99105_Bunner_A-Lounge_9741_Side_HD_XL.jpg.webp?itok=fJyA_ulg
[Image Download] Failed image https://live-brunner.pantheonsite.io/sites/default/files/styles/original_webp/public/oldImages/99105_Bunner_A-Lounge_9741_Side_HD_XL.jpg.webp?itok=fJyA_ulg for product A-Lounge_Chair_9743: HTTP status 404
Completed image downloads for product A-Lounge_Chair_9743
Extracting features for product A-Lounge_Chair_9743...
Features saved for product A-Lounge_Chair_9743
Attempting to access Downloads tab for product A-Lounge_Chair_9743...
Starting download of PDF: https://live-brunner.pantheonsite.io/sites/default/files/oldPdfs/Produktdatenblaetter/Produktdatenblaetter_EN/A_Lounge_Brunner_product_data_sheet_EN.pdf
Downloaded product_sheet.pdf for product A-Lounge_Chair_9743
Opening URL for product ray_soft_lounge_Easy_chair_9652: https://brunner-group.com/en/products/ray-soft-lounge-easy-chair/?variant=9652
Images detected on page for ray_soft_lounge_Easy_chair_9652, scrolling to load them...
Successfully opened URL for product ray_soft_lounge_Easy_chair_9652
Extracting images for product ray_soft_lounge_Easy_chair_9652...
Found 12 images for product ray_soft_lounge_Easy_chair_9652
Starting download with Playwright: https://live-brunner.pantheonsite.io/sites/default/files/styles/sm/public/oldImages/105128_Brunner_ray_soft_lounge_9652_valet_VT_1001_HD_XL.jpg.webp?itok=Xs47q_dz
Finished download: https://live-brunner.pantheonsite.io/sites/default/files/styles/sm/public/oldImages/105128_Brunner_ray_soft_lounge_9652_valet_VT_1001_HD_XL.jpg.webp?itok=Xs47q_dz -> ray_soft_lounge_Easy_chair_9652\image_1.jpg
Starting download with Playwright: https://live-brunner.pantheonsite.io/sites/default/files/styles/lg/public/oldImages/105128_Brunner_ray_soft_lounge_9652_valet_VT_1001_HD_XL.jpg.webp?itok=YB2X2ngU
Finished download: https://live-brunner.pantheonsite.io/sites/default/files/styles/lg/public/oldImages/105128_Brunner_ray_soft_lounge_9652_valet_VT_1001_HD_XL.jpg.webp?itok=YB2X2ngU -> ray_soft_lounge_Easy_chair_9652\image_2.jpg
Starting download with Playwright: https://live-brunner.pantheonsite.io/sites/default/files/styles/original_webp/public/oldImages/105128_Brunner_ray_soft_lounge_9652_valet_VT_1001_HD_XL.jpg.webp?itok=fzid9U6-
Finished download: https://live-brunner.pantheonsite.io/sites/default/files/styles/original_webp/public/oldImages/105128_Brunner_ray_soft_lounge_9652_valet_VT_1001_HD_XL.jpg.webp?itok=fzid9U6- -> ray_soft_lounge_Easy_chair_9652\image_3.jpg
Starting download with Playwright: https://live-brunner.pantheonsite.io/sites/default/files/styles/sm/public/oldImages/105133_Brunner_ray_soft_lounge_1080x1080_XL.jpg.webp?itok=8QSYSZi6
Finished download: https://live-brunner.pantheonsite.io/sites/default/files/styles/sm/public/oldImages/105133_Brunner_ray_soft_lounge_1080x1080_XL.jpg.webp?itok=8QSYSZi6 -> ray_soft_lounge_Easy_chair_9652\image_4.jpg
Starting download with Playwright: https://live-brunner.pantheonsite.io/sites/default/files/styles/lg/public/oldImages/105133_Brunner_ray_soft_lounge_1080x1080_XL.jpg.webp?itok=gR82-AMN
Finished download: https://live-brunner.pantheonsite.io/sites/default/files/styles/lg/public/oldImages/105133_Brunner_ray_soft_lounge_1080x1080_XL.jpg.webp?itok=gR82-AMN -> ray_soft_lounge_Easy_chair_9652\image_5.jpg
Starting download with Playwright: https://live-brunner.pantheonsite.io/sites/default/files/styles/original_webp/public/oldImages/105133_Brunner_ray_soft_lounge_1080x1080_XL.jpg.webp?itok=jegz-UNj
Finished download: https://live-brunner.pantheonsite.io/sites/default/files/styles/original_webp/public/oldImages/105133_Brunner_ray_soft_lounge_1080x1080_XL.jpg.webp?itok=jegz-UNj -> ray_soft_lounge_Easy_chair_9652\image_6.jpg
Starting download with Playwright: https://live-brunner.pantheonsite.io/sites/default/files/styles/sm/public/oldImages/105124_Brunner_ray_soft_lounge_9652_Grau_Schatten_HD_XL.jpg.webp?itok=H2Ceqf1j
Finished download: https://live-brunner.pantheonsite.io/sites/default/files/styles/sm/public/oldImages/105124_Brunner_ray_soft_lounge_9652_Grau_Schatten_HD_XL.jpg.webp?itok=H2Ceqf1j -> ray_soft_lounge_Easy_chair_9652\image_7.jpg
Starting download with Playwright: https://live-brunner.pantheonsite.io/sites/default/files/styles/lg/public/oldImages/105124_Brunner_ray_soft_lounge_9652_Grau_Schatten_HD_XL.jpg.webp?itok=sMbnQLa5
Finished download: https://live-brunner.pantheonsite.io/sites/default/files/styles/lg/public/oldImages/105124_Brunner_ray_soft_lounge_9652_Grau_Schatten_HD_XL.jpg.webp?itok=sMbnQLa5 -> ray_soft_lounge_Easy_chair_9652\image_8.jpg
Starting download with Playwright: https://live-brunner.pantheonsite.io/sites/default/files/styles/original_webp/public/oldImages/105124_Brunner_ray_soft_lounge_9652_Grau_Schatten_HD_XL.jpg.webp?itok=BHS1jziq
Finished download: https://live-brunner.pantheonsite.io/sites/default/files/styles/original_webp/public/oldImages/105124_Brunner_ray_soft_lounge_9652_Grau_Schatten_HD_XL.jpg.webp?itok=BHS1jziq -> ray_soft_lounge_Easy_chair_9652\image_9.jpg
Starting download with Playwright: https://live-brunner.pantheonsite.io/sites/default/files/styles/sm/public/oldImages/105132_Brunner_ray_soft_lounge_9655_HD_XL.jpg.webp?itok=1wx2br36
Finished download: https://live-brunner.pantheonsite.io/sites/default/files/styles/sm/public/oldImages/105132_Brunner_ray_soft_lounge_9655_HD_XL.jpg.webp?itok=1wx2br36 -> ray_soft_lounge_Easy_chair_9652\image_10.jpg
Starting download with Playwright: https://live-brunner.pantheonsite.io/sites/default/files/styles/lg/public/oldImages/105132_Brunner_ray_soft_lounge_9655_HD_XL.jpg.webp?itok=GkHznpU6
Finished download: https://live-brunner.pantheonsite.io/sites/default/files/styles/lg/public/oldImages/105132_Brunner_ray_soft_lounge_9655_HD_XL.jpg.webp?itok=GkHznpU6 -> ray_soft_lounge_Easy_chair_9652\image_11.jpg
Starting download with Playwright: https://live-brunner.pantheonsite.io/sites/default/files/styles/original_webp/public/oldImages/105132_Brunner_ray_soft_lounge_9655_HD_XL.jpg.webp?itok=a4Z8abPs
Finished download: https://live-brunner.pantheonsite.io/sites/default/files/styles/original_webp/public/oldImages/105132_Brunner_ray_soft_lounge_9655_HD_XL.jpg.webp?itok=a4Z8abPs -> ray_soft_lounge_Easy_chair_9652\image_12.jpg
Completed image downloads for product ray_soft_lounge_Easy_chair_9652
Extracting features for product ray_soft_lounge_Easy_chair_9652...
Features saved for product ray_soft_lounge_Easy_chair_9652
Attempting to access Downloads tab for product ray_soft_lounge_Easy_chair_9652...
Starting download of PDF: https://live-brunner.pantheonsite.io/sites/default/files/oldPdfs/Produktdatenblaetter/Produktdatenblaetter_EN/Brunner_product_data_sheet_ray_soft_lounge_EN.pdf
Downloaded product_sheet.pdf for product ray_soft_lounge_Easy_chair_9652
Opening URL for product ray_lounge_Seating_9241: https://brunner-group.com/en/products/ray-lounge-seating/?variant=9241
Images detected on page for ray_lounge_Seating_9241, scrolling to load them...
Successfully opened URL for product ray_lounge_Seating_9241
Extracting images for product ray_lounge_Seating_9241...
Found 42 images for product ray_lounge_Seating_9241
Starting download with Playwright: https://live-brunner.pantheonsite.io/sites/default/files/styles/sm/public/oldImages/97958_Brunner_ray_lounge_9241_9247_HD_XL.jpg.webp?itok=C5cf-rrZ
Finished download: https://live-brunner.pantheonsite.io/sites/default/files/styles/sm/public/oldImages/97958_Brunner_ray_lounge_9241_9247_HD_XL.jpg.webp?itok=C5cf-rrZ -> ray_lounge_Seating_9241\image_1.jpg
Starting download with Playwright: https://live-brunner.pantheonsite.io/sites/default/files/styles/lg/public/oldImages/97958_Brunner_ray_lounge_9241_9247_HD_XL.jpg.webp?itok=_KoTtuQi
Finished download: https://live-brunner.pantheonsite.io/sites/default/files/styles/lg/public/oldImages/97958_Brunner_ray_lounge_9241_9247_HD_XL.jpg.webp?itok=_KoTtuQi -> ray_lounge_Seating_9241\image_2.jpg
Starting download with Playwright: https://live-brunner.pantheonsite.io/sites/default/files/styles/original_webp/public/oldImages/97958_Brunner_ray_lounge_9241_9247_HD_XL.jpg.webp?itok=-8U5RGki
Finished download: https://live-brunner.pantheonsite.io/sites/default/files/styles/original_webp/public/oldImages/97958_Brunner_ray_lounge_9241_9247_HD_XL.jpg.webp?itok=-8U5RGki -> ray_lounge_Seating_9241\image_3.jpg
Starting download with Playwright: https://live-brunner.pantheonsite.io/sites/default/files/styles/sm/public/oldImages/85627_ray%20lounge_S9241_Reinhardt-Napoli-Rehbraun-2428_Lava_Grey_Shadow_CMYK_XL.tif.webp?itok=9q8bGPbl
Finished download: https://live-brunner.pantheonsite.io/sites/default/files/styles/sm/public/oldImages/85627_ray%20lounge_S9241_Reinhardt-Napoli-Rehbraun-2428_Lava_Grey_Shadow_CMYK_XL.tif.webp?itok=9q8bGPbl -> ray_lounge_Seating_9241\image_4.jpg
Starting download with Playwright: https://live-brunner.pantheonsite.io/sites/default/files/styles/lg/public/oldImages/85627_ray%20lounge_S9241_Reinhardt-Napoli-Rehbraun-2428_Lava_Grey_Shadow_CMYK_XL.tif.webp?itok=OIyOJDa1
Finished download: https://live-brunner.pantheonsite.io/sites/default/files/styles/lg/public/oldImages/85627_ray%20lounge_S9241_Reinhardt-Napoli-Rehbraun-2428_Lava_Grey_Shadow_CMYK_XL.tif.webp?itok=OIyOJDa1 -> ray_lounge_Seating_9241\image_5.jpg
Starting download with Playwright: https://live-brunner.pantheonsite.io/sites/default/files/styles/original_webp/public/oldImages/85627_ray%20lounge_S9241_Reinhardt-Napoli-Rehbraun-2428_Lava_Grey_Shadow_CMYK_XL.tif.webp?itok=dyyRkfbL
Finished download: https://live-brunner.pantheonsite.io/sites/default/files/styles/original_webp/public/oldImages/85627_ray%20lounge_S9241_Reinhardt-Napoli-Rehbraun-2428_Lava_Grey_Shadow_CMYK_XL.tif.webp?itok=dyyRkfbL -> ray_lounge_Seating_9241\image_6.jpg
Starting download with Playwright: https://live-brunner.pantheonsite.io/sites/default/files/styles/sm/public/oldImages/97960_Brunner_ray_lounge_9247_9241_HD_XL.jpg.webp?itok=yls0igFg
Finished download: https://live-brunner.pantheonsite.io/sites/default/files/styles/sm/public/oldImages/97960_Brunner_ray_lounge_9247_9241_HD_XL.jpg.webp?itok=yls0igFg -> ray_lounge_Seating_9241\image_7.jpg
Starting download with Playwright: https://live-brunner.pantheonsite.io/sites/default/files/styles/lg/public/oldImages/97960_Brunner_ray_lounge_9247_9241_HD_XL.jpg.webp?itok=dK9E4rkX
Finished download: https://live-brunner.pantheonsite.io/sites/default/files/styles/lg/public/oldImages/97960_Brunner_ray_lounge_9247_9241_HD_XL.jpg.webp?itok=dK9E4rkX -> ray_lounge_Seating_9241\image_8.jpg
Starting download with Playwright: https://live-brunner.pantheonsite.io/sites/default/files/styles/original_webp/public/oldImages/97960_Brunner_ray_lounge_9247_9241_HD_XL.jpg.webp?itok=CBt1LxGL
Finished download: https://live-brunner.pantheonsite.io/sites/default/files/styles/original_webp/public/oldImages/97960_Brunner_ray_lounge_9247_9241_HD_XL.jpg.webp?itok=CBt1LxGL -> ray_lounge_Seating_9241\image_9.jpg
Starting download with Playwright: https://live-brunner.pantheonsite.io/sites/default/files/styles/sm/public/oldImages/97959_Brunner_ray_lounge_9241_valet_1003_HD_XL.jpg.webp?itok=GPdl6UHb
Finished download: https://live-brunner.pantheonsite.io/sites/default/files/styles/sm/public/oldImages/97959_Brunner_ray_lounge_9241_valet_1003_HD_XL.jpg.webp?itok=GPdl6UHb -> ray_lounge_Seating_9241\image_10.jpg
Starting download with Playwright: https://live-brunner.pantheonsite.io/sites/default/files/styles/lg/public/oldImages/97959_Brunner_ray_lounge_9241_valet_1003_HD_XL.jpg.webp?itok=MVG1ZE6T
Finished download: https://live-brunner.pantheonsite.io/sites/default/files/styles/lg/public/oldImages/97959_Brunner_ray_lounge_9241_valet_1003_HD_XL.jpg.webp?itok=MVG1ZE6T -> ray_lounge_Seating_9241\image_11.jpg
Starting download with Playwright: https://live-brunner.pantheonsite.io/sites/default/files/styles/original_webp/public/oldImages/97959_Brunner_ray_lounge_9241_valet_1003_HD_XL.jpg.webp?itok=FNm39W_Q
Finished download: https://live-brunner.pantheonsite.io/sites/default/files/styles/original_webp/public/oldImages/97959_Brunner_ray_lounge_9241_valet_1003_HD_XL.jpg.webp?itok=FNm39W_Q -> ray_lounge_Seating_9241\image_12.jpg
Starting download with Playwright: https://live-brunner.pantheonsite.io/sites/default/files/styles/sm/public/oldImages/57863_ray_lounge_XL.jpg.webp?itok=dIC7QpGd
Finished download: https://live-brunner.pantheonsite.io/sites/default/files/styles/sm/public/oldImages/57863_ray_lounge_XL.jpg.webp?itok=dIC7QpGd -> ray_lounge_Seating_9241\image_13.jpg
Starting download with Playwright: https://live-brunner.pantheonsite.io/sites/default/files/styles/lg/public/oldImages/57863_ray_lounge_XL.jpg.webp?itok=_pepZCEd
Finished download: https://live-brunner.pantheonsite.io/sites/default/files/styles/lg/public/oldImages/57863_ray_lounge_XL.jpg.webp?itok=_pepZCEd -> ray_lounge_Seating_9241\image_14.jpg
Starting download with Playwright: https://live-brunner.pantheonsite.io/sites/default/files/styles/original_webp/public/oldImages/57863_ray_lounge_XL.jpg.webp?itok=_iZwGqNf
Finished download: https://live-brunner.pantheonsite.io/sites/default/files/styles/original_webp/public/oldImages/57863_ray_lounge_XL.jpg.webp?itok=_iZwGqNf -> ray_lounge_Seating_9241\image_15.jpg
Starting download with Playwright: https://live-brunner.pantheonsite.io/sites/default/files/styles/sm/public/oldImages/97813_Brunner_ray%20lounge_9241_HD_XL.jpg.webp?itok=CSN6eXGH
Finished download: https://live-brunner.pantheonsite.io/sites/default/files/styles/sm/public/oldImages/97813_Brunner_ray%20lounge_9241_HD_XL.jpg.webp?itok=CSN6eXGH -> ray_lounge_Seating_9241\image_16.jpg
Starting download with Playwright: https://live-brunner.pantheonsite.io/sites/default/files/styles/lg/public/oldImages/97813_Brunner_ray%20lounge_9241_HD_XL.jpg.webp?itok=O9pOe67h
Finished download: https://live-brunner.pantheonsite.io/sites/default/files/styles/lg/public/oldImages/97813_Brunner_ray%20lounge_9241_HD_XL.jpg.webp?itok=O9pOe67h -> ray_lounge_Seating_9241\image_17.jpg
Starting download with Playwright: https://live-brunner.pantheonsite.io/sites/default/files/styles/original_webp/public/oldImages/97813_Brunner_ray%20lounge_9241_HD_XL.jpg.webp?itok=rnWPAryF
Finished download: https://live-brunner.pantheonsite.io/sites/default/files/styles/original_webp/public/oldImages/97813_Brunner_ray%20lounge_9241_HD_XL.jpg.webp?itok=rnWPAryF -> ray_lounge_Seating_9241\image_18.jpg
Starting download with Playwright: https://live-brunner.pantheonsite.io/sites/default/files/styles/sm/public/oldImages/87676_Brunner_fc-Gruppe_Marquardt_04_XL.jpg.webp?itok=ELElGUUu
Finished download: https://live-brunner.pantheonsite.io/sites/default/files/styles/sm/public/oldImages/87676_Brunner_fc-Gruppe_Marquardt_04_XL.jpg.webp?itok=ELElGUUu -> ray_lounge_Seating_9241\image_19.jpg
Starting download with Playwright: https://live-brunner.pantheonsite.io/sites/default/files/styles/lg/public/oldImages/87676_Brunner_fc-Gruppe_Marquardt_04_XL.jpg.webp?itok=BUIxKfH3
Finished download: https://live-brunner.pantheonsite.io/sites/default/files/styles/lg/public/oldImages/87676_Brunner_fc-Gruppe_Marquardt_04_XL.jpg.webp?itok=BUIxKfH3 -> ray_lounge_Seating_9241\image_20.jpg
Starting download with Playwright: https://live-brunner.pantheonsite.io/sites/default/files/styles/original_webp/public/oldImages/87676_Brunner_fc-Gruppe_Marquardt_04_XL.jpg.webp?itok=vRFhn4t7
Finished download: https://live-brunner.pantheonsite.io/sites/default/files/styles/original_webp/public/oldImages/87676_Brunner_fc-Gruppe_Marquardt_04_XL.jpg.webp?itok=vRFhn4t7 -> ray_lounge_Seating_9241\image_21.jpg
Starting download with Playwright: https://live-brunner.pantheonsite.io/sites/default/files/styles/sm/public/oldImages/55142_ray_lounge_9242_XL.jpg.webp?itok=4Cr2llUn
Finished download: https://live-brunner.pantheonsite.io/sites/default/files/styles/sm/public/oldImages/55142_ray_lounge_9242_XL.jpg.webp?itok=4Cr2llUn -> ray_lounge_Seating_9241\image_22.jpg
Starting download with Playwright: https://live-brunner.pantheonsite.io/sites/default/files/styles/lg/public/oldImages/55142_ray_lounge_9242_XL.jpg.webp?itok=2dtivYil
Finished download: https://live-brunner.pantheonsite.io/sites/default/files/styles/lg/public/oldImages/55142_ray_lounge_9242_XL.jpg.webp?itok=2dtivYil -> ray_lounge_Seating_9241\image_23.jpg
Starting download with Playwright: https://live-brunner.pantheonsite.io/sites/default/files/styles/original_webp/public/oldImages/55142_ray_lounge_9242_XL.jpg.webp?itok=zxwMBHt1
Finished download: https://live-brunner.pantheonsite.io/sites/default/files/styles/original_webp/public/oldImages/55142_ray_lounge_9242_XL.jpg.webp?itok=zxwMBHt1 -> ray_lounge_Seating_9241\image_24.jpg
Starting download with Playwright: https://live-brunner.pantheonsite.io/sites/default/files/styles/sm/public/oldImages/33158_ray_lounge_9241_9247_XL.jpg.webp?itok=QanwWznS
Finished download: https://live-brunner.pantheonsite.io/sites/default/files/styles/sm/public/oldImages/33158_ray_lounge_9241_9247_XL.jpg.webp?itok=QanwWznS -> ray_lounge_Seating_9241\image_25.jpg
Starting download with Playwright: https://live-brunner.pantheonsite.io/sites/default/files/styles/lg/public/oldImages/33158_ray_lounge_9241_9247_XL.jpg.webp?itok=WYIqjuw3
Finished download: https://live-brunner.pantheonsite.io/sites/default/files/styles/lg/public/oldImages/33158_ray_lounge_9241_9247_XL.jpg.webp?itok=WYIqjuw3 -> ray_lounge_Seating_9241\image_26.jpg
Starting download with Playwright: https://live-brunner.pantheonsite.io/sites/default/files/styles/original_webp/public/oldImages/33158_ray_lounge_9241_9247_XL.jpg.webp?itok=-3B2ed4W
Finished download: https://live-brunner.pantheonsite.io/sites/default/files/styles/original_webp/public/oldImages/33158_ray_lounge_9241_9247_XL.jpg.webp?itok=-3B2ed4W -> ray_lounge_Seating_9241\image_27.jpg
Starting download with Playwright: https://live-brunner.pantheonsite.io/sites/default/files/styles/sm/public/oldImages/55144_ray_lounge_9241_9247_XL.jpg.webp?itok=PKYXOXeV
Finished download: https://live-brunner.pantheonsite.io/sites/default/files/styles/sm/public/oldImages/55144_ray_lounge_9241_9247_XL.jpg.webp?itok=PKYXOXeV -> ray_lounge_Seating_9241\image_28.jpg
Starting download with Playwright: https://live-brunner.pantheonsite.io/sites/default/files/styles/lg/public/oldImages/55144_ray_lounge_9241_9247_XL.jpg.webp?itok=uORU6DoK
Finished download: https://live-brunner.pantheonsite.io/sites/default/files/styles/lg/public/oldImages/55144_ray_lounge_9241_9247_XL.jpg.webp?itok=uORU6DoK -> ray_lounge_Seating_9241\image_29.jpg
Starting download with Playwright: https://live-brunner.pantheonsite.io/sites/default/files/styles/original_webp/public/oldImages/55144_ray_lounge_9241_9247_XL.jpg.webp?itok=B8vVKMUJ
Finished download: https://live-brunner.pantheonsite.io/sites/default/files/styles/original_webp/public/oldImages/55144_ray_lounge_9241_9247_XL.jpg.webp?itok=B8vVKMUJ -> ray_lounge_Seating_9241\image_30.jpg
Starting download with Playwright: https://live-brunner.pantheonsite.io/sites/default/files/styles/sm/public/oldImages/64416_ray_lounge_9241A_break_3969_XL.jpg.webp?itok=7MOpgQqF
Finished download: https://live-brunner.pantheonsite.io/sites/default/files/styles/sm/public/oldImages/64416_ray_lounge_9241A_break_3969_XL.jpg.webp?itok=7MOpgQqF -> ray_lounge_Seating_9241\image_31.jpg
Starting download with Playwright: https://live-brunner.pantheonsite.io/sites/default/files/styles/lg/public/oldImages/64416_ray_lounge_9241A_break_3969_XL.jpg.webp?itok=Y-ON3Iw6
Finished download: https://live-brunner.pantheonsite.io/sites/default/files/styles/lg/public/oldImages/64416_ray_lounge_9241A_break_3969_XL.jpg.webp?itok=Y-ON3Iw6 -> ray_lounge_Seating_9241\image_32.jpg
Starting download with Playwright: https://live-brunner.pantheonsite.io/sites/default/files/styles/original_webp/public/oldImages/64416_ray_lounge_9241A_break_3969_XL.jpg.webp?itok=GhMi39k3
Finished download: https://live-brunner.pantheonsite.io/sites/default/files/styles/original_webp/public/oldImages/64416_ray_lounge_9241A_break_3969_XL.jpg.webp?itok=GhMi39k3 -> ray_lounge_Seating_9241\image_33.jpg
Starting download with Playwright: https://live-brunner.pantheonsite.io/sites/default/files/styles/sm/public/oldImages/97955_Brunner_ray_Location_Office_Chrom_HD_XL.jpg.webp?itok=i_v1itX2
Finished download: https://live-brunner.pantheonsite.io/sites/default/files/styles/sm/public/oldImages/97955_Brunner_ray_Location_Office_Chrom_HD_XL.jpg.webp?itok=i_v1itX2 -> ray_lounge_Seating_9241\image_34.jpg
Starting download with Playwright: https://live-brunner.pantheonsite.io/sites/default/files/styles/lg/public/oldImages/97955_Brunner_ray_Location_Office_Chrom_HD_XL.jpg.webp?itok=Aysp7bGZ
Finished download: https://live-brunner.pantheonsite.io/sites/default/files/styles/lg/public/oldImages/97955_Brunner_ray_Location_Office_Chrom_HD_XL.jpg.webp?itok=Aysp7bGZ -> ray_lounge_Seating_9241\image_35.jpg
Starting download with Playwright: https://live-brunner.pantheonsite.io/sites/default/files/styles/original_webp/public/oldImages/97955_Brunner_ray_Location_Office_Chrom_HD_XL.jpg.webp?itok=hfBGQ_NV
Finished download: https://live-brunner.pantheonsite.io/sites/default/files/styles/original_webp/public/oldImages/97955_Brunner_ray_Location_Office_Chrom_HD_XL.jpg.webp?itok=hfBGQ_NV -> ray_lounge_Seating_9241\image_36.jpg
Starting download with Playwright: https://live-brunner.pantheonsite.io/sites/default/files/styles/sm/public/oldImages/55147_ray_lounge_9241_9243_XL.jpg.webp?itok=1B8RiO5J
Finished download: https://live-brunner.pantheonsite.io/sites/default/files/styles/sm/public/oldImages/55147_ray_lounge_9241_9243_XL.jpg.webp?itok=1B8RiO5J -> ray_lounge_Seating_9241\image_37.jpg
Starting download with Playwright: https://live-brunner.pantheonsite.io/sites/default/files/styles/lg/public/oldImages/55147_ray_lounge_9241_9243_XL.jpg.webp?itok=n6y7SDkJ
Finished download: https://live-brunner.pantheonsite.io/sites/default/files/styles/lg/public/oldImages/55147_ray_lounge_9241_9243_XL.jpg.webp?itok=n6y7SDkJ -> ray_lounge_Seating_9241\image_38.jpg
Starting download with Playwright: https://live-brunner.pantheonsite.io/sites/default/files/styles/original_webp/public/oldImages/55147_ray_lounge_9241_9243_XL.jpg.webp?itok=cK9jKnuQ
Finished download: https://live-brunner.pantheonsite.io/sites/default/files/styles/original_webp/public/oldImages/55147_ray_lounge_9241_9243_XL.jpg.webp?itok=cK9jKnuQ -> ray_lounge_Seating_9241\image_39.jpg
Starting download with Playwright: https://live-brunner.pantheonsite.io/sites/default/files/styles/sm/public/oldImages/33172_ray_lounge_9241_9247_XL.jpg.webp?itok=GxIdBvBa
Finished download: https://live-brunner.pantheonsite.io/sites/default/files/styles/sm/public/oldImages/33172_ray_lounge_9241_9247_XL.jpg.webp?itok=GxIdBvBa -> ray_lounge_Seating_9241\image_40.jpg
Starting download with Playwright: https://live-brunner.pantheonsite.io/sites/default/files/styles/lg/public/oldImages/33172_ray_lounge_9241_9247_XL.jpg.webp?itok=a-UNvxti
Finished download: https://live-brunner.pantheonsite.io/sites/default/files/styles/lg/public/oldImages/33172_ray_lounge_9241_9247_XL.jpg.webp?itok=a-UNvxti -> ray_lounge_Seating_9241\image_41.jpg
Starting download with Playwright: https://live-brunner.pantheonsite.io/sites/default/files/styles/original_webp/public/oldImages/33172_ray_lounge_9241_9247_XL.jpg.webp?itok=9ZgYoZN1
Finished download: https://live-brunner.pantheonsite.io/sites/default/files/styles/original_webp/public/oldImages/33172_ray_lounge_9241_9247_XL.jpg.webp?itok=9ZgYoZN1 -> ray_lounge_Seating_9241\image_42.jpg
Completed image downloads for product ray_lounge_Seating_9241
Extracting features for product ray_lounge_Seating_9241...
Features saved for product ray_lounge_Seating_9241
Attempting to access Downloads tab for product ray_lounge_Seating_9241...
Starting download of PDF: https://live-brunner.pantheonsite.io/sites/default/files/oldPdfs/Produktdatenblaetter/Produktdatenblaetter_EN/ray_lounge_Brunner_product_data_sheet_EN.pdf
Downloaded product_sheet.pdf for product ray_lounge_Seating_9241
Opening URL for product oval_Bench_1502-0210: https://brunner-group.com/en/products/oval-bench/?variant=1502-0210
Images detected on page for oval_Bench_1502-0210, scrolling to load them...
Successfully opened URL for product oval_Bench_1502-0210
Extracting images for product oval_Bench_1502-0210...
Found 45 images for product oval_Bench_1502-0210
Starting download with Playwright: https://live-brunner.pantheonsite.io/sites/default/files/styles/sm/public/oldImages/106870_Brunner_oval_1502_0120_1501_0200_1502_0210_valet_VT_1000_VT_1002_VT_1003_HD_XL.jpg.webp?itok=5-5rjL0g
Finished download: https://live-brunner.pantheonsite.io/sites/default/files/styles/sm/public/oldImages/106870_Brunner_oval_1502_0120_1501_0200_1502_0210_valet_VT_1000_VT_1002_VT_1003_HD_XL.jpg.webp?itok=5-5rjL0g -> oval_Bench_1502-0210\image_1.jpg
Starting download with Playwright: https://live-brunner.pantheonsite.io/sites/default/files/styles/lg/public/oldImages/106870_Brunner_oval_1502_0120_1501_0200_1502_0210_valet_VT_1000_VT_1002_VT_1003_HD_XL.jpg.webp?itok=yGlFnqQv
Finished download: https://live-brunner.pantheonsite.io/sites/default/files/styles/lg/public/oldImages/106870_Brunner_oval_1502_0120_1501_0200_1502_0210_valet_VT_1000_VT_1002_VT_1003_HD_XL.jpg.webp?itok=yGlFnqQv -> oval_Bench_1502-0210\image_2.jpg
Starting download with Playwright: https://live-brunner.pantheonsite.io/sites/default/files/styles/original_webp/public/oldImages/106870_Brunner_oval_1502_0120_1501_0200_1502_0210_valet_VT_1000_VT_1002_VT_1003_HD_XL.jpg.webp?itok=qGR-U9bq
Finished download: https://live-brunner.pantheonsite.io/sites/default/files/styles/original_webp/public/oldImages/106870_Brunner_oval_1502_0120_1501_0200_1502_0210_valet_VT_1000_VT_1002_VT_1003_HD_XL.jpg.webp?itok=qGR-U9bq -> oval_Bench_1502-0210\image_3.jpg
Starting download with Playwright: https://live-brunner.pantheonsite.io/sites/default/files/styles/sm/public/oldImages/105016_Brunner_oval_8084_03_HD_XL.jpg.webp?itok=wrARv5BD
Finished download: https://live-brunner.pantheonsite.io/sites/default/files/styles/sm/public/oldImages/105016_Brunner_oval_8084_03_HD_XL.jpg.webp?itok=wrARv5BD -> oval_Bench_1502-0210\image_4.jpg
Starting download with Playwright: https://live-brunner.pantheonsite.io/sites/default/files/styles/lg/public/oldImages/105016_Brunner_oval_8084_03_HD_XL.jpg.webp?itok=PcWLs7yn
Finished download: https://live-brunner.pantheonsite.io/sites/default/files/styles/lg/public/oldImages/105016_Brunner_oval_8084_03_HD_XL.jpg.webp?itok=PcWLs7yn -> oval_Bench_1502-0210\image_5.jpg
Starting download with Playwright: https://live-brunner.pantheonsite.io/sites/default/files/styles/original_webp/public/oldImages/105016_Brunner_oval_8084_03_HD_XL.jpg.webp?itok=1AQBiqqA
Finished download: https://live-brunner.pantheonsite.io/sites/default/files/styles/original_webp/public/oldImages/105016_Brunner_oval_8084_03_HD_XL.jpg.webp?itok=1AQBiqqA -> oval_Bench_1502-0210\image_6.jpg
Starting download with Playwright: https://live-brunner.pantheonsite.io/sites/default/files/styles/sm/public/oldImages/105017_Brunner_oval_8084_01_HD_XL.jpg.webp?itok=Dt_oYVIH
Finished download: https://live-brunner.pantheonsite.io/sites/default/files/styles/sm/public/oldImages/105017_Brunner_oval_8084_01_HD_XL.jpg.webp?itok=Dt_oYVIH -> oval_Bench_1502-0210\image_7.jpg
Starting download with Playwright: https://live-brunner.pantheonsite.io/sites/default/files/styles/lg/public/oldImages/105017_Brunner_oval_8084_01_HD_XL.jpg.webp?itok=7YNx1rPo
Finished download: https://live-brunner.pantheonsite.io/sites/default/files/styles/lg/public/oldImages/105017_Brunner_oval_8084_01_HD_XL.jpg.webp?itok=7YNx1rPo -> oval_Bench_1502-0210\image_8.jpg
Starting download with Playwright: https://live-brunner.pantheonsite.io/sites/default/files/styles/original_webp/public/oldImages/105017_Brunner_oval_8084_01_HD_XL.jpg.webp?itok=mp9tSeKO
Finished download: https://live-brunner.pantheonsite.io/sites/default/files/styles/original_webp/public/oldImages/105017_Brunner_oval_8084_01_HD_XL.jpg.webp?itok=mp9tSeKO -> oval_Bench_1502-0210\image_9.jpg
Starting download with Playwright: https://live-brunner.pantheonsite.io/sites/default/files/styles/sm/public/oldImages/106867_Brunner_oval_1501_0110_1502_0110_1502_0210_1502_0120_1503_0110_1505_1150_1520_0100_1510_0100_1501_0200_1501_0300_1500_0020_valet_VT_1000_VT_1001_VT_1002_VT_1003_HD_XL.jpg.webp?itok=tna-A1ya
Finished download: https://live-brunner.pantheonsite.io/sites/default/files/styles/sm/public/oldImages/106867_Brunner_oval_1501_0110_1502_0110_1502_0210_1502_0120_1503_0110_1505_1150_1520_0100_1510_0100_1501_0200_1501_0300_1500_0020_valet_VT_1000_VT_1001_VT_1002_VT_1003_HD_XL.jpg.webp?itok=tna-A1ya -> oval_Bench_1502-0210\image_10.jpg
Starting download with Playwright: https://live-brunner.pantheonsite.io/sites/default/files/styles/lg/public/oldImages/106867_Brunner_oval_1501_0110_1502_0110_1502_0210_1502_0120_1503_0110_1505_1150_1520_0100_1510_0100_1501_0200_1501_0300_1500_0020_valet_VT_1000_VT_1001_VT_1002_VT_1003_HD_XL.jpg.webp?itok=oBYVrppl
Finished download: https://live-brunner.pantheonsite.io/sites/default/files/styles/lg/public/oldImages/106867_Brunner_oval_1501_0110_1502_0110_1502_0210_1502_0120_1503_0110_1505_1150_1520_0100_1510_0100_1501_0200_1501_0300_1500_0020_valet_VT_1000_VT_1001_VT_1002_VT_1003_HD_XL.jpg.webp?itok=oBYVrppl -> oval_Bench_1502-0210\image_11.jpg
Starting download with Playwright: https://live-brunner.pantheonsite.io/sites/default/files/styles/original_webp/public/oldImages/106867_Brunner_oval_1501_0110_1502_0110_1502_0210_1502_0120_1503_0110_1505_1150_1520_0100_1510_0100_1501_0200_1501_0300_1500_0020_valet_VT_1000_VT_1001_VT_1002_VT_1003_HD_XL.jpg.webp?itok=G8F5dgly
Finished download: https://live-brunner.pantheonsite.io/sites/default/files/styles/original_webp/public/oldImages/106867_Brunner_oval_1501_0110_1502_0110_1502_0210_1502_0120_1503_0110_1505_1150_1520_0100_1510_0100_1501_0200_1501_0300_1500_0020_valet_VT_1000_VT_1001_VT_1002_VT_1003_HD_XL.jpg.webp?itok=G8F5dgly -> oval_Bench_1502-0210\image_12.jpg
Starting download with Playwright: https://live-brunner.pantheonsite.io/sites/default/files/styles/sm/public/oldImages/106869_Brunner_oval_1501_0200_Detail_HD_XL.jpg.webp?itok=W-Cs65jR
Finished download: https://live-brunner.pantheonsite.io/sites/default/files/styles/sm/public/oldImages/106869_Brunner_oval_1501_0200_Detail_HD_XL.jpg.webp?itok=W-Cs65jR -> oval_Bench_1502-0210\image_13.jpg
Starting download with Playwright: https://live-brunner.pantheonsite.io/sites/default/files/styles/lg/public/oldImages/106869_Brunner_oval_1501_0200_Detail_HD_XL.jpg.webp?itok=1v0FExIT
Finished download: https://live-brunner.pantheonsite.io/sites/default/files/styles/lg/public/oldImages/106869_Brunner_oval_1501_0200_Detail_HD_XL.jpg.webp?itok=1v0FExIT -> oval_Bench_1502-0210\image_14.jpg
Starting download with Playwright: https://live-brunner.pantheonsite.io/sites/default/files/styles/original_webp/public/oldImages/106869_Brunner_oval_1501_0200_Detail_HD_XL.jpg.webp?itok=qHGB_995
Finished download: https://live-brunner.pantheonsite.io/sites/default/files/styles/original_webp/public/oldImages/106869_Brunner_oval_1501_0200_Detail_HD_XL.jpg.webp?itok=qHGB_995 -> oval_Bench_1502-0210\image_15.jpg
Starting download with Playwright: https://live-brunner.pantheonsite.io/sites/default/files/styles/sm/public/oldImages/105015_Brunner_oval_8084_02_HD_XL.jpg.webp?itok=5kCdnhRj
Finished download: https://live-brunner.pantheonsite.io/sites/default/files/styles/sm/public/oldImages/105015_Brunner_oval_8084_02_HD_XL.jpg.webp?itok=5kCdnhRj -> oval_Bench_1502-0210\image_16.jpg
Starting download with Playwright: https://live-brunner.pantheonsite.io/sites/default/files/styles/lg/public/oldImages/105015_Brunner_oval_8084_02_HD_XL.jpg.webp?itok=hgNaScgW
Finished download: https://live-brunner.pantheonsite.io/sites/default/files/styles/lg/public/oldImages/105015_Brunner_oval_8084_02_HD_XL.jpg.webp?itok=hgNaScgW -> oval_Bench_1502-0210\image_17.jpg
Starting download with Playwright: https://live-brunner.pantheonsite.io/sites/default/files/styles/original_webp/public/oldImages/105015_Brunner_oval_8084_02_HD_XL.jpg.webp?itok=dDR3sCgI
Finished download: https://live-brunner.pantheonsite.io/sites/default/files/styles/original_webp/public/oldImages/105015_Brunner_oval_8084_02_HD_XL.jpg.webp?itok=dDR3sCgI -> oval_Bench_1502-0210\image_18.jpg
Starting download with Playwright: https://live-brunner.pantheonsite.io/sites/default/files/styles/sm/public/oldImages/106877_Brunner_oval_1502_0110_1505_1150_1501_0200_1501_0300_1500_0020_valet_VT_1000_VT_1001_VT_1002_HD_XL.jpg.webp?itok=t9g1JCSR
Finished download: https://live-brunner.pantheonsite.io/sites/default/files/styles/sm/public/oldImages/106877_Brunner_oval_1502_0110_1505_1150_1501_0200_1501_0300_1500_0020_valet_VT_1000_VT_1001_VT_1002_HD_XL.jpg.webp?itok=t9g1JCSR -> oval_Bench_1502-0210\image_19.jpg
Starting download with Playwright: https://live-brunner.pantheonsite.io/sites/default/files/styles/lg/public/oldImages/106877_Brunner_oval_1502_0110_1505_1150_1501_0200_1501_0300_1500_0020_valet_VT_1000_VT_1001_VT_1002_HD_XL.jpg.webp?itok=W4x3TNYN
Finished download: https://live-brunner.pantheonsite.io/sites/default/files/styles/lg/public/oldImages/106877_Brunner_oval_1502_0110_1505_1150_1501_0200_1501_0300_1500_0020_valet_VT_1000_VT_1001_VT_1002_HD_XL.jpg.webp?itok=W4x3TNYN -> oval_Bench_1502-0210\image_20.jpg
Starting download with Playwright: https://live-brunner.pantheonsite.io/sites/default/files/styles/original_webp/public/oldImages/106877_Brunner_oval_1502_0110_1505_1150_1501_0200_1501_0300_1500_0020_valet_VT_1000_VT_1001_VT_1002_HD_XL.jpg.webp?itok=qDkqBD_X
Finished download: https://live-brunner.pantheonsite.io/sites/default/files/styles/original_webp/public/oldImages/106877_Brunner_oval_1502_0110_1505_1150_1501_0200_1501_0300_1500_0020_valet_VT_1000_VT_1001_VT_1002_HD_XL.jpg.webp?itok=qDkqBD_X -> oval_Bench_1502-0210\image_21.jpg
Starting download with Playwright: https://live-brunner.pantheonsite.io/sites/default/files/styles/sm/public/oldImages/106960_Brunner_oval_video_bench_thumbnail_XL.jpg.webp?itok=hhp9W-rJ
Finished download: https://live-brunner.pantheonsite.io/sites/default/files/styles/sm/public/oldImages/106960_Brunner_oval_video_bench_thumbnail_XL.jpg.webp?itok=hhp9W-rJ -> oval_Bench_1502-0210\image_22.jpg
Starting download with Playwright: https://live-brunner.pantheonsite.io/sites/default/files/styles/lg/public/oldImages/106960_Brunner_oval_video_bench_thumbnail_XL.jpg.webp?itok=rvQdLyAa
Finished download: https://live-brunner.pantheonsite.io/sites/default/files/styles/lg/public/oldImages/106960_Brunner_oval_video_bench_thumbnail_XL.jpg.webp?itok=rvQdLyAa -> oval_Bench_1502-0210\image_23.jpg
Starting download with Playwright: https://live-brunner.pantheonsite.io/sites/default/files/styles/original_webp/public/oldImages/106960_Brunner_oval_video_bench_thumbnail_XL.jpg.webp?itok=eA-B48iV
Finished download: https://live-brunner.pantheonsite.io/sites/default/files/styles/original_webp/public/oldImages/106960_Brunner_oval_video_bench_thumbnail_XL.jpg.webp?itok=eA-B48iV -> oval_Bench_1502-0210\image_24.jpg
Starting download with Playwright: https://live-brunner.pantheonsite.io/sites/default/files/styles/sm/public/oldImages/106871_Brunner_oval_1502_0120_1501_0200_Holz_3_HD_XL.jpg.webp?itok=TaDcurvv
Finished download: https://live-brunner.pantheonsite.io/sites/default/files/styles/sm/public/oldImages/106871_Brunner_oval_1502_0120_1501_0200_Holz_3_HD_XL.jpg.webp?itok=TaDcurvv -> oval_Bench_1502-0210\image_25.jpg
Starting download with Playwright: https://live-brunner.pantheonsite.io/sites/default/files/styles/lg/public/oldImages/106871_Brunner_oval_1502_0120_1501_0200_Holz_3_HD_XL.jpg.webp?itok=OJC7dMhW
Finished download: https://live-brunner.pantheonsite.io/sites/default/files/styles/lg/public/oldImages/106871_Brunner_oval_1502_0120_1501_0200_Holz_3_HD_XL.jpg.webp?itok=OJC7dMhW -> oval_Bench_1502-0210\image_26.jpg
Starting download with Playwright: https://live-brunner.pantheonsite.io/sites/default/files/styles/original_webp/public/oldImages/106871_Brunner_oval_1502_0120_1501_0200_Holz_3_HD_XL.jpg.webp?itok=D3u4SzL1
Finished download: https://live-brunner.pantheonsite.io/sites/default/files/styles/original_webp/public/oldImages/106871_Brunner_oval_1502_0120_1501_0200_Holz_3_HD_XL.jpg.webp?itok=D3u4SzL1 -> oval_Bench_1502-0210\image_27.jpg
Starting download with Playwright: https://live-brunner.pantheonsite.io/sites/default/files/styles/sm/public/oldImages/105112_Brunner_oval_2erBank_einfarbig_Grau_Schatten_HD_XL.jpg.webp?itok=jiicQ5rX
Finished download: https://live-brunner.pantheonsite.io/sites/default/files/styles/sm/public/oldImages/105112_Brunner_oval_2erBank_einfarbig_Grau_Schatten_HD_XL.jpg.webp?itok=jiicQ5rX -> oval_Bench_1502-0210\image_28.jpg
Starting download with Playwright: https://live-brunner.pantheonsite.io/sites/default/files/styles/lg/public/oldImages/105112_Brunner_oval_2erBank_einfarbig_Grau_Schatten_HD_XL.jpg.webp?itok=dCBAmpSb
Finished download: https://live-brunner.pantheonsite.io/sites/default/files/styles/lg/public/oldImages/105112_Brunner_oval_2erBank_einfarbig_Grau_Schatten_HD_XL.jpg.webp?itok=dCBAmpSb -> oval_Bench_1502-0210\image_29.jpg
Starting download with Playwright: https://live-brunner.pantheonsite.io/sites/default/files/styles/original_webp/public/oldImages/105112_Brunner_oval_2erBank_einfarbig_Grau_Schatten_HD_XL.jpg.webp?itok=aSXN9FJ7
Finished download: https://live-brunner.pantheonsite.io/sites/default/files/styles/original_webp/public/oldImages/105112_Brunner_oval_2erBank_einfarbig_Grau_Schatten_HD_XL.jpg.webp?itok=aSXN9FJ7 -> oval_Bench_1502-0210\image_30.jpg
Starting download with Playwright: https://live-brunner.pantheonsite.io/sites/default/files/styles/sm/public/oldImages/105114_Brunner_oval_1502_0520_Grau_Schatten_HD_XL.jpg.webp?itok=emXXJ0fa
Finished download: https://live-brunner.pantheonsite.io/sites/default/files/styles/sm/public/oldImages/105114_Brunner_oval_1502_0520_Grau_Schatten_HD_XL.jpg.webp?itok=emXXJ0fa -> oval_Bench_1502-0210\image_31.jpg
Starting download with Playwright: https://live-brunner.pantheonsite.io/sites/default/files/styles/lg/public/oldImages/105114_Brunner_oval_1502_0520_Grau_Schatten_HD_XL.jpg.webp?itok=8XYH9hRe
Finished download: https://live-brunner.pantheonsite.io/sites/default/files/styles/lg/public/oldImages/105114_Brunner_oval_1502_0520_Grau_Schatten_HD_XL.jpg.webp?itok=8XYH9hRe -> oval_Bench_1502-0210\image_32.jpg
Starting download with Playwright: https://live-brunner.pantheonsite.io/sites/default/files/styles/original_webp/public/oldImages/105114_Brunner_oval_1502_0520_Grau_Schatten_HD_XL.jpg.webp?itok=U-I3v0Fe
Finished download: https://live-brunner.pantheonsite.io/sites/default/files/styles/original_webp/public/oldImages/105114_Brunner_oval_1502_0520_Grau_Schatten_HD_XL.jpg.webp?itok=U-I3v0Fe -> oval_Bench_1502-0210\image_33.jpg
Starting download with Playwright: https://live-brunner.pantheonsite.io/sites/default/files/styles/sm/public/oldImages/106868_Brunner_oval_1501_0110_HD_XL.jpg.webp?itok=sIDeM8oq
Finished download: https://live-brunner.pantheonsite.io/sites/default/files/styles/sm/public/oldImages/106868_Brunner_oval_1501_0110_HD_XL.jpg.webp?itok=sIDeM8oq -> oval_Bench_1502-0210\image_34.jpg
Starting download with Playwright: https://live-brunner.pantheonsite.io/sites/default/files/styles/lg/public/oldImages/106868_Brunner_oval_1501_0110_HD_XL.jpg.webp?itok=jeH7TWRi
Finished download: https://live-brunner.pantheonsite.io/sites/default/files/styles/lg/public/oldImages/106868_Brunner_oval_1501_0110_HD_XL.jpg.webp?itok=jeH7TWRi -> oval_Bench_1502-0210\image_35.jpg
Starting download with Playwright: https://live-brunner.pantheonsite.io/sites/default/files/styles/original_webp/public/oldImages/106868_Brunner_oval_1501_0110_HD_XL.jpg.webp?itok=PZEcGeDl
Finished download: https://live-brunner.pantheonsite.io/sites/default/files/styles/original_webp/public/oldImages/106868_Brunner_oval_1501_0110_HD_XL.jpg.webp?itok=PZEcGeDl -> oval_Bench_1502-0210\image_36.jpg
Starting download with Playwright: https://live-brunner.pantheonsite.io/sites/default/files/styles/sm/public/oldImages/106987_Brunner_oval_animation_thumbnail_XL.jpg.webp?itok=6SYpS2Dp
Finished download: https://live-brunner.pantheonsite.io/sites/default/files/styles/sm/public/oldImages/106987_Brunner_oval_animation_thumbnail_XL.jpg.webp?itok=6SYpS2Dp -> oval_Bench_1502-0210\image_37.jpg
Starting download with Playwright: https://live-brunner.pantheonsite.io/sites/default/files/styles/lg/public/oldImages/106987_Brunner_oval_animation_thumbnail_XL.jpg.webp?itok=RN5L-2gu
Finished download: https://live-brunner.pantheonsite.io/sites/default/files/styles/lg/public/oldImages/106987_Brunner_oval_animation_thumbnail_XL.jpg.webp?itok=RN5L-2gu -> oval_Bench_1502-0210\image_38.jpg
Starting download with Playwright: https://live-brunner.pantheonsite.io/sites/default/files/styles/original_webp/public/oldImages/106987_Brunner_oval_animation_thumbnail_XL.jpg.webp?itok=OpuhYE_V
Finished download: https://live-brunner.pantheonsite.io/sites/default/files/styles/original_webp/public/oldImages/106987_Brunner_oval_animation_thumbnail_XL.jpg.webp?itok=OpuhYE_V -> oval_Bench_1502-0210\image_39.jpg
Starting download with Playwright: https://live-brunner.pantheonsite.io/sites/default/files/styles/sm/public/oldImages/106862_Brunner_oval_1502_0120_Holz_HD_XL.jpg.webp?itok=y66KM9Ru
Finished download: https://live-brunner.pantheonsite.io/sites/default/files/styles/sm/public/oldImages/106862_Brunner_oval_1502_0120_Holz_HD_XL.jpg.webp?itok=y66KM9Ru -> oval_Bench_1502-0210\image_40.jpg
Starting download with Playwright: https://live-brunner.pantheonsite.io/sites/default/files/styles/lg/public/oldImages/106862_Brunner_oval_1502_0120_Holz_HD_XL.jpg.webp?itok=FiV-evdc
Finished download: https://live-brunner.pantheonsite.io/sites/default/files/styles/lg/public/oldImages/106862_Brunner_oval_1502_0120_Holz_HD_XL.jpg.webp?itok=FiV-evdc -> oval_Bench_1502-0210\image_41.jpg
Starting download with Playwright: https://live-brunner.pantheonsite.io/sites/default/files/styles/original_webp/public/oldImages/106862_Brunner_oval_1502_0120_Holz_HD_XL.jpg.webp?itok=AVgLgnp0
Finished download: https://live-brunner.pantheonsite.io/sites/default/files/styles/original_webp/public/oldImages/106862_Brunner_oval_1502_0120_Holz_HD_XL.jpg.webp?itok=AVgLgnp0 -> oval_Bench_1502-0210\image_42.jpg
Starting download with Playwright: https://live-brunner.pantheonsite.io/sites/default/files/styles/sm/public/oldImages/105113_Brunner_oval_1502_0210_Grau_Schatten_HD_XL.jpg.webp?itok=Vv1Frq7m
Finished download: https://live-brunner.pantheonsite.io/sites/default/files/styles/sm/public/oldImages/105113_Brunner_oval_1502_0210_Grau_Schatten_HD_XL.jpg.webp?itok=Vv1Frq7m -> oval_Bench_1502-0210\image_43.jpg
Starting download with Playwright: https://live-brunner.pantheonsite.io/sites/default/files/styles/lg/public/oldImages/105113_Brunner_oval_1502_0210_Grau_Schatten_HD_XL.jpg.webp?itok=SxeDDnJp
Finished download: https://live-brunner.pantheonsite.io/sites/default/files/styles/lg/public/oldImages/105113_Brunner_oval_1502_0210_Grau_Schatten_HD_XL.jpg.webp?itok=SxeDDnJp -> oval_Bench_1502-0210\image_44.jpg
Starting download with Playwright: https://live-brunner.pantheonsite.io/sites/default/files/styles/original_webp/public/oldImages/105113_Brunner_oval_1502_0210_Grau_Schatten_HD_XL.jpg.webp?itok=38fYvad-
Finished download: https://live-brunner.pantheonsite.io/sites/default/files/styles/original_webp/public/oldImages/105113_Brunner_oval_1502_0210_Grau_Schatten_HD_XL.jpg.webp?itok=38fYvad- -> oval_Bench_1502-0210\image_45.jpg
Completed image downloads for product oval_Bench_1502-0210
Extracting features for product oval_Bench_1502-0210...
Features saved for product oval_Bench_1502-0210
Attempting to access Downloads tab for product oval_Bench_1502-0210...
Starting download of PDF: https://live-brunner.pantheonsite.io/sites/default/files/oldPdfs/Produktdatenblaetter/Produktdatenblaetter_EN/Brunner_product_data_sheet_oval_EN.pdf
Downloaded product_sheet.pdf for product oval_Bench_1502-0210
Opening URL for product pads_Stool_1402-0000: https://brunner-group.com/en/products/pads-stool-0/?variant=1402-0000
Images detected on page for pads_Stool_1402-0000, scrolling to load them...
Successfully opened URL for product pads_Stool_1402-0000
Extracting images for product pads_Stool_1402-0000...
Found 21 images for product pads_Stool_1402-0000
Starting download with Playwright: https://live-brunner.pantheonsite.io/sites/default/files/styles/sm/public/oldImages/92000_Brunner_pads_sofa_Work_XL.jpg.webp?itok=FIreDdEl
Finished download: https://live-brunner.pantheonsite.io/sites/default/files/styles/sm/public/oldImages/92000_Brunner_pads_sofa_Work_XL.jpg.webp?itok=FIreDdEl -> pads_Stool_1402-0000\image_1.jpg
Starting download with Playwright: https://live-brunner.pantheonsite.io/sites/default/files/styles/lg/public/oldImages/92000_Brunner_pads_sofa_Work_XL.jpg.webp?itok=0JvWZpAE
Finished download: https://live-brunner.pantheonsite.io/sites/default/files/styles/lg/public/oldImages/92000_Brunner_pads_sofa_Work_XL.jpg.webp?itok=0JvWZpAE -> pads_Stool_1402-0000\image_2.jpg
Starting download with Playwright: https://live-brunner.pantheonsite.io/sites/default/files/styles/original_webp/public/oldImages/92000_Brunner_pads_sofa_Work_XL.jpg.webp?itok=xQ5-ljnH
Finished download: https://live-brunner.pantheonsite.io/sites/default/files/styles/original_webp/public/oldImages/92000_Brunner_pads_sofa_Work_XL.jpg.webp?itok=xQ5-ljnH -> pads_Stool_1402-0000\image_3.jpg
Starting download with Playwright: https://live-brunner.pantheonsite.io/sites/default/files/styles/sm/public/oldImages/94791_Brunner_pads_Detail_naht_XL.jpg.webp?itok=yoVfHbGg
Finished download: https://live-brunner.pantheonsite.io/sites/default/files/styles/sm/public/oldImages/94791_Brunner_pads_Detail_naht_XL.jpg.webp?itok=yoVfHbGg -> pads_Stool_1402-0000\image_4.jpg
Starting download with Playwright: https://live-brunner.pantheonsite.io/sites/default/files/styles/lg/public/oldImages/94791_Brunner_pads_Detail_naht_XL.jpg.webp?itok=ZGe55bbK
Finished download: https://live-brunner.pantheonsite.io/sites/default/files/styles/lg/public/oldImages/94791_Brunner_pads_Detail_naht_XL.jpg.webp?itok=ZGe55bbK -> pads_Stool_1402-0000\image_5.jpg
Starting download with Playwright: https://live-brunner.pantheonsite.io/sites/default/files/styles/original_webp/public/oldImages/94791_Brunner_pads_Detail_naht_XL.jpg.webp?itok=SPGYdijC
Finished download: https://live-brunner.pantheonsite.io/sites/default/files/styles/original_webp/public/oldImages/94791_Brunner_pads_Detail_naht_XL.jpg.webp?itok=SPGYdijC -> pads_Stool_1402-0000\image_6.jpg
Starting download with Playwright: https://live-brunner.pantheonsite.io/sites/default/files/styles/sm/public/oldImages/98316_Brunner_pads_Tetris_Location_HD_XL.jpg.webp?itok=OyaGRxOw
Finished download: https://live-brunner.pantheonsite.io/sites/default/files/styles/sm/public/oldImages/98316_Brunner_pads_Tetris_Location_HD_XL.jpg.webp?itok=OyaGRxOw -> pads_Stool_1402-0000\image_7.jpg
Starting download with Playwright: https://live-brunner.pantheonsite.io/sites/default/files/styles/lg/public/oldImages/98316_Brunner_pads_Tetris_Location_HD_XL.jpg.webp?itok=3CEAEuYq
Finished download: https://live-brunner.pantheonsite.io/sites/default/files/styles/lg/public/oldImages/98316_Brunner_pads_Tetris_Location_HD_XL.jpg.webp?itok=3CEAEuYq -> pads_Stool_1402-0000\image_8.jpg
Starting download with Playwright: https://live-brunner.pantheonsite.io/sites/default/files/styles/original_webp/public/oldImages/98316_Brunner_pads_Tetris_Location_HD_XL.jpg.webp?itok=bkn6Azhj
Finished download: https://live-brunner.pantheonsite.io/sites/default/files/styles/original_webp/public/oldImages/98316_Brunner_pads_Tetris_Location_HD_XL.jpg.webp?itok=bkn6Azhj -> pads_Stool_1402-0000\image_9.jpg
Starting download with Playwright: https://live-brunner.pantheonsite.io/sites/default/files/styles/sm/public/oldImages/91062_Brunner_pads_1404_0000_1400_0010_DivinaMD_433_843_Grau_mitSchatten_RGB_XL.jpg.webp?itok=mAyQODrt
Finished download: https://live-brunner.pantheonsite.io/sites/default/files/styles/sm/public/oldImages/91062_Brunner_pads_1404_0000_1400_0010_DivinaMD_433_843_Grau_mitSchatten_RGB_XL.jpg.webp?itok=mAyQODrt -> pads_Stool_1402-0000\image_10.jpg
Starting download with Playwright: https://live-brunner.pantheonsite.io/sites/default/files/styles/lg/public/oldImages/91062_Brunner_pads_1404_0000_1400_0010_DivinaMD_433_843_Grau_mitSchatten_RGB_XL.jpg.webp?itok=WrJ627tI
Finished download: https://live-brunner.pantheonsite.io/sites/default/files/styles/lg/public/oldImages/91062_Brunner_pads_1404_0000_1400_0010_DivinaMD_433_843_Grau_mitSchatten_RGB_XL.jpg.webp?itok=WrJ627tI -> pads_Stool_1402-0000\image_11.jpg
Starting download with Playwright: https://live-brunner.pantheonsite.io/sites/default/files/styles/original_webp/public/oldImages/91062_Brunner_pads_1404_0000_1400_0010_DivinaMD_433_843_Grau_mitSchatten_RGB_XL.jpg.webp?itok=3POmpjiR
Finished download: https://live-brunner.pantheonsite.io/sites/default/files/styles/original_webp/public/oldImages/91062_Brunner_pads_1404_0000_1400_0010_DivinaMD_433_843_Grau_mitSchatten_RGB_XL.jpg.webp?itok=3POmpjiR -> pads_Stool_1402-0000\image_12.jpg
Starting download with Playwright: https://live-brunner.pantheonsite.io/sites/default/files/styles/sm/public/oldImages/92824_Brunner_pads_1405_0000_1400_0020_valet_1002_XL.jpg.webp?itok=N7FsxjCs
Finished download: https://live-brunner.pantheonsite.io/sites/default/files/styles/sm/public/oldImages/92824_Brunner_pads_1405_0000_1400_0020_valet_1002_XL.jpg.webp?itok=N7FsxjCs -> pads_Stool_1402-0000\image_13.jpg
Starting download with Playwright: https://live-brunner.pantheonsite.io/sites/default/files/styles/lg/public/oldImages/92824_Brunner_pads_1405_0000_1400_0020_valet_1002_XL.jpg.webp?itok=RzSLzyR9
Finished download: https://live-brunner.pantheonsite.io/sites/default/files/styles/lg/public/oldImages/92824_Brunner_pads_1405_0000_1400_0020_valet_1002_XL.jpg.webp?itok=RzSLzyR9 -> pads_Stool_1402-0000\image_14.jpg
Starting download with Playwright: https://live-brunner.pantheonsite.io/sites/default/files/styles/original_webp/public/oldImages/92824_Brunner_pads_1405_0000_1400_0020_valet_1002_XL.jpg.webp?itok=hvSm8vm9
Finished download: https://live-brunner.pantheonsite.io/sites/default/files/styles/original_webp/public/oldImages/92824_Brunner_pads_1405_0000_1400_0020_valet_1002_XL.jpg.webp?itok=hvSm8vm9 -> pads_Stool_1402-0000\image_15.jpg
Starting download with Playwright: https://live-brunner.pantheonsite.io/sites/default/files/styles/sm/public/oldImages/98315_Brunner_pads_Workspace_Location_HD_XL.jpg.webp?itok=EbtjApzu
Finished download: https://live-brunner.pantheonsite.io/sites/default/files/styles/sm/public/oldImages/98315_Brunner_pads_Workspace_Location_HD_XL.jpg.webp?itok=EbtjApzu -> pads_Stool_1402-0000\image_16.jpg
Starting download with Playwright: https://live-brunner.pantheonsite.io/sites/default/files/styles/lg/public/oldImages/98315_Brunner_pads_Workspace_Location_HD_XL.jpg.webp?itok=4MPYVU4a
Finished download: https://live-brunner.pantheonsite.io/sites/default/files/styles/lg/public/oldImages/98315_Brunner_pads_Workspace_Location_HD_XL.jpg.webp?itok=4MPYVU4a -> pads_Stool_1402-0000\image_17.jpg
Starting download with Playwright: https://live-brunner.pantheonsite.io/sites/default/files/styles/original_webp/public/oldImages/98315_Brunner_pads_Workspace_Location_HD_XL.jpg.webp?itok=crdCN2md
Finished download: https://live-brunner.pantheonsite.io/sites/default/files/styles/original_webp/public/oldImages/98315_Brunner_pads_Workspace_Location_HD_XL.jpg.webp?itok=crdCN2md -> pads_Stool_1402-0000\image_18.jpg
Starting download with Playwright: https://live-brunner.pantheonsite.io/sites/default/files/styles/sm/public/oldImages/91068_Brunner_pads_1406_0000_DivinaMD_843_433_Grau_mitSchatten_RGB_XL.jpg.webp?itok=eVbfErjH
Finished download: https://live-brunner.pantheonsite.io/sites/default/files/styles/sm/public/oldImages/91068_Brunner_pads_1406_0000_DivinaMD_843_433_Grau_mitSchatten_RGB_XL.jpg.webp?itok=eVbfErjH -> pads_Stool_1402-0000\image_19.jpg
Starting download with Playwright: https://live-brunner.pantheonsite.io/sites/default/files/styles/lg/public/oldImages/91068_Brunner_pads_1406_0000_DivinaMD_843_433_Grau_mitSchatten_RGB_XL.jpg.webp?itok=sMKpetp3
Finished download: https://live-brunner.pantheonsite.io/sites/default/files/styles/lg/public/oldImages/91068_Brunner_pads_1406_0000_DivinaMD_843_433_Grau_mitSchatten_RGB_XL.jpg.webp?itok=sMKpetp3 -> pads_Stool_1402-0000\image_20.jpg
Starting download with Playwright: https://live-brunner.pantheonsite.io/sites/default/files/styles/original_webp/public/oldImages/91068_Brunner_pads_1406_0000_DivinaMD_843_433_Grau_mitSchatten_RGB_XL.jpg.webp?itok=BGlb38kY
Finished download: https://live-brunner.pantheonsite.io/sites/default/files/styles/original_webp/public/oldImages/91068_Brunner_pads_1406_0000_DivinaMD_843_433_Grau_mitSchatten_RGB_XL.jpg.webp?itok=BGlb38kY -> pads_Stool_1402-0000\image_21.jpg
Completed image downloads for product pads_Stool_1402-0000
Extracting features for product pads_Stool_1402-0000...
Features saved for product pads_Stool_1402-0000
Attempting to access Downloads tab for product pads_Stool_1402-0000...
Starting download of PDF: https://live-brunner.pantheonsite.io/sites/default/files/oldPdfs/Produktdatenblaetter/Produktdatenblaetter_EN/Brunner_pads_product_data_sheet_EN.pdf
Downloaded product_sheet.pdf for product pads_Stool_1402-0000
Opening URL for product banc_Cabin__BC-3200: https://brunner-group.com/en/products/banc-cabin/?variant=BC-3200
Images detected on page for banc_Cabin__BC-3200, scrolling to load them...
Successfully opened URL for product banc_Cabin__BC-3200
Extracting images for product banc_Cabin__BC-3200...
Found 36 images for product banc_Cabin__BC-3200
Starting download with Playwright: https://live-brunner.pantheonsite.io/sites/default/files/styles/sm/public/oldImages/116337_Brunner_banc_PARA-VERT_scoop_lift_fina-fold_crona-steel_HD_XL.jpg.webp?itok=oYOO1_LX
Finished download: https://live-brunner.pantheonsite.io/sites/default/files/styles/sm/public/oldImages/116337_Brunner_banc_PARA-VERT_scoop_lift_fina-fold_crona-steel_HD_XL.jpg.webp?itok=oYOO1_LX -> banc_Cabin__BC-3200\image_1.jpg
Starting download with Playwright: https://live-brunner.pantheonsite.io/sites/default/files/styles/lg/public/oldImages/116337_Brunner_banc_PARA-VERT_scoop_lift_fina-fold_crona-steel_HD_XL.jpg.webp?itok=_3_ko8lE
Finished download: https://live-brunner.pantheonsite.io/sites/default/files/styles/lg/public/oldImages/116337_Brunner_banc_PARA-VERT_scoop_lift_fina-fold_crona-steel_HD_XL.jpg.webp?itok=_3_ko8lE -> banc_Cabin__BC-3200\image_2.jpg
Starting download with Playwright: https://live-brunner.pantheonsite.io/sites/default/files/styles/original_webp/public/oldImages/116337_Brunner_banc_PARA-VERT_scoop_lift_fina-fold_crona-steel_HD_XL.jpg.webp?itok=ytnhoDIa
Finished download: https://live-brunner.pantheonsite.io/sites/default/files/styles/original_webp/public/oldImages/116337_Brunner_banc_PARA-VERT_scoop_lift_fina-fold_crona-steel_HD_XL.jpg.webp?itok=ytnhoDIa -> banc_Cabin__BC-3200\image_3.jpg
Starting download with Playwright: https://live-brunner.pantheonsite.io/sites/default/files/styles/sm/public/oldImages/97675_Brunner_banc_cabin_media_BC2100_hellgrau_Hallingdal_hd_XL.jpg.webp?itok=rlhUUcb2
Finished download: https://live-brunner.pantheonsite.io/sites/default/files/styles/sm/public/oldImages/97675_Brunner_banc_cabin_media_BC2100_hellgrau_Hallingdal_hd_XL.jpg.webp?itok=rlhUUcb2 -> banc_Cabin__BC-3200\image_4.jpg
Starting download with Playwright: https://live-brunner.pantheonsite.io/sites/default/files/styles/lg/public/oldImages/97675_Brunner_banc_cabin_media_BC2100_hellgrau_Hallingdal_hd_XL.jpg.webp?itok=N75Zy921
Finished download: https://live-brunner.pantheonsite.io/sites/default/files/styles/lg/public/oldImages/97675_Brunner_banc_cabin_media_BC2100_hellgrau_Hallingdal_hd_XL.jpg.webp?itok=N75Zy921 -> banc_Cabin__BC-3200\image_5.jpg
Starting download with Playwright: https://live-brunner.pantheonsite.io/sites/default/files/styles/original_webp/public/oldImages/97675_Brunner_banc_cabin_media_BC2100_hellgrau_Hallingdal_hd_XL.jpg.webp?itok=ZxS3ZY7b
Finished download: https://live-brunner.pantheonsite.io/sites/default/files/styles/original_webp/public/oldImages/97675_Brunner_banc_cabin_media_BC2100_hellgrau_Hallingdal_hd_XL.jpg.webp?itok=ZxS3ZY7b -> banc_Cabin__BC-3200\image_6.jpg
Starting download with Playwright: https://live-brunner.pantheonsite.io/sites/default/files/styles/sm/public/oldImages/97677_Brunner_banc_Einsitzer_hd_XL.jpg.webp?itok=mR6HAGjf
Finished download: https://live-brunner.pantheonsite.io/sites/default/files/styles/sm/public/oldImages/97677_Brunner_banc_Einsitzer_hd_XL.jpg.webp?itok=mR6HAGjf -> banc_Cabin__BC-3200\image_7.jpg
Starting download with Playwright: https://live-brunner.pantheonsite.io/sites/default/files/styles/lg/public/oldImages/97677_Brunner_banc_Einsitzer_hd_XL.jpg.webp?itok=GI9-oxyv
Finished download: https://live-brunner.pantheonsite.io/sites/default/files/styles/lg/public/oldImages/97677_Brunner_banc_Einsitzer_hd_XL.jpg.webp?itok=GI9-oxyv -> banc_Cabin__BC-3200\image_8.jpg
Starting download with Playwright: https://live-brunner.pantheonsite.io/sites/default/files/styles/original_webp/public/oldImages/97677_Brunner_banc_Einsitzer_hd_XL.jpg.webp?itok=twAyFkH6
Finished download: https://live-brunner.pantheonsite.io/sites/default/files/styles/original_webp/public/oldImages/97677_Brunner_banc_Einsitzer_hd_XL.jpg.webp?itok=twAyFkH6 -> banc_Cabin__BC-3200\image_9.jpg
Starting download with Playwright: https://live-brunner.pantheonsite.io/sites/default/files/styles/sm/public/oldImages/99216_Brunner_banc_cabin_Tische_GGArchard_Loc_HD_XL.jpg.webp?itok=ejM3Uz0C
Finished download: https://live-brunner.pantheonsite.io/sites/default/files/styles/sm/public/oldImages/99216_Brunner_banc_cabin_Tische_GGArchard_Loc_HD_XL.jpg.webp?itok=ejM3Uz0C -> banc_Cabin__BC-3200\image_10.jpg
Starting download with Playwright: https://live-brunner.pantheonsite.io/sites/default/files/styles/lg/public/oldImages/99216_Brunner_banc_cabin_Tische_GGArchard_Loc_HD_XL.jpg.webp?itok=w0PPzIft
Finished download: https://live-brunner.pantheonsite.io/sites/default/files/styles/lg/public/oldImages/99216_Brunner_banc_cabin_Tische_GGArchard_Loc_HD_XL.jpg.webp?itok=w0PPzIft -> banc_Cabin__BC-3200\image_11.jpg
Starting download with Playwright: https://live-brunner.pantheonsite.io/sites/default/files/styles/original_webp/public/oldImages/99216_Brunner_banc_cabin_Tische_GGArchard_Loc_HD_XL.jpg.webp?itok=fLg-_NEy
Finished download: https://live-brunner.pantheonsite.io/sites/default/files/styles/original_webp/public/oldImages/99216_Brunner_banc_cabin_Tische_GGArchard_Loc_HD_XL.jpg.webp?itok=fLg-_NEy -> banc_Cabin__BC-3200\image_12.jpg
Starting download with Playwright: https://live-brunner.pantheonsite.io/sites/default/files/styles/sm/public/oldImages/99218_Brunner_banc_cabin_gesamt_HD_XL.jpg.webp?itok=J8LSWlNR
Finished download: https://live-brunner.pantheonsite.io/sites/default/files/styles/sm/public/oldImages/99218_Brunner_banc_cabin_gesamt_HD_XL.jpg.webp?itok=J8LSWlNR -> banc_Cabin__BC-3200\image_13.jpg
Starting download with Playwright: https://live-brunner.pantheonsite.io/sites/default/files/styles/lg/public/oldImages/99218_Brunner_banc_cabin_gesamt_HD_XL.jpg.webp?itok=BydoZs-8
Finished download: https://live-brunner.pantheonsite.io/sites/default/files/styles/lg/public/oldImages/99218_Brunner_banc_cabin_gesamt_HD_XL.jpg.webp?itok=BydoZs-8 -> banc_Cabin__BC-3200\image_14.jpg
Starting download with Playwright: https://live-brunner.pantheonsite.io/sites/default/files/styles/original_webp/public/oldImages/99218_Brunner_banc_cabin_gesamt_HD_XL.jpg.webp?itok=f-07r6be
Finished download: https://live-brunner.pantheonsite.io/sites/default/files/styles/original_webp/public/oldImages/99218_Brunner_banc_cabin_gesamt_HD_XL.jpg.webp?itok=f-07r6be -> banc_Cabin__BC-3200\image_15.jpg
Starting download with Playwright: https://live-brunner.pantheonsite.io/sites/default/files/styles/sm/public/oldImages/99217_Brunner_banc_Loc_UniBibliothekFreiburg_HD_XL.jpg.webp?itok=KL3B8P75
Finished download: https://live-brunner.pantheonsite.io/sites/default/files/styles/sm/public/oldImages/99217_Brunner_banc_Loc_UniBibliothekFreiburg_HD_XL.jpg.webp?itok=KL3B8P75 -> banc_Cabin__BC-3200\image_16.jpg
Starting download with Playwright: https://live-brunner.pantheonsite.io/sites/default/files/styles/lg/public/oldImages/99217_Brunner_banc_Loc_UniBibliothekFreiburg_HD_XL.jpg.webp?itok=6JcFR0A3
Finished download: https://live-brunner.pantheonsite.io/sites/default/files/styles/lg/public/oldImages/99217_Brunner_banc_Loc_UniBibliothekFreiburg_HD_XL.jpg.webp?itok=6JcFR0A3 -> banc_Cabin__BC-3200\image_17.jpg
Starting download with Playwright: https://live-brunner.pantheonsite.io/sites/default/files/styles/original_webp/public/oldImages/99217_Brunner_banc_Loc_UniBibliothekFreiburg_HD_XL.jpg.webp?itok=c9qIqcTG
Finished download: https://live-brunner.pantheonsite.io/sites/default/files/styles/original_webp/public/oldImages/99217_Brunner_banc_Loc_UniBibliothekFreiburg_HD_XL.jpg.webp?itok=c9qIqcTG -> banc_Cabin__BC-3200\image_18.jpg
Starting download with Playwright: https://live-brunner.pantheonsite.io/sites/default/files/styles/sm/public/oldImages/97678_Brunner_banc_UniBibliothekFreiburg-Marquardt_0340_hd_XL.jpg.webp?itok=y6yK_1-g
Finished download: https://live-brunner.pantheonsite.io/sites/default/files/styles/sm/public/oldImages/97678_Brunner_banc_UniBibliothekFreiburg-Marquardt_0340_hd_XL.jpg.webp?itok=y6yK_1-g -> banc_Cabin__BC-3200\image_19.jpg
Starting download with Playwright: https://live-brunner.pantheonsite.io/sites/default/files/styles/lg/public/oldImages/97678_Brunner_banc_UniBibliothekFreiburg-Marquardt_0340_hd_XL.jpg.webp?itok=zgSggJNQ
Finished download: https://live-brunner.pantheonsite.io/sites/default/files/styles/lg/public/oldImages/97678_Brunner_banc_UniBibliothekFreiburg-Marquardt_0340_hd_XL.jpg.webp?itok=zgSggJNQ -> banc_Cabin__BC-3200\image_20.jpg
Starting download with Playwright: https://live-brunner.pantheonsite.io/sites/default/files/styles/original_webp/public/oldImages/97678_Brunner_banc_UniBibliothekFreiburg-Marquardt_0340_hd_XL.jpg.webp?itok=8mh3AnQV
Finished download: https://live-brunner.pantheonsite.io/sites/default/files/styles/original_webp/public/oldImages/97678_Brunner_banc_UniBibliothekFreiburg-Marquardt_0340_hd_XL.jpg.webp?itok=8mh3AnQV -> banc_Cabin__BC-3200\image_21.jpg
Starting download with Playwright: https://live-brunner.pantheonsite.io/sites/default/files/styles/sm/public/oldImages/98398_Brunner_banc_Cabin_Location_HD_XL.jpg.webp?itok=H97k7n4k
Finished download: https://live-brunner.pantheonsite.io/sites/default/files/styles/sm/public/oldImages/98398_Brunner_banc_Cabin_Location_HD_XL.jpg.webp?itok=H97k7n4k -> banc_Cabin__BC-3200\image_22.jpg
Starting download with Playwright: https://live-brunner.pantheonsite.io/sites/default/files/styles/lg/public/oldImages/98398_Brunner_banc_Cabin_Location_HD_XL.jpg.webp?itok=gCaalBZd
Finished download: https://live-brunner.pantheonsite.io/sites/default/files/styles/lg/public/oldImages/98398_Brunner_banc_Cabin_Location_HD_XL.jpg.webp?itok=gCaalBZd -> banc_Cabin__BC-3200\image_23.jpg
Starting download with Playwright: https://live-brunner.pantheonsite.io/sites/default/files/styles/original_webp/public/oldImages/98398_Brunner_banc_Cabin_Location_HD_XL.jpg.webp?itok=oFF0a0s7
Finished download: https://live-brunner.pantheonsite.io/sites/default/files/styles/original_webp/public/oldImages/98398_Brunner_banc_Cabin_Location_HD_XL.jpg.webp?itok=oFF0a0s7 -> banc_Cabin__BC-3200\image_24.jpg
Starting download with Playwright: https://live-brunner.pantheonsite.io/sites/default/files/styles/sm/public/oldImages/97674_Brunner_banc_cabin_hd_XL.jpg.webp?itok=Kmw8lSCM
Finished download: https://live-brunner.pantheonsite.io/sites/default/files/styles/sm/public/oldImages/97674_Brunner_banc_cabin_hd_XL.jpg.webp?itok=Kmw8lSCM -> banc_Cabin__BC-3200\image_25.jpg
Starting download with Playwright: https://live-brunner.pantheonsite.io/sites/default/files/styles/lg/public/oldImages/97674_Brunner_banc_cabin_hd_XL.jpg.webp?itok=O9G9oJuj
Finished download: https://live-brunner.pantheonsite.io/sites/default/files/styles/lg/public/oldImages/97674_Brunner_banc_cabin_hd_XL.jpg.webp?itok=O9G9oJuj -> banc_Cabin__BC-3200\image_26.jpg
Starting download with Playwright: https://live-brunner.pantheonsite.io/sites/default/files/styles/original_webp/public/oldImages/97674_Brunner_banc_cabin_hd_XL.jpg.webp?itok=n0w-oMu6
Finished download: https://live-brunner.pantheonsite.io/sites/default/files/styles/original_webp/public/oldImages/97674_Brunner_banc_cabin_hd_XL.jpg.webp?itok=n0w-oMu6 -> banc_Cabin__BC-3200\image_27.jpg
Starting download with Playwright: https://live-brunner.pantheonsite.io/sites/default/files/styles/sm/public/oldImages/97673_Brunner_banc_BC1100_Detail_grau_hd_XL.jpg.webp?itok=JFhvz4aP
Finished download: https://live-brunner.pantheonsite.io/sites/default/files/styles/sm/public/oldImages/97673_Brunner_banc_BC1100_Detail_grau_hd_XL.jpg.webp?itok=JFhvz4aP -> banc_Cabin__BC-3200\image_28.jpg
Starting download with Playwright: https://live-brunner.pantheonsite.io/sites/default/files/styles/lg/public/oldImages/97673_Brunner_banc_BC1100_Detail_grau_hd_XL.jpg.webp?itok=OZPCjssX
Finished download: https://live-brunner.pantheonsite.io/sites/default/files/styles/lg/public/oldImages/97673_Brunner_banc_BC1100_Detail_grau_hd_XL.jpg.webp?itok=OZPCjssX -> banc_Cabin__BC-3200\image_29.jpg
Starting download with Playwright: https://live-brunner.pantheonsite.io/sites/default/files/styles/original_webp/public/oldImages/97673_Brunner_banc_BC1100_Detail_grau_hd_XL.jpg.webp?itok=E7Is02Ug
Finished download: https://live-brunner.pantheonsite.io/sites/default/files/styles/original_webp/public/oldImages/97673_Brunner_banc_BC1100_Detail_grau_hd_XL.jpg.webp?itok=E7Is02Ug -> banc_Cabin__BC-3200\image_30.jpg
Starting download with Playwright: https://live-brunner.pantheonsite.io/sites/default/files/styles/sm/public/oldImages/97676_Brunner_banc_cabin-gray_hd_XL.jpg.webp?itok=fRQUWNwV
Finished download: https://live-brunner.pantheonsite.io/sites/default/files/styles/sm/public/oldImages/97676_Brunner_banc_cabin-gray_hd_XL.jpg.webp?itok=fRQUWNwV -> banc_Cabin__BC-3200\image_31.jpg
Starting download with Playwright: https://live-brunner.pantheonsite.io/sites/default/files/styles/lg/public/oldImages/97676_Brunner_banc_cabin-gray_hd_XL.jpg.webp?itok=gB6sRoVh
Finished download: https://live-brunner.pantheonsite.io/sites/default/files/styles/lg/public/oldImages/97676_Brunner_banc_cabin-gray_hd_XL.jpg.webp?itok=gB6sRoVh -> banc_Cabin__BC-3200\image_32.jpg
Starting download with Playwright: https://live-brunner.pantheonsite.io/sites/default/files/styles/original_webp/public/oldImages/97676_Brunner_banc_cabin-gray_hd_XL.jpg.webp?itok=RhBjUY62
Finished download: https://live-brunner.pantheonsite.io/sites/default/files/styles/original_webp/public/oldImages/97676_Brunner_banc_cabin-gray_hd_XL.jpg.webp?itok=RhBjUY62 -> banc_Cabin__BC-3200\image_33.jpg
Starting download with Playwright: https://live-brunner.pantheonsite.io/sites/default/files/styles/sm/public/oldImages/97680_Brunner_Klocke_Pharma_Service_Marquardt_10_hd_XL.jpg.webp?itok=PKf-Ms6a
Finished download: https://live-brunner.pantheonsite.io/sites/default/files/styles/sm/public/oldImages/97680_Brunner_Klocke_Pharma_Service_Marquardt_10_hd_XL.jpg.webp?itok=PKf-Ms6a -> banc_Cabin__BC-3200\image_34.jpg
Starting download with Playwright: https://live-brunner.pantheonsite.io/sites/default/files/styles/lg/public/oldImages/97680_Brunner_Klocke_Pharma_Service_Marquardt_10_hd_XL.jpg.webp?itok=3iBCpaWq
Finished download: https://live-brunner.pantheonsite.io/sites/default/files/styles/lg/public/oldImages/97680_Brunner_Klocke_Pharma_Service_Marquardt_10_hd_XL.jpg.webp?itok=3iBCpaWq -> banc_Cabin__BC-3200\image_35.jpg
Starting download with Playwright: https://live-brunner.pantheonsite.io/sites/default/files/styles/original_webp/public/oldImages/97680_Brunner_Klocke_Pharma_Service_Marquardt_10_hd_XL.jpg.webp?itok=Z4DRJrL6
Finished download: https://live-brunner.pantheonsite.io/sites/default/files/styles/original_webp/public/oldImages/97680_Brunner_Klocke_Pharma_Service_Marquardt_10_hd_XL.jpg.webp?itok=Z4DRJrL6 -> banc_Cabin__BC-3200\image_36.jpg
Completed image downloads for product banc_Cabin__BC-3200
Extracting features for product banc_Cabin__BC-3200...
Features saved for product banc_Cabin__BC-3200
Attempting to access Downloads tab for product banc_Cabin__BC-3200...
Starting download of PDF: https://live-brunner.pantheonsite.io/sites/default/files/2025-10/brunner_product_data_sheet_banc_en.pdf
Downloaded product_sheet.pdf for product banc_Cabin__BC-3200
Opening URL for product artemo_Lounge_furniture__9932: https://brunner-group.com/en/products/artemo-lounge-furniture/?variant=9932
Images detected on page for artemo_Lounge_furniture__9932, scrolling to load them...
Successfully opened URL for product artemo_Lounge_furniture__9932
Extracting images for product artemo_Lounge_furniture__9932...
Found 27 images for product artemo_Lounge_furniture__9932
Starting download with Playwright: https://live-brunner.pantheonsite.io/sites/default/files/styles/sm/public/oldImages/114753_Brunner_artemo_9932A_9937_valet_VT-1002_HD_XL.jpg.webp?itok=57UxJ0CD
Finished download: https://live-brunner.pantheonsite.io/sites/default/files/styles/sm/public/oldImages/114753_Brunner_artemo_9932A_9937_valet_VT-1002_HD_XL.jpg.webp?itok=57UxJ0CD -> artemo_Lounge_furniture__9932\image_1.jpg
Starting download with Playwright: https://live-brunner.pantheonsite.io/sites/default/files/styles/lg/public/oldImages/114753_Brunner_artemo_9932A_9937_valet_VT-1002_HD_XL.jpg.webp?itok=a1wNgNHJ
Finished download: https://live-brunner.pantheonsite.io/sites/default/files/styles/lg/public/oldImages/114753_Brunner_artemo_9932A_9937_valet_VT-1002_HD_XL.jpg.webp?itok=a1wNgNHJ -> artemo_Lounge_furniture__9932\image_2.jpg
Starting download with Playwright: https://live-brunner.pantheonsite.io/sites/default/files/styles/original_webp/public/oldImages/114753_Brunner_artemo_9932A_9937_valet_VT-1002_HD_XL.jpg.webp?itok=L3GIN8gy
Finished download: https://live-brunner.pantheonsite.io/sites/default/files/styles/original_webp/public/oldImages/114753_Brunner_artemo_9932A_9937_valet_VT-1002_HD_XL.jpg.webp?itok=L3GIN8gy -> artemo_Lounge_furniture__9932\image_3.jpg
Starting download with Playwright: https://live-brunner.pantheonsite.io/sites/default/files/styles/sm/public/oldImages/114747_Brunner_artemo_9932_02_HD_XL.jpg.webp?itok=xqkVGqLB
Finished download: https://live-brunner.pantheonsite.io/sites/default/files/styles/sm/public/oldImages/114747_Brunner_artemo_9932_02_HD_XL.jpg.webp?itok=xqkVGqLB -> artemo_Lounge_furniture__9932\image_4.jpg
Starting download with Playwright: https://live-brunner.pantheonsite.io/sites/default/files/styles/lg/public/oldImages/114747_Brunner_artemo_9932_02_HD_XL.jpg.webp?itok=pfQ1lkrT
Finished download: https://live-brunner.pantheonsite.io/sites/default/files/styles/lg/public/oldImages/114747_Brunner_artemo_9932_02_HD_XL.jpg.webp?itok=pfQ1lkrT -> artemo_Lounge_furniture__9932\image_5.jpg
Starting download with Playwright: https://live-brunner.pantheonsite.io/sites/default/files/styles/original_webp/public/oldImages/114747_Brunner_artemo_9932_02_HD_XL.jpg.webp?itok=RfFkJSbi
Finished download: https://live-brunner.pantheonsite.io/sites/default/files/styles/original_webp/public/oldImages/114747_Brunner_artemo_9932_02_HD_XL.jpg.webp?itok=RfFkJSbi -> artemo_Lounge_furniture__9932\image_6.jpg
Starting download with Playwright: https://live-brunner.pantheonsite.io/sites/default/files/styles/sm/public/oldImages/114749_Brunner_artemo_9932_01_HD_XL.jpg.webp?itok=R-eZb4ZQ
Finished download: https://live-brunner.pantheonsite.io/sites/default/files/styles/sm/public/oldImages/114749_Brunner_artemo_9932_01_HD_XL.jpg.webp?itok=R-eZb4ZQ -> artemo_Lounge_furniture__9932\image_7.jpg
Starting download with Playwright: https://live-brunner.pantheonsite.io/sites/default/files/styles/lg/public/oldImages/114749_Brunner_artemo_9932_01_HD_XL.jpg.webp?itok=KONedohL
Finished download: https://live-brunner.pantheonsite.io/sites/default/files/styles/lg/public/oldImages/114749_Brunner_artemo_9932_01_HD_XL.jpg.webp?itok=KONedohL -> artemo_Lounge_furniture__9932\image_8.jpg
Starting download with Playwright: https://live-brunner.pantheonsite.io/sites/default/files/styles/original_webp/public/oldImages/114749_Brunner_artemo_9932_01_HD_XL.jpg.webp?itok=FnQ0DVuj
Finished download: https://live-brunner.pantheonsite.io/sites/default/files/styles/original_webp/public/oldImages/114749_Brunner_artemo_9932_01_HD_XL.jpg.webp?itok=FnQ0DVuj -> artemo_Lounge_furniture__9932\image_9.jpg
Starting download with Playwright: https://live-brunner.pantheonsite.io/sites/default/files/styles/sm/public/oldImages/114752_Brunner_Orgatec_2024_Messestand_028_HD_XL.jpg.webp?itok=5AFhYde_
Finished download: https://live-brunner.pantheonsite.io/sites/default/files/styles/sm/public/oldImages/114752_Brunner_Orgatec_2024_Messestand_028_HD_XL.jpg.webp?itok=5AFhYde_ -> artemo_Lounge_furniture__9932\image_10.jpg
Starting download with Playwright: https://live-brunner.pantheonsite.io/sites/default/files/styles/lg/public/oldImages/114752_Brunner_Orgatec_2024_Messestand_028_HD_XL.jpg.webp?itok=k16KFiAn
Finished download: https://live-brunner.pantheonsite.io/sites/default/files/styles/lg/public/oldImages/114752_Brunner_Orgatec_2024_Messestand_028_HD_XL.jpg.webp?itok=k16KFiAn -> artemo_Lounge_furniture__9932\image_11.jpg
Starting download with Playwright: https://live-brunner.pantheonsite.io/sites/default/files/styles/original_webp/public/oldImages/114752_Brunner_Orgatec_2024_Messestand_028_HD_XL.jpg.webp?itok=TOIkI5ZD
Finished download: https://live-brunner.pantheonsite.io/sites/default/files/styles/original_webp/public/oldImages/114752_Brunner_Orgatec_2024_Messestand_028_HD_XL.jpg.webp?itok=TOIkI5ZD -> artemo_Lounge_furniture__9932\image_12.jpg
Starting download with Playwright: https://live-brunner.pantheonsite.io/sites/default/files/styles/sm/public/oldImages/114761_Brunner_artemo_9932A_9937_HD_XL.jpg.webp?itok=F8bmCsJD
Finished download: https://live-brunner.pantheonsite.io/sites/default/files/styles/sm/public/oldImages/114761_Brunner_artemo_9932A_9937_HD_XL.jpg.webp?itok=F8bmCsJD -> artemo_Lounge_furniture__9932\image_13.jpg
Starting download with Playwright: https://live-brunner.pantheonsite.io/sites/default/files/styles/lg/public/oldImages/114761_Brunner_artemo_9932A_9937_HD_XL.jpg.webp?itok=ZeXnXUNG
Finished download: https://live-brunner.pantheonsite.io/sites/default/files/styles/lg/public/oldImages/114761_Brunner_artemo_9932A_9937_HD_XL.jpg.webp?itok=ZeXnXUNG -> artemo_Lounge_furniture__9932\image_14.jpg
Starting download with Playwright: https://live-brunner.pantheonsite.io/sites/default/files/styles/original_webp/public/oldImages/114761_Brunner_artemo_9932A_9937_HD_XL.jpg.webp?itok=x15XCPF7
Finished download: https://live-brunner.pantheonsite.io/sites/default/files/styles/original_webp/public/oldImages/114761_Brunner_artemo_9932A_9937_HD_XL.jpg.webp?itok=x15XCPF7 -> artemo_Lounge_furniture__9932\image_15.jpg
Starting download with Playwright: https://live-brunner.pantheonsite.io/sites/default/files/styles/sm/public/oldImages/114762_Brunner_fc-Gruppe_Marquardt_48_HD_XL.jpg.webp?itok=GqEzep8R
Finished download: https://live-brunner.pantheonsite.io/sites/default/files/styles/sm/public/oldImages/114762_Brunner_fc-Gruppe_Marquardt_48_HD_XL.jpg.webp?itok=GqEzep8R -> artemo_Lounge_furniture__9932\image_16.jpg
Starting download with Playwright: https://live-brunner.pantheonsite.io/sites/default/files/styles/lg/public/oldImages/114762_Brunner_fc-Gruppe_Marquardt_48_HD_XL.jpg.webp?itok=catLOoGj
Finished download: https://live-brunner.pantheonsite.io/sites/default/files/styles/lg/public/oldImages/114762_Brunner_fc-Gruppe_Marquardt_48_HD_XL.jpg.webp?itok=catLOoGj -> artemo_Lounge_furniture__9932\image_17.jpg
Starting download with Playwright: https://live-brunner.pantheonsite.io/sites/default/files/styles/original_webp/public/oldImages/114762_Brunner_fc-Gruppe_Marquardt_48_HD_XL.jpg.webp?itok=-IrKXzDb
Finished download: https://live-brunner.pantheonsite.io/sites/default/files/styles/original_webp/public/oldImages/114762_Brunner_fc-Gruppe_Marquardt_48_HD_XL.jpg.webp?itok=-IrKXzDb -> artemo_Lounge_furniture__9932\image_18.jpg
Starting download with Playwright: https://live-brunner.pantheonsite.io/sites/default/files/styles/sm/public/oldImages/114760_Brunner_artemo_9932_A_9937_GGArchard_Showroom01_2018_20_HD_XL.jpg.webp?itok=cmwvvMAb
Finished download: https://live-brunner.pantheonsite.io/sites/default/files/styles/sm/public/oldImages/114760_Brunner_artemo_9932_A_9937_GGArchard_Showroom01_2018_20_HD_XL.jpg.webp?itok=cmwvvMAb -> artemo_Lounge_furniture__9932\image_19.jpg
Starting download with Playwright: https://live-brunner.pantheonsite.io/sites/default/files/styles/lg/public/oldImages/114760_Brunner_artemo_9932_A_9937_GGArchard_Showroom01_2018_20_HD_XL.jpg.webp?itok=kJecMzMe
Finished download: https://live-brunner.pantheonsite.io/sites/default/files/styles/lg/public/oldImages/114760_Brunner_artemo_9932_A_9937_GGArchard_Showroom01_2018_20_HD_XL.jpg.webp?itok=kJecMzMe -> artemo_Lounge_furniture__9932\image_20.jpg
Starting download with Playwright: https://live-brunner.pantheonsite.io/sites/default/files/styles/original_webp/public/oldImages/114760_Brunner_artemo_9932_A_9937_GGArchard_Showroom01_2018_20_HD_XL.jpg.webp?itok=X2kn9Zdr
Finished download: https://live-brunner.pantheonsite.io/sites/default/files/styles/original_webp/public/oldImages/114760_Brunner_artemo_9932_A_9937_GGArchard_Showroom01_2018_20_HD_XL.jpg.webp?itok=X2kn9Zdr -> artemo_Lounge_furniture__9932\image_21.jpg
Starting download with Playwright: https://live-brunner.pantheonsite.io/sites/default/files/styles/sm/public/oldImages/96392_Brunner_artemo_9932A_9937_Loc_HD_XL.jpg.webp?itok=i9H9YimL
Finished download: https://live-brunner.pantheonsite.io/sites/default/files/styles/sm/public/oldImages/96392_Brunner_artemo_9932A_9937_Loc_HD_XL.jpg.webp?itok=i9H9YimL -> artemo_Lounge_furniture__9932\image_22.jpg
Starting download with Playwright: https://live-brunner.pantheonsite.io/sites/default/files/styles/lg/public/oldImages/96392_Brunner_artemo_9932A_9937_Loc_HD_XL.jpg.webp?itok=vg6tBOQF
Finished download: https://live-brunner.pantheonsite.io/sites/default/files/styles/lg/public/oldImages/96392_Brunner_artemo_9932A_9937_Loc_HD_XL.jpg.webp?itok=vg6tBOQF -> artemo_Lounge_furniture__9932\image_23.jpg
Starting download with Playwright: https://live-brunner.pantheonsite.io/sites/default/files/styles/original_webp/public/oldImages/96392_Brunner_artemo_9932A_9937_Loc_HD_XL.jpg.webp?itok=i3M6L-7z
Finished download: https://live-brunner.pantheonsite.io/sites/default/files/styles/original_webp/public/oldImages/96392_Brunner_artemo_9932A_9937_Loc_HD_XL.jpg.webp?itok=i3M6L-7z -> artemo_Lounge_furniture__9932\image_24.jpg
Starting download with Playwright: https://live-brunner.pantheonsite.io/sites/default/files/styles/sm/public/oldImages/114751_Brunner_artemo_9932A_Ottomane_9937_PARA%20VERT_PA1002_HD_XL.jpg.webp?itok=8vWqZ0Oj
Finished download: https://live-brunner.pantheonsite.io/sites/default/files/styles/sm/public/oldImages/114751_Brunner_artemo_9932A_Ottomane_9937_PARA%20VERT_PA1002_HD_XL.jpg.webp?itok=8vWqZ0Oj -> artemo_Lounge_furniture__9932\image_25.jpg
Starting download with Playwright: https://live-brunner.pantheonsite.io/sites/default/files/styles/lg/public/oldImages/114751_Brunner_artemo_9932A_Ottomane_9937_PARA%20VERT_PA1002_HD_XL.jpg.webp?itok=dp4YahV1
Finished download: https://live-brunner.pantheonsite.io/sites/default/files/styles/lg/public/oldImages/114751_Brunner_artemo_9932A_Ottomane_9937_PARA%20VERT_PA1002_HD_XL.jpg.webp?itok=dp4YahV1 -> artemo_Lounge_furniture__9932\image_26.jpg
Starting download with Playwright: https://live-brunner.pantheonsite.io/sites/default/files/styles/original_webp/public/oldImages/114751_Brunner_artemo_9932A_Ottomane_9937_PARA%20VERT_PA1002_HD_XL.jpg.webp?itok=xHOkV6ZP
Finished download: https://live-brunner.pantheonsite.io/sites/default/files/styles/original_webp/public/oldImages/114751_Brunner_artemo_9932A_Ottomane_9937_PARA%20VERT_PA1002_HD_XL.jpg.webp?itok=xHOkV6ZP -> artemo_Lounge_furniture__9932\image_27.jpg
Completed image downloads for product artemo_Lounge_furniture__9932
Extracting features for product artemo_Lounge_furniture__9932...
Features saved for product artemo_Lounge_furniture__9932
Attempting to access Downloads tab for product artemo_Lounge_furniture__9932...
Starting download of PDF: https://live-brunner.pantheonsite.io/sites/default/files/oldPdfs/Produktdatenblaetter/Produktdatenblaetter_EN/artemo_Brunner_product_data_sheet_EN.pdf
Downloaded product_sheet.pdf for product artemo_Lounge_furniture__9932
Opening URL for product banc_système_lounge_BC-H70: https://brunner-group.com/en/products/banc-syst%C3%A8me-lounge/?variant=BC-H70
Images detected on page for banc_système_lounge_BC-H70, scrolling to load them...
Successfully opened URL for product banc_système_lounge_BC-H70
Extracting images for product banc_système_lounge_BC-H70...
Found 45 images for product banc_système_lounge_BC-H70
Starting download with Playwright: https://live-brunner.pantheonsite.io/sites/default/files/styles/sm/public/oldImages/116336_Brunner_banc_HD_XL.jpg.webp?itok=wQFmHmvL
Finished download: https://live-brunner.pantheonsite.io/sites/default/files/styles/sm/public/oldImages/116336_Brunner_banc_HD_XL.jpg.webp?itok=wQFmHmvL -> banc_système_lounge_BC-H70\image_1.jpg
Starting download with Playwright: https://live-brunner.pantheonsite.io/sites/default/files/styles/lg/public/oldImages/116336_Brunner_banc_HD_XL.jpg.webp?itok=jwA0dZUC
Finished download: https://live-brunner.pantheonsite.io/sites/default/files/styles/lg/public/oldImages/116336_Brunner_banc_HD_XL.jpg.webp?itok=jwA0dZUC -> banc_système_lounge_BC-H70\image_2.jpg
Starting download with Playwright: https://live-brunner.pantheonsite.io/sites/default/files/styles/original_webp/public/oldImages/116336_Brunner_banc_HD_XL.jpg.webp?itok=9Vs_Tj2y
Finished download: https://live-brunner.pantheonsite.io/sites/default/files/styles/original_webp/public/oldImages/116336_Brunner_banc_HD_XL.jpg.webp?itok=9Vs_Tj2y -> banc_système_lounge_BC-H70\image_3.jpg
Starting download with Playwright: https://live-brunner.pantheonsite.io/sites/default/files/styles/sm/public/oldImages/116337_Brunner_banc_PARA-VERT_scoop_lift_fina-fold_crona-steel_HD_XL.jpg.webp?itok=oYOO1_LX
Finished download: https://live-brunner.pantheonsite.io/sites/default/files/styles/sm/public/oldImages/116337_Brunner_banc_PARA-VERT_scoop_lift_fina-fold_crona-steel_HD_XL.jpg.webp?itok=oYOO1_LX -> banc_système_lounge_BC-H70\image_4.jpg
Starting download with Playwright: https://live-brunner.pantheonsite.io/sites/default/files/styles/lg/public/oldImages/116337_Brunner_banc_PARA-VERT_scoop_lift_fina-fold_crona-steel_HD_XL.jpg.webp?itok=_3_ko8lE
Finished download: https://live-brunner.pantheonsite.io/sites/default/files/styles/lg/public/oldImages/116337_Brunner_banc_PARA-VERT_scoop_lift_fina-fold_crona-steel_HD_XL.jpg.webp?itok=_3_ko8lE -> banc_système_lounge_BC-H70\image_5.jpg
Starting download with Playwright: https://live-brunner.pantheonsite.io/sites/default/files/styles/original_webp/public/oldImages/116337_Brunner_banc_PARA-VERT_scoop_lift_fina-fold_crona-steel_HD_XL.jpg.webp?itok=ytnhoDIa
Finished download: https://live-brunner.pantheonsite.io/sites/default/files/styles/original_webp/public/oldImages/116337_Brunner_banc_PARA-VERT_scoop_lift_fina-fold_crona-steel_HD_XL.jpg.webp?itok=ytnhoDIa -> banc_système_lounge_BC-H70\image_6.jpg
Starting download with Playwright: https://live-brunner.pantheonsite.io/sites/default/files/styles/sm/public/oldImages/97692_Brunner_banc_BC071_BC080_BC100_BC300_BCT00_BCH00_BCH40_BCH40E_BCH70E_BCH100_BCH100E_Loc_Family_hd_XL.jpg.webp?itok=ntaheV56
Finished download: https://live-brunner.pantheonsite.io/sites/default/files/styles/sm/public/oldImages/97692_Brunner_banc_BC071_BC080_BC100_BC300_BCT00_BCH00_BCH40_BCH40E_BCH70E_BCH100_BCH100E_Loc_Family_hd_XL.jpg.webp?itok=ntaheV56 -> banc_système_lounge_BC-H70\image_7.jpg
Starting download with Playwright: https://live-brunner.pantheonsite.io/sites/default/files/styles/lg/public/oldImages/97692_Brunner_banc_BC071_BC080_BC100_BC300_BCT00_BCH00_BCH40_BCH40E_BCH70E_BCH100_BCH100E_Loc_Family_hd_XL.jpg.webp?itok=d0GzHMpo
Finished download: https://live-brunner.pantheonsite.io/sites/default/files/styles/lg/public/oldImages/97692_Brunner_banc_BC071_BC080_BC100_BC300_BCT00_BCH00_BCH40_BCH40E_BCH70E_BCH100_BCH100E_Loc_Family_hd_XL.jpg.webp?itok=d0GzHMpo -> banc_système_lounge_BC-H70\image_8.jpg
Starting download with Playwright: https://live-brunner.pantheonsite.io/sites/default/files/styles/original_webp/public/oldImages/97692_Brunner_banc_BC071_BC080_BC100_BC300_BCT00_BCH00_BCH40_BCH40E_BCH70E_BCH100_BCH100E_Loc_Family_hd_XL.jpg.webp?itok=k6mFyCPD
Finished download: https://live-brunner.pantheonsite.io/sites/default/files/styles/original_webp/public/oldImages/97692_Brunner_banc_BC071_BC080_BC100_BC300_BCT00_BCH00_BCH40_BCH40E_BCH70E_BCH100_BCH100E_Loc_Family_hd_XL.jpg.webp?itok=k6mFyCPD -> banc_système_lounge_BC-H70\image_9.jpg
Starting download with Playwright: https://live-brunner.pantheonsite.io/sites/default/files/styles/sm/public/oldImages/97699_Brunner_banc_UniBibliothekFreiburg-6218_Marquardt_hd_XL.jpg.webp?itok=aWhbjaBL
Finished download: https://live-brunner.pantheonsite.io/sites/default/files/styles/sm/public/oldImages/97699_Brunner_banc_UniBibliothekFreiburg-6218_Marquardt_hd_XL.jpg.webp?itok=aWhbjaBL -> banc_système_lounge_BC-H70\image_10.jpg
Starting download with Playwright: https://live-brunner.pantheonsite.io/sites/default/files/styles/lg/public/oldImages/97699_Brunner_banc_UniBibliothekFreiburg-6218_Marquardt_hd_XL.jpg.webp?itok=Fv2PILpk
Finished download: https://live-brunner.pantheonsite.io/sites/default/files/styles/lg/public/oldImages/97699_Brunner_banc_UniBibliothekFreiburg-6218_Marquardt_hd_XL.jpg.webp?itok=Fv2PILpk -> banc_système_lounge_BC-H70\image_11.jpg
Starting download with Playwright: https://live-brunner.pantheonsite.io/sites/default/files/styles/original_webp/public/oldImages/97699_Brunner_banc_UniBibliothekFreiburg-6218_Marquardt_hd_XL.jpg.webp?itok=Jvk5PiR5
Finished download: https://live-brunner.pantheonsite.io/sites/default/files/styles/original_webp/public/oldImages/97699_Brunner_banc_UniBibliothekFreiburg-6218_Marquardt_hd_XL.jpg.webp?itok=Jvk5PiR5 -> banc_système_lounge_BC-H70\image_12.jpg
Starting download with Playwright: https://live-brunner.pantheonsite.io/sites/default/files/styles/sm/public/oldImages/97703_Brunner__banc_Basler_Versicherungen_2020_Gfeller_05_hd_XL.jpg.webp?itok=06sCZQ4C
Finished download: https://live-brunner.pantheonsite.io/sites/default/files/styles/sm/public/oldImages/97703_Brunner__banc_Basler_Versicherungen_2020_Gfeller_05_hd_XL.jpg.webp?itok=06sCZQ4C -> banc_système_lounge_BC-H70\image_13.jpg
Starting download with Playwright: https://live-brunner.pantheonsite.io/sites/default/files/styles/lg/public/oldImages/97703_Brunner__banc_Basler_Versicherungen_2020_Gfeller_05_hd_XL.jpg.webp?itok=q_neoYst
Finished download: https://live-brunner.pantheonsite.io/sites/default/files/styles/lg/public/oldImages/97703_Brunner__banc_Basler_Versicherungen_2020_Gfeller_05_hd_XL.jpg.webp?itok=q_neoYst -> banc_système_lounge_BC-H70\image_14.jpg
Starting download with Playwright: https://live-brunner.pantheonsite.io/sites/default/files/styles/original_webp/public/oldImages/97703_Brunner__banc_Basler_Versicherungen_2020_Gfeller_05_hd_XL.jpg.webp?itok=W1LPYBwy
Finished download: https://live-brunner.pantheonsite.io/sites/default/files/styles/original_webp/public/oldImages/97703_Brunner__banc_Basler_Versicherungen_2020_Gfeller_05_hd_XL.jpg.webp?itok=W1LPYBwy -> banc_système_lounge_BC-H70\image_15.jpg
Starting download with Playwright: https://live-brunner.pantheonsite.io/sites/default/files/styles/sm/public/oldImages/97693_Brunner_banc_BC200_BC300_BCH100_BCH00_hd_XL.jpg.webp?itok=1q5UwYd0
Finished download: https://live-brunner.pantheonsite.io/sites/default/files/styles/sm/public/oldImages/97693_Brunner_banc_BC200_BC300_BCH100_BCH00_hd_XL.jpg.webp?itok=1q5UwYd0 -> banc_système_lounge_BC-H70\image_16.jpg
Starting download with Playwright: https://live-brunner.pantheonsite.io/sites/default/files/styles/lg/public/oldImages/97693_Brunner_banc_BC200_BC300_BCH100_BCH00_hd_XL.jpg.webp?itok=1NOgtcvn
Finished download: https://live-brunner.pantheonsite.io/sites/default/files/styles/lg/public/oldImages/97693_Brunner_banc_BC200_BC300_BCH100_BCH00_hd_XL.jpg.webp?itok=1NOgtcvn -> banc_système_lounge_BC-H70\image_17.jpg
Starting download with Playwright: https://live-brunner.pantheonsite.io/sites/default/files/styles/original_webp/public/oldImages/97693_Brunner_banc_BC200_BC300_BCH100_BCH00_hd_XL.jpg.webp?itok=jdvKMLHq
Finished download: https://live-brunner.pantheonsite.io/sites/default/files/styles/original_webp/public/oldImages/97693_Brunner_banc_BC200_BC300_BCH100_BCH00_hd_XL.jpg.webp?itok=jdvKMLHq -> banc_système_lounge_BC-H70\image_18.jpg
Starting download with Playwright: https://live-brunner.pantheonsite.io/sites/default/files/styles/sm/public/oldImages/97691_Brunner_banc_3er_BCH00_torro_Loc_hd_XL.jpg.webp?itok=bXqKJSk8
Finished download: https://live-brunner.pantheonsite.io/sites/default/files/styles/sm/public/oldImages/97691_Brunner_banc_3er_BCH00_torro_Loc_hd_XL.jpg.webp?itok=bXqKJSk8 -> banc_système_lounge_BC-H70\image_19.jpg
Starting download with Playwright: https://live-brunner.pantheonsite.io/sites/default/files/styles/lg/public/oldImages/97691_Brunner_banc_3er_BCH00_torro_Loc_hd_XL.jpg.webp?itok=7hE4URpS
Finished download: https://live-brunner.pantheonsite.io/sites/default/files/styles/lg/public/oldImages/97691_Brunner_banc_3er_BCH00_torro_Loc_hd_XL.jpg.webp?itok=7hE4URpS -> banc_système_lounge_BC-H70\image_20.jpg
Starting download with Playwright: https://live-brunner.pantheonsite.io/sites/default/files/styles/original_webp/public/oldImages/97691_Brunner_banc_3er_BCH00_torro_Loc_hd_XL.jpg.webp?itok=LQqb2D4C
Finished download: https://live-brunner.pantheonsite.io/sites/default/files/styles/original_webp/public/oldImages/97691_Brunner_banc_3er_BCH00_torro_Loc_hd_XL.jpg.webp?itok=LQqb2D4C -> banc_système_lounge_BC-H70\image_21.jpg
Starting download with Playwright: https://live-brunner.pantheonsite.io/sites/default/files/styles/sm/public/oldImages/97697_Brunner_banc_Gruppenuebersicht-1_XL.jpg.webp?itok=uryBRApe
Finished download: https://live-brunner.pantheonsite.io/sites/default/files/styles/sm/public/oldImages/97697_Brunner_banc_Gruppenuebersicht-1_XL.jpg.webp?itok=uryBRApe -> banc_système_lounge_BC-H70\image_22.jpg
Starting download with Playwright: https://live-brunner.pantheonsite.io/sites/default/files/styles/lg/public/oldImages/97697_Brunner_banc_Gruppenuebersicht-1_XL.jpg.webp?itok=YZ0QfCxg
Finished download: https://live-brunner.pantheonsite.io/sites/default/files/styles/lg/public/oldImages/97697_Brunner_banc_Gruppenuebersicht-1_XL.jpg.webp?itok=YZ0QfCxg -> banc_système_lounge_BC-H70\image_23.jpg
Starting download with Playwright: https://live-brunner.pantheonsite.io/sites/default/files/styles/original_webp/public/oldImages/97697_Brunner_banc_Gruppenuebersicht-1_XL.jpg.webp?itok=UV1_0l8U
Finished download: https://live-brunner.pantheonsite.io/sites/default/files/styles/original_webp/public/oldImages/97697_Brunner_banc_Gruppenuebersicht-1_XL.jpg.webp?itok=UV1_0l8U -> banc_système_lounge_BC-H70\image_24.jpg
Starting download with Playwright: https://live-brunner.pantheonsite.io/sites/default/files/styles/sm/public/oldImages/97701_Brunner_UniBibliothekFreiburg-0373_Marquardt_hd_XL.jpg.webp?itok=1rYv6kut
Finished download: https://live-brunner.pantheonsite.io/sites/default/files/styles/sm/public/oldImages/97701_Brunner_UniBibliothekFreiburg-0373_Marquardt_hd_XL.jpg.webp?itok=1rYv6kut -> banc_système_lounge_BC-H70\image_25.jpg
Starting download with Playwright: https://live-brunner.pantheonsite.io/sites/default/files/styles/lg/public/oldImages/97701_Brunner_UniBibliothekFreiburg-0373_Marquardt_hd_XL.jpg.webp?itok=EC6NSVVE
Finished download: https://live-brunner.pantheonsite.io/sites/default/files/styles/lg/public/oldImages/97701_Brunner_UniBibliothekFreiburg-0373_Marquardt_hd_XL.jpg.webp?itok=EC6NSVVE -> banc_système_lounge_BC-H70\image_26.jpg
Starting download with Playwright: https://live-brunner.pantheonsite.io/sites/default/files/styles/original_webp/public/oldImages/97701_Brunner_UniBibliothekFreiburg-0373_Marquardt_hd_XL.jpg.webp?itok=TS0QxY0H
Finished download: https://live-brunner.pantheonsite.io/sites/default/files/styles/original_webp/public/oldImages/97701_Brunner_UniBibliothekFreiburg-0373_Marquardt_hd_XL.jpg.webp?itok=TS0QxY0H -> banc_système_lounge_BC-H70\image_27.jpg
Starting download with Playwright: https://live-brunner.pantheonsite.io/sites/default/files/styles/sm/public/oldImages/97683_Brunner_banc_BC020_BC300_BCH70_BCH70E_BC082_BC040_BCH100_hd_XL.jpg.webp?itok=G_O_js6K
Finished download: https://live-brunner.pantheonsite.io/sites/default/files/styles/sm/public/oldImages/97683_Brunner_banc_BC020_BC300_BCH70_BCH70E_BC082_BC040_BCH100_hd_XL.jpg.webp?itok=G_O_js6K -> banc_système_lounge_BC-H70\image_28.jpg
Starting download with Playwright: https://live-brunner.pantheonsite.io/sites/default/files/styles/lg/public/oldImages/97683_Brunner_banc_BC020_BC300_BCH70_BCH70E_BC082_BC040_BCH100_hd_XL.jpg.webp?itok=h1xavcYO
Finished download: https://live-brunner.pantheonsite.io/sites/default/files/styles/lg/public/oldImages/97683_Brunner_banc_BC020_BC300_BCH70_BCH70E_BC082_BC040_BCH100_hd_XL.jpg.webp?itok=h1xavcYO -> banc_système_lounge_BC-H70\image_29.jpg
Starting download with Playwright: https://live-brunner.pantheonsite.io/sites/default/files/styles/original_webp/public/oldImages/97683_Brunner_banc_BC020_BC300_BCH70_BCH70E_BC082_BC040_BCH100_hd_XL.jpg.webp?itok=3c4sQJt1
Finished download: https://live-brunner.pantheonsite.io/sites/default/files/styles/original_webp/public/oldImages/97683_Brunner_banc_BC020_BC300_BCH70_BCH70E_BC082_BC040_BCH100_hd_XL.jpg.webp?itok=3c4sQJt1 -> banc_système_lounge_BC-H70\image_30.jpg
Starting download with Playwright: https://live-brunner.pantheonsite.io/sites/default/files/styles/sm/public/oldImages/97695_Brunner_banc_BCH00_BCH40_BCH40_divina_melange2_170_Loc_Family_hd_XL.jpg.webp?itok=cs8D_O_3
Finished download: https://live-brunner.pantheonsite.io/sites/default/files/styles/sm/public/oldImages/97695_Brunner_banc_BCH00_BCH40_BCH40_divina_melange2_170_Loc_Family_hd_XL.jpg.webp?itok=cs8D_O_3 -> banc_système_lounge_BC-H70\image_31.jpg
Starting download with Playwright: https://live-brunner.pantheonsite.io/sites/default/files/styles/lg/public/oldImages/97695_Brunner_banc_BCH00_BCH40_BCH40_divina_melange2_170_Loc_Family_hd_XL.jpg.webp?itok=uQL4cbuy
Finished download: https://live-brunner.pantheonsite.io/sites/default/files/styles/lg/public/oldImages/97695_Brunner_banc_BCH00_BCH40_BCH40_divina_melange2_170_Loc_Family_hd_XL.jpg.webp?itok=uQL4cbuy -> banc_système_lounge_BC-H70\image_32.jpg
Starting download with Playwright: https://live-brunner.pantheonsite.io/sites/default/files/styles/original_webp/public/oldImages/97695_Brunner_banc_BCH00_BCH40_BCH40_divina_melange2_170_Loc_Family_hd_XL.jpg.webp?itok=YWDMYnx9
Finished download: https://live-brunner.pantheonsite.io/sites/default/files/styles/original_webp/public/oldImages/97695_Brunner_banc_BCH00_BCH40_BCH40_divina_melange2_170_Loc_Family_hd_XL.jpg.webp?itok=YWDMYnx9 -> banc_système_lounge_BC-H70\image_33.jpg
Starting download with Playwright: https://live-brunner.pantheonsite.io/sites/default/files/styles/sm/public/oldImages/98397_Brunner_banc_Gruppenuebersicht_HD_XL.jpg.webp?itok=hk1ugaia
Finished download: https://live-brunner.pantheonsite.io/sites/default/files/styles/sm/public/oldImages/98397_Brunner_banc_Gruppenuebersicht_HD_XL.jpg.webp?itok=hk1ugaia -> banc_système_lounge_BC-H70\image_34.jpg
Starting download with Playwright: https://live-brunner.pantheonsite.io/sites/default/files/styles/lg/public/oldImages/98397_Brunner_banc_Gruppenuebersicht_HD_XL.jpg.webp?itok=p6KU4jcr
Finished download: https://live-brunner.pantheonsite.io/sites/default/files/styles/lg/public/oldImages/98397_Brunner_banc_Gruppenuebersicht_HD_XL.jpg.webp?itok=p6KU4jcr -> banc_système_lounge_BC-H70\image_35.jpg
Starting download with Playwright: https://live-brunner.pantheonsite.io/sites/default/files/styles/original_webp/public/oldImages/98397_Brunner_banc_Gruppenuebersicht_HD_XL.jpg.webp?itok=4aYQsLps
Finished download: https://live-brunner.pantheonsite.io/sites/default/files/styles/original_webp/public/oldImages/98397_Brunner_banc_Gruppenuebersicht_HD_XL.jpg.webp?itok=4aYQsLps -> banc_système_lounge_BC-H70\image_36.jpg
Starting download with Playwright: https://live-brunner.pantheonsite.io/sites/default/files/styles/sm/public/oldImages/97698_Brunner_banc_H70_H70E_Showroom-UK_hd_XL.jpg.webp?itok=DQawiVK9
Finished download: https://live-brunner.pantheonsite.io/sites/default/files/styles/sm/public/oldImages/97698_Brunner_banc_H70_H70E_Showroom-UK_hd_XL.jpg.webp?itok=DQawiVK9 -> banc_système_lounge_BC-H70\image_37.jpg
Starting download with Playwright: https://live-brunner.pantheonsite.io/sites/default/files/styles/lg/public/oldImages/97698_Brunner_banc_H70_H70E_Showroom-UK_hd_XL.jpg.webp?itok=11tOQIO5
Finished download: https://live-brunner.pantheonsite.io/sites/default/files/styles/lg/public/oldImages/97698_Brunner_banc_H70_H70E_Showroom-UK_hd_XL.jpg.webp?itok=11tOQIO5 -> banc_système_lounge_BC-H70\image_38.jpg
Starting download with Playwright: https://live-brunner.pantheonsite.io/sites/default/files/styles/original_webp/public/oldImages/97698_Brunner_banc_H70_H70E_Showroom-UK_hd_XL.jpg.webp?itok=OL-dEcVc
Finished download: https://live-brunner.pantheonsite.io/sites/default/files/styles/original_webp/public/oldImages/97698_Brunner_banc_H70_H70E_Showroom-UK_hd_XL.jpg.webp?itok=OL-dEcVc -> banc_système_lounge_BC-H70\image_39.jpg
Starting download with Playwright: https://live-brunner.pantheonsite.io/sites/default/files/styles/sm/public/oldImages/97694_Brunner_banc_BC300_BCH40_BCH40_hd_XL.jpg.webp?itok=A1CjH4Ld
Finished download: https://live-brunner.pantheonsite.io/sites/default/files/styles/sm/public/oldImages/97694_Brunner_banc_BC300_BCH40_BCH40_hd_XL.jpg.webp?itok=A1CjH4Ld -> banc_système_lounge_BC-H70\image_40.jpg
Starting download with Playwright: https://live-brunner.pantheonsite.io/sites/default/files/styles/lg/public/oldImages/97694_Brunner_banc_BC300_BCH40_BCH40_hd_XL.jpg.webp?itok=bKd97rQK
Finished download: https://live-brunner.pantheonsite.io/sites/default/files/styles/lg/public/oldImages/97694_Brunner_banc_BC300_BCH40_BCH40_hd_XL.jpg.webp?itok=bKd97rQK -> banc_système_lounge_BC-H70\image_41.jpg
Starting download with Playwright: https://live-brunner.pantheonsite.io/sites/default/files/styles/original_webp/public/oldImages/97694_Brunner_banc_BC300_BCH40_BCH40_hd_XL.jpg.webp?itok=rVNiEuiv
Finished download: https://live-brunner.pantheonsite.io/sites/default/files/styles/original_webp/public/oldImages/97694_Brunner_banc_BC300_BCH40_BCH40_hd_XL.jpg.webp?itok=rVNiEuiv -> banc_système_lounge_BC-H70\image_42.jpg
Starting download with Playwright: https://live-brunner.pantheonsite.io/sites/default/files/styles/sm/public/oldImages/99123_Brunner_banc_ModulSysteme_HD_XL.jpg.webp?itok=EX2coPeF
Finished download: https://live-brunner.pantheonsite.io/sites/default/files/styles/sm/public/oldImages/99123_Brunner_banc_ModulSysteme_HD_XL.jpg.webp?itok=EX2coPeF -> banc_système_lounge_BC-H70\image_43.jpg
Starting download with Playwright: https://live-brunner.pantheonsite.io/sites/default/files/styles/lg/public/oldImages/99123_Brunner_banc_ModulSysteme_HD_XL.jpg.webp?itok=wCrn8lQK
Finished download: https://live-brunner.pantheonsite.io/sites/default/files/styles/lg/public/oldImages/99123_Brunner_banc_ModulSysteme_HD_XL.jpg.webp?itok=wCrn8lQK -> banc_système_lounge_BC-H70\image_44.jpg
Starting download with Playwright: https://live-brunner.pantheonsite.io/sites/default/files/styles/original_webp/public/oldImages/99123_Brunner_banc_ModulSysteme_HD_XL.jpg.webp?itok=vDEAvVae
Finished download: https://live-brunner.pantheonsite.io/sites/default/files/styles/original_webp/public/oldImages/99123_Brunner_banc_ModulSysteme_HD_XL.jpg.webp?itok=vDEAvVae -> banc_système_lounge_BC-H70\image_45.jpg
Completed image downloads for product banc_système_lounge_BC-H70
Extracting features for product banc_système_lounge_BC-H70...
Features saved for product banc_système_lounge_BC-H70
Attempting to access Downloads tab for product banc_système_lounge_BC-H70...
Starting download of PDF: https://live-brunner.pantheonsite.io/sites/default/files/2025-10/brunner_product_data_sheet_banc_en.pdf
Downloaded product_sheet.pdf for product banc_système_lounge_BC-H70
Opening URL for product boards_Stool_BO200: https://brunner-group.com/en/products/boards-stool/?variant=BO200
Images detected on page for boards_Stool_BO200, scrolling to load them...
Successfully opened URL for product boards_Stool_BO200
Extracting images for product boards_Stool_BO200...
Found 45 images for product boards_Stool_BO200
Starting download with Playwright: https://live-brunner.pantheonsite.io/sites/default/files/styles/sm/public/oldImages/105205_Brunner_boards_BO100_BO101_BO200_BO310_nate_s_7721_HD_XL.jpg.webp?itok=MiNhVG-3
Finished download: https://live-brunner.pantheonsite.io/sites/default/files/styles/sm/public/oldImages/105205_Brunner_boards_BO100_BO101_BO200_BO310_nate_s_7721_HD_XL.jpg.webp?itok=MiNhVG-3 -> boards_Stool_BO200\image_1.jpg
Starting download with Playwright: https://live-brunner.pantheonsite.io/sites/default/files/styles/lg/public/oldImages/105205_Brunner_boards_BO100_BO101_BO200_BO310_nate_s_7721_HD_XL.jpg.webp?itok=-G628CO4
Finished download: https://live-brunner.pantheonsite.io/sites/default/files/styles/lg/public/oldImages/105205_Brunner_boards_BO100_BO101_BO200_BO310_nate_s_7721_HD_XL.jpg.webp?itok=-G628CO4 -> boards_Stool_BO200\image_2.jpg
Starting download with Playwright: https://live-brunner.pantheonsite.io/sites/default/files/styles/original_webp/public/oldImages/105205_Brunner_boards_BO100_BO101_BO200_BO310_nate_s_7721_HD_XL.jpg.webp?itok=PAjqOCWt
Finished download: https://live-brunner.pantheonsite.io/sites/default/files/styles/original_webp/public/oldImages/105205_Brunner_boards_BO100_BO101_BO200_BO310_nate_s_7721_HD_XL.jpg.webp?itok=PAjqOCWt -> boards_Stool_BO200\image_3.jpg
Starting download with Playwright: https://live-brunner.pantheonsite.io/sites/default/files/styles/sm/public/oldImages/105208_Brunner_boards_BO100_BO200_OF0320_HD_XL.jpg.webp?itok=GZYg4Anu
Finished download: https://live-brunner.pantheonsite.io/sites/default/files/styles/sm/public/oldImages/105208_Brunner_boards_BO100_BO200_OF0320_HD_XL.jpg.webp?itok=GZYg4Anu -> boards_Stool_BO200\image_4.jpg
Starting download with Playwright: https://live-brunner.pantheonsite.io/sites/default/files/styles/lg/public/oldImages/105208_Brunner_boards_BO100_BO200_OF0320_HD_XL.jpg.webp?itok=em41PsS5
Finished download: https://live-brunner.pantheonsite.io/sites/default/files/styles/lg/public/oldImages/105208_Brunner_boards_BO100_BO200_OF0320_HD_XL.jpg.webp?itok=em41PsS5 -> boards_Stool_BO200\image_5.jpg
Starting download with Playwright: https://live-brunner.pantheonsite.io/sites/default/files/styles/original_webp/public/oldImages/105208_Brunner_boards_BO100_BO200_OF0320_HD_XL.jpg.webp?itok=653YE3dA
Finished download: https://live-brunner.pantheonsite.io/sites/default/files/styles/original_webp/public/oldImages/105208_Brunner_boards_BO100_BO200_OF0320_HD_XL.jpg.webp?itok=653YE3dA -> boards_Stool_BO200\image_6.jpg
Starting download with Playwright: https://live-brunner.pantheonsite.io/sites/default/files/styles/sm/public/oldImages/105204_Brunner_boards_BO100_BO101_BO200_BO330_OF0310_OF0330_HD_XL.jpg.webp?itok=YRQ3vwnu
Finished download: https://live-brunner.pantheonsite.io/sites/default/files/styles/sm/public/oldImages/105204_Brunner_boards_BO100_BO101_BO200_BO330_OF0310_OF0330_HD_XL.jpg.webp?itok=YRQ3vwnu -> boards_Stool_BO200\image_7.jpg
Starting download with Playwright: https://live-brunner.pantheonsite.io/sites/default/files/styles/lg/public/oldImages/105204_Brunner_boards_BO100_BO101_BO200_BO330_OF0310_OF0330_HD_XL.jpg.webp?itok=pTueH3XC
Finished download: https://live-brunner.pantheonsite.io/sites/default/files/styles/lg/public/oldImages/105204_Brunner_boards_BO100_BO101_BO200_BO330_OF0310_OF0330_HD_XL.jpg.webp?itok=pTueH3XC -> boards_Stool_BO200\image_8.jpg
Starting download with Playwright: https://live-brunner.pantheonsite.io/sites/default/files/styles/original_webp/public/oldImages/105204_Brunner_boards_BO100_BO101_BO200_BO330_OF0310_OF0330_HD_XL.jpg.webp?itok=5cM_TFjq
Finished download: https://live-brunner.pantheonsite.io/sites/default/files/styles/original_webp/public/oldImages/105204_Brunner_boards_BO100_BO101_BO200_BO330_OF0310_OF0330_HD_XL.jpg.webp?itok=5cM_TFjq -> boards_Stool_BO200\image_9.jpg
Starting download with Playwright: https://live-brunner.pantheonsite.io/sites/default/files/styles/sm/public/oldImages/110682_Brunner_boards_BO332_BO200_HD_XL.jpg.webp?itok=NipAGM1H
Finished download: https://live-brunner.pantheonsite.io/sites/default/files/styles/sm/public/oldImages/110682_Brunner_boards_BO332_BO200_HD_XL.jpg.webp?itok=NipAGM1H -> boards_Stool_BO200\image_10.jpg
Starting download with Playwright: https://live-brunner.pantheonsite.io/sites/default/files/styles/lg/public/oldImages/110682_Brunner_boards_BO332_BO200_HD_XL.jpg.webp?itok=Fw_l3vFa
Finished download: https://live-brunner.pantheonsite.io/sites/default/files/styles/lg/public/oldImages/110682_Brunner_boards_BO332_BO200_HD_XL.jpg.webp?itok=Fw_l3vFa -> boards_Stool_BO200\image_11.jpg
Starting download with Playwright: https://live-brunner.pantheonsite.io/sites/default/files/styles/original_webp/public/oldImages/110682_Brunner_boards_BO332_BO200_HD_XL.jpg.webp?itok=2iiC7u6P
Finished download: https://live-brunner.pantheonsite.io/sites/default/files/styles/original_webp/public/oldImages/110682_Brunner_boards_BO332_BO200_HD_XL.jpg.webp?itok=2iiC7u6P -> boards_Stool_BO200\image_12.jpg
Starting download with Playwright: https://live-brunner.pantheonsite.io/sites/default/files/styles/sm/public/oldImages/105203_Brunner_boards_BO100_BO200_BO300_BO310_BO320_BO330_BO400_BO410_nate_s_7721_HD_XL.jpg.webp?itok=T6bY0Ai4
Finished download: https://live-brunner.pantheonsite.io/sites/default/files/styles/sm/public/oldImages/105203_Brunner_boards_BO100_BO200_BO300_BO310_BO320_BO330_BO400_BO410_nate_s_7721_HD_XL.jpg.webp?itok=T6bY0Ai4 -> boards_Stool_BO200\image_13.jpg
Starting download with Playwright: https://live-brunner.pantheonsite.io/sites/default/files/styles/lg/public/oldImages/105203_Brunner_boards_BO100_BO200_BO300_BO310_BO320_BO330_BO400_BO410_nate_s_7721_HD_XL.jpg.webp?itok=uE6z8Dn-
Finished download: https://live-brunner.pantheonsite.io/sites/default/files/styles/lg/public/oldImages/105203_Brunner_boards_BO100_BO200_BO300_BO310_BO320_BO330_BO400_BO410_nate_s_7721_HD_XL.jpg.webp?itok=uE6z8Dn- -> boards_Stool_BO200\image_14.jpg
Starting download with Playwright: https://live-brunner.pantheonsite.io/sites/default/files/styles/original_webp/public/oldImages/105203_Brunner_boards_BO100_BO200_BO300_BO310_BO320_BO330_BO400_BO410_nate_s_7721_HD_XL.jpg.webp?itok=nZxOpRTM
Finished download: https://live-brunner.pantheonsite.io/sites/default/files/styles/original_webp/public/oldImages/105203_Brunner_boards_BO100_BO200_BO300_BO310_BO320_BO330_BO400_BO410_nate_s_7721_HD_XL.jpg.webp?itok=nZxOpRTM -> boards_Stool_BO200\image_15.jpg
Starting download with Playwright: https://live-brunner.pantheonsite.io/sites/default/files/styles/sm/public/oldImages/105192_Brunner_boards_BO100_BO200_BO330_OF0320_OF0330_nate_s_7721_HD_XL.jpg.webp?itok=V1rEgW_H
Finished download: https://live-brunner.pantheonsite.io/sites/default/files/styles/sm/public/oldImages/105192_Brunner_boards_BO100_BO200_BO330_OF0320_OF0330_nate_s_7721_HD_XL.jpg.webp?itok=V1rEgW_H -> boards_Stool_BO200\image_16.jpg
Starting download with Playwright: https://live-brunner.pantheonsite.io/sites/default/files/styles/lg/public/oldImages/105192_Brunner_boards_BO100_BO200_BO330_OF0320_OF0330_nate_s_7721_HD_XL.jpg.webp?itok=3HMtXbYF
Finished download: https://live-brunner.pantheonsite.io/sites/default/files/styles/lg/public/oldImages/105192_Brunner_boards_BO100_BO200_BO330_OF0320_OF0330_nate_s_7721_HD_XL.jpg.webp?itok=3HMtXbYF -> boards_Stool_BO200\image_17.jpg
Starting download with Playwright: https://live-brunner.pantheonsite.io/sites/default/files/styles/original_webp/public/oldImages/105192_Brunner_boards_BO100_BO200_BO330_OF0320_OF0330_nate_s_7721_HD_XL.jpg.webp?itok=HYh17YHp
Finished download: https://live-brunner.pantheonsite.io/sites/default/files/styles/original_webp/public/oldImages/105192_Brunner_boards_BO100_BO200_BO330_OF0320_OF0330_nate_s_7721_HD_XL.jpg.webp?itok=HYh17YHp -> boards_Stool_BO200\image_18.jpg
Starting download with Playwright: https://live-brunner.pantheonsite.io/sites/default/files/styles/sm/public/oldImages/105213_Brunner_boards_BO100_BO200_BO320_BO330_BO310_BO410_BO101_OF0310_OF0320_OF0330_OF0340_E1020_nate_s_7721_HD_XL.jpg.webp?itok=r8yYvMfc
Finished download: https://live-brunner.pantheonsite.io/sites/default/files/styles/sm/public/oldImages/105213_Brunner_boards_BO100_BO200_BO320_BO330_BO310_BO410_BO101_OF0310_OF0320_OF0330_OF0340_E1020_nate_s_7721_HD_XL.jpg.webp?itok=r8yYvMfc -> boards_Stool_BO200\image_19.jpg
Starting download with Playwright: https://live-brunner.pantheonsite.io/sites/default/files/styles/lg/public/oldImages/105213_Brunner_boards_BO100_BO200_BO320_BO330_BO310_BO410_BO101_OF0310_OF0320_OF0330_OF0340_E1020_nate_s_7721_HD_XL.jpg.webp?itok=Pf_MYM8c
Finished download: https://live-brunner.pantheonsite.io/sites/default/files/styles/lg/public/oldImages/105213_Brunner_boards_BO100_BO200_BO320_BO330_BO310_BO410_BO101_OF0310_OF0320_OF0330_OF0340_E1020_nate_s_7721_HD_XL.jpg.webp?itok=Pf_MYM8c -> boards_Stool_BO200\image_20.jpg
Starting download with Playwright: https://live-brunner.pantheonsite.io/sites/default/files/styles/original_webp/public/oldImages/105213_Brunner_boards_BO100_BO200_BO320_BO330_BO310_BO410_BO101_OF0310_OF0320_OF0330_OF0340_E1020_nate_s_7721_HD_XL.jpg.webp?itok=fNPqDDwy
Finished download: https://live-brunner.pantheonsite.io/sites/default/files/styles/original_webp/public/oldImages/105213_Brunner_boards_BO100_BO200_BO320_BO330_BO310_BO410_BO101_OF0310_OF0320_OF0330_OF0340_E1020_nate_s_7721_HD_XL.jpg.webp?itok=fNPqDDwy -> boards_Stool_BO200\image_21.jpg
Starting download with Playwright: https://live-brunner.pantheonsite.io/sites/default/files/styles/sm/public/oldImages/105206_Brunner_boards_BO200_Grau_Schatten_HD_XL.jpg.webp?itok=hZojfYD3
Finished download: https://live-brunner.pantheonsite.io/sites/default/files/styles/sm/public/oldImages/105206_Brunner_boards_BO200_Grau_Schatten_HD_XL.jpg.webp?itok=hZojfYD3 -> boards_Stool_BO200\image_22.jpg
Starting download with Playwright: https://live-brunner.pantheonsite.io/sites/default/files/styles/lg/public/oldImages/105206_Brunner_boards_BO200_Grau_Schatten_HD_XL.jpg.webp?itok=UEW8btP5
Finished download: https://live-brunner.pantheonsite.io/sites/default/files/styles/lg/public/oldImages/105206_Brunner_boards_BO200_Grau_Schatten_HD_XL.jpg.webp?itok=UEW8btP5 -> boards_Stool_BO200\image_23.jpg
Starting download with Playwright: https://live-brunner.pantheonsite.io/sites/default/files/styles/original_webp/public/oldImages/105206_Brunner_boards_BO200_Grau_Schatten_HD_XL.jpg.webp?itok=KvBt4iZo
Finished download: https://live-brunner.pantheonsite.io/sites/default/files/styles/original_webp/public/oldImages/105206_Brunner_boards_BO200_Grau_Schatten_HD_XL.jpg.webp?itok=KvBt4iZo -> boards_Stool_BO200\image_24.jpg
Starting download with Playwright: https://live-brunner.pantheonsite.io/sites/default/files/styles/sm/public/oldImages/105212_Brunner_boards_8085_05_HD_XL.jpg.webp?itok=FUefoDru
Finished download: https://live-brunner.pantheonsite.io/sites/default/files/styles/sm/public/oldImages/105212_Brunner_boards_8085_05_HD_XL.jpg.webp?itok=FUefoDru -> boards_Stool_BO200\image_25.jpg
Starting download with Playwright: https://live-brunner.pantheonsite.io/sites/default/files/styles/lg/public/oldImages/105212_Brunner_boards_8085_05_HD_XL.jpg.webp?itok=BYr-9tMb
Finished download: https://live-brunner.pantheonsite.io/sites/default/files/styles/lg/public/oldImages/105212_Brunner_boards_8085_05_HD_XL.jpg.webp?itok=BYr-9tMb -> boards_Stool_BO200\image_26.jpg
Starting download with Playwright: https://live-brunner.pantheonsite.io/sites/default/files/styles/original_webp/public/oldImages/105212_Brunner_boards_8085_05_HD_XL.jpg.webp?itok=ogwrSorc
Finished download: https://live-brunner.pantheonsite.io/sites/default/files/styles/original_webp/public/oldImages/105212_Brunner_boards_8085_05_HD_XL.jpg.webp?itok=ogwrSorc -> boards_Stool_BO200\image_27.jpg
Starting download with Playwright: https://live-brunner.pantheonsite.io/sites/default/files/styles/sm/public/oldImages/105209_Brunner_boards_BO200_Stapel_HD_XL.jpg.webp?itok=xF_sbiS7
Finished download: https://live-brunner.pantheonsite.io/sites/default/files/styles/sm/public/oldImages/105209_Brunner_boards_BO200_Stapel_HD_XL.jpg.webp?itok=xF_sbiS7 -> boards_Stool_BO200\image_28.jpg
Starting download with Playwright: https://live-brunner.pantheonsite.io/sites/default/files/styles/lg/public/oldImages/105209_Brunner_boards_BO200_Stapel_HD_XL.jpg.webp?itok=k5cF_DFS
Finished download: https://live-brunner.pantheonsite.io/sites/default/files/styles/lg/public/oldImages/105209_Brunner_boards_BO200_Stapel_HD_XL.jpg.webp?itok=k5cF_DFS -> boards_Stool_BO200\image_29.jpg
Starting download with Playwright: https://live-brunner.pantheonsite.io/sites/default/files/styles/original_webp/public/oldImages/105209_Brunner_boards_BO200_Stapel_HD_XL.jpg.webp?itok=PUWfC0e3
Finished download: https://live-brunner.pantheonsite.io/sites/default/files/styles/original_webp/public/oldImages/105209_Brunner_boards_BO200_Stapel_HD_XL.jpg.webp?itok=PUWfC0e3 -> boards_Stool_BO200\image_30.jpg
Starting download with Playwright: https://live-brunner.pantheonsite.io/sites/default/files/styles/sm/public/oldImages/105211_Brunner_boards_8085_02_HD_XL.jpg.webp?itok=EeE5bl3a
Finished download: https://live-brunner.pantheonsite.io/sites/default/files/styles/sm/public/oldImages/105211_Brunner_boards_8085_02_HD_XL.jpg.webp?itok=EeE5bl3a -> boards_Stool_BO200\image_31.jpg
Starting download with Playwright: https://live-brunner.pantheonsite.io/sites/default/files/styles/lg/public/oldImages/105211_Brunner_boards_8085_02_HD_XL.jpg.webp?itok=3jkzhQbS
Finished download: https://live-brunner.pantheonsite.io/sites/default/files/styles/lg/public/oldImages/105211_Brunner_boards_8085_02_HD_XL.jpg.webp?itok=3jkzhQbS -> boards_Stool_BO200\image_32.jpg
Starting download with Playwright: https://live-brunner.pantheonsite.io/sites/default/files/styles/original_webp/public/oldImages/105211_Brunner_boards_8085_02_HD_XL.jpg.webp?itok=fJjQtRa0
Finished download: https://live-brunner.pantheonsite.io/sites/default/files/styles/original_webp/public/oldImages/105211_Brunner_boards_8085_02_HD_XL.jpg.webp?itok=fJjQtRa0 -> boards_Stool_BO200\image_33.jpg
Starting download with Playwright: https://live-brunner.pantheonsite.io/sites/default/files/styles/sm/public/oldImages/105202_Brunner_boards_BO100_BO200_BO320_OF0330_OF0340_BO101_BO330_HD_XL.jpg.webp?itok=UXN0YlIA
Finished download: https://live-brunner.pantheonsite.io/sites/default/files/styles/sm/public/oldImages/105202_Brunner_boards_BO100_BO200_BO320_OF0330_OF0340_BO101_BO330_HD_XL.jpg.webp?itok=UXN0YlIA -> boards_Stool_BO200\image_34.jpg
Starting download with Playwright: https://live-brunner.pantheonsite.io/sites/default/files/styles/lg/public/oldImages/105202_Brunner_boards_BO100_BO200_BO320_OF0330_OF0340_BO101_BO330_HD_XL.jpg.webp?itok=wzog711B
Finished download: https://live-brunner.pantheonsite.io/sites/default/files/styles/lg/public/oldImages/105202_Brunner_boards_BO100_BO200_BO320_OF0330_OF0340_BO101_BO330_HD_XL.jpg.webp?itok=wzog711B -> boards_Stool_BO200\image_35.jpg
Starting download with Playwright: https://live-brunner.pantheonsite.io/sites/default/files/styles/original_webp/public/oldImages/105202_Brunner_boards_BO100_BO200_BO320_OF0330_OF0340_BO101_BO330_HD_XL.jpg.webp?itok=_0daIwpD
Finished download: https://live-brunner.pantheonsite.io/sites/default/files/styles/original_webp/public/oldImages/105202_Brunner_boards_BO100_BO200_BO320_OF0330_OF0340_BO101_BO330_HD_XL.jpg.webp?itok=_0daIwpD -> boards_Stool_BO200\image_36.jpg
Starting download with Playwright: https://live-brunner.pantheonsite.io/sites/default/files/styles/sm/public/oldImages/105210_Brunner_boards_BO100_BO200_BO320_OF0330_HD_XL.jpg.webp?itok=7bjlL9Pe
Finished download: https://live-brunner.pantheonsite.io/sites/default/files/styles/sm/public/oldImages/105210_Brunner_boards_BO100_BO200_BO320_OF0330_HD_XL.jpg.webp?itok=7bjlL9Pe -> boards_Stool_BO200\image_37.jpg
Starting download with Playwright: https://live-brunner.pantheonsite.io/sites/default/files/styles/lg/public/oldImages/105210_Brunner_boards_BO100_BO200_BO320_OF0330_HD_XL.jpg.webp?itok=xFDCBDd7
Finished download: https://live-brunner.pantheonsite.io/sites/default/files/styles/lg/public/oldImages/105210_Brunner_boards_BO100_BO200_BO320_OF0330_HD_XL.jpg.webp?itok=xFDCBDd7 -> boards_Stool_BO200\image_38.jpg
Starting download with Playwright: https://live-brunner.pantheonsite.io/sites/default/files/styles/original_webp/public/oldImages/105210_Brunner_boards_BO100_BO200_BO320_OF0330_HD_XL.jpg.webp?itok=SxGxIWy5
Finished download: https://live-brunner.pantheonsite.io/sites/default/files/styles/original_webp/public/oldImages/105210_Brunner_boards_BO100_BO200_BO320_OF0330_HD_XL.jpg.webp?itok=SxGxIWy5 -> boards_Stool_BO200\image_39.jpg
Starting download with Playwright: https://live-brunner.pantheonsite.io/sites/default/files/styles/sm/public/oldImages/105207_Brunner_boards_BO200_Detail_HD_XL.jpg.webp?itok=CbKU6Mwp
Finished download: https://live-brunner.pantheonsite.io/sites/default/files/styles/sm/public/oldImages/105207_Brunner_boards_BO200_Detail_HD_XL.jpg.webp?itok=CbKU6Mwp -> boards_Stool_BO200\image_40.jpg
Starting download with Playwright: https://live-brunner.pantheonsite.io/sites/default/files/styles/lg/public/oldImages/105207_Brunner_boards_BO200_Detail_HD_XL.jpg.webp?itok=TkWq2NXC
Finished download: https://live-brunner.pantheonsite.io/sites/default/files/styles/lg/public/oldImages/105207_Brunner_boards_BO200_Detail_HD_XL.jpg.webp?itok=TkWq2NXC -> boards_Stool_BO200\image_41.jpg
Starting download with Playwright: https://live-brunner.pantheonsite.io/sites/default/files/styles/original_webp/public/oldImages/105207_Brunner_boards_BO200_Detail_HD_XL.jpg.webp?itok=5MZo0emX
Finished download: https://live-brunner.pantheonsite.io/sites/default/files/styles/original_webp/public/oldImages/105207_Brunner_boards_BO200_Detail_HD_XL.jpg.webp?itok=5MZo0emX -> boards_Stool_BO200\image_42.jpg
Starting download with Playwright: https://live-brunner.pantheonsite.io/sites/default/files/styles/sm/public/oldImages/105200_Brunner_boards_BO100_BO200_OF0320_02_HD_XL.jpg.webp?itok=gQzVThK9
Finished download: https://live-brunner.pantheonsite.io/sites/default/files/styles/sm/public/oldImages/105200_Brunner_boards_BO100_BO200_OF0320_02_HD_XL.jpg.webp?itok=gQzVThK9 -> boards_Stool_BO200\image_43.jpg
Starting download with Playwright: https://live-brunner.pantheonsite.io/sites/default/files/styles/lg/public/oldImages/105200_Brunner_boards_BO100_BO200_OF0320_02_HD_XL.jpg.webp?itok=06UHsUpV
Finished download: https://live-brunner.pantheonsite.io/sites/default/files/styles/lg/public/oldImages/105200_Brunner_boards_BO100_BO200_OF0320_02_HD_XL.jpg.webp?itok=06UHsUpV -> boards_Stool_BO200\image_44.jpg
Starting download with Playwright: https://live-brunner.pantheonsite.io/sites/default/files/styles/original_webp/public/oldImages/105200_Brunner_boards_BO100_BO200_OF0320_02_HD_XL.jpg.webp?itok=-ZvXb7z1
Finished download: https://live-brunner.pantheonsite.io/sites/default/files/styles/original_webp/public/oldImages/105200_Brunner_boards_BO100_BO200_OF0320_02_HD_XL.jpg.webp?itok=-ZvXb7z1 -> boards_Stool_BO200\image_45.jpg
Completed image downloads for product boards_Stool_BO200
Extracting features for product boards_Stool_BO200...
Features saved for product boards_Stool_BO200
Attempting to access Downloads tab for product boards_Stool_BO200...
Starting download of PDF: https://live-brunner.pantheonsite.io/sites/default/files/oldPdfs/Produktdatenblaetter/Produktdatenblaetter_EN/Brunner_product_data_sheet_boards_EN.pdf
Downloaded product_sheet.pdf for product boards_Stool_BO200
Opening URL for product buena_nova_stacking_chair__326: https://brunner-group.com/en/products/buena-nova-stacking-chair/?variant=326
Images detected on page for buena_nova_stacking_chair__326, scrolling to load them...
Successfully opened URL for product buena_nova_stacking_chair__326
Extracting images for product buena_nova_stacking_chair__326...
Found 21 images for product buena_nova_stacking_chair__326
Starting download with Playwright: https://live-brunner.pantheonsite.io/sites/default/files/styles/sm/public/oldImages/115596_Brunner_buena_nova_340_336_316_373_HD_XL.jpg.webp?itok=F5Vy2bVR
Finished download: https://live-brunner.pantheonsite.io/sites/default/files/styles/sm/public/oldImages/115596_Brunner_buena_nova_340_336_316_373_HD_XL.jpg.webp?itok=F5Vy2bVR -> buena_nova_stacking_chair__326\image_1.jpg
Starting download with Playwright: https://live-brunner.pantheonsite.io/sites/default/files/styles/lg/public/oldImages/115596_Brunner_buena_nova_340_336_316_373_HD_XL.jpg.webp?itok=GtKKAOgI
Finished download: https://live-brunner.pantheonsite.io/sites/default/files/styles/lg/public/oldImages/115596_Brunner_buena_nova_340_336_316_373_HD_XL.jpg.webp?itok=GtKKAOgI -> buena_nova_stacking_chair__326\image_2.jpg
Starting download with Playwright: https://live-brunner.pantheonsite.io/sites/default/files/styles/original_webp/public/oldImages/115596_Brunner_buena_nova_340_336_316_373_HD_XL.jpg.webp?itok=smUnPhy7
Finished download: https://live-brunner.pantheonsite.io/sites/default/files/styles/original_webp/public/oldImages/115596_Brunner_buena_nova_340_336_316_373_HD_XL.jpg.webp?itok=smUnPhy7 -> buena_nova_stacking_chair__326\image_3.jpg
Starting download with Playwright: https://live-brunner.pantheonsite.io/sites/default/files/styles/sm/public/oldImages/85315_Brunner_Rosengarten_buena-nova_22_Gfeller_XL.jpg.webp?itok=1aPoKHw5
Finished download: https://live-brunner.pantheonsite.io/sites/default/files/styles/sm/public/oldImages/85315_Brunner_Rosengarten_buena-nova_22_Gfeller_XL.jpg.webp?itok=1aPoKHw5 -> buena_nova_stacking_chair__326\image_4.jpg
Starting download with Playwright: https://live-brunner.pantheonsite.io/sites/default/files/styles/lg/public/oldImages/85315_Brunner_Rosengarten_buena-nova_22_Gfeller_XL.jpg.webp?itok=GNYWHi2Y
Finished download: https://live-brunner.pantheonsite.io/sites/default/files/styles/lg/public/oldImages/85315_Brunner_Rosengarten_buena-nova_22_Gfeller_XL.jpg.webp?itok=GNYWHi2Y -> buena_nova_stacking_chair__326\image_5.jpg
Starting download with Playwright: https://live-brunner.pantheonsite.io/sites/default/files/styles/original_webp/public/oldImages/85315_Brunner_Rosengarten_buena-nova_22_Gfeller_XL.jpg.webp?itok=NFctwblM
Finished download: https://live-brunner.pantheonsite.io/sites/default/files/styles/original_webp/public/oldImages/85315_Brunner_Rosengarten_buena-nova_22_Gfeller_XL.jpg.webp?itok=NFctwblM -> buena_nova_stacking_chair__326\image_6.jpg
Starting download with Playwright: https://live-brunner.pantheonsite.io/sites/default/files/styles/sm/public/oldImages/85361_Brunner_Stuetlihus_buena-nova_18_Gfeller_XL.jpg.webp?itok=1dvTxUX_
Finished download: https://live-brunner.pantheonsite.io/sites/default/files/styles/sm/public/oldImages/85361_Brunner_Stuetlihus_buena-nova_18_Gfeller_XL.jpg.webp?itok=1dvTxUX_ -> buena_nova_stacking_chair__326\image_7.jpg
Starting download with Playwright: https://live-brunner.pantheonsite.io/sites/default/files/styles/lg/public/oldImages/85361_Brunner_Stuetlihus_buena-nova_18_Gfeller_XL.jpg.webp?itok=Z1KlRSxc
Finished download: https://live-brunner.pantheonsite.io/sites/default/files/styles/lg/public/oldImages/85361_Brunner_Stuetlihus_buena-nova_18_Gfeller_XL.jpg.webp?itok=Z1KlRSxc -> buena_nova_stacking_chair__326\image_8.jpg
Starting download with Playwright: https://live-brunner.pantheonsite.io/sites/default/files/styles/original_webp/public/oldImages/85361_Brunner_Stuetlihus_buena-nova_18_Gfeller_XL.jpg.webp?itok=vQ_mcPMS
Finished download: https://live-brunner.pantheonsite.io/sites/default/files/styles/original_webp/public/oldImages/85361_Brunner_Stuetlihus_buena-nova_18_Gfeller_XL.jpg.webp?itok=vQ_mcPMS -> buena_nova_stacking_chair__326\image_9.jpg
Starting download with Playwright: https://live-brunner.pantheonsite.io/sites/default/files/styles/sm/public/oldImages/27639_Brunner_WGV-8267_buena-nova_Marquardt_XL.jpg.webp?itok=LtvbHP8m
Finished download: https://live-brunner.pantheonsite.io/sites/default/files/styles/sm/public/oldImages/27639_Brunner_WGV-8267_buena-nova_Marquardt_XL.jpg.webp?itok=LtvbHP8m -> buena_nova_stacking_chair__326\image_10.jpg
Starting download with Playwright: https://live-brunner.pantheonsite.io/sites/default/files/styles/lg/public/oldImages/27639_Brunner_WGV-8267_buena-nova_Marquardt_XL.jpg.webp?itok=imHBbDfA
Finished download: https://live-brunner.pantheonsite.io/sites/default/files/styles/lg/public/oldImages/27639_Brunner_WGV-8267_buena-nova_Marquardt_XL.jpg.webp?itok=imHBbDfA -> buena_nova_stacking_chair__326\image_11.jpg
Starting download with Playwright: https://live-brunner.pantheonsite.io/sites/default/files/styles/original_webp/public/oldImages/27639_Brunner_WGV-8267_buena-nova_Marquardt_XL.jpg.webp?itok=G8ZtXgJn
Finished download: https://live-brunner.pantheonsite.io/sites/default/files/styles/original_webp/public/oldImages/27639_Brunner_WGV-8267_buena-nova_Marquardt_XL.jpg.webp?itok=G8ZtXgJn -> buena_nova_stacking_chair__326\image_12.jpg
Starting download with Playwright: https://live-brunner.pantheonsite.io/sites/default/files/styles/sm/public/oldImages/85354_Brunner_Stuetlihus_buena-nova_11_Gfeller_XL.jpg.webp?itok=3X9grKFG
Finished download: https://live-brunner.pantheonsite.io/sites/default/files/styles/sm/public/oldImages/85354_Brunner_Stuetlihus_buena-nova_11_Gfeller_XL.jpg.webp?itok=3X9grKFG -> buena_nova_stacking_chair__326\image_13.jpg
Starting download with Playwright: https://live-brunner.pantheonsite.io/sites/default/files/styles/lg/public/oldImages/85354_Brunner_Stuetlihus_buena-nova_11_Gfeller_XL.jpg.webp?itok=PK6k9YUT
Finished download: https://live-brunner.pantheonsite.io/sites/default/files/styles/lg/public/oldImages/85354_Brunner_Stuetlihus_buena-nova_11_Gfeller_XL.jpg.webp?itok=PK6k9YUT -> buena_nova_stacking_chair__326\image_14.jpg
Starting download with Playwright: https://live-brunner.pantheonsite.io/sites/default/files/styles/original_webp/public/oldImages/85354_Brunner_Stuetlihus_buena-nova_11_Gfeller_XL.jpg.webp?itok=_MMnb1DT
Finished download: https://live-brunner.pantheonsite.io/sites/default/files/styles/original_webp/public/oldImages/85354_Brunner_Stuetlihus_buena-nova_11_Gfeller_XL.jpg.webp?itok=_MMnb1DT -> buena_nova_stacking_chair__326\image_15.jpg
Starting download with Playwright: https://live-brunner.pantheonsite.io/sites/default/files/styles/sm/public/oldImages/91238_Brunner_EMS_Le_Ch%C3%AAne_Gfeller_11_XL.jpg.webp?itok=gtec-ytd
Finished download: https://live-brunner.pantheonsite.io/sites/default/files/styles/sm/public/oldImages/91238_Brunner_EMS_Le_Ch%C3%AAne_Gfeller_11_XL.jpg.webp?itok=gtec-ytd -> buena_nova_stacking_chair__326\image_16.jpg
Starting download with Playwright: https://live-brunner.pantheonsite.io/sites/default/files/styles/lg/public/oldImages/91238_Brunner_EMS_Le_Ch%C3%AAne_Gfeller_11_XL.jpg.webp?itok=RBHbFmXy
Finished download: https://live-brunner.pantheonsite.io/sites/default/files/styles/lg/public/oldImages/91238_Brunner_EMS_Le_Ch%C3%AAne_Gfeller_11_XL.jpg.webp?itok=RBHbFmXy -> buena_nova_stacking_chair__326\image_17.jpg
Starting download with Playwright: https://live-brunner.pantheonsite.io/sites/default/files/styles/original_webp/public/oldImages/91238_Brunner_EMS_Le_Ch%C3%AAne_Gfeller_11_XL.jpg.webp?itok=l-vNKw-O
Finished download: https://live-brunner.pantheonsite.io/sites/default/files/styles/original_webp/public/oldImages/91238_Brunner_EMS_Le_Ch%C3%AAne_Gfeller_11_XL.jpg.webp?itok=l-vNKw-O -> buena_nova_stacking_chair__326\image_18.jpg
Starting download with Playwright: https://live-brunner.pantheonsite.io/sites/default/files/styles/sm/public/oldImages/97758_buena_nova%20_326AB_HD_XL.jpg.webp?itok=rki_kA--
Finished download: https://live-brunner.pantheonsite.io/sites/default/files/styles/sm/public/oldImages/97758_buena_nova%20_326AB_HD_XL.jpg.webp?itok=rki_kA-- -> buena_nova_stacking_chair__326\image_19.jpg
Starting download with Playwright: https://live-brunner.pantheonsite.io/sites/default/files/styles/lg/public/oldImages/97758_buena_nova%20_326AB_HD_XL.jpg.webp?itok=GA4-1wBL
Finished download: https://live-brunner.pantheonsite.io/sites/default/files/styles/lg/public/oldImages/97758_buena_nova%20_326AB_HD_XL.jpg.webp?itok=GA4-1wBL -> buena_nova_stacking_chair__326\image_20.jpg
Starting download with Playwright: https://live-brunner.pantheonsite.io/sites/default/files/styles/original_webp/public/oldImages/97758_buena_nova%20_326AB_HD_XL.jpg.webp?itok=1bZtHLMa
Finished download: https://live-brunner.pantheonsite.io/sites/default/files/styles/original_webp/public/oldImages/97758_buena_nova%20_326AB_HD_XL.jpg.webp?itok=1bZtHLMa -> buena_nova_stacking_chair__326\image_21.jpg
Completed image downloads for product buena_nova_stacking_chair__326
Extracting features for product buena_nova_stacking_chair__326...
Features saved for product buena_nova_stacking_chair__326
Attempting to access Downloads tab for product buena_nova_stacking_chair__326...
Starting download of PDF: https://live-brunner.pantheonsite.io/sites/default/files/oldPdfs/Produktdatenblaetter/Produktdatenblaetter_EN/buena_nova_Brunner_product_data_sheet_EN.pdf
Downloaded product_sheet.pdf for product buena_nova_stacking_chair__326
Opening URL for product buena_nova_high-back_chair_340: https://brunner-group.com/en/products/buena-nova-high-back-chair/?variant=340
[Info] No images detected for product buena_nova_high-back_chair_340, skipping image extraction step.
Successfully opened URL for product buena_nova_high-back_chair_340
Extracting images for product buena_nova_high-back_chair_340...
[Info] No images found for product buena_nova_high-back_chair_340, skipping download step.
Extracting features for product buena_nova_high-back_chair_340...
Features saved for product buena_nova_high-back_chair_340
Attempting to access Downloads tab for product buena_nova_high-back_chair_340...
Starting download of PDF: https://live-brunner.pantheonsite.io/sites/default/files/oldPdfs/Produktdatenblaetter/Produktdatenblaetter_EN/buena_nova_Brunner_product_data_sheet_EN.pdf
Downloaded product_sheet.pdf for product buena_nova_high-back_chair_340
Opening URL for product buena_nova_reclining_chair__356: https://brunner-group.com/en/products/buena-nova-reclining-chair/?variant=356
[Info] No images detected for product buena_nova_reclining_chair__356, skipping image extraction step.
Successfully opened URL for product buena_nova_reclining_chair__356
Extracting images for product buena_nova_reclining_chair__356...
[Info] No images found for product buena_nova_reclining_chair__356, skipping download step.
Extracting features for product buena_nova_reclining_chair__356...
Features saved for product buena_nova_reclining_chair__356
Attempting to access Downloads tab for product buena_nova_reclining_chair__356...
Starting download of PDF: https://live-brunner.pantheonsite.io/sites/default/files/oldPdfs/Produktdatenblaetter/Produktdatenblaetter_EN/buena_nova_Brunner_product_data_sheet_EN.pdf
Downloaded product_sheet.pdf for product buena_nova_reclining_chair__356
Opening URL for product cellular_Lounge_chair_CE-0100: https://brunner-group.com/en/products/cellular-lounge-chair/?variant=CE-0100
Images detected on page for cellular_Lounge_chair_CE-0100, scrolling to load them...
Successfully opened URL for product cellular_Lounge_chair_CE-0100
Extracting images for product cellular_Lounge_chair_CE-0100...
Found 18 images for product cellular_Lounge_chair_CE-0100
Starting download with Playwright: https://live-brunner.pantheonsite.io/sites/default/files/styles/sm/public/oldImages/105651_Brunner_cellular_CE0100_CE0300_CET060_valet_VT_1003_XL.jpg.webp?itok=Blm1mo69
Finished download: https://live-brunner.pantheonsite.io/sites/default/files/styles/sm/public/oldImages/105651_Brunner_cellular_CE0100_CE0300_CET060_valet_VT_1003_XL.jpg.webp?itok=Blm1mo69 -> cellular_Lounge_chair_CE-0100\image_1.jpg
Starting download with Playwright: https://live-brunner.pantheonsite.io/sites/default/files/styles/lg/public/oldImages/105651_Brunner_cellular_CE0100_CE0300_CET060_valet_VT_1003_XL.jpg.webp?itok=XtWgfqgD
Finished download: https://live-brunner.pantheonsite.io/sites/default/files/styles/lg/public/oldImages/105651_Brunner_cellular_CE0100_CE0300_CET060_valet_VT_1003_XL.jpg.webp?itok=XtWgfqgD -> cellular_Lounge_chair_CE-0100\image_2.jpg
Starting download with Playwright: https://live-brunner.pantheonsite.io/sites/default/files/styles/original_webp/public/oldImages/105651_Brunner_cellular_CE0100_CE0300_CET060_valet_VT_1003_XL.jpg.webp?itok=tIt6KOm0
Finished download: https://live-brunner.pantheonsite.io/sites/default/files/styles/original_webp/public/oldImages/105651_Brunner_cellular_CE0100_CE0300_CET060_valet_VT_1003_XL.jpg.webp?itok=tIt6KOm0 -> cellular_Lounge_chair_CE-0100\image_3.jpg
Starting download with Playwright: https://live-brunner.pantheonsite.io/sites/default/files/styles/sm/public/oldImages/96536_Brunner_cellular_CE1100_CE1070_CE1080_6305_Location-Leipzig_1920x1080_XL.jpg.webp?itok=FjbPr6Vh
Finished download: https://live-brunner.pantheonsite.io/sites/default/files/styles/sm/public/oldImages/96536_Brunner_cellular_CE1100_CE1070_CE1080_6305_Location-Leipzig_1920x1080_XL.jpg.webp?itok=FjbPr6Vh -> cellular_Lounge_chair_CE-0100\image_4.jpg
Starting download with Playwright: https://live-brunner.pantheonsite.io/sites/default/files/styles/lg/public/oldImages/96536_Brunner_cellular_CE1100_CE1070_CE1080_6305_Location-Leipzig_1920x1080_XL.jpg.webp?itok=LYtzfpcW
Finished download: https://live-brunner.pantheonsite.io/sites/default/files/styles/lg/public/oldImages/96536_Brunner_cellular_CE1100_CE1070_CE1080_6305_Location-Leipzig_1920x1080_XL.jpg.webp?itok=LYtzfpcW -> cellular_Lounge_chair_CE-0100\image_5.jpg
Starting download with Playwright: https://live-brunner.pantheonsite.io/sites/default/files/styles/original_webp/public/oldImages/96536_Brunner_cellular_CE1100_CE1070_CE1080_6305_Location-Leipzig_1920x1080_XL.jpg.webp?itok=0OMujgdE
Finished download: https://live-brunner.pantheonsite.io/sites/default/files/styles/original_webp/public/oldImages/96536_Brunner_cellular_CE1100_CE1070_CE1080_6305_Location-Leipzig_1920x1080_XL.jpg.webp?itok=0OMujgdE -> cellular_Lounge_chair_CE-0100\image_6.jpg
Starting download with Playwright: https://live-brunner.pantheonsite.io/sites/default/files/styles/sm/public/oldImages/97761_Brunner_cellular_CE1100_CE1070_CET060_HD_XL.jpg.webp?itok=KN8oBYWW
Finished download: https://live-brunner.pantheonsite.io/sites/default/files/styles/sm/public/oldImages/97761_Brunner_cellular_CE1100_CE1070_CET060_HD_XL.jpg.webp?itok=KN8oBYWW -> cellular_Lounge_chair_CE-0100\image_7.jpg
Starting download with Playwright: https://live-brunner.pantheonsite.io/sites/default/files/styles/lg/public/oldImages/97761_Brunner_cellular_CE1100_CE1070_CET060_HD_XL.jpg.webp?itok=E8IWZVZ0
Finished download: https://live-brunner.pantheonsite.io/sites/default/files/styles/lg/public/oldImages/97761_Brunner_cellular_CE1100_CE1070_CET060_HD_XL.jpg.webp?itok=E8IWZVZ0 -> cellular_Lounge_chair_CE-0100\image_8.jpg
Starting download with Playwright: https://live-brunner.pantheonsite.io/sites/default/files/styles/original_webp/public/oldImages/97761_Brunner_cellular_CE1100_CE1070_CET060_HD_XL.jpg.webp?itok=nwYoxUcb
Finished download: https://live-brunner.pantheonsite.io/sites/default/files/styles/original_webp/public/oldImages/97761_Brunner_cellular_CE1100_CE1070_CET060_HD_XL.jpg.webp?itok=nwYoxUcb -> cellular_Lounge_chair_CE-0100\image_9.jpg
Starting download with Playwright: https://live-brunner.pantheonsite.io/sites/default/files/styles/sm/public/oldImages/105649_Brunner_cellular_CE1100_CE2300_CE4030_CE4010_CET060_oval_1501_0200_nate_s_7721_7774_valet_VT_1000_VT_1003_XL.jpg.webp?itok=u1D_68cm
Finished download: https://live-brunner.pantheonsite.io/sites/default/files/styles/sm/public/oldImages/105649_Brunner_cellular_CE1100_CE2300_CE4030_CE4010_CET060_oval_1501_0200_nate_s_7721_7774_valet_VT_1000_VT_1003_XL.jpg.webp?itok=u1D_68cm -> cellular_Lounge_chair_CE-0100\image_10.jpg
Starting download with Playwright: https://live-brunner.pantheonsite.io/sites/default/files/styles/lg/public/oldImages/105649_Brunner_cellular_CE1100_CE2300_CE4030_CE4010_CET060_oval_1501_0200_nate_s_7721_7774_valet_VT_1000_VT_1003_XL.jpg.webp?itok=HXbQdzZx
Finished download: https://live-brunner.pantheonsite.io/sites/default/files/styles/lg/public/oldImages/105649_Brunner_cellular_CE1100_CE2300_CE4030_CE4010_CET060_oval_1501_0200_nate_s_7721_7774_valet_VT_1000_VT_1003_XL.jpg.webp?itok=HXbQdzZx -> cellular_Lounge_chair_CE-0100\image_11.jpg
Starting download with Playwright: https://live-brunner.pantheonsite.io/sites/default/files/styles/original_webp/public/oldImages/105649_Brunner_cellular_CE1100_CE2300_CE4030_CE4010_CET060_oval_1501_0200_nate_s_7721_7774_valet_VT_1000_VT_1003_XL.jpg.webp?itok=1koRbH4y
Finished download: https://live-brunner.pantheonsite.io/sites/default/files/styles/original_webp/public/oldImages/105649_Brunner_cellular_CE1100_CE2300_CE4030_CE4010_CET060_oval_1501_0200_nate_s_7721_7774_valet_VT_1000_VT_1003_XL.jpg.webp?itok=1koRbH4y -> cellular_Lounge_chair_CE-0100\image_12.jpg
Starting download with Playwright: https://live-brunner.pantheonsite.io/sites/default/files/styles/sm/public/oldImages/81688_Brunner_Cellular_Duo_02_F39_XL.jpg.webp?itok=QD_rykHI
Finished download: https://live-brunner.pantheonsite.io/sites/default/files/styles/sm/public/oldImages/81688_Brunner_Cellular_Duo_02_F39_XL.jpg.webp?itok=QD_rykHI -> cellular_Lounge_chair_CE-0100\image_13.jpg
Starting download with Playwright: https://live-brunner.pantheonsite.io/sites/default/files/styles/lg/public/oldImages/81688_Brunner_Cellular_Duo_02_F39_XL.jpg.webp?itok=qS1pfe9e
Finished download: https://live-brunner.pantheonsite.io/sites/default/files/styles/lg/public/oldImages/81688_Brunner_Cellular_Duo_02_F39_XL.jpg.webp?itok=qS1pfe9e -> cellular_Lounge_chair_CE-0100\image_14.jpg
Starting download with Playwright: https://live-brunner.pantheonsite.io/sites/default/files/styles/original_webp/public/oldImages/81688_Brunner_Cellular_Duo_02_F39_XL.jpg.webp?itok=QIt3ua7J
Finished download: https://live-brunner.pantheonsite.io/sites/default/files/styles/original_webp/public/oldImages/81688_Brunner_Cellular_Duo_02_F39_XL.jpg.webp?itok=QIt3ua7J -> cellular_Lounge_chair_CE-0100\image_15.jpg
Starting download with Playwright: https://live-brunner.pantheonsite.io/sites/default/files/styles/sm/public/oldImages/105650_Brunner_cellular_CE0100_CE0300_CE1100_CE2300_CE1070_CE1080_CE4010_CE4030_CE3200links_CET060_oval_1501_0120_1502_0210_1501_0200_nate_s_7721_7774_crona_up_6331_boards_BO320_XL.jpg.webp?itok=S7qltqr9
Finished download: https://live-brunner.pantheonsite.io/sites/default/files/styles/sm/public/oldImages/105650_Brunner_cellular_CE0100_CE0300_CE1100_CE2300_CE1070_CE1080_CE4010_CE4030_CE3200links_CET060_oval_1501_0120_1502_0210_1501_0200_nate_s_7721_7774_crona_up_6331_boards_BO320_XL.jpg.webp?itok=S7qltqr9 -> cellular_Lounge_chair_CE-0100\image_16.jpg
Starting download with Playwright: https://live-brunner.pantheonsite.io/sites/default/files/styles/lg/public/oldImages/105650_Brunner_cellular_CE0100_CE0300_CE1100_CE2300_CE1070_CE1080_CE4010_CE4030_CE3200links_CET060_oval_1501_0120_1502_0210_1501_0200_nate_s_7721_7774_crona_up_6331_boards_BO320_XL.jpg.webp?itok=b4hSMjA1
Finished download: https://live-brunner.pantheonsite.io/sites/default/files/styles/lg/public/oldImages/105650_Brunner_cellular_CE0100_CE0300_CE1100_CE2300_CE1070_CE1080_CE4010_CE4030_CE3200links_CET060_oval_1501_0120_1502_0210_1501_0200_nate_s_7721_7774_crona_up_6331_boards_BO320_XL.jpg.webp?itok=b4hSMjA1 -> cellular_Lounge_chair_CE-0100\image_17.jpg
Starting download with Playwright: https://live-brunner.pantheonsite.io/sites/default/files/styles/original_webp/public/oldImages/105650_Brunner_cellular_CE0100_CE0300_CE1100_CE2300_CE1070_CE1080_CE4010_CE4030_CE3200links_CET060_oval_1501_0120_1502_0210_1501_0200_nate_s_7721_7774_crona_up_6331_boards_BO320_XL.jpg.webp?itok=PWpi5UUr
Finished download: https://live-brunner.pantheonsite.io/sites/default/files/styles/original_webp/public/oldImages/105650_Brunner_cellular_CE0100_CE0300_CE1100_CE2300_CE1070_CE1080_CE4010_CE4030_CE3200links_CET060_oval_1501_0120_1502_0210_1501_0200_nate_s_7721_7774_crona_up_6331_boards_BO320_XL.jpg.webp?itok=PWpi5UUr -> cellular_Lounge_chair_CE-0100\image_18.jpg
Completed image downloads for product cellular_Lounge_chair_CE-0100
Extracting features for product cellular_Lounge_chair_CE-0100...
Features saved for product cellular_Lounge_chair_CE-0100
Attempting to access Downloads tab for product cellular_Lounge_chair_CE-0100...
Starting download of PDF: https://live-brunner.pantheonsite.io/sites/default/files/oldPdfs/Produktdatenblaetter/Produktdatenblaetter_EN/cellular_Brunner_product_data_sheet_EN.pdf
Downloaded product_sheet.pdf for product cellular_Lounge_chair_CE-0100
Opening URL for product cellular_Sofa__CE-2300: https://brunner-group.com/en/products/cellular-sofa/?variant=CE-2300
Images detected on page for cellular_Sofa__CE-2300, scrolling to load them...
Successfully opened URL for product cellular_Sofa__CE-2300
Extracting images for product cellular_Sofa__CE-2300...
Found 12 images for product cellular_Sofa__CE-2300
Starting download with Playwright: https://live-brunner.pantheonsite.io/sites/default/files/styles/sm/public/oldImages/105651_Brunner_cellular_CE0100_CE0300_CET060_valet_VT_1003_XL.jpg.webp?itok=Blm1mo69
Finished download: https://live-brunner.pantheonsite.io/sites/default/files/styles/sm/public/oldImages/105651_Brunner_cellular_CE0100_CE0300_CET060_valet_VT_1003_XL.jpg.webp?itok=Blm1mo69 -> cellular_Sofa__CE-2300\image_1.jpg
Starting download with Playwright: https://live-brunner.pantheonsite.io/sites/default/files/styles/lg/public/oldImages/105651_Brunner_cellular_CE0100_CE0300_CET060_valet_VT_1003_XL.jpg.webp?itok=XtWgfqgD
Finished download: https://live-brunner.pantheonsite.io/sites/default/files/styles/lg/public/oldImages/105651_Brunner_cellular_CE0100_CE0300_CET060_valet_VT_1003_XL.jpg.webp?itok=XtWgfqgD -> cellular_Sofa__CE-2300\image_2.jpg
Starting download with Playwright: https://live-brunner.pantheonsite.io/sites/default/files/styles/original_webp/public/oldImages/105651_Brunner_cellular_CE0100_CE0300_CET060_valet_VT_1003_XL.jpg.webp?itok=tIt6KOm0
Finished download: https://live-brunner.pantheonsite.io/sites/default/files/styles/original_webp/public/oldImages/105651_Brunner_cellular_CE0100_CE0300_CET060_valet_VT_1003_XL.jpg.webp?itok=tIt6KOm0 -> cellular_Sofa__CE-2300\image_3.jpg
Starting download with Playwright: https://live-brunner.pantheonsite.io/sites/default/files/styles/sm/public/oldImages/81688_Brunner_Cellular_Duo_02_F39_XL.jpg.webp?itok=QD_rykHI
Finished download: https://live-brunner.pantheonsite.io/sites/default/files/styles/sm/public/oldImages/81688_Brunner_Cellular_Duo_02_F39_XL.jpg.webp?itok=QD_rykHI -> cellular_Sofa__CE-2300\image_4.jpg
Starting download with Playwright: https://live-brunner.pantheonsite.io/sites/default/files/styles/lg/public/oldImages/81688_Brunner_Cellular_Duo_02_F39_XL.jpg.webp?itok=qS1pfe9e
Finished download: https://live-brunner.pantheonsite.io/sites/default/files/styles/lg/public/oldImages/81688_Brunner_Cellular_Duo_02_F39_XL.jpg.webp?itok=qS1pfe9e -> cellular_Sofa__CE-2300\image_5.jpg
Starting download with Playwright: https://live-brunner.pantheonsite.io/sites/default/files/styles/original_webp/public/oldImages/81688_Brunner_Cellular_Duo_02_F39_XL.jpg.webp?itok=QIt3ua7J
Finished download: https://live-brunner.pantheonsite.io/sites/default/files/styles/original_webp/public/oldImages/81688_Brunner_Cellular_Duo_02_F39_XL.jpg.webp?itok=QIt3ua7J -> cellular_Sofa__CE-2300\image_6.jpg
Starting download with Playwright: https://live-brunner.pantheonsite.io/sites/default/files/styles/sm/public/oldImages/105649_Brunner_cellular_CE1100_CE2300_CE4030_CE4010_CET060_oval_1501_0200_nate_s_7721_7774_valet_VT_1000_VT_1003_XL.jpg.webp?itok=u1D_68cm
Finished download: https://live-brunner.pantheonsite.io/sites/default/files/styles/sm/public/oldImages/105649_Brunner_cellular_CE1100_CE2300_CE4030_CE4010_CET060_oval_1501_0200_nate_s_7721_7774_valet_VT_1000_VT_1003_XL.jpg.webp?itok=u1D_68cm -> cellular_Sofa__CE-2300\image_7.jpg
Starting download with Playwright: https://live-brunner.pantheonsite.io/sites/default/files/styles/lg/public/oldImages/105649_Brunner_cellular_CE1100_CE2300_CE4030_CE4010_CET060_oval_1501_0200_nate_s_7721_7774_valet_VT_1000_VT_1003_XL.jpg.webp?itok=HXbQdzZx
Finished download: https://live-brunner.pantheonsite.io/sites/default/files/styles/lg/public/oldImages/105649_Brunner_cellular_CE1100_CE2300_CE4030_CE4010_CET060_oval_1501_0200_nate_s_7721_7774_valet_VT_1000_VT_1003_XL.jpg.webp?itok=HXbQdzZx -> cellular_Sofa__CE-2300\image_8.jpg
Starting download with Playwright: https://live-brunner.pantheonsite.io/sites/default/files/styles/original_webp/public/oldImages/105649_Brunner_cellular_CE1100_CE2300_CE4030_CE4010_CET060_oval_1501_0200_nate_s_7721_7774_valet_VT_1000_VT_1003_XL.jpg.webp?itok=1koRbH4y
Finished download: https://live-brunner.pantheonsite.io/sites/default/files/styles/original_webp/public/oldImages/105649_Brunner_cellular_CE1100_CE2300_CE4030_CE4010_CET060_oval_1501_0200_nate_s_7721_7774_valet_VT_1000_VT_1003_XL.jpg.webp?itok=1koRbH4y -> cellular_Sofa__CE-2300\image_9.jpg
Starting download with Playwright: https://live-brunner.pantheonsite.io/sites/default/files/styles/sm/public/oldImages/105650_Brunner_cellular_CE0100_CE0300_CE1100_CE2300_CE1070_CE1080_CE4010_CE4030_CE3200links_CET060_oval_1501_0120_1502_0210_1501_0200_nate_s_7721_7774_crona_up_6331_boards_BO320_XL.jpg.webp?itok=S7qltqr9
Finished download: https://live-brunner.pantheonsite.io/sites/default/files/styles/sm/public/oldImages/105650_Brunner_cellular_CE0100_CE0300_CE1100_CE2300_CE1070_CE1080_CE4010_CE4030_CE3200links_CET060_oval_1501_0120_1502_0210_1501_0200_nate_s_7721_7774_crona_up_6331_boards_BO320_XL.jpg.webp?itok=S7qltqr9 -> cellular_Sofa__CE-2300\image_10.jpg
Starting download with Playwright: https://live-brunner.pantheonsite.io/sites/default/files/styles/lg/public/oldImages/105650_Brunner_cellular_CE0100_CE0300_CE1100_CE2300_CE1070_CE1080_CE4010_CE4030_CE3200links_CET060_oval_1501_0120_1502_0210_1501_0200_nate_s_7721_7774_crona_up_6331_boards_BO320_XL.jpg.webp?itok=b4hSMjA1
Finished download: https://live-brunner.pantheonsite.io/sites/default/files/styles/lg/public/oldImages/105650_Brunner_cellular_CE0100_CE0300_CE1100_CE2300_CE1070_CE1080_CE4010_CE4030_CE3200links_CET060_oval_1501_0120_1502_0210_1501_0200_nate_s_7721_7774_crona_up_6331_boards_BO320_XL.jpg.webp?itok=b4hSMjA1 -> cellular_Sofa__CE-2300\image_11.jpg
Starting download with Playwright: https://live-brunner.pantheonsite.io/sites/default/files/styles/original_webp/public/oldImages/105650_Brunner_cellular_CE0100_CE0300_CE1100_CE2300_CE1070_CE1080_CE4010_CE4030_CE3200links_CET060_oval_1501_0120_1502_0210_1501_0200_nate_s_7721_7774_crona_up_6331_boards_BO320_XL.jpg.webp?itok=PWpi5UUr
Finished download: https://live-brunner.pantheonsite.io/sites/default/files/styles/original_webp/public/oldImages/105650_Brunner_cellular_CE0100_CE0300_CE1100_CE2300_CE1070_CE1080_CE4010_CE4030_CE3200links_CET060_oval_1501_0120_1502_0210_1501_0200_nate_s_7721_7774_crona_up_6331_boards_BO320_XL.jpg.webp?itok=PWpi5UUr -> cellular_Sofa__CE-2300\image_12.jpg
Completed image downloads for product cellular_Sofa__CE-2300
Extracting features for product cellular_Sofa__CE-2300...
Features saved for product cellular_Sofa__CE-2300
Attempting to access Downloads tab for product cellular_Sofa__CE-2300...
Starting download of PDF: https://live-brunner.pantheonsite.io/sites/default/files/oldPdfs/Produktdatenblaetter/Produktdatenblaetter_EN/cellular_Brunner_product_data_sheet_EN.pdf
Downloaded product_sheet.pdf for product cellular_Sofa__CE-2300
Opening URL for product crona_Chair_6375: https://brunner-group.com/en/products/crona-chair/?variant=6375
Images detected on page for crona_Chair_6375, scrolling to load them...
Successfully opened URL for product crona_Chair_6375
Extracting images for product crona_Chair_6375...
Found 27 images for product crona_Chair_6375
Starting download with Playwright: https://live-brunner.pantheonsite.io/sites/default/files/styles/sm/public/oldImages/80334_Brunner_Oeschberghof%20_Marquardt_58_XL.jpg.webp?itok=x0Er0oPg
Finished download: https://live-brunner.pantheonsite.io/sites/default/files/styles/sm/public/oldImages/80334_Brunner_Oeschberghof%20_Marquardt_58_XL.jpg.webp?itok=x0Er0oPg -> crona_Chair_6375\image_1.jpg
Starting download with Playwright: https://live-brunner.pantheonsite.io/sites/default/files/styles/lg/public/oldImages/80334_Brunner_Oeschberghof%20_Marquardt_58_XL.jpg.webp?itok=VKbnw2Iu
Finished download: https://live-brunner.pantheonsite.io/sites/default/files/styles/lg/public/oldImages/80334_Brunner_Oeschberghof%20_Marquardt_58_XL.jpg.webp?itok=VKbnw2Iu -> crona_Chair_6375\image_2.jpg
Starting download with Playwright: https://live-brunner.pantheonsite.io/sites/default/files/styles/original_webp/public/oldImages/80334_Brunner_Oeschberghof%20_Marquardt_58_XL.jpg.webp?itok=DBsOrQgj
Finished download: https://live-brunner.pantheonsite.io/sites/default/files/styles/original_webp/public/oldImages/80334_Brunner_Oeschberghof%20_Marquardt_58_XL.jpg.webp?itok=DBsOrQgj -> crona_Chair_6375\image_3.jpg
Starting download with Playwright: https://live-brunner.pantheonsite.io/sites/default/files/styles/sm/public/oldImages/28606_crona_6375_trio_torro_Loc_XL.jpg.webp?itok=RYxZkW7B
Finished download: https://live-brunner.pantheonsite.io/sites/default/files/styles/sm/public/oldImages/28606_crona_6375_trio_torro_Loc_XL.jpg.webp?itok=RYxZkW7B -> crona_Chair_6375\image_4.jpg
Starting download with Playwright: https://live-brunner.pantheonsite.io/sites/default/files/styles/lg/public/oldImages/28606_crona_6375_trio_torro_Loc_XL.jpg.webp?itok=4FieXsH4
Finished download: https://live-brunner.pantheonsite.io/sites/default/files/styles/lg/public/oldImages/28606_crona_6375_trio_torro_Loc_XL.jpg.webp?itok=4FieXsH4 -> crona_Chair_6375\image_5.jpg
Starting download with Playwright: https://live-brunner.pantheonsite.io/sites/default/files/styles/original_webp/public/oldImages/28606_crona_6375_trio_torro_Loc_XL.jpg.webp?itok=Tl8wG39p
Finished download: https://live-brunner.pantheonsite.io/sites/default/files/styles/original_webp/public/oldImages/28606_crona_6375_trio_torro_Loc_XL.jpg.webp?itok=Tl8wG39p -> crona_Chair_6375\image_6.jpg
Starting download with Playwright: https://live-brunner.pantheonsite.io/sites/default/files/styles/sm/public/oldImages/80291_Brunner_Oeschberghof%20_Marquardt_15_XL.jpg.webp?itok=ZUZc8eVW
Finished download: https://live-brunner.pantheonsite.io/sites/default/files/styles/sm/public/oldImages/80291_Brunner_Oeschberghof%20_Marquardt_15_XL.jpg.webp?itok=ZUZc8eVW -> crona_Chair_6375\image_7.jpg
Starting download with Playwright: https://live-brunner.pantheonsite.io/sites/default/files/styles/lg/public/oldImages/80291_Brunner_Oeschberghof%20_Marquardt_15_XL.jpg.webp?itok=fO9pJxOn
Finished download: https://live-brunner.pantheonsite.io/sites/default/files/styles/lg/public/oldImages/80291_Brunner_Oeschberghof%20_Marquardt_15_XL.jpg.webp?itok=fO9pJxOn -> crona_Chair_6375\image_8.jpg
Starting download with Playwright: https://live-brunner.pantheonsite.io/sites/default/files/styles/original_webp/public/oldImages/80291_Brunner_Oeschberghof%20_Marquardt_15_XL.jpg.webp?itok=O1Wblrnl
Finished download: https://live-brunner.pantheonsite.io/sites/default/files/styles/original_webp/public/oldImages/80291_Brunner_Oeschberghof%20_Marquardt_15_XL.jpg.webp?itok=O1Wblrnl -> crona_Chair_6375\image_9.jpg
Starting download with Playwright: https://live-brunner.pantheonsite.io/sites/default/files/styles/sm/public/oldImages/99026_Brunner_crona_6372_Gleiter_Sevilla_Black_Lava_Grau_mitSchatten_HD_XL.jpg.webp?itok=m1QIEz04
[Image Download] Failed image https://live-brunner.pantheonsite.io/sites/default/files/styles/sm/public/oldImages/99026_Brunner_crona_6372_Gleiter_Sevilla_Black_Lava_Grau_mitSchatten_HD_XL.jpg.webp?itok=m1QIEz04 for product crona_Chair_6375: HTTP status 404
Starting download with Playwright: https://live-brunner.pantheonsite.io/sites/default/files/styles/lg/public/oldImages/99026_Brunner_crona_6372_Gleiter_Sevilla_Black_Lava_Grau_mitSchatten_HD_XL.jpg.webp?itok=PG_XVlw_
[Image Download] Failed image https://live-brunner.pantheonsite.io/sites/default/files/styles/lg/public/oldImages/99026_Brunner_crona_6372_Gleiter_Sevilla_Black_Lava_Grau_mitSchatten_HD_XL.jpg.webp?itok=PG_XVlw_ for product crona_Chair_6375: HTTP status 404
Starting download with Playwright: https://live-brunner.pantheonsite.io/sites/default/files/styles/original_webp/public/oldImages/99026_Brunner_crona_6372_Gleiter_Sevilla_Black_Lava_Grau_mitSchatten_HD_XL.jpg.webp?itok=IijD7DV7
[Image Download] Failed image https://live-brunner.pantheonsite.io/sites/default/files/styles/original_webp/public/oldImages/99026_Brunner_crona_6372_Gleiter_Sevilla_Black_Lava_Grau_mitSchatten_HD_XL.jpg.webp?itok=IijD7DV7 for product crona_Chair_6375: HTTP status 404
Starting download with Playwright: https://live-brunner.pantheonsite.io/sites/default/files/styles/sm/public/oldImages/99029_Brunner_crona_6375_6365A_Freisteller_HD_XL.jpg.webp?itok=EFGHxfzJ
Finished download: https://live-brunner.pantheonsite.io/sites/default/files/styles/sm/public/oldImages/99029_Brunner_crona_6375_6365A_Freisteller_HD_XL.jpg.webp?itok=EFGHxfzJ -> crona_Chair_6375\image_13.jpg
Starting download with Playwright: https://live-brunner.pantheonsite.io/sites/default/files/styles/lg/public/oldImages/99029_Brunner_crona_6375_6365A_Freisteller_HD_XL.jpg.webp?itok=BOdz0GxO
Finished download: https://live-brunner.pantheonsite.io/sites/default/files/styles/lg/public/oldImages/99029_Brunner_crona_6375_6365A_Freisteller_HD_XL.jpg.webp?itok=BOdz0GxO -> crona_Chair_6375\image_14.jpg
Starting download with Playwright: https://live-brunner.pantheonsite.io/sites/default/files/styles/original_webp/public/oldImages/99029_Brunner_crona_6375_6365A_Freisteller_HD_XL.jpg.webp?itok=evHB8k3v
Finished download: https://live-brunner.pantheonsite.io/sites/default/files/styles/original_webp/public/oldImages/99029_Brunner_crona_6375_6365A_Freisteller_HD_XL.jpg.webp?itok=evHB8k3v -> crona_Chair_6375\image_15.jpg
Starting download with Playwright: https://live-brunner.pantheonsite.io/sites/default/files/styles/sm/public/oldImages/28602_crona_6377_divina_torro_Leder_3861_0_Loc_XL.jpg.webp?itok=IMZDqYCr
Finished download: https://live-brunner.pantheonsite.io/sites/default/files/styles/sm/public/oldImages/28602_crona_6377_divina_torro_Leder_3861_0_Loc_XL.jpg.webp?itok=IMZDqYCr -> crona_Chair_6375\image_16.jpg
Starting download with Playwright: https://live-brunner.pantheonsite.io/sites/default/files/styles/lg/public/oldImages/28602_crona_6377_divina_torro_Leder_3861_0_Loc_XL.jpg.webp?itok=frp5GT1V
Finished download: https://live-brunner.pantheonsite.io/sites/default/files/styles/lg/public/oldImages/28602_crona_6377_divina_torro_Leder_3861_0_Loc_XL.jpg.webp?itok=frp5GT1V -> crona_Chair_6375\image_17.jpg
Starting download with Playwright: https://live-brunner.pantheonsite.io/sites/default/files/styles/original_webp/public/oldImages/28602_crona_6377_divina_torro_Leder_3861_0_Loc_XL.jpg.webp?itok=AEFALo-3
Finished download: https://live-brunner.pantheonsite.io/sites/default/files/styles/original_webp/public/oldImages/28602_crona_6377_divina_torro_Leder_3861_0_Loc_XL.jpg.webp?itok=AEFALo-3 -> crona_Chair_6375\image_18.jpg
Starting download with Playwright: https://live-brunner.pantheonsite.io/sites/default/files/styles/sm/public/oldImages/28605_crona_6375_trio_torro_3060_0_Loc_XL.jpg.webp?itok=OWLOweoU
Finished download: https://live-brunner.pantheonsite.io/sites/default/files/styles/sm/public/oldImages/28605_crona_6375_trio_torro_3060_0_Loc_XL.jpg.webp?itok=OWLOweoU -> crona_Chair_6375\image_19.jpg
Starting download with Playwright: https://live-brunner.pantheonsite.io/sites/default/files/styles/lg/public/oldImages/28605_crona_6375_trio_torro_3060_0_Loc_XL.jpg.webp?itok=odnvRQ0Q
Finished download: https://live-brunner.pantheonsite.io/sites/default/files/styles/lg/public/oldImages/28605_crona_6375_trio_torro_3060_0_Loc_XL.jpg.webp?itok=odnvRQ0Q -> crona_Chair_6375\image_20.jpg
Starting download with Playwright: https://live-brunner.pantheonsite.io/sites/default/files/styles/original_webp/public/oldImages/28605_crona_6375_trio_torro_3060_0_Loc_XL.jpg.webp?itok=9HVy_Chp
Finished download: https://live-brunner.pantheonsite.io/sites/default/files/styles/original_webp/public/oldImages/28605_crona_6375_trio_torro_3060_0_Loc_XL.jpg.webp?itok=9HVy_Chp -> crona_Chair_6375\image_21.jpg
Starting download with Playwright: https://live-brunner.pantheonsite.io/sites/default/files/styles/sm/public/oldImages/99027_Brunner_crona_6372_Rollen_Sevilla_Black_Stone_Grau_mitSchatten_HD_XL.jpg.webp?itok=cj1uRaGm
Finished download: https://live-brunner.pantheonsite.io/sites/default/files/styles/sm/public/oldImages/99027_Brunner_crona_6372_Rollen_Sevilla_Black_Stone_Grau_mitSchatten_HD_XL.jpg.webp?itok=cj1uRaGm -> crona_Chair_6375\image_22.jpg
Starting download with Playwright: https://live-brunner.pantheonsite.io/sites/default/files/styles/lg/public/oldImages/99027_Brunner_crona_6372_Rollen_Sevilla_Black_Stone_Grau_mitSchatten_HD_XL.jpg.webp?itok=MOW3ltiS
Finished download: https://live-brunner.pantheonsite.io/sites/default/files/styles/lg/public/oldImages/99027_Brunner_crona_6372_Rollen_Sevilla_Black_Stone_Grau_mitSchatten_HD_XL.jpg.webp?itok=MOW3ltiS -> crona_Chair_6375\image_23.jpg
Starting download with Playwright: https://live-brunner.pantheonsite.io/sites/default/files/styles/original_webp/public/oldImages/99027_Brunner_crona_6372_Rollen_Sevilla_Black_Stone_Grau_mitSchatten_HD_XL.jpg.webp?itok=b4JbC_Ld
Finished download: https://live-brunner.pantheonsite.io/sites/default/files/styles/original_webp/public/oldImages/99027_Brunner_crona_6372_Rollen_Sevilla_Black_Stone_Grau_mitSchatten_HD_XL.jpg.webp?itok=b4JbC_Ld -> crona_Chair_6375\image_24.jpg
Starting download with Playwright: https://live-brunner.pantheonsite.io/sites/default/files/styles/sm/public/oldImages/28600_crona_6377_6367_A_divina_torro_3861_0_Loc_XL.jpg.webp?itok=QTbL3AZn
Finished download: https://live-brunner.pantheonsite.io/sites/default/files/styles/sm/public/oldImages/28600_crona_6377_6367_A_divina_torro_3861_0_Loc_XL.jpg.webp?itok=QTbL3AZn -> crona_Chair_6375\image_25.jpg
Starting download with Playwright: https://live-brunner.pantheonsite.io/sites/default/files/styles/lg/public/oldImages/28600_crona_6377_6367_A_divina_torro_3861_0_Loc_XL.jpg.webp?itok=IKS1D92t
Finished download: https://live-brunner.pantheonsite.io/sites/default/files/styles/lg/public/oldImages/28600_crona_6377_6367_A_divina_torro_3861_0_Loc_XL.jpg.webp?itok=IKS1D92t -> crona_Chair_6375\image_26.jpg
Starting download with Playwright: https://live-brunner.pantheonsite.io/sites/default/files/styles/original_webp/public/oldImages/28600_crona_6377_6367_A_divina_torro_3861_0_Loc_XL.jpg.webp?itok=Spa6WmbM
Finished download: https://live-brunner.pantheonsite.io/sites/default/files/styles/original_webp/public/oldImages/28600_crona_6377_6367_A_divina_torro_3861_0_Loc_XL.jpg.webp?itok=Spa6WmbM -> crona_Chair_6375\image_27.jpg
Completed image downloads for product crona_Chair_6375
Extracting features for product crona_Chair_6375...
Features saved for product crona_Chair_6375
Attempting to access Downloads tab for product crona_Chair_6375...
Starting download of PDF: https://live-brunner.pantheonsite.io/sites/default/files/oldPdfs/Produktdatenblaetter/Produktdatenblaetter_EN/crona_Brunner_product_data_sheet_EN.pdf
Downloaded product_sheet.pdf for product crona_Chair_6375
Opening URL for product crona_bar_bar_stool_6379: https://brunner-group.com/en/products/crona-bar-bar-stool/?variant=6379
Images detected on page for crona_bar_bar_stool_6379, scrolling to load them...
Successfully opened URL for product crona_bar_bar_stool_6379
Extracting images for product crona_bar_bar_stool_6379...
Found 12 images for product crona_bar_bar_stool_6379
Starting download with Playwright: https://live-brunner.pantheonsite.io/sites/default/files/styles/sm/public/oldImages/86762_Brunner_Gioias_Marquardt_14_XL.jpg.webp?itok=8fMu1CZf
Finished download: https://live-brunner.pantheonsite.io/sites/default/files/styles/sm/public/oldImages/86762_Brunner_Gioias_Marquardt_14_XL.jpg.webp?itok=8fMu1CZf -> crona_bar_bar_stool_6379\image_1.jpg
Starting download with Playwright: https://live-brunner.pantheonsite.io/sites/default/files/styles/lg/public/oldImages/86762_Brunner_Gioias_Marquardt_14_XL.jpg.webp?itok=loQ6_sS5
Finished download: https://live-brunner.pantheonsite.io/sites/default/files/styles/lg/public/oldImages/86762_Brunner_Gioias_Marquardt_14_XL.jpg.webp?itok=loQ6_sS5 -> crona_bar_bar_stool_6379\image_2.jpg
Starting download with Playwright: https://live-brunner.pantheonsite.io/sites/default/files/styles/original_webp/public/oldImages/86762_Brunner_Gioias_Marquardt_14_XL.jpg.webp?itok=HZpfSrdx
Finished download: https://live-brunner.pantheonsite.io/sites/default/files/styles/original_webp/public/oldImages/86762_Brunner_Gioias_Marquardt_14_XL.jpg.webp?itok=HZpfSrdx -> crona_bar_bar_stool_6379\image_3.jpg
Starting download with Playwright: https://live-brunner.pantheonsite.io/sites/default/files/styles/sm/public/oldImages/34112_crona_bar_6379_loc_XL.jpg.webp?itok=ULT4j7v-
Finished download: https://live-brunner.pantheonsite.io/sites/default/files/styles/sm/public/oldImages/34112_crona_bar_6379_loc_XL.jpg.webp?itok=ULT4j7v- -> crona_bar_bar_stool_6379\image_4.jpg
Starting download with Playwright: https://live-brunner.pantheonsite.io/sites/default/files/styles/lg/public/oldImages/34112_crona_bar_6379_loc_XL.jpg.webp?itok=uaN1LO1n
Finished download: https://live-brunner.pantheonsite.io/sites/default/files/styles/lg/public/oldImages/34112_crona_bar_6379_loc_XL.jpg.webp?itok=uaN1LO1n -> crona_bar_bar_stool_6379\image_5.jpg
Starting download with Playwright: https://live-brunner.pantheonsite.io/sites/default/files/styles/original_webp/public/oldImages/34112_crona_bar_6379_loc_XL.jpg.webp?itok=xC4Rookl
Finished download: https://live-brunner.pantheonsite.io/sites/default/files/styles/original_webp/public/oldImages/34112_crona_bar_6379_loc_XL.jpg.webp?itok=xC4Rookl -> crona_bar_bar_stool_6379\image_6.jpg
Starting download with Playwright: https://live-brunner.pantheonsite.io/sites/default/files/styles/sm/public/oldImages/86754_Brunner_Gioias_Marquardt_6_XL.jpg.webp?itok=O34iXkdD
Finished download: https://live-brunner.pantheonsite.io/sites/default/files/styles/sm/public/oldImages/86754_Brunner_Gioias_Marquardt_6_XL.jpg.webp?itok=O34iXkdD -> crona_bar_bar_stool_6379\image_7.jpg
Starting download with Playwright: https://live-brunner.pantheonsite.io/sites/default/files/styles/lg/public/oldImages/86754_Brunner_Gioias_Marquardt_6_XL.jpg.webp?itok=212A8BvK
Finished download: https://live-brunner.pantheonsite.io/sites/default/files/styles/lg/public/oldImages/86754_Brunner_Gioias_Marquardt_6_XL.jpg.webp?itok=212A8BvK -> crona_bar_bar_stool_6379\image_8.jpg
Starting download with Playwright: https://live-brunner.pantheonsite.io/sites/default/files/styles/original_webp/public/oldImages/86754_Brunner_Gioias_Marquardt_6_XL.jpg.webp?itok=9kqPm8hv
Finished download: https://live-brunner.pantheonsite.io/sites/default/files/styles/original_webp/public/oldImages/86754_Brunner_Gioias_Marquardt_6_XL.jpg.webp?itok=9kqPm8hv -> crona_bar_bar_stool_6379\image_9.jpg
Starting download with Playwright: https://live-brunner.pantheonsite.io/sites/default/files/styles/sm/public/oldImages/34111_crona_bar_6378_remix2_Loc_XL.jpg.webp?itok=y1cwyTVu
Finished download: https://live-brunner.pantheonsite.io/sites/default/files/styles/sm/public/oldImages/34111_crona_bar_6378_remix2_Loc_XL.jpg.webp?itok=y1cwyTVu -> crona_bar_bar_stool_6379\image_10.jpg
Starting download with Playwright: https://live-brunner.pantheonsite.io/sites/default/files/styles/lg/public/oldImages/34111_crona_bar_6378_remix2_Loc_XL.jpg.webp?itok=pM7i5uGR
Finished download: https://live-brunner.pantheonsite.io/sites/default/files/styles/lg/public/oldImages/34111_crona_bar_6378_remix2_Loc_XL.jpg.webp?itok=pM7i5uGR -> crona_bar_bar_stool_6379\image_11.jpg
Starting download with Playwright: https://live-brunner.pantheonsite.io/sites/default/files/styles/original_webp/public/oldImages/34111_crona_bar_6378_remix2_Loc_XL.jpg.webp?itok=xSxNHV9H
Finished download: https://live-brunner.pantheonsite.io/sites/default/files/styles/original_webp/public/oldImages/34111_crona_bar_6378_remix2_Loc_XL.jpg.webp?itok=xSxNHV9H -> crona_bar_bar_stool_6379\image_12.jpg
Completed image downloads for product crona_bar_bar_stool_6379
Extracting features for product crona_bar_bar_stool_6379...
Features saved for product crona_bar_bar_stool_6379
Attempting to access Downloads tab for product crona_bar_bar_stool_6379...
Starting download of PDF: https://live-brunner.pantheonsite.io/sites/default/files/oldPdfs/Produktdatenblaetter/Produktdatenblaetter_EN/crona_bar_Brunner_product_data_sheet_EN.pdf
Downloaded product_sheet.pdf for product crona_bar_bar_stool_6379
Opening URL for product crona_light_Chair_6306: https://brunner-group.com/en/products/crona-light-chair/?variant=6306
Images detected on page for crona_light_Chair_6306, scrolling to load them...
Successfully opened URL for product crona_light_Chair_6306
Extracting images for product crona_light_Chair_6306...
Found 36 images for product crona_light_Chair_6306
Starting download with Playwright: https://live-brunner.pantheonsite.io/sites/default/files/styles/sm/public/oldImages/99093_Brunner_crona_light_6305_HD_XL.jpg.webp?itok=j2hCb6BA
Finished download: https://live-brunner.pantheonsite.io/sites/default/files/styles/sm/public/oldImages/99093_Brunner_crona_light_6305_HD_XL.jpg.webp?itok=j2hCb6BA -> crona_light_Chair_6306\image_1.jpg
Starting download with Playwright: https://live-brunner.pantheonsite.io/sites/default/files/styles/lg/public/oldImages/99093_Brunner_crona_light_6305_HD_XL.jpg.webp?itok=dnXBGWpi
Finished download: https://live-brunner.pantheonsite.io/sites/default/files/styles/lg/public/oldImages/99093_Brunner_crona_light_6305_HD_XL.jpg.webp?itok=dnXBGWpi -> crona_light_Chair_6306\image_2.jpg
Starting download with Playwright: https://live-brunner.pantheonsite.io/sites/default/files/styles/original_webp/public/oldImages/99093_Brunner_crona_light_6305_HD_XL.jpg.webp?itok=D0tPHsrf
Finished download: https://live-brunner.pantheonsite.io/sites/default/files/styles/original_webp/public/oldImages/99093_Brunner_crona_light_6305_HD_XL.jpg.webp?itok=D0tPHsrf -> crona_light_Chair_6306\image_3.jpg
Starting download with Playwright: https://live-brunner.pantheonsite.io/sites/default/files/styles/sm/public/oldImages/97764_Brunner_crona_light_6307_6317A_1920x1080_HD_XL.jpg.webp?itok=ksMK-Rbq
Finished download: https://live-brunner.pantheonsite.io/sites/default/files/styles/sm/public/oldImages/97764_Brunner_crona_light_6307_6317A_1920x1080_HD_XL.jpg.webp?itok=ksMK-Rbq -> crona_light_Chair_6306\image_4.jpg
Starting download with Playwright: https://live-brunner.pantheonsite.io/sites/default/files/styles/lg/public/oldImages/97764_Brunner_crona_light_6307_6317A_1920x1080_HD_XL.jpg.webp?itok=dZanlP95
Finished download: https://live-brunner.pantheonsite.io/sites/default/files/styles/lg/public/oldImages/97764_Brunner_crona_light_6307_6317A_1920x1080_HD_XL.jpg.webp?itok=dZanlP95 -> crona_light_Chair_6306\image_5.jpg
Starting download with Playwright: https://live-brunner.pantheonsite.io/sites/default/files/styles/original_webp/public/oldImages/97764_Brunner_crona_light_6307_6317A_1920x1080_HD_XL.jpg.webp?itok=1TxRA7su
Finished download: https://live-brunner.pantheonsite.io/sites/default/files/styles/original_webp/public/oldImages/97764_Brunner_crona_light_6307_6317A_1920x1080_HD_XL.jpg.webp?itok=1TxRA7su -> crona_light_Chair_6306\image_6.jpg
Starting download with Playwright: https://live-brunner.pantheonsite.io/sites/default/files/styles/sm/public/oldImages/97766_Brunner_crona_light_6304_6305_HD_XL.jpg.webp?itok=G3cawsQR
Finished download: https://live-brunner.pantheonsite.io/sites/default/files/styles/sm/public/oldImages/97766_Brunner_crona_light_6304_6305_HD_XL.jpg.webp?itok=G3cawsQR -> crona_light_Chair_6306\image_7.jpg
Starting download with Playwright: https://live-brunner.pantheonsite.io/sites/default/files/styles/lg/public/oldImages/97766_Brunner_crona_light_6304_6305_HD_XL.jpg.webp?itok=5lFyM5l6
Finished download: https://live-brunner.pantheonsite.io/sites/default/files/styles/lg/public/oldImages/97766_Brunner_crona_light_6304_6305_HD_XL.jpg.webp?itok=5lFyM5l6 -> crona_light_Chair_6306\image_8.jpg
Starting download with Playwright: https://live-brunner.pantheonsite.io/sites/default/files/styles/original_webp/public/oldImages/97766_Brunner_crona_light_6304_6305_HD_XL.jpg.webp?itok=8IvNtgwD
Finished download: https://live-brunner.pantheonsite.io/sites/default/files/styles/original_webp/public/oldImages/97766_Brunner_crona_light_6304_6305_HD_XL.jpg.webp?itok=8IvNtgwD -> crona_light_Chair_6306\image_9.jpg
Starting download with Playwright: https://live-brunner.pantheonsite.io/sites/default/files/styles/sm/public/oldImages/99200_Brunner_crona_light_6305_we_meet_S9960_Loc-01_HD_XL.jpg.webp?itok=EXWFH8ix
Finished download: https://live-brunner.pantheonsite.io/sites/default/files/styles/sm/public/oldImages/99200_Brunner_crona_light_6305_we_meet_S9960_Loc-01_HD_XL.jpg.webp?itok=EXWFH8ix -> crona_light_Chair_6306\image_10.jpg
Starting download with Playwright: https://live-brunner.pantheonsite.io/sites/default/files/styles/lg/public/oldImages/99200_Brunner_crona_light_6305_we_meet_S9960_Loc-01_HD_XL.jpg.webp?itok=jQg8v9Yd
Finished download: https://live-brunner.pantheonsite.io/sites/default/files/styles/lg/public/oldImages/99200_Brunner_crona_light_6305_we_meet_S9960_Loc-01_HD_XL.jpg.webp?itok=jQg8v9Yd -> crona_light_Chair_6306\image_11.jpg
Starting download with Playwright: https://live-brunner.pantheonsite.io/sites/default/files/styles/original_webp/public/oldImages/99200_Brunner_crona_light_6305_we_meet_S9960_Loc-01_HD_XL.jpg.webp?itok=82vGC0Ja
Finished download: https://live-brunner.pantheonsite.io/sites/default/files/styles/original_webp/public/oldImages/99200_Brunner_crona_light_6305_we_meet_S9960_Loc-01_HD_XL.jpg.webp?itok=82vGC0Ja -> crona_light_Chair_6306\image_12.jpg
Starting download with Playwright: https://live-brunner.pantheonsite.io/sites/default/files/styles/sm/public/oldImages/99092_Brunner_crona_light_6304_HD_XL.jpg.webp?itok=CJYY3LxF
Finished download: https://live-brunner.pantheonsite.io/sites/default/files/styles/sm/public/oldImages/99092_Brunner_crona_light_6304_HD_XL.jpg.webp?itok=CJYY3LxF -> crona_light_Chair_6306\image_13.jpg
Starting download with Playwright: https://live-brunner.pantheonsite.io/sites/default/files/styles/lg/public/oldImages/99092_Brunner_crona_light_6304_HD_XL.jpg.webp?itok=ddc1GTJV
Finished download: https://live-brunner.pantheonsite.io/sites/default/files/styles/lg/public/oldImages/99092_Brunner_crona_light_6304_HD_XL.jpg.webp?itok=ddc1GTJV -> crona_light_Chair_6306\image_14.jpg
Starting download with Playwright: https://live-brunner.pantheonsite.io/sites/default/files/styles/original_webp/public/oldImages/99092_Brunner_crona_light_6304_HD_XL.jpg.webp?itok=nyKRxxao
Finished download: https://live-brunner.pantheonsite.io/sites/default/files/styles/original_webp/public/oldImages/99092_Brunner_crona_light_6304_HD_XL.jpg.webp?itok=nyKRxxao -> crona_light_Chair_6306\image_15.jpg
Starting download with Playwright: https://live-brunner.pantheonsite.io/sites/default/files/styles/sm/public/oldImages/97767_Brunner_crona_light_6305_HD_XL.jpg.webp?itok=YVuRGdmJ
Finished download: https://live-brunner.pantheonsite.io/sites/default/files/styles/sm/public/oldImages/97767_Brunner_crona_light_6305_HD_XL.jpg.webp?itok=YVuRGdmJ -> crona_light_Chair_6306\image_16.jpg
Starting download with Playwright: https://live-brunner.pantheonsite.io/sites/default/files/styles/lg/public/oldImages/97767_Brunner_crona_light_6305_HD_XL.jpg.webp?itok=YBFcfBqj
Finished download: https://live-brunner.pantheonsite.io/sites/default/files/styles/lg/public/oldImages/97767_Brunner_crona_light_6305_HD_XL.jpg.webp?itok=YBFcfBqj -> crona_light_Chair_6306\image_17.jpg
Starting download with Playwright: https://live-brunner.pantheonsite.io/sites/default/files/styles/original_webp/public/oldImages/97767_Brunner_crona_light_6305_HD_XL.jpg.webp?itok=7Ok0hIUu
Finished download: https://live-brunner.pantheonsite.io/sites/default/files/styles/original_webp/public/oldImages/97767_Brunner_crona_light_6305_HD_XL.jpg.webp?itok=7Ok0hIUu -> crona_light_Chair_6306\image_18.jpg
Starting download with Playwright: https://live-brunner.pantheonsite.io/sites/default/files/styles/sm/public/oldImages/97768_Brunner_crona_light_6306_Stapel_HD_XL.jpg.webp?itok=RMOngNmG
Finished download: https://live-brunner.pantheonsite.io/sites/default/files/styles/sm/public/oldImages/97768_Brunner_crona_light_6306_Stapel_HD_XL.jpg.webp?itok=RMOngNmG -> crona_light_Chair_6306\image_19.jpg
Starting download with Playwright: https://live-brunner.pantheonsite.io/sites/default/files/styles/lg/public/oldImages/97768_Brunner_crona_light_6306_Stapel_HD_XL.jpg.webp?itok=LuWAnrWe
Finished download: https://live-brunner.pantheonsite.io/sites/default/files/styles/lg/public/oldImages/97768_Brunner_crona_light_6306_Stapel_HD_XL.jpg.webp?itok=LuWAnrWe -> crona_light_Chair_6306\image_20.jpg
Starting download with Playwright: https://live-brunner.pantheonsite.io/sites/default/files/styles/original_webp/public/oldImages/97768_Brunner_crona_light_6306_Stapel_HD_XL.jpg.webp?itok=BHpgrtiz
Finished download: https://live-brunner.pantheonsite.io/sites/default/files/styles/original_webp/public/oldImages/97768_Brunner_crona_light_6306_Stapel_HD_XL.jpg.webp?itok=BHpgrtiz -> crona_light_Chair_6306\image_21.jpg
Starting download with Playwright: https://live-brunner.pantheonsite.io/sites/default/files/styles/sm/public/oldImages/99089_Brunner_crona_light_6305_colours_HD_XL.jpg.webp?itok=xsNm-vdZ
Finished download: https://live-brunner.pantheonsite.io/sites/default/files/styles/sm/public/oldImages/99089_Brunner_crona_light_6305_colours_HD_XL.jpg.webp?itok=xsNm-vdZ -> crona_light_Chair_6306\image_22.jpg
Starting download with Playwright: https://live-brunner.pantheonsite.io/sites/default/files/styles/lg/public/oldImages/99089_Brunner_crona_light_6305_colours_HD_XL.jpg.webp?itok=31h0jCSR
Finished download: https://live-brunner.pantheonsite.io/sites/default/files/styles/lg/public/oldImages/99089_Brunner_crona_light_6305_colours_HD_XL.jpg.webp?itok=31h0jCSR -> crona_light_Chair_6306\image_23.jpg
Starting download with Playwright: https://live-brunner.pantheonsite.io/sites/default/files/styles/original_webp/public/oldImages/99089_Brunner_crona_light_6305_colours_HD_XL.jpg.webp?itok=oDep_mnd
Finished download: https://live-brunner.pantheonsite.io/sites/default/files/styles/original_webp/public/oldImages/99089_Brunner_crona_light_6305_colours_HD_XL.jpg.webp?itok=oDep_mnd -> crona_light_Chair_6306\image_24.jpg
Starting download with Playwright: https://live-brunner.pantheonsite.io/sites/default/files/styles/sm/public/oldImages/99199_Brunner_crona_light_6307_HD_XL.jpg.webp?itok=_CXolp4f
Finished download: https://live-brunner.pantheonsite.io/sites/default/files/styles/sm/public/oldImages/99199_Brunner_crona_light_6307_HD_XL.jpg.webp?itok=_CXolp4f -> crona_light_Chair_6306\image_25.jpg
Starting download with Playwright: https://live-brunner.pantheonsite.io/sites/default/files/styles/lg/public/oldImages/99199_Brunner_crona_light_6307_HD_XL.jpg.webp?itok=e4swGRin
Finished download: https://live-brunner.pantheonsite.io/sites/default/files/styles/lg/public/oldImages/99199_Brunner_crona_light_6307_HD_XL.jpg.webp?itok=e4swGRin -> crona_light_Chair_6306\image_26.jpg
Starting download with Playwright: https://live-brunner.pantheonsite.io/sites/default/files/styles/original_webp/public/oldImages/99199_Brunner_crona_light_6307_HD_XL.jpg.webp?itok=kLO4MC7R
Finished download: https://live-brunner.pantheonsite.io/sites/default/files/styles/original_webp/public/oldImages/99199_Brunner_crona_light_6307_HD_XL.jpg.webp?itok=kLO4MC7R -> crona_light_Chair_6306\image_27.jpg
Starting download with Playwright: https://live-brunner.pantheonsite.io/sites/default/files/styles/sm/public/oldImages/99203_Brunner_cellular_CE1070_crona_light_6305_HD_XL.jpg.webp?itok=cfP43pHy
Finished download: https://live-brunner.pantheonsite.io/sites/default/files/styles/sm/public/oldImages/99203_Brunner_cellular_CE1070_crona_light_6305_HD_XL.jpg.webp?itok=cfP43pHy -> crona_light_Chair_6306\image_28.jpg
Starting download with Playwright: https://live-brunner.pantheonsite.io/sites/default/files/styles/lg/public/oldImages/99203_Brunner_cellular_CE1070_crona_light_6305_HD_XL.jpg.webp?itok=AEkHJO7P
Finished download: https://live-brunner.pantheonsite.io/sites/default/files/styles/lg/public/oldImages/99203_Brunner_cellular_CE1070_crona_light_6305_HD_XL.jpg.webp?itok=AEkHJO7P -> crona_light_Chair_6306\image_29.jpg
Starting download with Playwright: https://live-brunner.pantheonsite.io/sites/default/files/styles/original_webp/public/oldImages/99203_Brunner_cellular_CE1070_crona_light_6305_HD_XL.jpg.webp?itok=9cJvBceS
Finished download: https://live-brunner.pantheonsite.io/sites/default/files/styles/original_webp/public/oldImages/99203_Brunner_cellular_CE1070_crona_light_6305_HD_XL.jpg.webp?itok=9cJvBceS -> crona_light_Chair_6306\image_30.jpg
Starting download with Playwright: https://live-brunner.pantheonsite.io/sites/default/files/styles/sm/public/oldImages/99201_Brunner_crona_light_6305_we_meet_S9960_Loc-02_HD_XL.jpg.webp?itok=_8SQQHew
Finished download: https://live-brunner.pantheonsite.io/sites/default/files/styles/sm/public/oldImages/99201_Brunner_crona_light_6305_we_meet_S9960_Loc-02_HD_XL.jpg.webp?itok=_8SQQHew -> crona_light_Chair_6306\image_31.jpg
Starting download with Playwright: https://live-brunner.pantheonsite.io/sites/default/files/styles/lg/public/oldImages/99201_Brunner_crona_light_6305_we_meet_S9960_Loc-02_HD_XL.jpg.webp?itok=1w4_pUW1
Finished download: https://live-brunner.pantheonsite.io/sites/default/files/styles/lg/public/oldImages/99201_Brunner_crona_light_6305_we_meet_S9960_Loc-02_HD_XL.jpg.webp?itok=1w4_pUW1 -> crona_light_Chair_6306\image_32.jpg
Starting download with Playwright: https://live-brunner.pantheonsite.io/sites/default/files/styles/original_webp/public/oldImages/99201_Brunner_crona_light_6305_we_meet_S9960_Loc-02_HD_XL.jpg.webp?itok=MjNkeq71
Finished download: https://live-brunner.pantheonsite.io/sites/default/files/styles/original_webp/public/oldImages/99201_Brunner_crona_light_6305_we_meet_S9960_Loc-02_HD_XL.jpg.webp?itok=MjNkeq71 -> crona_light_Chair_6306\image_33.jpg
Starting download with Playwright: https://live-brunner.pantheonsite.io/sites/default/files/styles/sm/public/oldImages/97765_Brunner_crona_light_A_6307_6317A_Stuhlreihe_HD_XL.jpg.webp?itok=kSp3ZVrU
Finished download: https://live-brunner.pantheonsite.io/sites/default/files/styles/sm/public/oldImages/97765_Brunner_crona_light_A_6307_6317A_Stuhlreihe_HD_XL.jpg.webp?itok=kSp3ZVrU -> crona_light_Chair_6306\image_34.jpg
Starting download with Playwright: https://live-brunner.pantheonsite.io/sites/default/files/styles/lg/public/oldImages/97765_Brunner_crona_light_A_6307_6317A_Stuhlreihe_HD_XL.jpg.webp?itok=mMdvX_8Z
Finished download: https://live-brunner.pantheonsite.io/sites/default/files/styles/lg/public/oldImages/97765_Brunner_crona_light_A_6307_6317A_Stuhlreihe_HD_XL.jpg.webp?itok=mMdvX_8Z -> crona_light_Chair_6306\image_35.jpg
Starting download with Playwright: https://live-brunner.pantheonsite.io/sites/default/files/styles/original_webp/public/oldImages/97765_Brunner_crona_light_A_6307_6317A_Stuhlreihe_HD_XL.jpg.webp?itok=6UxTJjV_
Finished download: https://live-brunner.pantheonsite.io/sites/default/files/styles/original_webp/public/oldImages/97765_Brunner_crona_light_A_6307_6317A_Stuhlreihe_HD_XL.jpg.webp?itok=6UxTJjV_ -> crona_light_Chair_6306\image_36.jpg
Completed image downloads for product crona_light_Chair_6306
Extracting features for product crona_light_Chair_6306...
Features saved for product crona_light_Chair_6306
Attempting to access Downloads tab for product crona_light_Chair_6306...
Starting download of PDF: https://live-brunner.pantheonsite.io/sites/default/files/oldPdfs/Produktdatenblaetter/Produktdatenblaetter_EN/crona_light_Brunner_product_data_sheet_EN.pdf
Downloaded product_sheet.pdf for product crona_light_Chair_6306
Opening URL for product crona_light_bar_Bar_stool__6308: https://brunner-group.com/en/products/crona-light-bar-bar-stool/?variant=6308
Images detected on page for crona_light_bar_Bar_stool__6308, scrolling to load them...
Successfully opened URL for product crona_light_bar_Bar_stool__6308
Extracting images for product crona_light_bar_Bar_stool__6308...
Found 39 images for product crona_light_bar_Bar_stool__6308
Starting download with Playwright: https://live-brunner.pantheonsite.io/sites/default/files/styles/sm/public/oldImages/99099_Brunner_crona_light_bar_6310_Orgatec2018_HD_XL.jpg.webp?itok=_6WoVXyx
Finished download: https://live-brunner.pantheonsite.io/sites/default/files/styles/sm/public/oldImages/99099_Brunner_crona_light_bar_6310_Orgatec2018_HD_XL.jpg.webp?itok=_6WoVXyx -> crona_light_bar_Bar_stool__6308\image_1.jpg
Starting download with Playwright: https://live-brunner.pantheonsite.io/sites/default/files/styles/lg/public/oldImages/99099_Brunner_crona_light_bar_6310_Orgatec2018_HD_XL.jpg.webp?itok=PG__qxa0
Finished download: https://live-brunner.pantheonsite.io/sites/default/files/styles/lg/public/oldImages/99099_Brunner_crona_light_bar_6310_Orgatec2018_HD_XL.jpg.webp?itok=PG__qxa0 -> crona_light_bar_Bar_stool__6308\image_2.jpg
Starting download with Playwright: https://live-brunner.pantheonsite.io/sites/default/files/styles/original_webp/public/oldImages/99099_Brunner_crona_light_bar_6310_Orgatec2018_HD_XL.jpg.webp?itok=SlBGD1dX
Finished download: https://live-brunner.pantheonsite.io/sites/default/files/styles/original_webp/public/oldImages/99099_Brunner_crona_light_bar_6310_Orgatec2018_HD_XL.jpg.webp?itok=SlBGD1dX -> crona_light_bar_Bar_stool__6308\image_3.jpg
Starting download with Playwright: https://live-brunner.pantheonsite.io/sites/default/files/styles/sm/public/oldImages/99097_Brunner_crona_light_bar_6309_Loc_HD_XL.jpg.webp?itok=IgJcRZ1J
Finished download: https://live-brunner.pantheonsite.io/sites/default/files/styles/sm/public/oldImages/99097_Brunner_crona_light_bar_6309_Loc_HD_XL.jpg.webp?itok=IgJcRZ1J -> crona_light_bar_Bar_stool__6308\image_4.jpg
Starting download with Playwright: https://live-brunner.pantheonsite.io/sites/default/files/styles/lg/public/oldImages/99097_Brunner_crona_light_bar_6309_Loc_HD_XL.jpg.webp?itok=MP_b8yEw
Finished download: https://live-brunner.pantheonsite.io/sites/default/files/styles/lg/public/oldImages/99097_Brunner_crona_light_bar_6309_Loc_HD_XL.jpg.webp?itok=MP_b8yEw -> crona_light_bar_Bar_stool__6308\image_5.jpg
Starting download with Playwright: https://live-brunner.pantheonsite.io/sites/default/files/styles/original_webp/public/oldImages/99097_Brunner_crona_light_bar_6309_Loc_HD_XL.jpg.webp?itok=4rvdIZu3
Finished download: https://live-brunner.pantheonsite.io/sites/default/files/styles/original_webp/public/oldImages/99097_Brunner_crona_light_bar_6309_Loc_HD_XL.jpg.webp?itok=4rvdIZu3 -> crona_light_bar_Bar_stool__6308\image_6.jpg
Starting download with Playwright: https://live-brunner.pantheonsite.io/sites/default/files/styles/sm/public/oldImages/99103_Brunner_crona_light_bar_6308_Detail_gestapelt_HD_XL.jpg.webp?itok=BOuWBkbt
Finished download: https://live-brunner.pantheonsite.io/sites/default/files/styles/sm/public/oldImages/99103_Brunner_crona_light_bar_6308_Detail_gestapelt_HD_XL.jpg.webp?itok=BOuWBkbt -> crona_light_bar_Bar_stool__6308\image_7.jpg
Starting download with Playwright: https://live-brunner.pantheonsite.io/sites/default/files/styles/lg/public/oldImages/99103_Brunner_crona_light_bar_6308_Detail_gestapelt_HD_XL.jpg.webp?itok=XcnRqt71
Finished download: https://live-brunner.pantheonsite.io/sites/default/files/styles/lg/public/oldImages/99103_Brunner_crona_light_bar_6308_Detail_gestapelt_HD_XL.jpg.webp?itok=XcnRqt71 -> crona_light_bar_Bar_stool__6308\image_8.jpg
Starting download with Playwright: https://live-brunner.pantheonsite.io/sites/default/files/styles/original_webp/public/oldImages/99103_Brunner_crona_light_bar_6308_Detail_gestapelt_HD_XL.jpg.webp?itok=sdst565D
Finished download: https://live-brunner.pantheonsite.io/sites/default/files/styles/original_webp/public/oldImages/99103_Brunner_crona_light_bar_6308_Detail_gestapelt_HD_XL.jpg.webp?itok=sdst565D -> crona_light_bar_Bar_stool__6308\image_9.jpg
Starting download with Playwright: https://live-brunner.pantheonsite.io/sites/default/files/styles/sm/public/oldImages/99100_Brunner_crona_light_bar_6310_Loc_Bar_HD_XL.jpg.webp?itok=A7caRtvf
Finished download: https://live-brunner.pantheonsite.io/sites/default/files/styles/sm/public/oldImages/99100_Brunner_crona_light_bar_6310_Loc_Bar_HD_XL.jpg.webp?itok=A7caRtvf -> crona_light_bar_Bar_stool__6308\image_10.jpg
Starting download with Playwright: https://live-brunner.pantheonsite.io/sites/default/files/styles/lg/public/oldImages/99100_Brunner_crona_light_bar_6310_Loc_Bar_HD_XL.jpg.webp?itok=CJkq3aLR
Finished download: https://live-brunner.pantheonsite.io/sites/default/files/styles/lg/public/oldImages/99100_Brunner_crona_light_bar_6310_Loc_Bar_HD_XL.jpg.webp?itok=CJkq3aLR -> crona_light_bar_Bar_stool__6308\image_11.jpg
Starting download with Playwright: https://live-brunner.pantheonsite.io/sites/default/files/styles/original_webp/public/oldImages/99100_Brunner_crona_light_bar_6310_Loc_Bar_HD_XL.jpg.webp?itok=ij3Vm0qH
Finished download: https://live-brunner.pantheonsite.io/sites/default/files/styles/original_webp/public/oldImages/99100_Brunner_crona_light_bar_6310_Loc_Bar_HD_XL.jpg.webp?itok=ij3Vm0qH -> crona_light_bar_Bar_stool__6308\image_12.jpg
Starting download with Playwright: https://live-brunner.pantheonsite.io/sites/default/files/styles/sm/public/oldImages/99102_Brunner_crona_light_bar_6308_Loc_HD_XL.jpg.webp?itok=FFX7fPCl
Finished download: https://live-brunner.pantheonsite.io/sites/default/files/styles/sm/public/oldImages/99102_Brunner_crona_light_bar_6308_Loc_HD_XL.jpg.webp?itok=FFX7fPCl -> crona_light_bar_Bar_stool__6308\image_13.jpg
Starting download with Playwright: https://live-brunner.pantheonsite.io/sites/default/files/styles/lg/public/oldImages/99102_Brunner_crona_light_bar_6308_Loc_HD_XL.jpg.webp?itok=wY2x5DXL
Finished download: https://live-brunner.pantheonsite.io/sites/default/files/styles/lg/public/oldImages/99102_Brunner_crona_light_bar_6308_Loc_HD_XL.jpg.webp?itok=wY2x5DXL -> crona_light_bar_Bar_stool__6308\image_14.jpg
Starting download with Playwright: https://live-brunner.pantheonsite.io/sites/default/files/styles/original_webp/public/oldImages/99102_Brunner_crona_light_bar_6308_Loc_HD_XL.jpg.webp?itok=9mG1YayT
Finished download: https://live-brunner.pantheonsite.io/sites/default/files/styles/original_webp/public/oldImages/99102_Brunner_crona_light_bar_6308_Loc_HD_XL.jpg.webp?itok=9mG1YayT -> crona_light_bar_Bar_stool__6308\image_15.jpg
Starting download with Playwright: https://live-brunner.pantheonsite.io/sites/default/files/styles/sm/public/oldImages/99098_Brunner_crona_light_bar_6308_2050_HD_XL.jpg.webp?itok=uvPKSSHr
Finished download: https://live-brunner.pantheonsite.io/sites/default/files/styles/sm/public/oldImages/99098_Brunner_crona_light_bar_6308_2050_HD_XL.jpg.webp?itok=uvPKSSHr -> crona_light_bar_Bar_stool__6308\image_16.jpg
Starting download with Playwright: https://live-brunner.pantheonsite.io/sites/default/files/styles/lg/public/oldImages/99098_Brunner_crona_light_bar_6308_2050_HD_XL.jpg.webp?itok=tt4qI054
Finished download: https://live-brunner.pantheonsite.io/sites/default/files/styles/lg/public/oldImages/99098_Brunner_crona_light_bar_6308_2050_HD_XL.jpg.webp?itok=tt4qI054 -> crona_light_bar_Bar_stool__6308\image_17.jpg
Starting download with Playwright: https://live-brunner.pantheonsite.io/sites/default/files/styles/original_webp/public/oldImages/99098_Brunner_crona_light_bar_6308_2050_HD_XL.jpg.webp?itok=sSM_DfEw
Finished download: https://live-brunner.pantheonsite.io/sites/default/files/styles/original_webp/public/oldImages/99098_Brunner_crona_light_bar_6308_2050_HD_XL.jpg.webp?itok=sSM_DfEw -> crona_light_bar_Bar_stool__6308\image_18.jpg
Starting download with Playwright: https://live-brunner.pantheonsite.io/sites/default/files/styles/sm/public/oldImages/99101_Brunner_crona_light_bar_6309_HD_XL.jpg.webp?itok=eqnMK9us
Finished download: https://live-brunner.pantheonsite.io/sites/default/files/styles/sm/public/oldImages/99101_Brunner_crona_light_bar_6309_HD_XL.jpg.webp?itok=eqnMK9us -> crona_light_bar_Bar_stool__6308\image_19.jpg
Starting download with Playwright: https://live-brunner.pantheonsite.io/sites/default/files/styles/lg/public/oldImages/99101_Brunner_crona_light_bar_6309_HD_XL.jpg.webp?itok=W0k_X3Gp
Finished download: https://live-brunner.pantheonsite.io/sites/default/files/styles/lg/public/oldImages/99101_Brunner_crona_light_bar_6309_HD_XL.jpg.webp?itok=W0k_X3Gp -> crona_light_bar_Bar_stool__6308\image_20.jpg
Starting download with Playwright: https://live-brunner.pantheonsite.io/sites/default/files/styles/original_webp/public/oldImages/99101_Brunner_crona_light_bar_6309_HD_XL.jpg.webp?itok=D1Xcu9V_
Finished download: https://live-brunner.pantheonsite.io/sites/default/files/styles/original_webp/public/oldImages/99101_Brunner_crona_light_bar_6309_HD_XL.jpg.webp?itok=D1Xcu9V_ -> crona_light_bar_Bar_stool__6308\image_21.jpg
Starting download with Playwright: https://live-brunner.pantheonsite.io/sites/default/files/styles/sm/public/oldImages/99104_Brunner_crona_light_bar_6310_6308_6309_Loc_HD_XL.jpg.webp?itok=YV-h72El
Finished download: https://live-brunner.pantheonsite.io/sites/default/files/styles/sm/public/oldImages/99104_Brunner_crona_light_bar_6310_6308_6309_Loc_HD_XL.jpg.webp?itok=YV-h72El -> crona_light_bar_Bar_stool__6308\image_22.jpg
Starting download with Playwright: https://live-brunner.pantheonsite.io/sites/default/files/styles/lg/public/oldImages/99104_Brunner_crona_light_bar_6310_6308_6309_Loc_HD_XL.jpg.webp?itok=RjVFfgiZ
Finished download: https://live-brunner.pantheonsite.io/sites/default/files/styles/lg/public/oldImages/99104_Brunner_crona_light_bar_6310_6308_6309_Loc_HD_XL.jpg.webp?itok=RjVFfgiZ -> crona_light_bar_Bar_stool__6308\image_23.jpg
Starting download with Playwright: https://live-brunner.pantheonsite.io/sites/default/files/styles/original_webp/public/oldImages/99104_Brunner_crona_light_bar_6310_6308_6309_Loc_HD_XL.jpg.webp?itok=Ttg5hnaF
Finished download: https://live-brunner.pantheonsite.io/sites/default/files/styles/original_webp/public/oldImages/99104_Brunner_crona_light_bar_6310_6308_6309_Loc_HD_XL.jpg.webp?itok=Ttg5hnaF -> crona_light_bar_Bar_stool__6308\image_24.jpg
Starting download with Playwright: https://live-brunner.pantheonsite.io/sites/default/files/styles/sm/public/oldImages/99204_Brunner_crona-light-bar_IEE_Luxemburg%20_Marquardt_HD_XL.jpg.webp?itok=vuFYwZvy
Finished download: https://live-brunner.pantheonsite.io/sites/default/files/styles/sm/public/oldImages/99204_Brunner_crona-light-bar_IEE_Luxemburg%20_Marquardt_HD_XL.jpg.webp?itok=vuFYwZvy -> crona_light_bar_Bar_stool__6308\image_25.jpg
Starting download with Playwright: https://live-brunner.pantheonsite.io/sites/default/files/styles/lg/public/oldImages/99204_Brunner_crona-light-bar_IEE_Luxemburg%20_Marquardt_HD_XL.jpg.webp?itok=NQ3dQk_A
Finished download: https://live-brunner.pantheonsite.io/sites/default/files/styles/lg/public/oldImages/99204_Brunner_crona-light-bar_IEE_Luxemburg%20_Marquardt_HD_XL.jpg.webp?itok=NQ3dQk_A -> crona_light_bar_Bar_stool__6308\image_26.jpg
Starting download with Playwright: https://live-brunner.pantheonsite.io/sites/default/files/styles/original_webp/public/oldImages/99204_Brunner_crona-light-bar_IEE_Luxemburg%20_Marquardt_HD_XL.jpg.webp?itok=taAc65qJ
Finished download: https://live-brunner.pantheonsite.io/sites/default/files/styles/original_webp/public/oldImages/99204_Brunner_crona-light-bar_IEE_Luxemburg%20_Marquardt_HD_XL.jpg.webp?itok=taAc65qJ -> crona_light_bar_Bar_stool__6308\image_27.jpg
Starting download with Playwright: https://live-brunner.pantheonsite.io/sites/default/files/styles/sm/public/oldImages/97776_Brunner_crona_light_bar_6308_Stapel_HD_XL.jpg.webp?itok=DDIHh52N
Finished download: https://live-brunner.pantheonsite.io/sites/default/files/styles/sm/public/oldImages/97776_Brunner_crona_light_bar_6308_Stapel_HD_XL.jpg.webp?itok=DDIHh52N -> crona_light_bar_Bar_stool__6308\image_28.jpg
Starting download with Playwright: https://live-brunner.pantheonsite.io/sites/default/files/styles/lg/public/oldImages/97776_Brunner_crona_light_bar_6308_Stapel_HD_XL.jpg.webp?itok=Z0LFUTwB
Finished download: https://live-brunner.pantheonsite.io/sites/default/files/styles/lg/public/oldImages/97776_Brunner_crona_light_bar_6308_Stapel_HD_XL.jpg.webp?itok=Z0LFUTwB -> crona_light_bar_Bar_stool__6308\image_29.jpg
Starting download with Playwright: https://live-brunner.pantheonsite.io/sites/default/files/styles/original_webp/public/oldImages/97776_Brunner_crona_light_bar_6308_Stapel_HD_XL.jpg.webp?itok=s0IbUq7I
Finished download: https://live-brunner.pantheonsite.io/sites/default/files/styles/original_webp/public/oldImages/97776_Brunner_crona_light_bar_6308_Stapel_HD_XL.jpg.webp?itok=s0IbUq7I -> crona_light_bar_Bar_stool__6308\image_30.jpg
Starting download with Playwright: https://live-brunner.pantheonsite.io/sites/default/files/styles/sm/public/oldImages/97778_Brunner_crona_light_bar_6310_IF_HD_XL.jpg.webp?itok=lmEA13k_
Finished download: https://live-brunner.pantheonsite.io/sites/default/files/styles/sm/public/oldImages/97778_Brunner_crona_light_bar_6310_IF_HD_XL.jpg.webp?itok=lmEA13k_ -> crona_light_bar_Bar_stool__6308\image_31.jpg
Starting download with Playwright: https://live-brunner.pantheonsite.io/sites/default/files/styles/lg/public/oldImages/97778_Brunner_crona_light_bar_6310_IF_HD_XL.jpg.webp?itok=FjJMrka6
Finished download: https://live-brunner.pantheonsite.io/sites/default/files/styles/lg/public/oldImages/97778_Brunner_crona_light_bar_6310_IF_HD_XL.jpg.webp?itok=FjJMrka6 -> crona_light_bar_Bar_stool__6308\image_32.jpg
Starting download with Playwright: https://live-brunner.pantheonsite.io/sites/default/files/styles/original_webp/public/oldImages/97778_Brunner_crona_light_bar_6310_IF_HD_XL.jpg.webp?itok=BN_RLojg
Finished download: https://live-brunner.pantheonsite.io/sites/default/files/styles/original_webp/public/oldImages/97778_Brunner_crona_light_bar_6310_IF_HD_XL.jpg.webp?itok=BN_RLojg -> crona_light_bar_Bar_stool__6308\image_33.jpg
Starting download with Playwright: https://live-brunner.pantheonsite.io/sites/default/files/styles/sm/public/oldImages/97775_Brunner_crona_light_bar_6308_kufe-theke_HD_XL.jpg.webp?itok=a5-9eQGw
Finished download: https://live-brunner.pantheonsite.io/sites/default/files/styles/sm/public/oldImages/97775_Brunner_crona_light_bar_6308_kufe-theke_HD_XL.jpg.webp?itok=a5-9eQGw -> crona_light_bar_Bar_stool__6308\image_34.jpg
Starting download with Playwright: https://live-brunner.pantheonsite.io/sites/default/files/styles/lg/public/oldImages/97775_Brunner_crona_light_bar_6308_kufe-theke_HD_XL.jpg.webp?itok=2bDyj70P
Finished download: https://live-brunner.pantheonsite.io/sites/default/files/styles/lg/public/oldImages/97775_Brunner_crona_light_bar_6308_kufe-theke_HD_XL.jpg.webp?itok=2bDyj70P -> crona_light_bar_Bar_stool__6308\image_35.jpg
Starting download with Playwright: https://live-brunner.pantheonsite.io/sites/default/files/styles/original_webp/public/oldImages/97775_Brunner_crona_light_bar_6308_kufe-theke_HD_XL.jpg.webp?itok=B-pXQ-RF
Finished download: https://live-brunner.pantheonsite.io/sites/default/files/styles/original_webp/public/oldImages/97775_Brunner_crona_light_bar_6308_kufe-theke_HD_XL.jpg.webp?itok=B-pXQ-RF -> crona_light_bar_Bar_stool__6308\image_36.jpg
Starting download with Playwright: https://live-brunner.pantheonsite.io/sites/default/files/styles/sm/public/oldImages/97777_Brunner_crona_light_bar_6308_Stapel-Detail_HD_XL.jpg.webp?itok=eaHhvraU
Finished download: https://live-brunner.pantheonsite.io/sites/default/files/styles/sm/public/oldImages/97777_Brunner_crona_light_bar_6308_Stapel-Detail_HD_XL.jpg.webp?itok=eaHhvraU -> crona_light_bar_Bar_stool__6308\image_37.jpg
Starting download with Playwright: https://live-brunner.pantheonsite.io/sites/default/files/styles/lg/public/oldImages/97777_Brunner_crona_light_bar_6308_Stapel-Detail_HD_XL.jpg.webp?itok=Q4L1ZIID
Finished download: https://live-brunner.pantheonsite.io/sites/default/files/styles/lg/public/oldImages/97777_Brunner_crona_light_bar_6308_Stapel-Detail_HD_XL.jpg.webp?itok=Q4L1ZIID -> crona_light_bar_Bar_stool__6308\image_38.jpg
Starting download with Playwright: https://live-brunner.pantheonsite.io/sites/default/files/styles/original_webp/public/oldImages/97777_Brunner_crona_light_bar_6308_Stapel-Detail_HD_XL.jpg.webp?itok=D-_dYmLw
Finished download: https://live-brunner.pantheonsite.io/sites/default/files/styles/original_webp/public/oldImages/97777_Brunner_crona_light_bar_6308_Stapel-Detail_HD_XL.jpg.webp?itok=D-_dYmLw -> crona_light_bar_Bar_stool__6308\image_39.jpg
Completed image downloads for product crona_light_bar_Bar_stool__6308
Extracting features for product crona_light_bar_Bar_stool__6308...
Features saved for product crona_light_bar_Bar_stool__6308
Attempting to access Downloads tab for product crona_light_bar_Bar_stool__6308...
Starting download of PDF: https://live-brunner.pantheonsite.io/sites/default/files/oldPdfs/Produktdatenblaetter/Produktdatenblaetter_EN/crona_light_bar_Brunner_product_data_sheet_EN.pdf
Downloaded product_sheet.pdf for product crona_light_bar_Bar_stool__6308
Opening URL for product crona_light_lounge_Sessel_6357: https://brunner-group.com/en/products/crona-light-lounge-armchair/?variant=6357
Images detected on page for crona_light_lounge_Sessel_6357, scrolling to load them...
Successfully opened URL for product crona_light_lounge_Sessel_6357
Extracting images for product crona_light_lounge_Sessel_6357...
Found 15 images for product crona_light_lounge_Sessel_6357
Starting download with Playwright: https://live-brunner.pantheonsite.io/sites/default/files/styles/sm/public/oldImages/89661_Brunner_crona_light_lounge_6356_6357_6354_6355_1920x1400_XL.jpg.webp?itok=rrfE6T62
Finished download: https://live-brunner.pantheonsite.io/sites/default/files/styles/sm/public/oldImages/89661_Brunner_crona_light_lounge_6356_6357_6354_6355_1920x1400_XL.jpg.webp?itok=rrfE6T62 -> crona_light_lounge_Sessel_6357\image_1.jpg
Starting download with Playwright: https://live-brunner.pantheonsite.io/sites/default/files/styles/lg/public/oldImages/89661_Brunner_crona_light_lounge_6356_6357_6354_6355_1920x1400_XL.jpg.webp?itok=4ob_CQ44
Finished download: https://live-brunner.pantheonsite.io/sites/default/files/styles/lg/public/oldImages/89661_Brunner_crona_light_lounge_6356_6357_6354_6355_1920x1400_XL.jpg.webp?itok=4ob_CQ44 -> crona_light_lounge_Sessel_6357\image_2.jpg
Starting download with Playwright: https://live-brunner.pantheonsite.io/sites/default/files/styles/original_webp/public/oldImages/89661_Brunner_crona_light_lounge_6356_6357_6354_6355_1920x1400_XL.jpg.webp?itok=JlGWMbyH
Finished download: https://live-brunner.pantheonsite.io/sites/default/files/styles/original_webp/public/oldImages/89661_Brunner_crona_light_lounge_6356_6357_6354_6355_1920x1400_XL.jpg.webp?itok=JlGWMbyH -> crona_light_lounge_Sessel_6357\image_3.jpg
Starting download with Playwright: https://live-brunner.pantheonsite.io/sites/default/files/styles/sm/public/oldImages/96029_Brunner_Future_Works_Cafeteria_Einzel_04_XL.jpg.webp?itok=9iZ9XAUe
Finished download: https://live-brunner.pantheonsite.io/sites/default/files/styles/sm/public/oldImages/96029_Brunner_Future_Works_Cafeteria_Einzel_04_XL.jpg.webp?itok=9iZ9XAUe -> crona_light_lounge_Sessel_6357\image_4.jpg
Starting download with Playwright: https://live-brunner.pantheonsite.io/sites/default/files/styles/lg/public/oldImages/96029_Brunner_Future_Works_Cafeteria_Einzel_04_XL.jpg.webp?itok=nWJ-HF-r
Finished download: https://live-brunner.pantheonsite.io/sites/default/files/styles/lg/public/oldImages/96029_Brunner_Future_Works_Cafeteria_Einzel_04_XL.jpg.webp?itok=nWJ-HF-r -> crona_light_lounge_Sessel_6357\image_5.jpg
Starting download with Playwright: https://live-brunner.pantheonsite.io/sites/default/files/styles/original_webp/public/oldImages/96029_Brunner_Future_Works_Cafeteria_Einzel_04_XL.jpg.webp?itok=FCPGE1xF
Finished download: https://live-brunner.pantheonsite.io/sites/default/files/styles/original_webp/public/oldImages/96029_Brunner_Future_Works_Cafeteria_Einzel_04_XL.jpg.webp?itok=FCPGE1xF -> crona_light_lounge_Sessel_6357\image_6.jpg
Starting download with Playwright: https://live-brunner.pantheonsite.io/sites/default/files/styles/sm/public/oldImages/95033_Brunner_crona_light_lounge_6354_grau_mit_Schatten_XL.jpg.webp?itok=ghV4Jlli
Finished download: https://live-brunner.pantheonsite.io/sites/default/files/styles/sm/public/oldImages/95033_Brunner_crona_light_lounge_6354_grau_mit_Schatten_XL.jpg.webp?itok=ghV4Jlli -> crona_light_lounge_Sessel_6357\image_7.jpg
Starting download with Playwright: https://live-brunner.pantheonsite.io/sites/default/files/styles/lg/public/oldImages/95033_Brunner_crona_light_lounge_6354_grau_mit_Schatten_XL.jpg.webp?itok=E0AMAKkM
Finished download: https://live-brunner.pantheonsite.io/sites/default/files/styles/lg/public/oldImages/95033_Brunner_crona_light_lounge_6354_grau_mit_Schatten_XL.jpg.webp?itok=E0AMAKkM -> crona_light_lounge_Sessel_6357\image_8.jpg
Starting download with Playwright: https://live-brunner.pantheonsite.io/sites/default/files/styles/original_webp/public/oldImages/95033_Brunner_crona_light_lounge_6354_grau_mit_Schatten_XL.jpg.webp?itok=uupgtaON
Finished download: https://live-brunner.pantheonsite.io/sites/default/files/styles/original_webp/public/oldImages/95033_Brunner_crona_light_lounge_6354_grau_mit_Schatten_XL.jpg.webp?itok=uupgtaON -> crona_light_lounge_Sessel_6357\image_9.jpg
Starting download with Playwright: https://live-brunner.pantheonsite.io/sites/default/files/styles/sm/public/oldImages/96027_Brunner_Future_Works_Cafeteria_Einzel_02_XL.jpg.webp?itok=hk9Gwaw0
Finished download: https://live-brunner.pantheonsite.io/sites/default/files/styles/sm/public/oldImages/96027_Brunner_Future_Works_Cafeteria_Einzel_02_XL.jpg.webp?itok=hk9Gwaw0 -> crona_light_lounge_Sessel_6357\image_10.jpg
Starting download with Playwright: https://live-brunner.pantheonsite.io/sites/default/files/styles/lg/public/oldImages/96027_Brunner_Future_Works_Cafeteria_Einzel_02_XL.jpg.webp?itok=ohvtijTI
Finished download: https://live-brunner.pantheonsite.io/sites/default/files/styles/lg/public/oldImages/96027_Brunner_Future_Works_Cafeteria_Einzel_02_XL.jpg.webp?itok=ohvtijTI -> crona_light_lounge_Sessel_6357\image_11.jpg
Starting download with Playwright: https://live-brunner.pantheonsite.io/sites/default/files/styles/original_webp/public/oldImages/96027_Brunner_Future_Works_Cafeteria_Einzel_02_XL.jpg.webp?itok=5-08NyU3
Finished download: https://live-brunner.pantheonsite.io/sites/default/files/styles/original_webp/public/oldImages/96027_Brunner_Future_Works_Cafeteria_Einzel_02_XL.jpg.webp?itok=5-08NyU3 -> crona_light_lounge_Sessel_6357\image_12.jpg
Starting download with Playwright: https://live-brunner.pantheonsite.io/sites/default/files/styles/sm/public/oldImages/94241_Brunner_crona_light_lounge_6355_Softpolster_grau_mit_Schatten_XL.jpg.webp?itok=ZGuGrczh
Finished download: https://live-brunner.pantheonsite.io/sites/default/files/styles/sm/public/oldImages/94241_Brunner_crona_light_lounge_6355_Softpolster_grau_mit_Schatten_XL.jpg.webp?itok=ZGuGrczh -> crona_light_lounge_Sessel_6357\image_13.jpg
Starting download with Playwright: https://live-brunner.pantheonsite.io/sites/default/files/styles/lg/public/oldImages/94241_Brunner_crona_light_lounge_6355_Softpolster_grau_mit_Schatten_XL.jpg.webp?itok=hG9g7TPf
Finished download: https://live-brunner.pantheonsite.io/sites/default/files/styles/lg/public/oldImages/94241_Brunner_crona_light_lounge_6355_Softpolster_grau_mit_Schatten_XL.jpg.webp?itok=hG9g7TPf -> crona_light_lounge_Sessel_6357\image_14.jpg
Starting download with Playwright: https://live-brunner.pantheonsite.io/sites/default/files/styles/original_webp/public/oldImages/94241_Brunner_crona_light_lounge_6355_Softpolster_grau_mit_Schatten_XL.jpg.webp?itok=oH5_xFY_
Finished download: https://live-brunner.pantheonsite.io/sites/default/files/styles/original_webp/public/oldImages/94241_Brunner_crona_light_lounge_6355_Softpolster_grau_mit_Schatten_XL.jpg.webp?itok=oH5_xFY_ -> crona_light_lounge_Sessel_6357\image_15.jpg
Completed image downloads for product crona_light_lounge_Sessel_6357
Extracting features for product crona_light_lounge_Sessel_6357...
Features saved for product crona_light_lounge_Sessel_6357
Attempting to access Downloads tab for product crona_light_lounge_Sessel_6357...
Starting download of PDF: https://live-brunner.pantheonsite.io/sites/default/files/oldPdfs/Produktdatenblaetter/Produktdatenblaetter_EN/Brunner_product_data_sheet_crona_light_lounge_EN.pdf
Downloaded product_sheet.pdf for product crona_light_lounge_Sessel_6357
Opening URL for product crona_lounge_armchair_6387: https://brunner-group.com/en/products/crona-lounge-armchair/?variant=6387
Images detected on page for crona_lounge_armchair_6387, scrolling to load them...
Successfully opened URL for product crona_lounge_armchair_6387
Extracting images for product crona_lounge_armchair_6387...
Found 36 images for product crona_lounge_armchair_6387
Starting download with Playwright: https://live-brunner.pantheonsite.io/sites/default/files/styles/sm/public/oldImages/64407_Brunner_GGArchard_Edit_02_Page_70_Image_0001_XL.jpg.webp?itok=Eai4J8PB
Finished download: https://live-brunner.pantheonsite.io/sites/default/files/styles/sm/public/oldImages/64407_Brunner_GGArchard_Edit_02_Page_70_Image_0001_XL.jpg.webp?itok=Eai4J8PB -> crona_lounge_armchair_6387\image_1.jpg
Starting download with Playwright: https://live-brunner.pantheonsite.io/sites/default/files/styles/lg/public/oldImages/64407_Brunner_GGArchard_Edit_02_Page_70_Image_0001_XL.jpg.webp?itok=gHE3FKte
Finished download: https://live-brunner.pantheonsite.io/sites/default/files/styles/lg/public/oldImages/64407_Brunner_GGArchard_Edit_02_Page_70_Image_0001_XL.jpg.webp?itok=gHE3FKte -> crona_lounge_armchair_6387\image_2.jpg
Starting download with Playwright: https://live-brunner.pantheonsite.io/sites/default/files/styles/original_webp/public/oldImages/64407_Brunner_GGArchard_Edit_02_Page_70_Image_0001_XL.jpg.webp?itok=9xYzTtN8
Finished download: https://live-brunner.pantheonsite.io/sites/default/files/styles/original_webp/public/oldImages/64407_Brunner_GGArchard_Edit_02_Page_70_Image_0001_XL.jpg.webp?itok=9xYzTtN8 -> crona_lounge_armchair_6387\image_3.jpg
Starting download with Playwright: https://live-brunner.pantheonsite.io/sites/default/files/styles/sm/public/oldImages/43166_crona_lounge_6388AH_6387A_6387AH_XL.jpg.webp?itok=aP2QoNuU
Finished download: https://live-brunner.pantheonsite.io/sites/default/files/styles/sm/public/oldImages/43166_crona_lounge_6388AH_6387A_6387AH_XL.jpg.webp?itok=aP2QoNuU -> crona_lounge_armchair_6387\image_4.jpg
Starting download with Playwright: https://live-brunner.pantheonsite.io/sites/default/files/styles/lg/public/oldImages/43166_crona_lounge_6388AH_6387A_6387AH_XL.jpg.webp?itok=q6JJ4HeB
Finished download: https://live-brunner.pantheonsite.io/sites/default/files/styles/lg/public/oldImages/43166_crona_lounge_6388AH_6387A_6387AH_XL.jpg.webp?itok=q6JJ4HeB -> crona_lounge_armchair_6387\image_5.jpg
Starting download with Playwright: https://live-brunner.pantheonsite.io/sites/default/files/styles/original_webp/public/oldImages/43166_crona_lounge_6388AH_6387A_6387AH_XL.jpg.webp?itok=kcRE7lhv
Finished download: https://live-brunner.pantheonsite.io/sites/default/files/styles/original_webp/public/oldImages/43166_crona_lounge_6388AH_6387A_6387AH_XL.jpg.webp?itok=kcRE7lhv -> crona_lounge_armchair_6387\image_6.jpg
Starting download with Playwright: https://live-brunner.pantheonsite.io/sites/default/files/styles/sm/public/oldImages/45538_crona_lounge_6385AH_12_XL.jpg.webp?itok=hfeIXsh1
Finished download: https://live-brunner.pantheonsite.io/sites/default/files/styles/sm/public/oldImages/45538_crona_lounge_6385AH_12_XL.jpg.webp?itok=hfeIXsh1 -> crona_lounge_armchair_6387\image_7.jpg
Starting download with Playwright: https://live-brunner.pantheonsite.io/sites/default/files/styles/lg/public/oldImages/45538_crona_lounge_6385AH_12_XL.jpg.webp?itok=xmRBWSK9
Finished download: https://live-brunner.pantheonsite.io/sites/default/files/styles/lg/public/oldImages/45538_crona_lounge_6385AH_12_XL.jpg.webp?itok=xmRBWSK9 -> crona_lounge_armchair_6387\image_8.jpg
Starting download with Playwright: https://live-brunner.pantheonsite.io/sites/default/files/styles/original_webp/public/oldImages/45538_crona_lounge_6385AH_12_XL.jpg.webp?itok=7UpyfoWE
Finished download: https://live-brunner.pantheonsite.io/sites/default/files/styles/original_webp/public/oldImages/45538_crona_lounge_6385AH_12_XL.jpg.webp?itok=7UpyfoWE -> crona_lounge_armchair_6387\image_9.jpg
Starting download with Playwright: https://live-brunner.pantheonsite.io/sites/default/files/styles/sm/public/oldImages/43205_crona_lounge_6381AH_6386AH_6381A_6390_XL.jpg.webp?itok=Pq8llp9O
Finished download: https://live-brunner.pantheonsite.io/sites/default/files/styles/sm/public/oldImages/43205_crona_lounge_6381AH_6386AH_6381A_6390_XL.jpg.webp?itok=Pq8llp9O -> crona_lounge_armchair_6387\image_10.jpg
Starting download with Playwright: https://live-brunner.pantheonsite.io/sites/default/files/styles/lg/public/oldImages/43205_crona_lounge_6381AH_6386AH_6381A_6390_XL.jpg.webp?itok=_OxjQP2v
Finished download: https://live-brunner.pantheonsite.io/sites/default/files/styles/lg/public/oldImages/43205_crona_lounge_6381AH_6386AH_6381A_6390_XL.jpg.webp?itok=_OxjQP2v -> crona_lounge_armchair_6387\image_11.jpg
Starting download with Playwright: https://live-brunner.pantheonsite.io/sites/default/files/styles/original_webp/public/oldImages/43205_crona_lounge_6381AH_6386AH_6381A_6390_XL.jpg.webp?itok=c8OF5c6q
Finished download: https://live-brunner.pantheonsite.io/sites/default/files/styles/original_webp/public/oldImages/43205_crona_lounge_6381AH_6386AH_6381A_6390_XL.jpg.webp?itok=c8OF5c6q -> crona_lounge_armchair_6387\image_12.jpg
Starting download with Playwright: https://live-brunner.pantheonsite.io/sites/default/files/styles/sm/public/oldImages/45546_crona_lounge_6385AH_20_XL.jpg.webp?itok=2ITWL392
Finished download: https://live-brunner.pantheonsite.io/sites/default/files/styles/sm/public/oldImages/45546_crona_lounge_6385AH_20_XL.jpg.webp?itok=2ITWL392 -> crona_lounge_armchair_6387\image_13.jpg
Starting download with Playwright: https://live-brunner.pantheonsite.io/sites/default/files/styles/lg/public/oldImages/45546_crona_lounge_6385AH_20_XL.jpg.webp?itok=4p5xbVQI
Finished download: https://live-brunner.pantheonsite.io/sites/default/files/styles/lg/public/oldImages/45546_crona_lounge_6385AH_20_XL.jpg.webp?itok=4p5xbVQI -> crona_lounge_armchair_6387\image_14.jpg
Starting download with Playwright: https://live-brunner.pantheonsite.io/sites/default/files/styles/original_webp/public/oldImages/45546_crona_lounge_6385AH_20_XL.jpg.webp?itok=L74yAGdh
Finished download: https://live-brunner.pantheonsite.io/sites/default/files/styles/original_webp/public/oldImages/45546_crona_lounge_6385AH_20_XL.jpg.webp?itok=L74yAGdh -> crona_lounge_armchair_6387\image_15.jpg
Starting download with Playwright: https://live-brunner.pantheonsite.io/sites/default/files/styles/sm/public/oldImages/28615_crona_lounge_6386_A_6385_A_6390_0_XL.jpg.webp?itok=zr8V-j2W
Finished download: https://live-brunner.pantheonsite.io/sites/default/files/styles/sm/public/oldImages/28615_crona_lounge_6386_A_6385_A_6390_0_XL.jpg.webp?itok=zr8V-j2W -> crona_lounge_armchair_6387\image_16.jpg
Starting download with Playwright: https://live-brunner.pantheonsite.io/sites/default/files/styles/lg/public/oldImages/28615_crona_lounge_6386_A_6385_A_6390_0_XL.jpg.webp?itok=an7dT4z7
Finished download: https://live-brunner.pantheonsite.io/sites/default/files/styles/lg/public/oldImages/28615_crona_lounge_6386_A_6385_A_6390_0_XL.jpg.webp?itok=an7dT4z7 -> crona_lounge_armchair_6387\image_17.jpg
Starting download with Playwright: https://live-brunner.pantheonsite.io/sites/default/files/styles/original_webp/public/oldImages/28615_crona_lounge_6386_A_6385_A_6390_0_XL.jpg.webp?itok=kqswaAUB
Finished download: https://live-brunner.pantheonsite.io/sites/default/files/styles/original_webp/public/oldImages/28615_crona_lounge_6386_A_6385_A_6390_0_XL.jpg.webp?itok=kqswaAUB -> crona_lounge_armchair_6387\image_18.jpg
Starting download with Playwright: https://live-brunner.pantheonsite.io/sites/default/files/styles/sm/public/oldImages/43206_crona_lounge_6381A_XL.jpg.webp?itok=TrJUrv4R
Finished download: https://live-brunner.pantheonsite.io/sites/default/files/styles/sm/public/oldImages/43206_crona_lounge_6381A_XL.jpg.webp?itok=TrJUrv4R -> crona_lounge_armchair_6387\image_19.jpg
Starting download with Playwright: https://live-brunner.pantheonsite.io/sites/default/files/styles/lg/public/oldImages/43206_crona_lounge_6381A_XL.jpg.webp?itok=KEezY6qJ
Finished download: https://live-brunner.pantheonsite.io/sites/default/files/styles/lg/public/oldImages/43206_crona_lounge_6381A_XL.jpg.webp?itok=KEezY6qJ -> crona_lounge_armchair_6387\image_20.jpg
Starting download with Playwright: https://live-brunner.pantheonsite.io/sites/default/files/styles/original_webp/public/oldImages/43206_crona_lounge_6381A_XL.jpg.webp?itok=thutZLHg
Finished download: https://live-brunner.pantheonsite.io/sites/default/files/styles/original_webp/public/oldImages/43206_crona_lounge_6381A_XL.jpg.webp?itok=thutZLHg -> crona_lounge_armchair_6387\image_21.jpg
Starting download with Playwright: https://live-brunner.pantheonsite.io/sites/default/files/styles/sm/public/oldImages/43862_crona_lounge_6381A_6390_0_6060_torro_eichehell_6392_3060_0_Loc_XL.jpg.webp?itok=BPxOOEjC
Finished download: https://live-brunner.pantheonsite.io/sites/default/files/styles/sm/public/oldImages/43862_crona_lounge_6381A_6390_0_6060_torro_eichehell_6392_3060_0_Loc_XL.jpg.webp?itok=BPxOOEjC -> crona_lounge_armchair_6387\image_22.jpg
Starting download with Playwright: https://live-brunner.pantheonsite.io/sites/default/files/styles/lg/public/oldImages/43862_crona_lounge_6381A_6390_0_6060_torro_eichehell_6392_3060_0_Loc_XL.jpg.webp?itok=1PwlR-9F
Finished download: https://live-brunner.pantheonsite.io/sites/default/files/styles/lg/public/oldImages/43862_crona_lounge_6381A_6390_0_6060_torro_eichehell_6392_3060_0_Loc_XL.jpg.webp?itok=1PwlR-9F -> crona_lounge_armchair_6387\image_23.jpg
Starting download with Playwright: https://live-brunner.pantheonsite.io/sites/default/files/styles/original_webp/public/oldImages/43862_crona_lounge_6381A_6390_0_6060_torro_eichehell_6392_3060_0_Loc_XL.jpg.webp?itok=YgFK4z8I
Finished download: https://live-brunner.pantheonsite.io/sites/default/files/styles/original_webp/public/oldImages/43862_crona_lounge_6381A_6390_0_6060_torro_eichehell_6392_3060_0_Loc_XL.jpg.webp?itok=YgFK4z8I -> crona_lounge_armchair_6387\image_24.jpg
Starting download with Playwright: https://live-brunner.pantheonsite.io/sites/default/files/styles/sm/public/oldImages/28614_crona_lounge_6387_A_torro_plot_Loc_XL.jpg.webp?itok=Zwvzxdcb
Finished download: https://live-brunner.pantheonsite.io/sites/default/files/styles/sm/public/oldImages/28614_crona_lounge_6387_A_torro_plot_Loc_XL.jpg.webp?itok=Zwvzxdcb -> crona_lounge_armchair_6387\image_25.jpg
Starting download with Playwright: https://live-brunner.pantheonsite.io/sites/default/files/styles/lg/public/oldImages/28614_crona_lounge_6387_A_torro_plot_Loc_XL.jpg.webp?itok=4AKOyrRp
Finished download: https://live-brunner.pantheonsite.io/sites/default/files/styles/lg/public/oldImages/28614_crona_lounge_6387_A_torro_plot_Loc_XL.jpg.webp?itok=4AKOyrRp -> crona_lounge_armchair_6387\image_26.jpg
Starting download with Playwright: https://live-brunner.pantheonsite.io/sites/default/files/styles/original_webp/public/oldImages/28614_crona_lounge_6387_A_torro_plot_Loc_XL.jpg.webp?itok=w9KJDuO0
Finished download: https://live-brunner.pantheonsite.io/sites/default/files/styles/original_webp/public/oldImages/28614_crona_lounge_6387_A_torro_plot_Loc_XL.jpg.webp?itok=w9KJDuO0 -> crona_lounge_armchair_6387\image_27.jpg
Starting download with Playwright: https://live-brunner.pantheonsite.io/sites/default/files/styles/sm/public/oldImages/64406_Brunner_GGArchard_Edit_02_Page_69_Image_0001_XL.jpg.webp?itok=o7Iqv5ZH
Finished download: https://live-brunner.pantheonsite.io/sites/default/files/styles/sm/public/oldImages/64406_Brunner_GGArchard_Edit_02_Page_69_Image_0001_XL.jpg.webp?itok=o7Iqv5ZH -> crona_lounge_armchair_6387\image_28.jpg
Starting download with Playwright: https://live-brunner.pantheonsite.io/sites/default/files/styles/lg/public/oldImages/64406_Brunner_GGArchard_Edit_02_Page_69_Image_0001_XL.jpg.webp?itok=PEIbvtyu
Finished download: https://live-brunner.pantheonsite.io/sites/default/files/styles/lg/public/oldImages/64406_Brunner_GGArchard_Edit_02_Page_69_Image_0001_XL.jpg.webp?itok=PEIbvtyu -> crona_lounge_armchair_6387\image_29.jpg
Starting download with Playwright: https://live-brunner.pantheonsite.io/sites/default/files/styles/original_webp/public/oldImages/64406_Brunner_GGArchard_Edit_02_Page_69_Image_0001_XL.jpg.webp?itok=jAxQb24C
Finished download: https://live-brunner.pantheonsite.io/sites/default/files/styles/original_webp/public/oldImages/64406_Brunner_GGArchard_Edit_02_Page_69_Image_0001_XL.jpg.webp?itok=jAxQb24C -> crona_lounge_armchair_6387\image_30.jpg
Starting download with Playwright: https://live-brunner.pantheonsite.io/sites/default/files/styles/sm/public/oldImages/28613_crona_lounge_6387_A_remix_torro_plot_6392_Loc_XL.jpg.webp?itok=JdisjCQQ
Finished download: https://live-brunner.pantheonsite.io/sites/default/files/styles/sm/public/oldImages/28613_crona_lounge_6387_A_remix_torro_plot_6392_Loc_XL.jpg.webp?itok=JdisjCQQ -> crona_lounge_armchair_6387\image_31.jpg
Starting download with Playwright: https://live-brunner.pantheonsite.io/sites/default/files/styles/lg/public/oldImages/28613_crona_lounge_6387_A_remix_torro_plot_6392_Loc_XL.jpg.webp?itok=21_eA3mJ
Finished download: https://live-brunner.pantheonsite.io/sites/default/files/styles/lg/public/oldImages/28613_crona_lounge_6387_A_remix_torro_plot_6392_Loc_XL.jpg.webp?itok=21_eA3mJ -> crona_lounge_armchair_6387\image_32.jpg
Starting download with Playwright: https://live-brunner.pantheonsite.io/sites/default/files/styles/original_webp/public/oldImages/28613_crona_lounge_6387_A_remix_torro_plot_6392_Loc_XL.jpg.webp?itok=p3y9MF2S
Finished download: https://live-brunner.pantheonsite.io/sites/default/files/styles/original_webp/public/oldImages/28613_crona_lounge_6387_A_remix_torro_plot_6392_Loc_XL.jpg.webp?itok=p3y9MF2S -> crona_lounge_armchair_6387\image_33.jpg
Starting download with Playwright: https://live-brunner.pantheonsite.io/sites/default/files/styles/sm/public/oldImages/43163_crona_lounge_6388AH_6387A_6387AH_XL.jpg.webp?itok=zh-LzdsC
Finished download: https://live-brunner.pantheonsite.io/sites/default/files/styles/sm/public/oldImages/43163_crona_lounge_6388AH_6387A_6387AH_XL.jpg.webp?itok=zh-LzdsC -> crona_lounge_armchair_6387\image_34.jpg
Starting download with Playwright: https://live-brunner.pantheonsite.io/sites/default/files/styles/lg/public/oldImages/43163_crona_lounge_6388AH_6387A_6387AH_XL.jpg.webp?itok=teODbTuR
Finished download: https://live-brunner.pantheonsite.io/sites/default/files/styles/lg/public/oldImages/43163_crona_lounge_6388AH_6387A_6387AH_XL.jpg.webp?itok=teODbTuR -> crona_lounge_armchair_6387\image_35.jpg
Starting download with Playwright: https://live-brunner.pantheonsite.io/sites/default/files/styles/original_webp/public/oldImages/43163_crona_lounge_6388AH_6387A_6387AH_XL.jpg.webp?itok=AjMI4brb
Finished download: https://live-brunner.pantheonsite.io/sites/default/files/styles/original_webp/public/oldImages/43163_crona_lounge_6388AH_6387A_6387AH_XL.jpg.webp?itok=AjMI4brb -> crona_lounge_armchair_6387\image_36.jpg
Completed image downloads for product crona_lounge_armchair_6387
Extracting features for product crona_lounge_armchair_6387...
Features saved for product crona_lounge_armchair_6387
Attempting to access Downloads tab for product crona_lounge_armchair_6387...
Starting download of PDF: https://live-brunner.pantheonsite.io/sites/default/files/oldPdfs/Produktdatenblaetter/Produktdatenblaetter_EN/Brunner_product_data_sheet_crona_lounge_EN.pdf
Downloaded product_sheet.pdf for product crona_lounge_armchair_6387
Opening URL for product crona_lounge_Sofa_6388: https://brunner-group.com/en/products/crona-lounge-sofa/?variant=6388
Images detected on page for crona_lounge_Sofa_6388, scrolling to load them...
Successfully opened URL for product crona_lounge_Sofa_6388
Extracting images for product crona_lounge_Sofa_6388...
Found 15 images for product crona_lounge_Sofa_6388
Starting download with Playwright: https://live-brunner.pantheonsite.io/sites/default/files/styles/sm/public/oldImages/64435_Brunner_GGArchard_Ad05_03_XL.jpg.webp?itok=b1e2ECGA
Finished download: https://live-brunner.pantheonsite.io/sites/default/files/styles/sm/public/oldImages/64435_Brunner_GGArchard_Ad05_03_XL.jpg.webp?itok=b1e2ECGA -> crona_lounge_Sofa_6388\image_1.jpg
Starting download with Playwright: https://live-brunner.pantheonsite.io/sites/default/files/styles/lg/public/oldImages/64435_Brunner_GGArchard_Ad05_03_XL.jpg.webp?itok=XNnQOHhR
Finished download: https://live-brunner.pantheonsite.io/sites/default/files/styles/lg/public/oldImages/64435_Brunner_GGArchard_Ad05_03_XL.jpg.webp?itok=XNnQOHhR -> crona_lounge_Sofa_6388\image_2.jpg
Starting download with Playwright: https://live-brunner.pantheonsite.io/sites/default/files/styles/original_webp/public/oldImages/64435_Brunner_GGArchard_Ad05_03_XL.jpg.webp?itok=MAOlqPy2
Finished download: https://live-brunner.pantheonsite.io/sites/default/files/styles/original_webp/public/oldImages/64435_Brunner_GGArchard_Ad05_03_XL.jpg.webp?itok=MAOlqPy2 -> crona_lounge_Sofa_6388\image_3.jpg
Starting download with Playwright: https://live-brunner.pantheonsite.io/sites/default/files/styles/sm/public/oldImages/43166_crona_lounge_6388AH_6387A_6387AH_XL.jpg.webp?itok=aP2QoNuU
Finished download: https://live-brunner.pantheonsite.io/sites/default/files/styles/sm/public/oldImages/43166_crona_lounge_6388AH_6387A_6387AH_XL.jpg.webp?itok=aP2QoNuU -> crona_lounge_Sofa_6388\image_4.jpg
Starting download with Playwright: https://live-brunner.pantheonsite.io/sites/default/files/styles/lg/public/oldImages/43166_crona_lounge_6388AH_6387A_6387AH_XL.jpg.webp?itok=q6JJ4HeB
Finished download: https://live-brunner.pantheonsite.io/sites/default/files/styles/lg/public/oldImages/43166_crona_lounge_6388AH_6387A_6387AH_XL.jpg.webp?itok=q6JJ4HeB -> crona_lounge_Sofa_6388\image_5.jpg
Starting download with Playwright: https://live-brunner.pantheonsite.io/sites/default/files/styles/original_webp/public/oldImages/43166_crona_lounge_6388AH_6387A_6387AH_XL.jpg.webp?itok=kcRE7lhv
Finished download: https://live-brunner.pantheonsite.io/sites/default/files/styles/original_webp/public/oldImages/43166_crona_lounge_6388AH_6387A_6387AH_XL.jpg.webp?itok=kcRE7lhv -> crona_lounge_Sofa_6388\image_6.jpg
Starting download with Playwright: https://live-brunner.pantheonsite.io/sites/default/files/styles/sm/public/oldImages/43205_crona_lounge_6381AH_6386AH_6381A_6390_XL.jpg.webp?itok=Pq8llp9O
Finished download: https://live-brunner.pantheonsite.io/sites/default/files/styles/sm/public/oldImages/43205_crona_lounge_6381AH_6386AH_6381A_6390_XL.jpg.webp?itok=Pq8llp9O -> crona_lounge_Sofa_6388\image_7.jpg
Starting download with Playwright: https://live-brunner.pantheonsite.io/sites/default/files/styles/lg/public/oldImages/43205_crona_lounge_6381AH_6386AH_6381A_6390_XL.jpg.webp?itok=_OxjQP2v
Finished download: https://live-brunner.pantheonsite.io/sites/default/files/styles/lg/public/oldImages/43205_crona_lounge_6381AH_6386AH_6381A_6390_XL.jpg.webp?itok=_OxjQP2v -> crona_lounge_Sofa_6388\image_8.jpg
Starting download with Playwright: https://live-brunner.pantheonsite.io/sites/default/files/styles/original_webp/public/oldImages/43205_crona_lounge_6381AH_6386AH_6381A_6390_XL.jpg.webp?itok=c8OF5c6q
Finished download: https://live-brunner.pantheonsite.io/sites/default/files/styles/original_webp/public/oldImages/43205_crona_lounge_6381AH_6386AH_6381A_6390_XL.jpg.webp?itok=c8OF5c6q -> crona_lounge_Sofa_6388\image_9.jpg
Starting download with Playwright: https://live-brunner.pantheonsite.io/sites/default/files/styles/sm/public/oldImages/97794_Brunner_crona_lounge_6387AH_6388AH_HD_XL.jpg.webp?itok=zTgWelv9
Finished download: https://live-brunner.pantheonsite.io/sites/default/files/styles/sm/public/oldImages/97794_Brunner_crona_lounge_6387AH_6388AH_HD_XL.jpg.webp?itok=zTgWelv9 -> crona_lounge_Sofa_6388\image_10.jpg
Starting download with Playwright: https://live-brunner.pantheonsite.io/sites/default/files/styles/lg/public/oldImages/97794_Brunner_crona_lounge_6387AH_6388AH_HD_XL.jpg.webp?itok=emP4eEWZ
Finished download: https://live-brunner.pantheonsite.io/sites/default/files/styles/lg/public/oldImages/97794_Brunner_crona_lounge_6387AH_6388AH_HD_XL.jpg.webp?itok=emP4eEWZ -> crona_lounge_Sofa_6388\image_11.jpg
Starting download with Playwright: https://live-brunner.pantheonsite.io/sites/default/files/styles/original_webp/public/oldImages/97794_Brunner_crona_lounge_6387AH_6388AH_HD_XL.jpg.webp?itok=lKv3BzOw
Finished download: https://live-brunner.pantheonsite.io/sites/default/files/styles/original_webp/public/oldImages/97794_Brunner_crona_lounge_6387AH_6388AH_HD_XL.jpg.webp?itok=lKv3BzOw -> crona_lounge_Sofa_6388\image_12.jpg
Starting download with Playwright: https://live-brunner.pantheonsite.io/sites/default/files/styles/sm/public/oldImages/28615_crona_lounge_6386_A_6385_A_6390_0_XL.jpg.webp?itok=zr8V-j2W
Finished download: https://live-brunner.pantheonsite.io/sites/default/files/styles/sm/public/oldImages/28615_crona_lounge_6386_A_6385_A_6390_0_XL.jpg.webp?itok=zr8V-j2W -> crona_lounge_Sofa_6388\image_13.jpg
Starting download with Playwright: https://live-brunner.pantheonsite.io/sites/default/files/styles/lg/public/oldImages/28615_crona_lounge_6386_A_6385_A_6390_0_XL.jpg.webp?itok=an7dT4z7
Finished download: https://live-brunner.pantheonsite.io/sites/default/files/styles/lg/public/oldImages/28615_crona_lounge_6386_A_6385_A_6390_0_XL.jpg.webp?itok=an7dT4z7 -> crona_lounge_Sofa_6388\image_14.jpg
Starting download with Playwright: https://live-brunner.pantheonsite.io/sites/default/files/styles/original_webp/public/oldImages/28615_crona_lounge_6386_A_6385_A_6390_0_XL.jpg.webp?itok=kqswaAUB
Finished download: https://live-brunner.pantheonsite.io/sites/default/files/styles/original_webp/public/oldImages/28615_crona_lounge_6386_A_6385_A_6390_0_XL.jpg.webp?itok=kqswaAUB -> crona_lounge_Sofa_6388\image_15.jpg
Completed image downloads for product crona_lounge_Sofa_6388
Extracting features for product crona_lounge_Sofa_6388...
Features saved for product crona_lounge_Sofa_6388
Attempting to access Downloads tab for product crona_lounge_Sofa_6388...
Starting download of PDF: https://live-brunner.pantheonsite.io/sites/default/files/oldPdfs/Produktdatenblaetter/Produktdatenblaetter_EN/Brunner_product_data_sheet_crona_lounge_EN.pdf
Downloaded product_sheet.pdf for product crona_lounge_Sofa_6388
Opening URL for product crona_steel_Bar_tool_6341: https://brunner-group.com/en/products/crona-steel-bar-tool/?variant=6341
Images detected on page for crona_steel_Bar_tool_6341, scrolling to load them...
Successfully opened URL for product crona_steel_Bar_tool_6341
Extracting images for product crona_steel_Bar_tool_6341...
Found 45 images for product crona_steel_Bar_tool_6341
Starting download with Playwright: https://live-brunner.pantheonsite.io/sites/default/files/styles/sm/public/oldImages/116912_Brunner_crona_steel_6346_6396_Sitzkissen_HD_XL.jpg.webp?itok=rbrzLZph
[Image Download] Failed image https://live-brunner.pantheonsite.io/sites/default/files/styles/sm/public/oldImages/116912_Brunner_crona_steel_6346_6396_Sitzkissen_HD_XL.jpg.webp?itok=rbrzLZph for product crona_steel_Bar_tool_6341: HTTP status 404
Starting download with Playwright: https://live-brunner.pantheonsite.io/sites/default/files/styles/lg/public/oldImages/116912_Brunner_crona_steel_6346_6396_Sitzkissen_HD_XL.jpg.webp?itok=G-T6hk9B
[Image Download] Failed image https://live-brunner.pantheonsite.io/sites/default/files/styles/lg/public/oldImages/116912_Brunner_crona_steel_6346_6396_Sitzkissen_HD_XL.jpg.webp?itok=G-T6hk9B for product crona_steel_Bar_tool_6341: HTTP status 404
Starting download with Playwright: https://live-brunner.pantheonsite.io/sites/default/files/styles/original_webp/public/oldImages/116912_Brunner_crona_steel_6346_6396_Sitzkissen_HD_XL.jpg.webp?itok=a2rKDZki
[Image Download] Failed image https://live-brunner.pantheonsite.io/sites/default/files/styles/original_webp/public/oldImages/116912_Brunner_crona_steel_6346_6396_Sitzkissen_HD_XL.jpg.webp?itok=a2rKDZki for product crona_steel_Bar_tool_6341: HTTP status 404
Starting download with Playwright: https://live-brunner.pantheonsite.io/sites/default/files/styles/sm/public/oldImages/110616_Brunner_crona_steel_6346_6346A_HD_XL.jpg.webp?itok=jL9icPQJ
Finished download: https://live-brunner.pantheonsite.io/sites/default/files/styles/sm/public/oldImages/110616_Brunner_crona_steel_6346_6346A_HD_XL.jpg.webp?itok=jL9icPQJ -> crona_steel_Bar_tool_6341\image_4.jpg
Starting download with Playwright: https://live-brunner.pantheonsite.io/sites/default/files/styles/lg/public/oldImages/110616_Brunner_crona_steel_6346_6346A_HD_XL.jpg.webp?itok=dO8TteSa
Finished download: https://live-brunner.pantheonsite.io/sites/default/files/styles/lg/public/oldImages/110616_Brunner_crona_steel_6346_6346A_HD_XL.jpg.webp?itok=dO8TteSa -> crona_steel_Bar_tool_6341\image_5.jpg
Starting download with Playwright: https://live-brunner.pantheonsite.io/sites/default/files/styles/original_webp/public/oldImages/110616_Brunner_crona_steel_6346_6346A_HD_XL.jpg.webp?itok=sEzrUjjo
Finished download: https://live-brunner.pantheonsite.io/sites/default/files/styles/original_webp/public/oldImages/110616_Brunner_crona_steel_6346_6346A_HD_XL.jpg.webp?itok=sEzrUjjo -> crona_steel_Bar_tool_6341\image_6.jpg
Starting download with Playwright: https://live-brunner.pantheonsite.io/sites/default/files/styles/sm/public/oldImages/110602_Brunner_crona_steel_6346_Loungechair_stone_HD_XL.jpg.webp?itok=eEByj66i
Finished download: https://live-brunner.pantheonsite.io/sites/default/files/styles/sm/public/oldImages/110602_Brunner_crona_steel_6346_Loungechair_stone_HD_XL.jpg.webp?itok=eEByj66i -> crona_steel_Bar_tool_6341\image_7.jpg
Starting download with Playwright: https://live-brunner.pantheonsite.io/sites/default/files/styles/lg/public/oldImages/110602_Brunner_crona_steel_6346_Loungechair_stone_HD_XL.jpg.webp?itok=qkNb2Y7-
Finished download: https://live-brunner.pantheonsite.io/sites/default/files/styles/lg/public/oldImages/110602_Brunner_crona_steel_6346_Loungechair_stone_HD_XL.jpg.webp?itok=qkNb2Y7- -> crona_steel_Bar_tool_6341\image_8.jpg
Starting download with Playwright: https://live-brunner.pantheonsite.io/sites/default/files/styles/original_webp/public/oldImages/110602_Brunner_crona_steel_6346_Loungechair_stone_HD_XL.jpg.webp?itok=I8UNDnZh
Finished download: https://live-brunner.pantheonsite.io/sites/default/files/styles/original_webp/public/oldImages/110602_Brunner_crona_steel_6346_Loungechair_stone_HD_XL.jpg.webp?itok=I8UNDnZh -> crona_steel_Bar_tool_6341\image_9.jpg
Starting download with Playwright: https://live-brunner.pantheonsite.io/sites/default/files/styles/sm/public/oldImages/110600_Brunner_crona_steel_6341_Barhocker_fog_HD_XL.jpg.webp?itok=MI4srjld
Finished download: https://live-brunner.pantheonsite.io/sites/default/files/styles/sm/public/oldImages/110600_Brunner_crona_steel_6341_Barhocker_fog_HD_XL.jpg.webp?itok=MI4srjld -> crona_steel_Bar_tool_6341\image_10.jpg
Starting download with Playwright: https://live-brunner.pantheonsite.io/sites/default/files/styles/lg/public/oldImages/110600_Brunner_crona_steel_6341_Barhocker_fog_HD_XL.jpg.webp?itok=eGG4vibD
Finished download: https://live-brunner.pantheonsite.io/sites/default/files/styles/lg/public/oldImages/110600_Brunner_crona_steel_6341_Barhocker_fog_HD_XL.jpg.webp?itok=eGG4vibD -> crona_steel_Bar_tool_6341\image_11.jpg
Starting download with Playwright: https://live-brunner.pantheonsite.io/sites/default/files/styles/original_webp/public/oldImages/110600_Brunner_crona_steel_6341_Barhocker_fog_HD_XL.jpg.webp?itok=pA_1tmRA
Finished download: https://live-brunner.pantheonsite.io/sites/default/files/styles/original_webp/public/oldImages/110600_Brunner_crona_steel_6341_Barhocker_fog_HD_XL.jpg.webp?itok=pA_1tmRA -> crona_steel_Bar_tool_6341\image_12.jpg
Starting download with Playwright: https://live-brunner.pantheonsite.io/sites/default/files/styles/sm/public/oldImages/108585_Brunner_crona_steel_6347A_6397_02_HD_XL.jpg.webp?itok=v1I-BISu
Finished download: https://live-brunner.pantheonsite.io/sites/default/files/styles/sm/public/oldImages/108585_Brunner_crona_steel_6347A_6397_02_HD_XL.jpg.webp?itok=v1I-BISu -> crona_steel_Bar_tool_6341\image_13.jpg
Starting download with Playwright: https://live-brunner.pantheonsite.io/sites/default/files/styles/lg/public/oldImages/108585_Brunner_crona_steel_6347A_6397_02_HD_XL.jpg.webp?itok=BSK62b_f
Finished download: https://live-brunner.pantheonsite.io/sites/default/files/styles/lg/public/oldImages/108585_Brunner_crona_steel_6347A_6397_02_HD_XL.jpg.webp?itok=BSK62b_f -> crona_steel_Bar_tool_6341\image_14.jpg
Starting download with Playwright: https://live-brunner.pantheonsite.io/sites/default/files/styles/original_webp/public/oldImages/108585_Brunner_crona_steel_6347A_6397_02_HD_XL.jpg.webp?itok=gEwQVnuX
Finished download: https://live-brunner.pantheonsite.io/sites/default/files/styles/original_webp/public/oldImages/108585_Brunner_crona_steel_6347A_6397_02_HD_XL.jpg.webp?itok=gEwQVnuX -> crona_steel_Bar_tool_6341\image_15.jpg
Starting download with Playwright: https://live-brunner.pantheonsite.io/sites/default/files/styles/sm/public/oldImages/108583_Brunner_crona_steel_6347A_6396_HD_XL.jpg.webp?itok=qfUhMgyW
Finished download: https://live-brunner.pantheonsite.io/sites/default/files/styles/sm/public/oldImages/108583_Brunner_crona_steel_6347A_6396_HD_XL.jpg.webp?itok=qfUhMgyW -> crona_steel_Bar_tool_6341\image_16.jpg
Starting download with Playwright: https://live-brunner.pantheonsite.io/sites/default/files/styles/lg/public/oldImages/108583_Brunner_crona_steel_6347A_6396_HD_XL.jpg.webp?itok=iKxGHgz9
Finished download: https://live-brunner.pantheonsite.io/sites/default/files/styles/lg/public/oldImages/108583_Brunner_crona_steel_6347A_6396_HD_XL.jpg.webp?itok=iKxGHgz9 -> crona_steel_Bar_tool_6341\image_17.jpg
Starting download with Playwright: https://live-brunner.pantheonsite.io/sites/default/files/styles/original_webp/public/oldImages/108583_Brunner_crona_steel_6347A_6396_HD_XL.jpg.webp?itok=sVPpKVIp
Finished download: https://live-brunner.pantheonsite.io/sites/default/files/styles/original_webp/public/oldImages/108583_Brunner_crona_steel_6347A_6396_HD_XL.jpg.webp?itok=sVPpKVIp -> crona_steel_Bar_tool_6341\image_18.jpg
Starting download with Playwright: https://live-brunner.pantheonsite.io/sites/default/files/styles/sm/public/oldImages/116913_Brunner_crona_steel_6347_Sitzkissen_HD%20%282%29_XL.jpg.webp?itok=-ycgrrhJ
[Image Download] Failed image https://live-brunner.pantheonsite.io/sites/default/files/styles/sm/public/oldImages/116913_Brunner_crona_steel_6347_Sitzkissen_HD%20%282%29_XL.jpg.webp?itok=-ycgrrhJ for product crona_steel_Bar_tool_6341: HTTP status 404
Starting download with Playwright: https://live-brunner.pantheonsite.io/sites/default/files/styles/lg/public/oldImages/116913_Brunner_crona_steel_6347_Sitzkissen_HD%20%282%29_XL.jpg.webp?itok=JMhMpRRX
[Image Download] Failed image https://live-brunner.pantheonsite.io/sites/default/files/styles/lg/public/oldImages/116913_Brunner_crona_steel_6347_Sitzkissen_HD%20%282%29_XL.jpg.webp?itok=JMhMpRRX for product crona_steel_Bar_tool_6341: HTTP status 404
Starting download with Playwright: https://live-brunner.pantheonsite.io/sites/default/files/styles/original_webp/public/oldImages/116913_Brunner_crona_steel_6347_Sitzkissen_HD%20%282%29_XL.jpg.webp?itok=WBRPatKY
[Image Download] Failed image https://live-brunner.pantheonsite.io/sites/default/files/styles/original_webp/public/oldImages/116913_Brunner_crona_steel_6347_Sitzkissen_HD%20%282%29_XL.jpg.webp?itok=WBRPatKY for product crona_steel_Bar_tool_6341: HTTP status 404
Starting download with Playwright: https://live-brunner.pantheonsite.io/sites/default/files/styles/sm/public/oldImages/111800_Brunner_crona_steel_6347_002_HD_XL.jpg.webp?itok=s9uyZD8J
Finished download: https://live-brunner.pantheonsite.io/sites/default/files/styles/sm/public/oldImages/111800_Brunner_crona_steel_6347_002_HD_XL.jpg.webp?itok=s9uyZD8J -> crona_steel_Bar_tool_6341\image_22.jpg
Starting download with Playwright: https://live-brunner.pantheonsite.io/sites/default/files/styles/lg/public/oldImages/111800_Brunner_crona_steel_6347_002_HD_XL.jpg.webp?itok=5ickM1x9
Finished download: https://live-brunner.pantheonsite.io/sites/default/files/styles/lg/public/oldImages/111800_Brunner_crona_steel_6347_002_HD_XL.jpg.webp?itok=5ickM1x9 -> crona_steel_Bar_tool_6341\image_23.jpg
Starting download with Playwright: https://live-brunner.pantheonsite.io/sites/default/files/styles/original_webp/public/oldImages/111800_Brunner_crona_steel_6347_002_HD_XL.jpg.webp?itok=QHeHbiWn
Finished download: https://live-brunner.pantheonsite.io/sites/default/files/styles/original_webp/public/oldImages/111800_Brunner_crona_steel_6347_002_HD_XL.jpg.webp?itok=QHeHbiWn -> crona_steel_Bar_tool_6341\image_24.jpg
Starting download with Playwright: https://live-brunner.pantheonsite.io/sites/default/files/styles/sm/public/oldImages/116914_Brunner_crona_steel_6347_Sitzkissen_HD_XL.jpg.webp?itok=94lhljQU
[Image Download] Failed image https://live-brunner.pantheonsite.io/sites/default/files/styles/sm/public/oldImages/116914_Brunner_crona_steel_6347_Sitzkissen_HD_XL.jpg.webp?itok=94lhljQU for product crona_steel_Bar_tool_6341: HTTP status 404
Starting download with Playwright: https://live-brunner.pantheonsite.io/sites/default/files/styles/lg/public/oldImages/116914_Brunner_crona_steel_6347_Sitzkissen_HD_XL.jpg.webp?itok=94fcHBl3
[Image Download] Failed image https://live-brunner.pantheonsite.io/sites/default/files/styles/lg/public/oldImages/116914_Brunner_crona_steel_6347_Sitzkissen_HD_XL.jpg.webp?itok=94fcHBl3 for product crona_steel_Bar_tool_6341: HTTP status 404
Starting download with Playwright: https://live-brunner.pantheonsite.io/sites/default/files/styles/original_webp/public/oldImages/116914_Brunner_crona_steel_6347_Sitzkissen_HD_XL.jpg.webp?itok=Wd0d333q
[Image Download] Failed image https://live-brunner.pantheonsite.io/sites/default/files/styles/original_webp/public/oldImages/116914_Brunner_crona_steel_6347_Sitzkissen_HD_XL.jpg.webp?itok=Wd0d333q for product crona_steel_Bar_tool_6341: HTTP status 404
Starting download with Playwright: https://live-brunner.pantheonsite.io/sites/default/files/styles/sm/public/oldImages/105103_Brunner_crona_steel_detail_hocker_provence_HD_XL.jpg.webp?itok=LLok908L
Finished download: https://live-brunner.pantheonsite.io/sites/default/files/styles/sm/public/oldImages/105103_Brunner_crona_steel_detail_hocker_provence_HD_XL.jpg.webp?itok=LLok908L -> crona_steel_Bar_tool_6341\image_28.jpg
Starting download with Playwright: https://live-brunner.pantheonsite.io/sites/default/files/styles/lg/public/oldImages/105103_Brunner_crona_steel_detail_hocker_provence_HD_XL.jpg.webp?itok=wxdulxQs
Finished download: https://live-brunner.pantheonsite.io/sites/default/files/styles/lg/public/oldImages/105103_Brunner_crona_steel_detail_hocker_provence_HD_XL.jpg.webp?itok=wxdulxQs -> crona_steel_Bar_tool_6341\image_29.jpg
Starting download with Playwright: https://live-brunner.pantheonsite.io/sites/default/files/styles/original_webp/public/oldImages/105103_Brunner_crona_steel_detail_hocker_provence_HD_XL.jpg.webp?itok=hNMWMmG3
Finished download: https://live-brunner.pantheonsite.io/sites/default/files/styles/original_webp/public/oldImages/105103_Brunner_crona_steel_detail_hocker_provence_HD_XL.jpg.webp?itok=hNMWMmG3 -> crona_steel_Bar_tool_6341\image_30.jpg
Starting download with Playwright: https://live-brunner.pantheonsite.io/sites/default/files/styles/sm/public/oldImages/97803_Brunner_Cronasteel_LOCATION_PoolLounge_Lava_F39_HD_XL.jpg.webp?itok=lnoi12wV
Finished download: https://live-brunner.pantheonsite.io/sites/default/files/styles/sm/public/oldImages/97803_Brunner_Cronasteel_LOCATION_PoolLounge_Lava_F39_HD_XL.jpg.webp?itok=lnoi12wV -> crona_steel_Bar_tool_6341\image_31.jpg
Starting download with Playwright: https://live-brunner.pantheonsite.io/sites/default/files/styles/lg/public/oldImages/97803_Brunner_Cronasteel_LOCATION_PoolLounge_Lava_F39_HD_XL.jpg.webp?itok=xs9O56d_
Finished download: https://live-brunner.pantheonsite.io/sites/default/files/styles/lg/public/oldImages/97803_Brunner_Cronasteel_LOCATION_PoolLounge_Lava_F39_HD_XL.jpg.webp?itok=xs9O56d_ -> crona_steel_Bar_tool_6341\image_32.jpg
Starting download with Playwright: https://live-brunner.pantheonsite.io/sites/default/files/styles/original_webp/public/oldImages/97803_Brunner_Cronasteel_LOCATION_PoolLounge_Lava_F39_HD_XL.jpg.webp?itok=grua3_7H
Finished download: https://live-brunner.pantheonsite.io/sites/default/files/styles/original_webp/public/oldImages/97803_Brunner_Cronasteel_LOCATION_PoolLounge_Lava_F39_HD_XL.jpg.webp?itok=grua3_7H -> crona_steel_Bar_tool_6341\image_33.jpg
Starting download with Playwright: https://live-brunner.pantheonsite.io/sites/default/files/styles/sm/public/oldImages/111801_Brunner_crona_steel_6340_6341_6346_6349_6395_6396_6389_HD_XL.jpg.webp?itok=Eqfd84Q1
Finished download: https://live-brunner.pantheonsite.io/sites/default/files/styles/sm/public/oldImages/111801_Brunner_crona_steel_6340_6341_6346_6349_6395_6396_6389_HD_XL.jpg.webp?itok=Eqfd84Q1 -> crona_steel_Bar_tool_6341\image_34.jpg
Starting download with Playwright: https://live-brunner.pantheonsite.io/sites/default/files/styles/lg/public/oldImages/111801_Brunner_crona_steel_6340_6341_6346_6349_6395_6396_6389_HD_XL.jpg.webp?itok=IMJ8tp2w
Finished download: https://live-brunner.pantheonsite.io/sites/default/files/styles/lg/public/oldImages/111801_Brunner_crona_steel_6340_6341_6346_6349_6395_6396_6389_HD_XL.jpg.webp?itok=IMJ8tp2w -> crona_steel_Bar_tool_6341\image_35.jpg
Starting download with Playwright: https://live-brunner.pantheonsite.io/sites/default/files/styles/original_webp/public/oldImages/111801_Brunner_crona_steel_6340_6341_6346_6349_6395_6396_6389_HD_XL.jpg.webp?itok=EoQmf-Mt
Finished download: https://live-brunner.pantheonsite.io/sites/default/files/styles/original_webp/public/oldImages/111801_Brunner_crona_steel_6340_6341_6346_6349_6395_6396_6389_HD_XL.jpg.webp?itok=EoQmf-Mt -> crona_steel_Bar_tool_6341\image_36.jpg
Starting download with Playwright: https://live-brunner.pantheonsite.io/sites/default/files/styles/sm/public/oldImages/108588_Brunner_crona_steel_kvadrat_patio_6340_HD_XL.jpg.webp?itok=wqiEvrCw
Finished download: https://live-brunner.pantheonsite.io/sites/default/files/styles/sm/public/oldImages/108588_Brunner_crona_steel_kvadrat_patio_6340_HD_XL.jpg.webp?itok=wqiEvrCw -> crona_steel_Bar_tool_6341\image_37.jpg
Starting download with Playwright: https://live-brunner.pantheonsite.io/sites/default/files/styles/lg/public/oldImages/108588_Brunner_crona_steel_kvadrat_patio_6340_HD_XL.jpg.webp?itok=IrAutqZ6
Finished download: https://live-brunner.pantheonsite.io/sites/default/files/styles/lg/public/oldImages/108588_Brunner_crona_steel_kvadrat_patio_6340_HD_XL.jpg.webp?itok=IrAutqZ6 -> crona_steel_Bar_tool_6341\image_38.jpg
Starting download with Playwright: https://live-brunner.pantheonsite.io/sites/default/files/styles/original_webp/public/oldImages/108588_Brunner_crona_steel_kvadrat_patio_6340_HD_XL.jpg.webp?itok=x13-0E1W
Finished download: https://live-brunner.pantheonsite.io/sites/default/files/styles/original_webp/public/oldImages/108588_Brunner_crona_steel_kvadrat_patio_6340_HD_XL.jpg.webp?itok=x13-0E1W -> crona_steel_Bar_tool_6341\image_39.jpg
Starting download with Playwright: https://live-brunner.pantheonsite.io/sites/default/files/styles/sm/public/oldImages/110603_Brunner_crona_steel_6347A_Loungebank_lava_HD_XL.jpg.webp?itok=v2g9Oeez
Finished download: https://live-brunner.pantheonsite.io/sites/default/files/styles/sm/public/oldImages/110603_Brunner_crona_steel_6347A_Loungebank_lava_HD_XL.jpg.webp?itok=v2g9Oeez -> crona_steel_Bar_tool_6341\image_40.jpg
Starting download with Playwright: https://live-brunner.pantheonsite.io/sites/default/files/styles/lg/public/oldImages/110603_Brunner_crona_steel_6347A_Loungebank_lava_HD_XL.jpg.webp?itok=4ALjK4Kl
Finished download: https://live-brunner.pantheonsite.io/sites/default/files/styles/lg/public/oldImages/110603_Brunner_crona_steel_6347A_Loungebank_lava_HD_XL.jpg.webp?itok=4ALjK4Kl -> crona_steel_Bar_tool_6341\image_41.jpg
Starting download with Playwright: https://live-brunner.pantheonsite.io/sites/default/files/styles/original_webp/public/oldImages/110603_Brunner_crona_steel_6347A_Loungebank_lava_HD_XL.jpg.webp?itok=k5nybYJ-
Finished download: https://live-brunner.pantheonsite.io/sites/default/files/styles/original_webp/public/oldImages/110603_Brunner_crona_steel_6347A_Loungebank_lava_HD_XL.jpg.webp?itok=k5nybYJ- -> crona_steel_Bar_tool_6341\image_42.jpg
Starting download with Playwright: https://live-brunner.pantheonsite.io/sites/default/files/styles/sm/public/oldImages/108580_Brunner_crona_steel_kvadrat_patio_6346A_6349_HD_XL.jpg.webp?itok=7DZZg6DX
Finished download: https://live-brunner.pantheonsite.io/sites/default/files/styles/sm/public/oldImages/108580_Brunner_crona_steel_kvadrat_patio_6346A_6349_HD_XL.jpg.webp?itok=7DZZg6DX -> crona_steel_Bar_tool_6341\image_43.jpg
Starting download with Playwright: https://live-brunner.pantheonsite.io/sites/default/files/styles/lg/public/oldImages/108580_Brunner_crona_steel_kvadrat_patio_6346A_6349_HD_XL.jpg.webp?itok=goeutbqt
Finished download: https://live-brunner.pantheonsite.io/sites/default/files/styles/lg/public/oldImages/108580_Brunner_crona_steel_kvadrat_patio_6346A_6349_HD_XL.jpg.webp?itok=goeutbqt -> crona_steel_Bar_tool_6341\image_44.jpg
Starting download with Playwright: https://live-brunner.pantheonsite.io/sites/default/files/styles/original_webp/public/oldImages/108580_Brunner_crona_steel_kvadrat_patio_6346A_6349_HD_XL.jpg.webp?itok=eKhyZ9gj
Finished download: https://live-brunner.pantheonsite.io/sites/default/files/styles/original_webp/public/oldImages/108580_Brunner_crona_steel_kvadrat_patio_6346A_6349_HD_XL.jpg.webp?itok=eKhyZ9gj -> crona_steel_Bar_tool_6341\image_45.jpg
Completed image downloads for product crona_steel_Bar_tool_6341
Extracting features for product crona_steel_Bar_tool_6341...
Features saved for product crona_steel_Bar_tool_6341
Attempting to access Downloads tab for product crona_steel_Bar_tool_6341...
Starting download of PDF: https://live-brunner.pantheonsite.io/sites/default/files/oldPdfs/Produktdatenblaetter/Produktdatenblaetter_EN/Brunner_product_data_sheet_crona_steel_EN.pdf
Downloaded product_sheet.pdf for product crona_steel_Bar_tool_6341
Opening URL for product crona_up_Upholstered_chair_6321: https://brunner-group.com/en/products/crona-up-upholstered-chair/?variant=6321
Images detected on page for crona_up_Upholstered_chair_6321, scrolling to load them...
Successfully opened URL for product crona_up_Upholstered_chair_6321
Extracting images for product crona_up_Upholstered_chair_6321...
Found 18 images for product crona_up_Upholstered_chair_6321
Starting download with Playwright: https://live-brunner.pantheonsite.io/sites/default/files/styles/sm/public/oldImages/115806_Brunner_crona_up_6321_6330_RGB_HD_XL.jpg.webp?itok=ZJ1msGlN
Finished download: https://live-brunner.pantheonsite.io/sites/default/files/styles/sm/public/oldImages/115806_Brunner_crona_up_6321_6330_RGB_HD_XL.jpg.webp?itok=ZJ1msGlN -> crona_up_Upholstered_chair_6321\image_1.jpg
Starting download with Playwright: https://live-brunner.pantheonsite.io/sites/default/files/styles/lg/public/oldImages/115806_Brunner_crona_up_6321_6330_RGB_HD_XL.jpg.webp?itok=7jJCHWFl
Finished download: https://live-brunner.pantheonsite.io/sites/default/files/styles/lg/public/oldImages/115806_Brunner_crona_up_6321_6330_RGB_HD_XL.jpg.webp?itok=7jJCHWFl -> crona_up_Upholstered_chair_6321\image_2.jpg
Starting download with Playwright: https://live-brunner.pantheonsite.io/sites/default/files/styles/original_webp/public/oldImages/115806_Brunner_crona_up_6321_6330_RGB_HD_XL.jpg.webp?itok=shIaonRj
Finished download: https://live-brunner.pantheonsite.io/sites/default/files/styles/original_webp/public/oldImages/115806_Brunner_crona_up_6321_6330_RGB_HD_XL.jpg.webp?itok=shIaonRj -> crona_up_Upholstered_chair_6321\image_3.jpg
Starting download with Playwright: https://live-brunner.pantheonsite.io/sites/default/files/styles/sm/public/oldImages/97805_Brunner_crona_up6321_6330_team_TE80_TE70_TE200_TE202_HD_XL.jpg.webp?itok=P1YRl0XN
Finished download: https://live-brunner.pantheonsite.io/sites/default/files/styles/sm/public/oldImages/97805_Brunner_crona_up6321_6330_team_TE80_TE70_TE200_TE202_HD_XL.jpg.webp?itok=P1YRl0XN -> crona_up_Upholstered_chair_6321\image_4.jpg
Starting download with Playwright: https://live-brunner.pantheonsite.io/sites/default/files/styles/lg/public/oldImages/97805_Brunner_crona_up6321_6330_team_TE80_TE70_TE200_TE202_HD_XL.jpg.webp?itok=ARLErN0E
Finished download: https://live-brunner.pantheonsite.io/sites/default/files/styles/lg/public/oldImages/97805_Brunner_crona_up6321_6330_team_TE80_TE70_TE200_TE202_HD_XL.jpg.webp?itok=ARLErN0E -> crona_up_Upholstered_chair_6321\image_5.jpg
Starting download with Playwright: https://live-brunner.pantheonsite.io/sites/default/files/styles/original_webp/public/oldImages/97805_Brunner_crona_up6321_6330_team_TE80_TE70_TE200_TE202_HD_XL.jpg.webp?itok=xwhILFww
Finished download: https://live-brunner.pantheonsite.io/sites/default/files/styles/original_webp/public/oldImages/97805_Brunner_crona_up6321_6330_team_TE80_TE70_TE200_TE202_HD_XL.jpg.webp?itok=xwhILFww -> crona_up_Upholstered_chair_6321\image_6.jpg
Starting download with Playwright: https://live-brunner.pantheonsite.io/sites/default/files/styles/sm/public/oldImages/115805_Brunner_crona_up_6320_6321_lift_7882_team_TE100_HD_XL.jpg.webp?itok=6gMI76WD
Finished download: https://live-brunner.pantheonsite.io/sites/default/files/styles/sm/public/oldImages/115805_Brunner_crona_up_6320_6321_lift_7882_team_TE100_HD_XL.jpg.webp?itok=6gMI76WD -> crona_up_Upholstered_chair_6321\image_7.jpg
Starting download with Playwright: https://live-brunner.pantheonsite.io/sites/default/files/styles/lg/public/oldImages/115805_Brunner_crona_up_6320_6321_lift_7882_team_TE100_HD_XL.jpg.webp?itok=fRfWVF0Q
Finished download: https://live-brunner.pantheonsite.io/sites/default/files/styles/lg/public/oldImages/115805_Brunner_crona_up_6320_6321_lift_7882_team_TE100_HD_XL.jpg.webp?itok=fRfWVF0Q -> crona_up_Upholstered_chair_6321\image_8.jpg
Starting download with Playwright: https://live-brunner.pantheonsite.io/sites/default/files/styles/original_webp/public/oldImages/115805_Brunner_crona_up_6320_6321_lift_7882_team_TE100_HD_XL.jpg.webp?itok=NzuX-_Yh
Finished download: https://live-brunner.pantheonsite.io/sites/default/files/styles/original_webp/public/oldImages/115805_Brunner_crona_up_6320_6321_lift_7882_team_TE100_HD_XL.jpg.webp?itok=NzuX-_Yh -> crona_up_Upholstered_chair_6321\image_9.jpg
Starting download with Playwright: https://live-brunner.pantheonsite.io/sites/default/files/styles/sm/public/oldImages/115799_Brunner_nates_7770_7773_foild_1100-1020_crona_light_touch_6312%EF%80%A2T_crona_up_6320_6321_pads_1420-0010_1420_0020_1420_0120_scoop_4819_HD_XL.jpg.webp?itok=2QMTtiT3
Finished download: https://live-brunner.pantheonsite.io/sites/default/files/styles/sm/public/oldImages/115799_Brunner_nates_7770_7773_foild_1100-1020_crona_light_touch_6312%EF%80%A2T_crona_up_6320_6321_pads_1420-0010_1420_0020_1420_0120_scoop_4819_HD_XL.jpg.webp?itok=2QMTtiT3 -> crona_up_Upholstered_chair_6321\image_10.jpg
Starting download with Playwright: https://live-brunner.pantheonsite.io/sites/default/files/styles/lg/public/oldImages/115799_Brunner_nates_7770_7773_foild_1100-1020_crona_light_touch_6312%EF%80%A2T_crona_up_6320_6321_pads_1420-0010_1420_0020_1420_0120_scoop_4819_HD_XL.jpg.webp?itok=KfgV_J_-
Finished download: https://live-brunner.pantheonsite.io/sites/default/files/styles/lg/public/oldImages/115799_Brunner_nates_7770_7773_foild_1100-1020_crona_light_touch_6312%EF%80%A2T_crona_up_6320_6321_pads_1420-0010_1420_0020_1420_0120_scoop_4819_HD_XL.jpg.webp?itok=KfgV_J_- -> crona_up_Upholstered_chair_6321\image_11.jpg
Starting download with Playwright: https://live-brunner.pantheonsite.io/sites/default/files/styles/original_webp/public/oldImages/115799_Brunner_nates_7770_7773_foild_1100-1020_crona_light_touch_6312%EF%80%A2T_crona_up_6320_6321_pads_1420-0010_1420_0020_1420_0120_scoop_4819_HD_XL.jpg.webp?itok=GvIm49So
Finished download: https://live-brunner.pantheonsite.io/sites/default/files/styles/original_webp/public/oldImages/115799_Brunner_nates_7770_7773_foild_1100-1020_crona_light_touch_6312%EF%80%A2T_crona_up_6320_6321_pads_1420-0010_1420_0020_1420_0120_scoop_4819_HD_XL.jpg.webp?itok=GvIm49So -> crona_up_Upholstered_chair_6321\image_12.jpg
Starting download with Playwright: https://live-brunner.pantheonsite.io/sites/default/files/styles/sm/public/oldImages/116433_Brunner_Future_Works_Projektraum_Einzel_03_HD_XL.jpg.webp?itok=WJxF3kEZ
[Image Download] Failed image https://live-brunner.pantheonsite.io/sites/default/files/styles/sm/public/oldImages/116433_Brunner_Future_Works_Projektraum_Einzel_03_HD_XL.jpg.webp?itok=WJxF3kEZ for product crona_up_Upholstered_chair_6321: HTTP status 404
Starting download with Playwright: https://live-brunner.pantheonsite.io/sites/default/files/styles/lg/public/oldImages/116433_Brunner_Future_Works_Projektraum_Einzel_03_HD_XL.jpg.webp?itok=KFo91Y2L
[Image Download] Failed image https://live-brunner.pantheonsite.io/sites/default/files/styles/lg/public/oldImages/116433_Brunner_Future_Works_Projektraum_Einzel_03_HD_XL.jpg.webp?itok=KFo91Y2L for product crona_up_Upholstered_chair_6321: HTTP status 404
Starting download with Playwright: https://live-brunner.pantheonsite.io/sites/default/files/styles/original_webp/public/oldImages/116433_Brunner_Future_Works_Projektraum_Einzel_03_HD_XL.jpg.webp?itok=b_zUHe1u
[Image Download] Failed image https://live-brunner.pantheonsite.io/sites/default/files/styles/original_webp/public/oldImages/116433_Brunner_Future_Works_Projektraum_Einzel_03_HD_XL.jpg.webp?itok=b_zUHe1u for product crona_up_Upholstered_chair_6321: HTTP status 404
Starting download with Playwright: https://live-brunner.pantheonsite.io/sites/default/files/styles/sm/public/oldImages/115807_Brunner_crona_up_6320_DivinaMD-813_Lava_Grau_mitSchatten_RGB_geschlossene_Rollen_HD_XL.jpg.webp?itok=PdQ7xhc3
Finished download: https://live-brunner.pantheonsite.io/sites/default/files/styles/sm/public/oldImages/115807_Brunner_crona_up_6320_DivinaMD-813_Lava_Grau_mitSchatten_RGB_geschlossene_Rollen_HD_XL.jpg.webp?itok=PdQ7xhc3 -> crona_up_Upholstered_chair_6321\image_16.jpg
Starting download with Playwright: https://live-brunner.pantheonsite.io/sites/default/files/styles/lg/public/oldImages/115807_Brunner_crona_up_6320_DivinaMD-813_Lava_Grau_mitSchatten_RGB_geschlossene_Rollen_HD_XL.jpg.webp?itok=SOQR3IM4
Finished download: https://live-brunner.pantheonsite.io/sites/default/files/styles/lg/public/oldImages/115807_Brunner_crona_up_6320_DivinaMD-813_Lava_Grau_mitSchatten_RGB_geschlossene_Rollen_HD_XL.jpg.webp?itok=SOQR3IM4 -> crona_up_Upholstered_chair_6321\image_17.jpg
Starting download with Playwright: https://live-brunner.pantheonsite.io/sites/default/files/styles/original_webp/public/oldImages/115807_Brunner_crona_up_6320_DivinaMD-813_Lava_Grau_mitSchatten_RGB_geschlossene_Rollen_HD_XL.jpg.webp?itok=9CIPDDyx
Finished download: https://live-brunner.pantheonsite.io/sites/default/files/styles/original_webp/public/oldImages/115807_Brunner_crona_up_6320_DivinaMD-813_Lava_Grau_mitSchatten_RGB_geschlossene_Rollen_HD_XL.jpg.webp?itok=9CIPDDyx -> crona_up_Upholstered_chair_6321\image_18.jpg
Completed image downloads for product crona_up_Upholstered_chair_6321
Extracting features for product crona_up_Upholstered_chair_6321...
Features saved for product crona_up_Upholstered_chair_6321
Attempting to access Downloads tab for product crona_up_Upholstered_chair_6321...
Starting download of PDF: https://live-brunner.pantheonsite.io/sites/default/files/oldPdfs/Produktdatenblaetter/Produktdatenblaetter_EN/Brunner_product_data_sheet_crona_up_EN.pdf
Downloaded product_sheet.pdf for product crona_up_Upholstered_chair_6321
Opening URL for product dress_Standing_aid__7001: https://brunner-group.com/en/products/dress-standing-aid/?variant=7001
[Info] No images detected for product dress_Standing_aid__7001, skipping image extraction step.
Successfully opened URL for product dress_Standing_aid__7001
Extracting images for product dress_Standing_aid__7001...
[Info] No images found for product dress_Standing_aid__7001, skipping download step.
Extracting features for product dress_Standing_aid__7001...
Features saved for product dress_Standing_aid__7001
Attempting to access Downloads tab for product dress_Standing_aid__7001...
Starting download of PDF: https://live-brunner.pantheonsite.io/sites/default/files/oldPdfs/Produktdatenblaetter/Produktdatenblaetter_EN/Brunner_product_data_sheet_dress_EN.pdf
Downloaded product_sheet.pdf for product dress_Standing_aid__7001
Opening URL for product due_bar_stool__3801: https://brunner-group.com/en/products/due-bar-stool/?variant=3801
[Info] No images detected for product due_bar_stool__3801, skipping image extraction step.
Successfully opened URL for product due_bar_stool__3801
Extracting images for product due_bar_stool__3801...
[Info] No images found for product due_bar_stool__3801, skipping download step.
Extracting features for product due_bar_stool__3801...
Features saved for product due_bar_stool__3801
Attempting to access Downloads tab for product due_bar_stool__3801...
Starting download of PDF: https://live-brunner.pantheonsite.io/sites/default/files/oldPdfs/Produktdatenblaetter/Produktdatenblaetter_EN/due_Brunner_product_data_sheet_EN.pdf
Downloaded product_sheet.pdf for product due_bar_stool__3801
Opening URL for product due_Bistro_chair_3808: https://brunner-group.com/en/products/due-bistro-chair/?variant=3808
Images detected on page for due_Bistro_chair_3808, scrolling to load them...
Successfully opened URL for product due_Bistro_chair_3808
Extracting images for product due_Bistro_chair_3808...
Found 15 images for product due_Bistro_chair_3808
Starting download with Playwright: https://live-brunner.pantheonsite.io/sites/default/files/styles/sm/public/oldImages/13240_due_3808_3861_0_Buche_hell_Kunststoff_lava_Loc_XL.jpg.webp?itok=u3c0XR5Z
Finished download: https://live-brunner.pantheonsite.io/sites/default/files/styles/sm/public/oldImages/13240_due_3808_3861_0_Buche_hell_Kunststoff_lava_Loc_XL.jpg.webp?itok=u3c0XR5Z -> due_Bistro_chair_3808\image_1.jpg
Starting download with Playwright: https://live-brunner.pantheonsite.io/sites/default/files/styles/lg/public/oldImages/13240_due_3808_3861_0_Buche_hell_Kunststoff_lava_Loc_XL.jpg.webp?itok=A7EKopyR
Finished download: https://live-brunner.pantheonsite.io/sites/default/files/styles/lg/public/oldImages/13240_due_3808_3861_0_Buche_hell_Kunststoff_lava_Loc_XL.jpg.webp?itok=A7EKopyR -> due_Bistro_chair_3808\image_2.jpg
Starting download with Playwright: https://live-brunner.pantheonsite.io/sites/default/files/styles/original_webp/public/oldImages/13240_due_3808_3861_0_Buche_hell_Kunststoff_lava_Loc_XL.jpg.webp?itok=zDS9CFMy
Finished download: https://live-brunner.pantheonsite.io/sites/default/files/styles/original_webp/public/oldImages/13240_due_3808_3861_0_Buche_hell_Kunststoff_lava_Loc_XL.jpg.webp?itok=zDS9CFMy -> due_Bistro_chair_3808\image_3.jpg
Starting download with Playwright: https://live-brunner.pantheonsite.io/sites/default/files/styles/sm/public/oldImages/9878_due_3808A_Buche_dunkelgrau_Kunststoff_XL.jpg.webp?itok=sINMACss
Finished download: https://live-brunner.pantheonsite.io/sites/default/files/styles/sm/public/oldImages/9878_due_3808A_Buche_dunkelgrau_Kunststoff_XL.jpg.webp?itok=sINMACss -> due_Bistro_chair_3808\image_4.jpg
Starting download with Playwright: https://live-brunner.pantheonsite.io/sites/default/files/styles/lg/public/oldImages/9878_due_3808A_Buche_dunkelgrau_Kunststoff_XL.jpg.webp?itok=TMjZALh2
Finished download: https://live-brunner.pantheonsite.io/sites/default/files/styles/lg/public/oldImages/9878_due_3808A_Buche_dunkelgrau_Kunststoff_XL.jpg.webp?itok=TMjZALh2 -> due_Bistro_chair_3808\image_5.jpg
Starting download with Playwright: https://live-brunner.pantheonsite.io/sites/default/files/styles/original_webp/public/oldImages/9878_due_3808A_Buche_dunkelgrau_Kunststoff_XL.jpg.webp?itok=scQSAa8s
Finished download: https://live-brunner.pantheonsite.io/sites/default/files/styles/original_webp/public/oldImages/9878_due_3808A_Buche_dunkelgrau_Kunststoff_XL.jpg.webp?itok=scQSAa8s -> due_Bistro_chair_3808\image_6.jpg
Starting download with Playwright: https://live-brunner.pantheonsite.io/sites/default/files/styles/sm/public/oldImages/44744_Brunner_due_Paulaner2_Hofmann_50_XL.jpg.webp?itok=KiQtz29Q
Finished download: https://live-brunner.pantheonsite.io/sites/default/files/styles/sm/public/oldImages/44744_Brunner_due_Paulaner2_Hofmann_50_XL.jpg.webp?itok=KiQtz29Q -> due_Bistro_chair_3808\image_7.jpg
Starting download with Playwright: https://live-brunner.pantheonsite.io/sites/default/files/styles/lg/public/oldImages/44744_Brunner_due_Paulaner2_Hofmann_50_XL.jpg.webp?itok=_DMpOkSx
Finished download: https://live-brunner.pantheonsite.io/sites/default/files/styles/lg/public/oldImages/44744_Brunner_due_Paulaner2_Hofmann_50_XL.jpg.webp?itok=_DMpOkSx -> due_Bistro_chair_3808\image_8.jpg
Starting download with Playwright: https://live-brunner.pantheonsite.io/sites/default/files/styles/original_webp/public/oldImages/44744_Brunner_due_Paulaner2_Hofmann_50_XL.jpg.webp?itok=MDi5aVKo
Finished download: https://live-brunner.pantheonsite.io/sites/default/files/styles/original_webp/public/oldImages/44744_Brunner_due_Paulaner2_Hofmann_50_XL.jpg.webp?itok=MDi5aVKo -> due_Bistro_chair_3808\image_9.jpg
Starting download with Playwright: https://live-brunner.pantheonsite.io/sites/default/files/styles/sm/public/oldImages/97806_due_3808_3808A_3861_0_Buche_hell_Kunststoff_lava_Loc%20Kopie_XL.jpg.webp?itok=qrA8emtE
Finished download: https://live-brunner.pantheonsite.io/sites/default/files/styles/sm/public/oldImages/97806_due_3808_3808A_3861_0_Buche_hell_Kunststoff_lava_Loc%20Kopie_XL.jpg.webp?itok=qrA8emtE -> due_Bistro_chair_3808\image_10.jpg
Starting download with Playwright: https://live-brunner.pantheonsite.io/sites/default/files/styles/lg/public/oldImages/97806_due_3808_3808A_3861_0_Buche_hell_Kunststoff_lava_Loc%20Kopie_XL.jpg.webp?itok=_nJ_sjyU
Finished download: https://live-brunner.pantheonsite.io/sites/default/files/styles/lg/public/oldImages/97806_due_3808_3808A_3861_0_Buche_hell_Kunststoff_lava_Loc%20Kopie_XL.jpg.webp?itok=_nJ_sjyU -> due_Bistro_chair_3808\image_11.jpg
Starting download with Playwright: https://live-brunner.pantheonsite.io/sites/default/files/styles/original_webp/public/oldImages/97806_due_3808_3808A_3861_0_Buche_hell_Kunststoff_lava_Loc%20Kopie_XL.jpg.webp?itok=gOvsZ4Rn
Finished download: https://live-brunner.pantheonsite.io/sites/default/files/styles/original_webp/public/oldImages/97806_due_3808_3808A_3861_0_Buche_hell_Kunststoff_lava_Loc%20Kopie_XL.jpg.webp?itok=gOvsZ4Rn -> due_Bistro_chair_3808\image_12.jpg
Starting download with Playwright: https://live-brunner.pantheonsite.io/sites/default/files/styles/sm/public/oldImages/54902_due_3808A_XL.jpg.webp?itok=H1w7buUa
Finished download: https://live-brunner.pantheonsite.io/sites/default/files/styles/sm/public/oldImages/54902_due_3808A_XL.jpg.webp?itok=H1w7buUa -> due_Bistro_chair_3808\image_13.jpg
Starting download with Playwright: https://live-brunner.pantheonsite.io/sites/default/files/styles/lg/public/oldImages/54902_due_3808A_XL.jpg.webp?itok=-LB70imG
Finished download: https://live-brunner.pantheonsite.io/sites/default/files/styles/lg/public/oldImages/54902_due_3808A_XL.jpg.webp?itok=-LB70imG -> due_Bistro_chair_3808\image_14.jpg
Starting download with Playwright: https://live-brunner.pantheonsite.io/sites/default/files/styles/original_webp/public/oldImages/54902_due_3808A_XL.jpg.webp?itok=VT6UsI5B
Finished download: https://live-brunner.pantheonsite.io/sites/default/files/styles/original_webp/public/oldImages/54902_due_3808A_XL.jpg.webp?itok=VT6UsI5B -> due_Bistro_chair_3808\image_15.jpg
Completed image downloads for product due_Bistro_chair_3808
Extracting features for product due_Bistro_chair_3808...
Features saved for product due_Bistro_chair_3808
Attempting to access Downloads tab for product due_Bistro_chair_3808...
Starting download of PDF: https://live-brunner.pantheonsite.io/sites/default/files/oldPdfs/Produktdatenblaetter/Produktdatenblaetter_EN/due_Brunner_product_data_sheet_EN.pdf
Downloaded product_sheet.pdf for product due_Bistro_chair_3808
Opening URL for product feel_Stacking_chair_8640: https://brunner-group.com/en/products/feel-stacking-chair/?variant=8640
Images detected on page for feel_Stacking_chair_8640, scrolling to load them...
Successfully opened URL for product feel_Stacking_chair_8640
Extracting images for product feel_Stacking_chair_8640...
Found 45 images for product feel_Stacking_chair_8640
Starting download with Playwright: https://live-brunner.pantheonsite.io/sites/default/files/styles/sm/public/oldImages/105177_Brunner_feel_8636_8640_8670_2_HD_XL.jpg.webp?itok=Bw4COjZH
Finished download: https://live-brunner.pantheonsite.io/sites/default/files/styles/sm/public/oldImages/105177_Brunner_feel_8636_8640_8670_2_HD_XL.jpg.webp?itok=Bw4COjZH -> feel_Stacking_chair_8640\image_1.jpg
Starting download with Playwright: https://live-brunner.pantheonsite.io/sites/default/files/styles/lg/public/oldImages/105177_Brunner_feel_8636_8640_8670_2_HD_XL.jpg.webp?itok=KhOQMFIW
Finished download: https://live-brunner.pantheonsite.io/sites/default/files/styles/lg/public/oldImages/105177_Brunner_feel_8636_8640_8670_2_HD_XL.jpg.webp?itok=KhOQMFIW -> feel_Stacking_chair_8640\image_2.jpg
Starting download with Playwright: https://live-brunner.pantheonsite.io/sites/default/files/styles/original_webp/public/oldImages/105177_Brunner_feel_8636_8640_8670_2_HD_XL.jpg.webp?itok=6d8_1zHu
Finished download: https://live-brunner.pantheonsite.io/sites/default/files/styles/original_webp/public/oldImages/105177_Brunner_feel_8636_8640_8670_2_HD_XL.jpg.webp?itok=6d8_1zHu -> feel_Stacking_chair_8640\image_3.jpg
Starting download with Playwright: https://live-brunner.pantheonsite.io/sites/default/files/styles/sm/public/oldImages/110872_Brunner_feel_8634_03_HD_XL.jpg.webp?itok=qMx3CJ8N
Finished download: https://live-brunner.pantheonsite.io/sites/default/files/styles/sm/public/oldImages/110872_Brunner_feel_8634_03_HD_XL.jpg.webp?itok=qMx3CJ8N -> feel_Stacking_chair_8640\image_4.jpg
Starting download with Playwright: https://live-brunner.pantheonsite.io/sites/default/files/styles/lg/public/oldImages/110872_Brunner_feel_8634_03_HD_XL.jpg.webp?itok=Jk6bZ-gl
Finished download: https://live-brunner.pantheonsite.io/sites/default/files/styles/lg/public/oldImages/110872_Brunner_feel_8634_03_HD_XL.jpg.webp?itok=Jk6bZ-gl -> feel_Stacking_chair_8640\image_5.jpg
Starting download with Playwright: https://live-brunner.pantheonsite.io/sites/default/files/styles/original_webp/public/oldImages/110872_Brunner_feel_8634_03_HD_XL.jpg.webp?itok=PG9ml8NN
Finished download: https://live-brunner.pantheonsite.io/sites/default/files/styles/original_webp/public/oldImages/110872_Brunner_feel_8634_03_HD_XL.jpg.webp?itok=PG9ml8NN -> feel_Stacking_chair_8640\image_6.jpg
Starting download with Playwright: https://live-brunner.pantheonsite.io/sites/default/files/styles/sm/public/oldImages/105183_Brunner_feel_8636_8640_HD_XL.jpg.webp?itok=7ZWxcCBG
Finished download: https://live-brunner.pantheonsite.io/sites/default/files/styles/sm/public/oldImages/105183_Brunner_feel_8636_8640_HD_XL.jpg.webp?itok=7ZWxcCBG -> feel_Stacking_chair_8640\image_7.jpg
Starting download with Playwright: https://live-brunner.pantheonsite.io/sites/default/files/styles/lg/public/oldImages/105183_Brunner_feel_8636_8640_HD_XL.jpg.webp?itok=a3qQDrSd
Finished download: https://live-brunner.pantheonsite.io/sites/default/files/styles/lg/public/oldImages/105183_Brunner_feel_8636_8640_HD_XL.jpg.webp?itok=a3qQDrSd -> feel_Stacking_chair_8640\image_8.jpg
Starting download with Playwright: https://live-brunner.pantheonsite.io/sites/default/files/styles/original_webp/public/oldImages/105183_Brunner_feel_8636_8640_HD_XL.jpg.webp?itok=WNcOqVrH
Finished download: https://live-brunner.pantheonsite.io/sites/default/files/styles/original_webp/public/oldImages/105183_Brunner_feel_8636_8640_HD_XL.jpg.webp?itok=WNcOqVrH -> feel_Stacking_chair_8640\image_9.jpg
Starting download with Playwright: https://live-brunner.pantheonsite.io/sites/default/files/styles/sm/public/oldImages/105185_Brunner_feel_8636_4_HD_XL.jpg.webp?itok=KRea-KBj
Finished download: https://live-brunner.pantheonsite.io/sites/default/files/styles/sm/public/oldImages/105185_Brunner_feel_8636_4_HD_XL.jpg.webp?itok=KRea-KBj -> feel_Stacking_chair_8640\image_10.jpg
Starting download with Playwright: https://live-brunner.pantheonsite.io/sites/default/files/styles/lg/public/oldImages/105185_Brunner_feel_8636_4_HD_XL.jpg.webp?itok=LyfD5nFY
Finished download: https://live-brunner.pantheonsite.io/sites/default/files/styles/lg/public/oldImages/105185_Brunner_feel_8636_4_HD_XL.jpg.webp?itok=LyfD5nFY -> feel_Stacking_chair_8640\image_11.jpg
Starting download with Playwright: https://live-brunner.pantheonsite.io/sites/default/files/styles/original_webp/public/oldImages/105185_Brunner_feel_8636_4_HD_XL.jpg.webp?itok=1o7Ium7T
Finished download: https://live-brunner.pantheonsite.io/sites/default/files/styles/original_webp/public/oldImages/105185_Brunner_feel_8636_4_HD_XL.jpg.webp?itok=1o7Ium7T -> feel_Stacking_chair_8640\image_12.jpg
Starting download with Playwright: https://live-brunner.pantheonsite.io/sites/default/files/styles/sm/public/oldImages/110875_Brunner_feel_8640_Schiebebuegel_001_HD_XL.jpg.webp?itok=8RRCaS_y
Finished download: https://live-brunner.pantheonsite.io/sites/default/files/styles/sm/public/oldImages/110875_Brunner_feel_8640_Schiebebuegel_001_HD_XL.jpg.webp?itok=8RRCaS_y -> feel_Stacking_chair_8640\image_13.jpg
Starting download with Playwright: https://live-brunner.pantheonsite.io/sites/default/files/styles/lg/public/oldImages/110875_Brunner_feel_8640_Schiebebuegel_001_HD_XL.jpg.webp?itok=JT53bnDd
Finished download: https://live-brunner.pantheonsite.io/sites/default/files/styles/lg/public/oldImages/110875_Brunner_feel_8640_Schiebebuegel_001_HD_XL.jpg.webp?itok=JT53bnDd -> feel_Stacking_chair_8640\image_14.jpg
Starting download with Playwright: https://live-brunner.pantheonsite.io/sites/default/files/styles/original_webp/public/oldImages/110875_Brunner_feel_8640_Schiebebuegel_001_HD_XL.jpg.webp?itok=_D1wtJ1N
Finished download: https://live-brunner.pantheonsite.io/sites/default/files/styles/original_webp/public/oldImages/110875_Brunner_feel_8640_Schiebebuegel_001_HD_XL.jpg.webp?itok=_D1wtJ1N -> feel_Stacking_chair_8640\image_15.jpg
Starting download with Playwright: https://live-brunner.pantheonsite.io/sites/default/files/styles/sm/public/oldImages/105181_Brunner_feel_8640_8670_3_HD_XL.jpg.webp?itok=Myts5iaO
Finished download: https://live-brunner.pantheonsite.io/sites/default/files/styles/sm/public/oldImages/105181_Brunner_feel_8640_8670_3_HD_XL.jpg.webp?itok=Myts5iaO -> feel_Stacking_chair_8640\image_16.jpg
Starting download with Playwright: https://live-brunner.pantheonsite.io/sites/default/files/styles/lg/public/oldImages/105181_Brunner_feel_8640_8670_3_HD_XL.jpg.webp?itok=npAmAnSY
Finished download: https://live-brunner.pantheonsite.io/sites/default/files/styles/lg/public/oldImages/105181_Brunner_feel_8640_8670_3_HD_XL.jpg.webp?itok=npAmAnSY -> feel_Stacking_chair_8640\image_17.jpg
Starting download with Playwright: https://live-brunner.pantheonsite.io/sites/default/files/styles/original_webp/public/oldImages/105181_Brunner_feel_8640_8670_3_HD_XL.jpg.webp?itok=Alvv8iQp
Finished download: https://live-brunner.pantheonsite.io/sites/default/files/styles/original_webp/public/oldImages/105181_Brunner_feel_8640_8670_3_HD_XL.jpg.webp?itok=Alvv8iQp -> feel_Stacking_chair_8640\image_18.jpg
Starting download with Playwright: https://live-brunner.pantheonsite.io/sites/default/files/styles/sm/public/oldImages/105189_Brunner_feel_8636_8670_6_HD_XL.jpg.webp?itok=V8yEip9X
Finished download: https://live-brunner.pantheonsite.io/sites/default/files/styles/sm/public/oldImages/105189_Brunner_feel_8636_8670_6_HD_XL.jpg.webp?itok=V8yEip9X -> feel_Stacking_chair_8640\image_19.jpg
Starting download with Playwright: https://live-brunner.pantheonsite.io/sites/default/files/styles/lg/public/oldImages/105189_Brunner_feel_8636_8670_6_HD_XL.jpg.webp?itok=0L0LLdK1
Finished download: https://live-brunner.pantheonsite.io/sites/default/files/styles/lg/public/oldImages/105189_Brunner_feel_8636_8670_6_HD_XL.jpg.webp?itok=0L0LLdK1 -> feel_Stacking_chair_8640\image_20.jpg
Starting download with Playwright: https://live-brunner.pantheonsite.io/sites/default/files/styles/original_webp/public/oldImages/105189_Brunner_feel_8636_8670_6_HD_XL.jpg.webp?itok=_Vh7zGuV
Finished download: https://live-brunner.pantheonsite.io/sites/default/files/styles/original_webp/public/oldImages/105189_Brunner_feel_8636_8670_6_HD_XL.jpg.webp?itok=_Vh7zGuV -> feel_Stacking_chair_8640\image_21.jpg
Starting download with Playwright: https://live-brunner.pantheonsite.io/sites/default/files/styles/sm/public/oldImages/105187_Brunner_feel_8636_8670_4_HD_XL.jpg.webp?itok=e4_eckbZ
Finished download: https://live-brunner.pantheonsite.io/sites/default/files/styles/sm/public/oldImages/105187_Brunner_feel_8636_8670_4_HD_XL.jpg.webp?itok=e4_eckbZ -> feel_Stacking_chair_8640\image_22.jpg
Starting download with Playwright: https://live-brunner.pantheonsite.io/sites/default/files/styles/lg/public/oldImages/105187_Brunner_feel_8636_8670_4_HD_XL.jpg.webp?itok=RmR2vQIx
Finished download: https://live-brunner.pantheonsite.io/sites/default/files/styles/lg/public/oldImages/105187_Brunner_feel_8636_8670_4_HD_XL.jpg.webp?itok=RmR2vQIx -> feel_Stacking_chair_8640\image_23.jpg
Starting download with Playwright: https://live-brunner.pantheonsite.io/sites/default/files/styles/original_webp/public/oldImages/105187_Brunner_feel_8636_8670_4_HD_XL.jpg.webp?itok=D4V4GJuf
Finished download: https://live-brunner.pantheonsite.io/sites/default/files/styles/original_webp/public/oldImages/105187_Brunner_feel_8636_8670_4_HD_XL.jpg.webp?itok=D4V4GJuf -> feel_Stacking_chair_8640\image_24.jpg
Starting download with Playwright: https://live-brunner.pantheonsite.io/sites/default/files/styles/sm/public/oldImages/105174_Brunner_feel_8636_8670_2_HD_XL.jpg.webp?itok=-6oUZVW6
Finished download: https://live-brunner.pantheonsite.io/sites/default/files/styles/sm/public/oldImages/105174_Brunner_feel_8636_8670_2_HD_XL.jpg.webp?itok=-6oUZVW6 -> feel_Stacking_chair_8640\image_25.jpg
Starting download with Playwright: https://live-brunner.pantheonsite.io/sites/default/files/styles/lg/public/oldImages/105174_Brunner_feel_8636_8670_2_HD_XL.jpg.webp?itok=FYhi5d5U
Finished download: https://live-brunner.pantheonsite.io/sites/default/files/styles/lg/public/oldImages/105174_Brunner_feel_8636_8670_2_HD_XL.jpg.webp?itok=FYhi5d5U -> feel_Stacking_chair_8640\image_26.jpg
Starting download with Playwright: https://live-brunner.pantheonsite.io/sites/default/files/styles/original_webp/public/oldImages/105174_Brunner_feel_8636_8670_2_HD_XL.jpg.webp?itok=f6PPNIwI
Finished download: https://live-brunner.pantheonsite.io/sites/default/files/styles/original_webp/public/oldImages/105174_Brunner_feel_8636_8670_2_HD_XL.jpg.webp?itok=f6PPNIwI -> feel_Stacking_chair_8640\image_27.jpg
Starting download with Playwright: https://live-brunner.pantheonsite.io/sites/default/files/styles/sm/public/oldImages/105178_Brunner_feel_8636_8640_8670_HD_XL.jpg.webp?itok=R-Xmiitg
Finished download: https://live-brunner.pantheonsite.io/sites/default/files/styles/sm/public/oldImages/105178_Brunner_feel_8636_8640_8670_HD_XL.jpg.webp?itok=R-Xmiitg -> feel_Stacking_chair_8640\image_28.jpg
Starting download with Playwright: https://live-brunner.pantheonsite.io/sites/default/files/styles/lg/public/oldImages/105178_Brunner_feel_8636_8640_8670_HD_XL.jpg.webp?itok=IwhhGPCs
Finished download: https://live-brunner.pantheonsite.io/sites/default/files/styles/lg/public/oldImages/105178_Brunner_feel_8636_8640_8670_HD_XL.jpg.webp?itok=IwhhGPCs -> feel_Stacking_chair_8640\image_29.jpg
Starting download with Playwright: https://live-brunner.pantheonsite.io/sites/default/files/styles/original_webp/public/oldImages/105178_Brunner_feel_8636_8640_8670_HD_XL.jpg.webp?itok=709W0qhc
Finished download: https://live-brunner.pantheonsite.io/sites/default/files/styles/original_webp/public/oldImages/105178_Brunner_feel_8636_8640_8670_HD_XL.jpg.webp?itok=709W0qhc -> feel_Stacking_chair_8640\image_30.jpg
Starting download with Playwright: https://live-brunner.pantheonsite.io/sites/default/files/styles/sm/public/oldImages/105176_Brunner_feel_8636_8640_8670_3_HD_XL.jpg.webp?itok=5s5Z6pjg
Finished download: https://live-brunner.pantheonsite.io/sites/default/files/styles/sm/public/oldImages/105176_Brunner_feel_8636_8640_8670_3_HD_XL.jpg.webp?itok=5s5Z6pjg -> feel_Stacking_chair_8640\image_31.jpg
Starting download with Playwright: https://live-brunner.pantheonsite.io/sites/default/files/styles/lg/public/oldImages/105176_Brunner_feel_8636_8640_8670_3_HD_XL.jpg.webp?itok=43NiGZFR
Finished download: https://live-brunner.pantheonsite.io/sites/default/files/styles/lg/public/oldImages/105176_Brunner_feel_8636_8640_8670_3_HD_XL.jpg.webp?itok=43NiGZFR -> feel_Stacking_chair_8640\image_32.jpg
Starting download with Playwright: https://live-brunner.pantheonsite.io/sites/default/files/styles/original_webp/public/oldImages/105176_Brunner_feel_8636_8640_8670_3_HD_XL.jpg.webp?itok=aNSsBKLq
Finished download: https://live-brunner.pantheonsite.io/sites/default/files/styles/original_webp/public/oldImages/105176_Brunner_feel_8636_8640_8670_3_HD_XL.jpg.webp?itok=aNSsBKLq -> feel_Stacking_chair_8640\image_33.jpg
Starting download with Playwright: https://live-brunner.pantheonsite.io/sites/default/files/styles/sm/public/oldImages/105172_Brunner_feel_8636_8670_10_HD_XL.jpg.webp?itok=26IMG5jx
Finished download: https://live-brunner.pantheonsite.io/sites/default/files/styles/sm/public/oldImages/105172_Brunner_feel_8636_8670_10_HD_XL.jpg.webp?itok=26IMG5jx -> feel_Stacking_chair_8640\image_34.jpg
Starting download with Playwright: https://live-brunner.pantheonsite.io/sites/default/files/styles/lg/public/oldImages/105172_Brunner_feel_8636_8670_10_HD_XL.jpg.webp?itok=NvEQZ8Qo
Finished download: https://live-brunner.pantheonsite.io/sites/default/files/styles/lg/public/oldImages/105172_Brunner_feel_8636_8670_10_HD_XL.jpg.webp?itok=NvEQZ8Qo -> feel_Stacking_chair_8640\image_35.jpg
Starting download with Playwright: https://live-brunner.pantheonsite.io/sites/default/files/styles/original_webp/public/oldImages/105172_Brunner_feel_8636_8670_10_HD_XL.jpg.webp?itok=qfd6oe6V
Finished download: https://live-brunner.pantheonsite.io/sites/default/files/styles/original_webp/public/oldImages/105172_Brunner_feel_8636_8670_10_HD_XL.jpg.webp?itok=qfd6oe6V -> feel_Stacking_chair_8640\image_36.jpg
Starting download with Playwright: https://live-brunner.pantheonsite.io/sites/default/files/styles/sm/public/oldImages/105184_Brunner_feel_8636_8_HD_XL.jpg.webp?itok=azWNrGaI
Finished download: https://live-brunner.pantheonsite.io/sites/default/files/styles/sm/public/oldImages/105184_Brunner_feel_8636_8_HD_XL.jpg.webp?itok=azWNrGaI -> feel_Stacking_chair_8640\image_37.jpg
Starting download with Playwright: https://live-brunner.pantheonsite.io/sites/default/files/styles/lg/public/oldImages/105184_Brunner_feel_8636_8_HD_XL.jpg.webp?itok=IIDwd5nA
Finished download: https://live-brunner.pantheonsite.io/sites/default/files/styles/lg/public/oldImages/105184_Brunner_feel_8636_8_HD_XL.jpg.webp?itok=IIDwd5nA -> feel_Stacking_chair_8640\image_38.jpg
Starting download with Playwright: https://live-brunner.pantheonsite.io/sites/default/files/styles/original_webp/public/oldImages/105184_Brunner_feel_8636_8_HD_XL.jpg.webp?itok=tDSb4AM6
Finished download: https://live-brunner.pantheonsite.io/sites/default/files/styles/original_webp/public/oldImages/105184_Brunner_feel_8636_8_HD_XL.jpg.webp?itok=tDSb4AM6 -> feel_Stacking_chair_8640\image_39.jpg
Starting download with Playwright: https://live-brunner.pantheonsite.io/sites/default/files/styles/sm/public/oldImages/110873_Brunner_feel_8640_Rollen_03_HD_XL.jpg.webp?itok=PqV6Kn6P
Finished download: https://live-brunner.pantheonsite.io/sites/default/files/styles/sm/public/oldImages/110873_Brunner_feel_8640_Rollen_03_HD_XL.jpg.webp?itok=PqV6Kn6P -> feel_Stacking_chair_8640\image_40.jpg
Starting download with Playwright: https://live-brunner.pantheonsite.io/sites/default/files/styles/lg/public/oldImages/110873_Brunner_feel_8640_Rollen_03_HD_XL.jpg.webp?itok=LaPhmaK6
Finished download: https://live-brunner.pantheonsite.io/sites/default/files/styles/lg/public/oldImages/110873_Brunner_feel_8640_Rollen_03_HD_XL.jpg.webp?itok=LaPhmaK6 -> feel_Stacking_chair_8640\image_41.jpg
Starting download with Playwright: https://live-brunner.pantheonsite.io/sites/default/files/styles/original_webp/public/oldImages/110873_Brunner_feel_8640_Rollen_03_HD_XL.jpg.webp?itok=eDxoW_6k
Finished download: https://live-brunner.pantheonsite.io/sites/default/files/styles/original_webp/public/oldImages/110873_Brunner_feel_8640_Rollen_03_HD_XL.jpg.webp?itok=eDxoW_6k -> feel_Stacking_chair_8640\image_42.jpg
Starting download with Playwright: https://live-brunner.pantheonsite.io/sites/default/files/styles/sm/public/oldImages/110874_Brunner_feel_8640_Rollen_Detail_03_HD_XL.jpg.webp?itok=IEsIIYKP
Finished download: https://live-brunner.pantheonsite.io/sites/default/files/styles/sm/public/oldImages/110874_Brunner_feel_8640_Rollen_Detail_03_HD_XL.jpg.webp?itok=IEsIIYKP -> feel_Stacking_chair_8640\image_43.jpg
Starting download with Playwright: https://live-brunner.pantheonsite.io/sites/default/files/styles/lg/public/oldImages/110874_Brunner_feel_8640_Rollen_Detail_03_HD_XL.jpg.webp?itok=uHnvnOBF
Finished download: https://live-brunner.pantheonsite.io/sites/default/files/styles/lg/public/oldImages/110874_Brunner_feel_8640_Rollen_Detail_03_HD_XL.jpg.webp?itok=uHnvnOBF -> feel_Stacking_chair_8640\image_44.jpg
Starting download with Playwright: https://live-brunner.pantheonsite.io/sites/default/files/styles/original_webp/public/oldImages/110874_Brunner_feel_8640_Rollen_Detail_03_HD_XL.jpg.webp?itok=TeTJVzoL
Finished download: https://live-brunner.pantheonsite.io/sites/default/files/styles/original_webp/public/oldImages/110874_Brunner_feel_8640_Rollen_Detail_03_HD_XL.jpg.webp?itok=TeTJVzoL -> feel_Stacking_chair_8640\image_45.jpg
Completed image downloads for product feel_Stacking_chair_8640
Extracting features for product feel_Stacking_chair_8640...
Features saved for product feel_Stacking_chair_8640
Attempting to access Downloads tab for product feel_Stacking_chair_8640...
Starting download of PDF: https://live-brunner.pantheonsite.io/sites/default/files/oldPdfs/Produktdatenblaetter/Produktdatenblaetter_EN/Brunner_product_data_sheet_feel_EN.pdf
Downloaded product_sheet.pdf for product feel_Stacking_chair_8640
Opening URL for product feel_Recliner_chair_8656: https://brunner-group.com/en/products/feel-armchair/?variant=8656
Images detected on page for feel_Recliner_chair_8656, scrolling to load them...
Successfully opened URL for product feel_Recliner_chair_8656
Extracting images for product feel_Recliner_chair_8656...
Found 30 images for product feel_Recliner_chair_8656
Starting download with Playwright: https://live-brunner.pantheonsite.io/sites/default/files/styles/sm/public/oldImages/105168_Brunner_feel_8656_8646_8692_3_HD_XL.jpg.webp?itok=mTNFpt75
Finished download: https://live-brunner.pantheonsite.io/sites/default/files/styles/sm/public/oldImages/105168_Brunner_feel_8656_8646_8692_3_HD_XL.jpg.webp?itok=mTNFpt75 -> feel_Recliner_chair_8656\image_1.jpg
Starting download with Playwright: https://live-brunner.pantheonsite.io/sites/default/files/styles/lg/public/oldImages/105168_Brunner_feel_8656_8646_8692_3_HD_XL.jpg.webp?itok=dF4UANBu
Finished download: https://live-brunner.pantheonsite.io/sites/default/files/styles/lg/public/oldImages/105168_Brunner_feel_8656_8646_8692_3_HD_XL.jpg.webp?itok=dF4UANBu -> feel_Recliner_chair_8656\image_2.jpg
Starting download with Playwright: https://live-brunner.pantheonsite.io/sites/default/files/styles/original_webp/public/oldImages/105168_Brunner_feel_8656_8646_8692_3_HD_XL.jpg.webp?itok=Dh-7W-jE
Finished download: https://live-brunner.pantheonsite.io/sites/default/files/styles/original_webp/public/oldImages/105168_Brunner_feel_8656_8646_8692_3_HD_XL.jpg.webp?itok=Dh-7W-jE -> feel_Recliner_chair_8656\image_3.jpg
Starting download with Playwright: https://live-brunner.pantheonsite.io/sites/default/files/styles/sm/public/oldImages/105165_Brunner_feel_8646_HD_XL.jpg.webp?itok=_6vHez4U
Finished download: https://live-brunner.pantheonsite.io/sites/default/files/styles/sm/public/oldImages/105165_Brunner_feel_8646_HD_XL.jpg.webp?itok=_6vHez4U -> feel_Recliner_chair_8656\image_4.jpg
Starting download with Playwright: https://live-brunner.pantheonsite.io/sites/default/files/styles/lg/public/oldImages/105165_Brunner_feel_8646_HD_XL.jpg.webp?itok=xzzALtQ0
Finished download: https://live-brunner.pantheonsite.io/sites/default/files/styles/lg/public/oldImages/105165_Brunner_feel_8646_HD_XL.jpg.webp?itok=xzzALtQ0 -> feel_Recliner_chair_8656\image_5.jpg
Starting download with Playwright: https://live-brunner.pantheonsite.io/sites/default/files/styles/original_webp/public/oldImages/105165_Brunner_feel_8646_HD_XL.jpg.webp?itok=Uz2OgYY2
Finished download: https://live-brunner.pantheonsite.io/sites/default/files/styles/original_webp/public/oldImages/105165_Brunner_feel_8646_HD_XL.jpg.webp?itok=Uz2OgYY2 -> feel_Recliner_chair_8656\image_6.jpg
Starting download with Playwright: https://live-brunner.pantheonsite.io/sites/default/files/styles/sm/public/oldImages/105161_Brunner_feel_8656_8646_HD_XL.jpg.webp?itok=GyJ1KSZT
Finished download: https://live-brunner.pantheonsite.io/sites/default/files/styles/sm/public/oldImages/105161_Brunner_feel_8656_8646_HD_XL.jpg.webp?itok=GyJ1KSZT -> feel_Recliner_chair_8656\image_7.jpg
Starting download with Playwright: https://live-brunner.pantheonsite.io/sites/default/files/styles/lg/public/oldImages/105161_Brunner_feel_8656_8646_HD_XL.jpg.webp?itok=8jwKqn1C
Finished download: https://live-brunner.pantheonsite.io/sites/default/files/styles/lg/public/oldImages/105161_Brunner_feel_8656_8646_HD_XL.jpg.webp?itok=8jwKqn1C -> feel_Recliner_chair_8656\image_8.jpg
Starting download with Playwright: https://live-brunner.pantheonsite.io/sites/default/files/styles/original_webp/public/oldImages/105161_Brunner_feel_8656_8646_HD_XL.jpg.webp?itok=EFWW6ebV
Finished download: https://live-brunner.pantheonsite.io/sites/default/files/styles/original_webp/public/oldImages/105161_Brunner_feel_8656_8646_HD_XL.jpg.webp?itok=EFWW6ebV -> feel_Recliner_chair_8656\image_9.jpg
Starting download with Playwright: https://live-brunner.pantheonsite.io/sites/default/files/styles/sm/public/oldImages/110868_Brunner_feel_8656_mit_Nackenkissen_03_HD_XL.jpg.webp?itok=rY2AkcZD
Finished download: https://live-brunner.pantheonsite.io/sites/default/files/styles/sm/public/oldImages/110868_Brunner_feel_8656_mit_Nackenkissen_03_HD_XL.jpg.webp?itok=rY2AkcZD -> feel_Recliner_chair_8656\image_10.jpg
Starting download with Playwright: https://live-brunner.pantheonsite.io/sites/default/files/styles/lg/public/oldImages/110868_Brunner_feel_8656_mit_Nackenkissen_03_HD_XL.jpg.webp?itok=EsWDafYW
Finished download: https://live-brunner.pantheonsite.io/sites/default/files/styles/lg/public/oldImages/110868_Brunner_feel_8656_mit_Nackenkissen_03_HD_XL.jpg.webp?itok=EsWDafYW -> feel_Recliner_chair_8656\image_11.jpg
Starting download with Playwright: https://live-brunner.pantheonsite.io/sites/default/files/styles/original_webp/public/oldImages/110868_Brunner_feel_8656_mit_Nackenkissen_03_HD_XL.jpg.webp?itok=lW0Q40Or
Finished download: https://live-brunner.pantheonsite.io/sites/default/files/styles/original_webp/public/oldImages/110868_Brunner_feel_8656_mit_Nackenkissen_03_HD_XL.jpg.webp?itok=lW0Q40Or -> feel_Recliner_chair_8656\image_12.jpg
Starting download with Playwright: https://live-brunner.pantheonsite.io/sites/default/files/styles/sm/public/oldImages/105164_Brunner_feel_8646_Grau_Schatten_HD_XL.jpg.webp?itok=0Wv96rAh
Finished download: https://live-brunner.pantheonsite.io/sites/default/files/styles/sm/public/oldImages/105164_Brunner_feel_8646_Grau_Schatten_HD_XL.jpg.webp?itok=0Wv96rAh -> feel_Recliner_chair_8656\image_13.jpg
Starting download with Playwright: https://live-brunner.pantheonsite.io/sites/default/files/styles/lg/public/oldImages/105164_Brunner_feel_8646_Grau_Schatten_HD_XL.jpg.webp?itok=OXVx7976
Finished download: https://live-brunner.pantheonsite.io/sites/default/files/styles/lg/public/oldImages/105164_Brunner_feel_8646_Grau_Schatten_HD_XL.jpg.webp?itok=OXVx7976 -> feel_Recliner_chair_8656\image_14.jpg
Starting download with Playwright: https://live-brunner.pantheonsite.io/sites/default/files/styles/original_webp/public/oldImages/105164_Brunner_feel_8646_Grau_Schatten_HD_XL.jpg.webp?itok=NkN93vp8
Finished download: https://live-brunner.pantheonsite.io/sites/default/files/styles/original_webp/public/oldImages/105164_Brunner_feel_8646_Grau_Schatten_HD_XL.jpg.webp?itok=NkN93vp8 -> feel_Recliner_chair_8656\image_15.jpg
Starting download with Playwright: https://live-brunner.pantheonsite.io/sites/default/files/styles/sm/public/oldImages/110869_Brunner_feel_8642_03_HD_XL.jpg.webp?itok=Thz5gpJD
Finished download: https://live-brunner.pantheonsite.io/sites/default/files/styles/sm/public/oldImages/110869_Brunner_feel_8642_03_HD_XL.jpg.webp?itok=Thz5gpJD -> feel_Recliner_chair_8656\image_16.jpg
Starting download with Playwright: https://live-brunner.pantheonsite.io/sites/default/files/styles/lg/public/oldImages/110869_Brunner_feel_8642_03_HD_XL.jpg.webp?itok=prJFbVu1
Finished download: https://live-brunner.pantheonsite.io/sites/default/files/styles/lg/public/oldImages/110869_Brunner_feel_8642_03_HD_XL.jpg.webp?itok=prJFbVu1 -> feel_Recliner_chair_8656\image_17.jpg
Starting download with Playwright: https://live-brunner.pantheonsite.io/sites/default/files/styles/original_webp/public/oldImages/110869_Brunner_feel_8642_03_HD_XL.jpg.webp?itok=HtUok9y5
Finished download: https://live-brunner.pantheonsite.io/sites/default/files/styles/original_webp/public/oldImages/110869_Brunner_feel_8642_03_HD_XL.jpg.webp?itok=HtUok9y5 -> feel_Recliner_chair_8656\image_18.jpg
Starting download with Playwright: https://live-brunner.pantheonsite.io/sites/default/files/styles/sm/public/oldImages/110870_Brunner_feel_8656_8646_8692_02_HD_XL.jpg.webp?itok=dNzxvB_c
Finished download: https://live-brunner.pantheonsite.io/sites/default/files/styles/sm/public/oldImages/110870_Brunner_feel_8656_8646_8692_02_HD_XL.jpg.webp?itok=dNzxvB_c -> feel_Recliner_chair_8656\image_19.jpg
Starting download with Playwright: https://live-brunner.pantheonsite.io/sites/default/files/styles/lg/public/oldImages/110870_Brunner_feel_8656_8646_8692_02_HD_XL.jpg.webp?itok=q8W0LcAA
Finished download: https://live-brunner.pantheonsite.io/sites/default/files/styles/lg/public/oldImages/110870_Brunner_feel_8656_8646_8692_02_HD_XL.jpg.webp?itok=q8W0LcAA -> feel_Recliner_chair_8656\image_20.jpg
Starting download with Playwright: https://live-brunner.pantheonsite.io/sites/default/files/styles/original_webp/public/oldImages/110870_Brunner_feel_8656_8646_8692_02_HD_XL.jpg.webp?itok=NPxFt71N
Finished download: https://live-brunner.pantheonsite.io/sites/default/files/styles/original_webp/public/oldImages/110870_Brunner_feel_8656_8646_8692_02_HD_XL.jpg.webp?itok=NPxFt71N -> feel_Recliner_chair_8656\image_21.jpg
Starting download with Playwright: https://live-brunner.pantheonsite.io/sites/default/files/styles/sm/public/oldImages/105163_Brunner_feel_8656_HD_XL.jpg.webp?itok=P-s73KS9
Finished download: https://live-brunner.pantheonsite.io/sites/default/files/styles/sm/public/oldImages/105163_Brunner_feel_8656_HD_XL.jpg.webp?itok=P-s73KS9 -> feel_Recliner_chair_8656\image_22.jpg
Starting download with Playwright: https://live-brunner.pantheonsite.io/sites/default/files/styles/lg/public/oldImages/105163_Brunner_feel_8656_HD_XL.jpg.webp?itok=OH2RM4IT
Finished download: https://live-brunner.pantheonsite.io/sites/default/files/styles/lg/public/oldImages/105163_Brunner_feel_8656_HD_XL.jpg.webp?itok=OH2RM4IT -> feel_Recliner_chair_8656\image_23.jpg
Starting download with Playwright: https://live-brunner.pantheonsite.io/sites/default/files/styles/original_webp/public/oldImages/105163_Brunner_feel_8656_HD_XL.jpg.webp?itok=lBPU4HxR
Finished download: https://live-brunner.pantheonsite.io/sites/default/files/styles/original_webp/public/oldImages/105163_Brunner_feel_8656_HD_XL.jpg.webp?itok=lBPU4HxR -> feel_Recliner_chair_8656\image_24.jpg
Starting download with Playwright: https://live-brunner.pantheonsite.io/sites/default/files/styles/sm/public/oldImages/105162_Brunner_feel_8656_2_HD_XL.jpg.webp?itok=mABXFfz-
Finished download: https://live-brunner.pantheonsite.io/sites/default/files/styles/sm/public/oldImages/105162_Brunner_feel_8656_2_HD_XL.jpg.webp?itok=mABXFfz- -> feel_Recliner_chair_8656\image_25.jpg
Starting download with Playwright: https://live-brunner.pantheonsite.io/sites/default/files/styles/lg/public/oldImages/105162_Brunner_feel_8656_2_HD_XL.jpg.webp?itok=w63Rgazo
Finished download: https://live-brunner.pantheonsite.io/sites/default/files/styles/lg/public/oldImages/105162_Brunner_feel_8656_2_HD_XL.jpg.webp?itok=w63Rgazo -> feel_Recliner_chair_8656\image_26.jpg
Starting download with Playwright: https://live-brunner.pantheonsite.io/sites/default/files/styles/original_webp/public/oldImages/105162_Brunner_feel_8656_2_HD_XL.jpg.webp?itok=ZblDeWiE
Finished download: https://live-brunner.pantheonsite.io/sites/default/files/styles/original_webp/public/oldImages/105162_Brunner_feel_8656_2_HD_XL.jpg.webp?itok=ZblDeWiE -> feel_Recliner_chair_8656\image_27.jpg
Starting download with Playwright: https://live-brunner.pantheonsite.io/sites/default/files/styles/sm/public/oldImages/105167_Brunner_feel_8656_8692_HD_XL.jpg.webp?itok=URCudq6q
Finished download: https://live-brunner.pantheonsite.io/sites/default/files/styles/sm/public/oldImages/105167_Brunner_feel_8656_8692_HD_XL.jpg.webp?itok=URCudq6q -> feel_Recliner_chair_8656\image_28.jpg
Starting download with Playwright: https://live-brunner.pantheonsite.io/sites/default/files/styles/lg/public/oldImages/105167_Brunner_feel_8656_8692_HD_XL.jpg.webp?itok=k1rwWWQg
Finished download: https://live-brunner.pantheonsite.io/sites/default/files/styles/lg/public/oldImages/105167_Brunner_feel_8656_8692_HD_XL.jpg.webp?itok=k1rwWWQg -> feel_Recliner_chair_8656\image_29.jpg
Starting download with Playwright: https://live-brunner.pantheonsite.io/sites/default/files/styles/original_webp/public/oldImages/105167_Brunner_feel_8656_8692_HD_XL.jpg.webp?itok=GnPhD_nY
Finished download: https://live-brunner.pantheonsite.io/sites/default/files/styles/original_webp/public/oldImages/105167_Brunner_feel_8656_8692_HD_XL.jpg.webp?itok=GnPhD_nY -> feel_Recliner_chair_8656\image_30.jpg
Completed image downloads for product feel_Recliner_chair_8656
Extracting features for product feel_Recliner_chair_8656...
Features saved for product feel_Recliner_chair_8656
Attempting to access Downloads tab for product feel_Recliner_chair_8656...
Starting download of PDF: https://live-brunner.pantheonsite.io/sites/default/files/oldPdfs/Produktdatenblaetter/Produktdatenblaetter_EN/Brunner_product_data_sheet_feel_EN.pdf
Downloaded product_sheet.pdf for product feel_Recliner_chair_8656
Opening URL for product fina_Wooden_shell_chair_6408: https://brunner-group.com/en/products/fina-wooden-shell-chair-0/?variant=6408
Images detected on page for fina_Wooden_shell_chair_6408, scrolling to load them...
Successfully opened URL for product fina_Wooden_shell_chair_6408
Extracting images for product fina_Wooden_shell_chair_6408...
Found 42 images for product fina_Wooden_shell_chair_6408
Starting download with Playwright: https://live-brunner.pantheonsite.io/sites/default/files/styles/sm/public/oldImages/97830_Brunner_fina_6414_HD_XL.jpg.webp?itok=jBjm56a0
Finished download: https://live-brunner.pantheonsite.io/sites/default/files/styles/sm/public/oldImages/97830_Brunner_fina_6414_HD_XL.jpg.webp?itok=jBjm56a0 -> fina_Wooden_shell_chair_6408\image_1.jpg
Starting download with Playwright: https://live-brunner.pantheonsite.io/sites/default/files/styles/lg/public/oldImages/97830_Brunner_fina_6414_HD_XL.jpg.webp?itok=NodqkVvH
Finished download: https://live-brunner.pantheonsite.io/sites/default/files/styles/lg/public/oldImages/97830_Brunner_fina_6414_HD_XL.jpg.webp?itok=NodqkVvH -> fina_Wooden_shell_chair_6408\image_2.jpg
Starting download with Playwright: https://live-brunner.pantheonsite.io/sites/default/files/styles/original_webp/public/oldImages/97830_Brunner_fina_6414_HD_XL.jpg.webp?itok=uxvkVDyD
Finished download: https://live-brunner.pantheonsite.io/sites/default/files/styles/original_webp/public/oldImages/97830_Brunner_fina_6414_HD_XL.jpg.webp?itok=uxvkVDyD -> fina_Wooden_shell_chair_6408\image_3.jpg
Starting download with Playwright: https://live-brunner.pantheonsite.io/sites/default/files/styles/sm/public/oldImages/90806_Brunner_fina_6426A_ray_table_9312_1_XL.jpg.webp?itok=4xQmZKG5
Finished download: https://live-brunner.pantheonsite.io/sites/default/files/styles/sm/public/oldImages/90806_Brunner_fina_6426A_ray_table_9312_1_XL.jpg.webp?itok=4xQmZKG5 -> fina_Wooden_shell_chair_6408\image_4.jpg
Starting download with Playwright: https://live-brunner.pantheonsite.io/sites/default/files/styles/lg/public/oldImages/90806_Brunner_fina_6426A_ray_table_9312_1_XL.jpg.webp?itok=GcBUgk1U
Finished download: https://live-brunner.pantheonsite.io/sites/default/files/styles/lg/public/oldImages/90806_Brunner_fina_6426A_ray_table_9312_1_XL.jpg.webp?itok=GcBUgk1U -> fina_Wooden_shell_chair_6408\image_5.jpg
Starting download with Playwright: https://live-brunner.pantheonsite.io/sites/default/files/styles/original_webp/public/oldImages/90806_Brunner_fina_6426A_ray_table_9312_1_XL.jpg.webp?itok=VcEMsbwp
Finished download: https://live-brunner.pantheonsite.io/sites/default/files/styles/original_webp/public/oldImages/90806_Brunner_fina_6426A_ray_table_9312_1_XL.jpg.webp?itok=VcEMsbwp -> fina_Wooden_shell_chair_6408\image_6.jpg
Starting download with Playwright: https://live-brunner.pantheonsite.io/sites/default/files/styles/sm/public/oldImages/54935_fina_6424A_6426A_6408_6428A_XL.jpg.webp?itok=OeBRcOCr
Finished download: https://live-brunner.pantheonsite.io/sites/default/files/styles/sm/public/oldImages/54935_fina_6424A_6426A_6408_6428A_XL.jpg.webp?itok=OeBRcOCr -> fina_Wooden_shell_chair_6408\image_7.jpg
Starting download with Playwright: https://live-brunner.pantheonsite.io/sites/default/files/styles/lg/public/oldImages/54935_fina_6424A_6426A_6408_6428A_XL.jpg.webp?itok=clKOJnms
Finished download: https://live-brunner.pantheonsite.io/sites/default/files/styles/lg/public/oldImages/54935_fina_6424A_6426A_6408_6428A_XL.jpg.webp?itok=clKOJnms -> fina_Wooden_shell_chair_6408\image_8.jpg
Starting download with Playwright: https://live-brunner.pantheonsite.io/sites/default/files/styles/original_webp/public/oldImages/54935_fina_6424A_6426A_6408_6428A_XL.jpg.webp?itok=arSIJYx1
Finished download: https://live-brunner.pantheonsite.io/sites/default/files/styles/original_webp/public/oldImages/54935_fina_6424A_6426A_6408_6428A_XL.jpg.webp?itok=arSIJYx1 -> fina_Wooden_shell_chair_6408\image_9.jpg
Starting download with Playwright: https://live-brunner.pantheonsite.io/sites/default/files/styles/sm/public/oldImages/90807_Brunner_fina_6426A_ray_table_9312_2_XL.jpg.webp?itok=5bwDK_LU
Finished download: https://live-brunner.pantheonsite.io/sites/default/files/styles/sm/public/oldImages/90807_Brunner_fina_6426A_ray_table_9312_2_XL.jpg.webp?itok=5bwDK_LU -> fina_Wooden_shell_chair_6408\image_10.jpg
Starting download with Playwright: https://live-brunner.pantheonsite.io/sites/default/files/styles/lg/public/oldImages/90807_Brunner_fina_6426A_ray_table_9312_2_XL.jpg.webp?itok=cKdmSGg7
Finished download: https://live-brunner.pantheonsite.io/sites/default/files/styles/lg/public/oldImages/90807_Brunner_fina_6426A_ray_table_9312_2_XL.jpg.webp?itok=cKdmSGg7 -> fina_Wooden_shell_chair_6408\image_11.jpg
Starting download with Playwright: https://live-brunner.pantheonsite.io/sites/default/files/styles/original_webp/public/oldImages/90807_Brunner_fina_6426A_ray_table_9312_2_XL.jpg.webp?itok=O3uS0Kwc
Finished download: https://live-brunner.pantheonsite.io/sites/default/files/styles/original_webp/public/oldImages/90807_Brunner_fina_6426A_ray_table_9312_2_XL.jpg.webp?itok=O3uS0Kwc -> fina_Wooden_shell_chair_6408\image_12.jpg
Starting download with Playwright: https://live-brunner.pantheonsite.io/sites/default/files/styles/sm/public/oldImages/97831_Brunner_fina_6428A_Vollpolster_HD_XL.jpg.webp?itok=4W7cwtPI
Finished download: https://live-brunner.pantheonsite.io/sites/default/files/styles/sm/public/oldImages/97831_Brunner_fina_6428A_Vollpolster_HD_XL.jpg.webp?itok=4W7cwtPI -> fina_Wooden_shell_chair_6408\image_13.jpg
Starting download with Playwright: https://live-brunner.pantheonsite.io/sites/default/files/styles/lg/public/oldImages/97831_Brunner_fina_6428A_Vollpolster_HD_XL.jpg.webp?itok=b4DgXHSp
Finished download: https://live-brunner.pantheonsite.io/sites/default/files/styles/lg/public/oldImages/97831_Brunner_fina_6428A_Vollpolster_HD_XL.jpg.webp?itok=b4DgXHSp -> fina_Wooden_shell_chair_6408\image_14.jpg
Starting download with Playwright: https://live-brunner.pantheonsite.io/sites/default/files/styles/original_webp/public/oldImages/97831_Brunner_fina_6428A_Vollpolster_HD_XL.jpg.webp?itok=99Hw2u_r
Finished download: https://live-brunner.pantheonsite.io/sites/default/files/styles/original_webp/public/oldImages/97831_Brunner_fina_6428A_Vollpolster_HD_XL.jpg.webp?itok=99Hw2u_r -> fina_Wooden_shell_chair_6408\image_15.jpg
Starting download with Playwright: https://live-brunner.pantheonsite.io/sites/default/files/styles/sm/public/oldImages/97828_Brunner_fina_2426A_HD_XL.jpg.webp?itok=MLReBxCz
Finished download: https://live-brunner.pantheonsite.io/sites/default/files/styles/sm/public/oldImages/97828_Brunner_fina_2426A_HD_XL.jpg.webp?itok=MLReBxCz -> fina_Wooden_shell_chair_6408\image_16.jpg
Starting download with Playwright: https://live-brunner.pantheonsite.io/sites/default/files/styles/lg/public/oldImages/97828_Brunner_fina_2426A_HD_XL.jpg.webp?itok=sL13MGUc
Finished download: https://live-brunner.pantheonsite.io/sites/default/files/styles/lg/public/oldImages/97828_Brunner_fina_2426A_HD_XL.jpg.webp?itok=sL13MGUc -> fina_Wooden_shell_chair_6408\image_17.jpg
Starting download with Playwright: https://live-brunner.pantheonsite.io/sites/default/files/styles/original_webp/public/oldImages/97828_Brunner_fina_2426A_HD_XL.jpg.webp?itok=L7rd7PG3
Finished download: https://live-brunner.pantheonsite.io/sites/default/files/styles/original_webp/public/oldImages/97828_Brunner_fina_2426A_HD_XL.jpg.webp?itok=L7rd7PG3 -> fina_Wooden_shell_chair_6408\image_18.jpg
Starting download with Playwright: https://live-brunner.pantheonsite.io/sites/default/files/styles/sm/public/oldImages/97827_Brunner_BayerLeverkusen1049_Marquardt_HD_XL.jpg.webp?itok=X4437hWS
Finished download: https://live-brunner.pantheonsite.io/sites/default/files/styles/sm/public/oldImages/97827_Brunner_BayerLeverkusen1049_Marquardt_HD_XL.jpg.webp?itok=X4437hWS -> fina_Wooden_shell_chair_6408\image_19.jpg
Starting download with Playwright: https://live-brunner.pantheonsite.io/sites/default/files/styles/lg/public/oldImages/97827_Brunner_BayerLeverkusen1049_Marquardt_HD_XL.jpg.webp?itok=F7MS9p4x
Finished download: https://live-brunner.pantheonsite.io/sites/default/files/styles/lg/public/oldImages/97827_Brunner_BayerLeverkusen1049_Marquardt_HD_XL.jpg.webp?itok=F7MS9p4x -> fina_Wooden_shell_chair_6408\image_20.jpg
Starting download with Playwright: https://live-brunner.pantheonsite.io/sites/default/files/styles/original_webp/public/oldImages/97827_Brunner_BayerLeverkusen1049_Marquardt_HD_XL.jpg.webp?itok=_ukepLtK
Finished download: https://live-brunner.pantheonsite.io/sites/default/files/styles/original_webp/public/oldImages/97827_Brunner_BayerLeverkusen1049_Marquardt_HD_XL.jpg.webp?itok=_ukepLtK -> fina_Wooden_shell_chair_6408\image_21.jpg
Starting download with Playwright: https://live-brunner.pantheonsite.io/sites/default/files/styles/sm/public/oldImages/97835_HD_Brunner_ukb_Reha-Klinik_Huthmacher_08_HD_XL.jpg.webp?itok=efjvkINr
Finished download: https://live-brunner.pantheonsite.io/sites/default/files/styles/sm/public/oldImages/97835_HD_Brunner_ukb_Reha-Klinik_Huthmacher_08_HD_XL.jpg.webp?itok=efjvkINr -> fina_Wooden_shell_chair_6408\image_22.jpg
Starting download with Playwright: https://live-brunner.pantheonsite.io/sites/default/files/styles/lg/public/oldImages/97835_HD_Brunner_ukb_Reha-Klinik_Huthmacher_08_HD_XL.jpg.webp?itok=2-4hhGGt
Finished download: https://live-brunner.pantheonsite.io/sites/default/files/styles/lg/public/oldImages/97835_HD_Brunner_ukb_Reha-Klinik_Huthmacher_08_HD_XL.jpg.webp?itok=2-4hhGGt -> fina_Wooden_shell_chair_6408\image_23.jpg
Starting download with Playwright: https://live-brunner.pantheonsite.io/sites/default/files/styles/original_webp/public/oldImages/97835_HD_Brunner_ukb_Reha-Klinik_Huthmacher_08_HD_XL.jpg.webp?itok=gc0urRqI
Finished download: https://live-brunner.pantheonsite.io/sites/default/files/styles/original_webp/public/oldImages/97835_HD_Brunner_ukb_Reha-Klinik_Huthmacher_08_HD_XL.jpg.webp?itok=gc0urRqI -> fina_Wooden_shell_chair_6408\image_24.jpg
Starting download with Playwright: https://live-brunner.pantheonsite.io/sites/default/files/styles/sm/public/oldImages/64390_fina_6426A_XL.jpg.webp?itok=MpzPTFcS
Finished download: https://live-brunner.pantheonsite.io/sites/default/files/styles/sm/public/oldImages/64390_fina_6426A_XL.jpg.webp?itok=MpzPTFcS -> fina_Wooden_shell_chair_6408\image_25.jpg
Starting download with Playwright: https://live-brunner.pantheonsite.io/sites/default/files/styles/lg/public/oldImages/64390_fina_6426A_XL.jpg.webp?itok=fJm4Bmm7
Finished download: https://live-brunner.pantheonsite.io/sites/default/files/styles/lg/public/oldImages/64390_fina_6426A_XL.jpg.webp?itok=fJm4Bmm7 -> fina_Wooden_shell_chair_6408\image_26.jpg
Starting download with Playwright: https://live-brunner.pantheonsite.io/sites/default/files/styles/original_webp/public/oldImages/64390_fina_6426A_XL.jpg.webp?itok=CyfDAhyX
Finished download: https://live-brunner.pantheonsite.io/sites/default/files/styles/original_webp/public/oldImages/64390_fina_6426A_XL.jpg.webp?itok=CyfDAhyX -> fina_Wooden_shell_chair_6408\image_27.jpg
Starting download with Playwright: https://live-brunner.pantheonsite.io/sites/default/files/styles/sm/public/oldImages/97829_Brunner_fina_6406A_HD_XL.jpg.webp?itok=JYYCFDxl
Finished download: https://live-brunner.pantheonsite.io/sites/default/files/styles/sm/public/oldImages/97829_Brunner_fina_6406A_HD_XL.jpg.webp?itok=JYYCFDxl -> fina_Wooden_shell_chair_6408\image_28.jpg
Starting download with Playwright: https://live-brunner.pantheonsite.io/sites/default/files/styles/lg/public/oldImages/97829_Brunner_fina_6406A_HD_XL.jpg.webp?itok=FEbS7aIp
Finished download: https://live-brunner.pantheonsite.io/sites/default/files/styles/lg/public/oldImages/97829_Brunner_fina_6406A_HD_XL.jpg.webp?itok=FEbS7aIp -> fina_Wooden_shell_chair_6408\image_29.jpg
Starting download with Playwright: https://live-brunner.pantheonsite.io/sites/default/files/styles/original_webp/public/oldImages/97829_Brunner_fina_6406A_HD_XL.jpg.webp?itok=DFKZxM-i
Finished download: https://live-brunner.pantheonsite.io/sites/default/files/styles/original_webp/public/oldImages/97829_Brunner_fina_6406A_HD_XL.jpg.webp?itok=DFKZxM-i -> fina_Wooden_shell_chair_6408\image_30.jpg
Starting download with Playwright: https://live-brunner.pantheonsite.io/sites/default/files/styles/sm/public/oldImages/97833_Brunner_ukb_Reha-Klinik_Huthmacher_09_HD_XL.jpg.webp?itok=_PgQ4e4N
Finished download: https://live-brunner.pantheonsite.io/sites/default/files/styles/sm/public/oldImages/97833_Brunner_ukb_Reha-Klinik_Huthmacher_09_HD_XL.jpg.webp?itok=_PgQ4e4N -> fina_Wooden_shell_chair_6408\image_31.jpg
Starting download with Playwright: https://live-brunner.pantheonsite.io/sites/default/files/styles/lg/public/oldImages/97833_Brunner_ukb_Reha-Klinik_Huthmacher_09_HD_XL.jpg.webp?itok=89s1ThQb
Finished download: https://live-brunner.pantheonsite.io/sites/default/files/styles/lg/public/oldImages/97833_Brunner_ukb_Reha-Klinik_Huthmacher_09_HD_XL.jpg.webp?itok=89s1ThQb -> fina_Wooden_shell_chair_6408\image_32.jpg
Starting download with Playwright: https://live-brunner.pantheonsite.io/sites/default/files/styles/original_webp/public/oldImages/97833_Brunner_ukb_Reha-Klinik_Huthmacher_09_HD_XL.jpg.webp?itok=Ni9IPFmf
Finished download: https://live-brunner.pantheonsite.io/sites/default/files/styles/original_webp/public/oldImages/97833_Brunner_ukb_Reha-Klinik_Huthmacher_09_HD_XL.jpg.webp?itok=Ni9IPFmf -> fina_Wooden_shell_chair_6408\image_33.jpg
Starting download with Playwright: https://live-brunner.pantheonsite.io/sites/default/files/styles/sm/public/oldImages/97834_fina_Materialien_draufsicht_XL.jpg.webp?itok=FMxxouuV
Finished download: https://live-brunner.pantheonsite.io/sites/default/files/styles/sm/public/oldImages/97834_fina_Materialien_draufsicht_XL.jpg.webp?itok=FMxxouuV -> fina_Wooden_shell_chair_6408\image_34.jpg
Starting download with Playwright: https://live-brunner.pantheonsite.io/sites/default/files/styles/lg/public/oldImages/97834_fina_Materialien_draufsicht_XL.jpg.webp?itok=cAfxtqqx
Finished download: https://live-brunner.pantheonsite.io/sites/default/files/styles/lg/public/oldImages/97834_fina_Materialien_draufsicht_XL.jpg.webp?itok=cAfxtqqx -> fina_Wooden_shell_chair_6408\image_35.jpg
Starting download with Playwright: https://live-brunner.pantheonsite.io/sites/default/files/styles/original_webp/public/oldImages/97834_fina_Materialien_draufsicht_XL.jpg.webp?itok=o37gsMuV
Finished download: https://live-brunner.pantheonsite.io/sites/default/files/styles/original_webp/public/oldImages/97834_fina_Materialien_draufsicht_XL.jpg.webp?itok=o37gsMuV -> fina_Wooden_shell_chair_6408\image_36.jpg
Starting download with Playwright: https://live-brunner.pantheonsite.io/sites/default/files/styles/sm/public/oldImages/97832_Brunner_fina_6454_6414_6428A_HD_XL.jpg.webp?itok=qQszlVO2
Finished download: https://live-brunner.pantheonsite.io/sites/default/files/styles/sm/public/oldImages/97832_Brunner_fina_6454_6414_6428A_HD_XL.jpg.webp?itok=qQszlVO2 -> fina_Wooden_shell_chair_6408\image_37.jpg
Starting download with Playwright: https://live-brunner.pantheonsite.io/sites/default/files/styles/lg/public/oldImages/97832_Brunner_fina_6454_6414_6428A_HD_XL.jpg.webp?itok=IR_V_4Jo
Finished download: https://live-brunner.pantheonsite.io/sites/default/files/styles/lg/public/oldImages/97832_Brunner_fina_6454_6414_6428A_HD_XL.jpg.webp?itok=IR_V_4Jo -> fina_Wooden_shell_chair_6408\image_38.jpg
Starting download with Playwright: https://live-brunner.pantheonsite.io/sites/default/files/styles/original_webp/public/oldImages/97832_Brunner_fina_6454_6414_6428A_HD_XL.jpg.webp?itok=bQHjLTd1
Finished download: https://live-brunner.pantheonsite.io/sites/default/files/styles/original_webp/public/oldImages/97832_Brunner_fina_6454_6414_6428A_HD_XL.jpg.webp?itok=bQHjLTd1 -> fina_Wooden_shell_chair_6408\image_39.jpg
Starting download with Playwright: https://live-brunner.pantheonsite.io/sites/default/files/styles/sm/public/oldImages/64467_fina_6426a_XL.jpg.webp?itok=df12rC5R
Finished download: https://live-brunner.pantheonsite.io/sites/default/files/styles/sm/public/oldImages/64467_fina_6426a_XL.jpg.webp?itok=df12rC5R -> fina_Wooden_shell_chair_6408\image_40.jpg
Starting download with Playwright: https://live-brunner.pantheonsite.io/sites/default/files/styles/lg/public/oldImages/64467_fina_6426a_XL.jpg.webp?itok=X2vKItBr
Finished download: https://live-brunner.pantheonsite.io/sites/default/files/styles/lg/public/oldImages/64467_fina_6426a_XL.jpg.webp?itok=X2vKItBr -> fina_Wooden_shell_chair_6408\image_41.jpg
Starting download with Playwright: https://live-brunner.pantheonsite.io/sites/default/files/styles/original_webp/public/oldImages/64467_fina_6426a_XL.jpg.webp?itok=jnyCHNmb
Finished download: https://live-brunner.pantheonsite.io/sites/default/files/styles/original_webp/public/oldImages/64467_fina_6426a_XL.jpg.webp?itok=jnyCHNmb -> fina_Wooden_shell_chair_6408\image_42.jpg
Completed image downloads for product fina_Wooden_shell_chair_6408
Extracting features for product fina_Wooden_shell_chair_6408...
Features saved for product fina_Wooden_shell_chair_6408
Attempting to access Downloads tab for product fina_Wooden_shell_chair_6408...
Starting download of PDF: https://live-brunner.pantheonsite.io/sites/default/files/oldPdfs/Produktdatenblaetter/Produktdatenblaetter_EN/fina_Brunner_product_data_sheet_EN.pdf
Downloaded product_sheet.pdf for product fina_Wooden_shell_chair_6408
Opening URL for product fina_bar_bar_stool_6401: https://brunner-group.com/en/products/fina-bar-bar-stool/?variant=6401
Images detected on page for fina_bar_bar_stool_6401, scrolling to load them...
Successfully opened URL for product fina_bar_bar_stool_6401
Extracting images for product fina_bar_bar_stool_6401...
Found 30 images for product fina_bar_bar_stool_6401
Starting download with Playwright: https://live-brunner.pantheonsite.io/sites/default/files/styles/sm/public/oldImages/97842_fina_bar_6821_HD_XL.jpg.webp?itok=JZOmpQJw
Finished download: https://live-brunner.pantheonsite.io/sites/default/files/styles/sm/public/oldImages/97842_fina_bar_6821_HD_XL.jpg.webp?itok=JZOmpQJw -> fina_bar_bar_stool_6401\image_1.jpg
Starting download with Playwright: https://live-brunner.pantheonsite.io/sites/default/files/styles/lg/public/oldImages/97842_fina_bar_6821_HD_XL.jpg.webp?itok=05ywpsd2
Finished download: https://live-brunner.pantheonsite.io/sites/default/files/styles/lg/public/oldImages/97842_fina_bar_6821_HD_XL.jpg.webp?itok=05ywpsd2 -> fina_bar_bar_stool_6401\image_2.jpg
Starting download with Playwright: https://live-brunner.pantheonsite.io/sites/default/files/styles/original_webp/public/oldImages/97842_fina_bar_6821_HD_XL.jpg.webp?itok=EyWdHfmS
Finished download: https://live-brunner.pantheonsite.io/sites/default/files/styles/original_webp/public/oldImages/97842_fina_bar_6821_HD_XL.jpg.webp?itok=EyWdHfmS -> fina_bar_bar_stool_6401\image_3.jpg
Starting download with Playwright: https://live-brunner.pantheonsite.io/sites/default/files/styles/sm/public/oldImages/64447_Brunner_GGArchard_Showroom01_2018_10_XL.jpg.webp?itok=ECnSM234
Finished download: https://live-brunner.pantheonsite.io/sites/default/files/styles/sm/public/oldImages/64447_Brunner_GGArchard_Showroom01_2018_10_XL.jpg.webp?itok=ECnSM234 -> fina_bar_bar_stool_6401\image_4.jpg
Starting download with Playwright: https://live-brunner.pantheonsite.io/sites/default/files/styles/lg/public/oldImages/64447_Brunner_GGArchard_Showroom01_2018_10_XL.jpg.webp?itok=8StHIsAD
Finished download: https://live-brunner.pantheonsite.io/sites/default/files/styles/lg/public/oldImages/64447_Brunner_GGArchard_Showroom01_2018_10_XL.jpg.webp?itok=8StHIsAD -> fina_bar_bar_stool_6401\image_5.jpg
Starting download with Playwright: https://live-brunner.pantheonsite.io/sites/default/files/styles/original_webp/public/oldImages/64447_Brunner_GGArchard_Showroom01_2018_10_XL.jpg.webp?itok=BuZPzGKc
Finished download: https://live-brunner.pantheonsite.io/sites/default/files/styles/original_webp/public/oldImages/64447_Brunner_GGArchard_Showroom01_2018_10_XL.jpg.webp?itok=BuZPzGKc -> fina_bar_bar_stool_6401\image_6.jpg
Starting download with Playwright: https://live-brunner.pantheonsite.io/sites/default/files/styles/sm/public/oldImages/97838_Brunner_fina_bar_6831_Freisteller_grau_HD_XL.jpg.webp?itok=jb4ljpb3
Finished download: https://live-brunner.pantheonsite.io/sites/default/files/styles/sm/public/oldImages/97838_Brunner_fina_bar_6831_Freisteller_grau_HD_XL.jpg.webp?itok=jb4ljpb3 -> fina_bar_bar_stool_6401\image_7.jpg
Starting download with Playwright: https://live-brunner.pantheonsite.io/sites/default/files/styles/lg/public/oldImages/97838_Brunner_fina_bar_6831_Freisteller_grau_HD_XL.jpg.webp?itok=yt7fxmsv
Finished download: https://live-brunner.pantheonsite.io/sites/default/files/styles/lg/public/oldImages/97838_Brunner_fina_bar_6831_Freisteller_grau_HD_XL.jpg.webp?itok=yt7fxmsv -> fina_bar_bar_stool_6401\image_8.jpg
Starting download with Playwright: https://live-brunner.pantheonsite.io/sites/default/files/styles/original_webp/public/oldImages/97838_Brunner_fina_bar_6831_Freisteller_grau_HD_XL.jpg.webp?itok=tjbTsC1C
Finished download: https://live-brunner.pantheonsite.io/sites/default/files/styles/original_webp/public/oldImages/97838_Brunner_fina_bar_6831_Freisteller_grau_HD_XL.jpg.webp?itok=tjbTsC1C -> fina_bar_bar_stool_6401\image_9.jpg
Starting download with Playwright: https://live-brunner.pantheonsite.io/sites/default/files/styles/sm/public/oldImages/97837_Brunner_fina_bar_6801_HD_XL.jpg.webp?itok=c-Z9FVej
Finished download: https://live-brunner.pantheonsite.io/sites/default/files/styles/sm/public/oldImages/97837_Brunner_fina_bar_6801_HD_XL.jpg.webp?itok=c-Z9FVej -> fina_bar_bar_stool_6401\image_10.jpg
Starting download with Playwright: https://live-brunner.pantheonsite.io/sites/default/files/styles/lg/public/oldImages/97837_Brunner_fina_bar_6801_HD_XL.jpg.webp?itok=r90OQe8u
Finished download: https://live-brunner.pantheonsite.io/sites/default/files/styles/lg/public/oldImages/97837_Brunner_fina_bar_6801_HD_XL.jpg.webp?itok=r90OQe8u -> fina_bar_bar_stool_6401\image_11.jpg
Starting download with Playwright: https://live-brunner.pantheonsite.io/sites/default/files/styles/original_webp/public/oldImages/97837_Brunner_fina_bar_6801_HD_XL.jpg.webp?itok=WNK4oweG
Finished download: https://live-brunner.pantheonsite.io/sites/default/files/styles/original_webp/public/oldImages/97837_Brunner_fina_bar_6801_HD_XL.jpg.webp?itok=WNK4oweG -> fina_bar_bar_stool_6401\image_12.jpg
Starting download with Playwright: https://live-brunner.pantheonsite.io/sites/default/files/styles/sm/public/oldImages/97840_Brunner_fina_club_6873_fina_bar_6831_HD_XL.jpg.webp?itok=D2p2Gm1B
Finished download: https://live-brunner.pantheonsite.io/sites/default/files/styles/sm/public/oldImages/97840_Brunner_fina_club_6873_fina_bar_6831_HD_XL.jpg.webp?itok=D2p2Gm1B -> fina_bar_bar_stool_6401\image_13.jpg
Starting download with Playwright: https://live-brunner.pantheonsite.io/sites/default/files/styles/lg/public/oldImages/97840_Brunner_fina_club_6873_fina_bar_6831_HD_XL.jpg.webp?itok=8ngPnu8e
Finished download: https://live-brunner.pantheonsite.io/sites/default/files/styles/lg/public/oldImages/97840_Brunner_fina_club_6873_fina_bar_6831_HD_XL.jpg.webp?itok=8ngPnu8e -> fina_bar_bar_stool_6401\image_14.jpg
Starting download with Playwright: https://live-brunner.pantheonsite.io/sites/default/files/styles/original_webp/public/oldImages/97840_Brunner_fina_club_6873_fina_bar_6831_HD_XL.jpg.webp?itok=ssmL1iKU
Finished download: https://live-brunner.pantheonsite.io/sites/default/files/styles/original_webp/public/oldImages/97840_Brunner_fina_club_6873_fina_bar_6831_HD_XL.jpg.webp?itok=ssmL1iKU -> fina_bar_bar_stool_6401\image_15.jpg
Starting download with Playwright: https://live-brunner.pantheonsite.io/sites/default/files/styles/sm/public/oldImages/64421_fina_bar_6811_XL.jpg.webp?itok=DwsdFE2h
Finished download: https://live-brunner.pantheonsite.io/sites/default/files/styles/sm/public/oldImages/64421_fina_bar_6811_XL.jpg.webp?itok=DwsdFE2h -> fina_bar_bar_stool_6401\image_16.jpg
Starting download with Playwright: https://live-brunner.pantheonsite.io/sites/default/files/styles/lg/public/oldImages/64421_fina_bar_6811_XL.jpg.webp?itok=UAOnr3XO
Finished download: https://live-brunner.pantheonsite.io/sites/default/files/styles/lg/public/oldImages/64421_fina_bar_6811_XL.jpg.webp?itok=UAOnr3XO -> fina_bar_bar_stool_6401\image_17.jpg
Starting download with Playwright: https://live-brunner.pantheonsite.io/sites/default/files/styles/original_webp/public/oldImages/64421_fina_bar_6811_XL.jpg.webp?itok=rCLXHWKV
Finished download: https://live-brunner.pantheonsite.io/sites/default/files/styles/original_webp/public/oldImages/64421_fina_bar_6811_XL.jpg.webp?itok=rCLXHWKV -> fina_bar_bar_stool_6401\image_18.jpg
Starting download with Playwright: https://live-brunner.pantheonsite.io/sites/default/files/styles/sm/public/oldImages/97839_Brunner_fina_bar_fina_wood_6801_HD_XL.jpg.webp?itok=B8afeHWX
Finished download: https://live-brunner.pantheonsite.io/sites/default/files/styles/sm/public/oldImages/97839_Brunner_fina_bar_fina_wood_6801_HD_XL.jpg.webp?itok=B8afeHWX -> fina_bar_bar_stool_6401\image_19.jpg
Starting download with Playwright: https://live-brunner.pantheonsite.io/sites/default/files/styles/lg/public/oldImages/97839_Brunner_fina_bar_fina_wood_6801_HD_XL.jpg.webp?itok=U20TnLRc
Finished download: https://live-brunner.pantheonsite.io/sites/default/files/styles/lg/public/oldImages/97839_Brunner_fina_bar_fina_wood_6801_HD_XL.jpg.webp?itok=U20TnLRc -> fina_bar_bar_stool_6401\image_20.jpg
Starting download with Playwright: https://live-brunner.pantheonsite.io/sites/default/files/styles/original_webp/public/oldImages/97839_Brunner_fina_bar_fina_wood_6801_HD_XL.jpg.webp?itok=3fperGyi
Finished download: https://live-brunner.pantheonsite.io/sites/default/files/styles/original_webp/public/oldImages/97839_Brunner_fina_bar_fina_wood_6801_HD_XL.jpg.webp?itok=3fperGyi -> fina_bar_bar_stool_6401\image_21.jpg
Starting download with Playwright: https://live-brunner.pantheonsite.io/sites/default/files/styles/sm/public/oldImages/21374_fina_bar%206801_XL.jpg.webp?itok=vXnG6IMU
Finished download: https://live-brunner.pantheonsite.io/sites/default/files/styles/sm/public/oldImages/21374_fina_bar%206801_XL.jpg.webp?itok=vXnG6IMU -> fina_bar_bar_stool_6401\image_22.jpg
Starting download with Playwright: https://live-brunner.pantheonsite.io/sites/default/files/styles/lg/public/oldImages/21374_fina_bar%206801_XL.jpg.webp?itok=Ip3vBjcg
Finished download: https://live-brunner.pantheonsite.io/sites/default/files/styles/lg/public/oldImages/21374_fina_bar%206801_XL.jpg.webp?itok=Ip3vBjcg -> fina_bar_bar_stool_6401\image_23.jpg
Starting download with Playwright: https://live-brunner.pantheonsite.io/sites/default/files/styles/original_webp/public/oldImages/21374_fina_bar%206801_XL.jpg.webp?itok=jGRXNQ0i
Finished download: https://live-brunner.pantheonsite.io/sites/default/files/styles/original_webp/public/oldImages/21374_fina_bar%206801_XL.jpg.webp?itok=jGRXNQ0i -> fina_bar_bar_stool_6401\image_24.jpg
Starting download with Playwright: https://live-brunner.pantheonsite.io/sites/default/files/styles/sm/public/oldImages/97841_Brunner_fina-bar_Klingel-2147_Marquardt_HD_XL.jpg.webp?itok=Q8_kBEHf
Finished download: https://live-brunner.pantheonsite.io/sites/default/files/styles/sm/public/oldImages/97841_Brunner_fina-bar_Klingel-2147_Marquardt_HD_XL.jpg.webp?itok=Q8_kBEHf -> fina_bar_bar_stool_6401\image_25.jpg
Starting download with Playwright: https://live-brunner.pantheonsite.io/sites/default/files/styles/lg/public/oldImages/97841_Brunner_fina-bar_Klingel-2147_Marquardt_HD_XL.jpg.webp?itok=gCqb0alH
Finished download: https://live-brunner.pantheonsite.io/sites/default/files/styles/lg/public/oldImages/97841_Brunner_fina-bar_Klingel-2147_Marquardt_HD_XL.jpg.webp?itok=gCqb0alH -> fina_bar_bar_stool_6401\image_26.jpg
Starting download with Playwright: https://live-brunner.pantheonsite.io/sites/default/files/styles/original_webp/public/oldImages/97841_Brunner_fina-bar_Klingel-2147_Marquardt_HD_XL.jpg.webp?itok=XKbOfk-1
Finished download: https://live-brunner.pantheonsite.io/sites/default/files/styles/original_webp/public/oldImages/97841_Brunner_fina-bar_Klingel-2147_Marquardt_HD_XL.jpg.webp?itok=XKbOfk-1 -> fina_bar_bar_stool_6401\image_27.jpg
Starting download with Playwright: https://live-brunner.pantheonsite.io/sites/default/files/styles/sm/public/oldImages/54950_fina_bar_fina_wood_6801_XL.jpg.webp?itok=fc-gmmUH
Finished download: https://live-brunner.pantheonsite.io/sites/default/files/styles/sm/public/oldImages/54950_fina_bar_fina_wood_6801_XL.jpg.webp?itok=fc-gmmUH -> fina_bar_bar_stool_6401\image_28.jpg
Starting download with Playwright: https://live-brunner.pantheonsite.io/sites/default/files/styles/lg/public/oldImages/54950_fina_bar_fina_wood_6801_XL.jpg.webp?itok=eCYYBwRy
Finished download: https://live-brunner.pantheonsite.io/sites/default/files/styles/lg/public/oldImages/54950_fina_bar_fina_wood_6801_XL.jpg.webp?itok=eCYYBwRy -> fina_bar_bar_stool_6401\image_29.jpg
Starting download with Playwright: https://live-brunner.pantheonsite.io/sites/default/files/styles/original_webp/public/oldImages/54950_fina_bar_fina_wood_6801_XL.jpg.webp?itok=AA46-V54
Finished download: https://live-brunner.pantheonsite.io/sites/default/files/styles/original_webp/public/oldImages/54950_fina_bar_fina_wood_6801_XL.jpg.webp?itok=AA46-V54 -> fina_bar_bar_stool_6401\image_30.jpg
Completed image downloads for product fina_bar_bar_stool_6401
Extracting features for product fina_bar_bar_stool_6401...
Features saved for product fina_bar_bar_stool_6401
Attempting to access Downloads tab for product fina_bar_bar_stool_6401...
Starting download of PDF: https://live-brunner.pantheonsite.io/sites/default/files/oldPdfs/Produktdatenblaetter/Produktdatenblaetter_EN/fina_bar_Brunner_product_data_sheet_EN.pdf
Downloaded product_sheet.pdf for product fina_bar_bar_stool_6401
Opening URL for product fina_club_Armchair_6861: https://brunner-group.com/en/products/fina-club-armchair/?variant=6861
Images detected on page for fina_club_Armchair_6861, scrolling to load them...
Successfully opened URL for product fina_club_Armchair_6861
Extracting images for product fina_club_Armchair_6861...
Found 27 images for product fina_club_Armchair_6861
Starting download with Playwright: https://live-brunner.pantheonsite.io/sites/default/files/styles/sm/public/oldImages/114743_Brunner_fina_club_6861_6871_02_HD_XL.jpg.webp?itok=V4inVV10
Finished download: https://live-brunner.pantheonsite.io/sites/default/files/styles/sm/public/oldImages/114743_Brunner_fina_club_6861_6871_02_HD_XL.jpg.webp?itok=V4inVV10 -> fina_club_Armchair_6861\image_1.jpg
Starting download with Playwright: https://live-brunner.pantheonsite.io/sites/default/files/styles/lg/public/oldImages/114743_Brunner_fina_club_6861_6871_02_HD_XL.jpg.webp?itok=pJMhcTti
Finished download: https://live-brunner.pantheonsite.io/sites/default/files/styles/lg/public/oldImages/114743_Brunner_fina_club_6861_6871_02_HD_XL.jpg.webp?itok=pJMhcTti -> fina_club_Armchair_6861\image_2.jpg
Starting download with Playwright: https://live-brunner.pantheonsite.io/sites/default/files/styles/original_webp/public/oldImages/114743_Brunner_fina_club_6861_6871_02_HD_XL.jpg.webp?itok=hs1qhDCP
Finished download: https://live-brunner.pantheonsite.io/sites/default/files/styles/original_webp/public/oldImages/114743_Brunner_fina_club_6861_6871_02_HD_XL.jpg.webp?itok=hs1qhDCP -> fina_club_Armchair_6861\image_3.jpg
Starting download with Playwright: https://live-brunner.pantheonsite.io/sites/default/files/styles/sm/public/oldImages/114770_Brunner_GGArchard_Showroom01_2018_42_HD_XL.jpg.webp?itok=_nsj05C_
Finished download: https://live-brunner.pantheonsite.io/sites/default/files/styles/sm/public/oldImages/114770_Brunner_GGArchard_Showroom01_2018_42_HD_XL.jpg.webp?itok=_nsj05C_ -> fina_club_Armchair_6861\image_4.jpg
Starting download with Playwright: https://live-brunner.pantheonsite.io/sites/default/files/styles/lg/public/oldImages/114770_Brunner_GGArchard_Showroom01_2018_42_HD_XL.jpg.webp?itok=r3pcyqbP
Finished download: https://live-brunner.pantheonsite.io/sites/default/files/styles/lg/public/oldImages/114770_Brunner_GGArchard_Showroom01_2018_42_HD_XL.jpg.webp?itok=r3pcyqbP -> fina_club_Armchair_6861\image_5.jpg
Starting download with Playwright: https://live-brunner.pantheonsite.io/sites/default/files/styles/original_webp/public/oldImages/114770_Brunner_GGArchard_Showroom01_2018_42_HD_XL.jpg.webp?itok=QbdM6GRz
Finished download: https://live-brunner.pantheonsite.io/sites/default/files/styles/original_webp/public/oldImages/114770_Brunner_GGArchard_Showroom01_2018_42_HD_XL.jpg.webp?itok=QbdM6GRz -> fina_club_Armchair_6861\image_6.jpg
Starting download with Playwright: https://live-brunner.pantheonsite.io/sites/default/files/styles/sm/public/oldImages/97824_Hotel47Konstanz-8580_Marquardt_HD_XL.jpg.webp?itok=HoaLaZtS
Finished download: https://live-brunner.pantheonsite.io/sites/default/files/styles/sm/public/oldImages/97824_Hotel47Konstanz-8580_Marquardt_HD_XL.jpg.webp?itok=HoaLaZtS -> fina_club_Armchair_6861\image_7.jpg
Starting download with Playwright: https://live-brunner.pantheonsite.io/sites/default/files/styles/lg/public/oldImages/97824_Hotel47Konstanz-8580_Marquardt_HD_XL.jpg.webp?itok=VvR5dJf5
Finished download: https://live-brunner.pantheonsite.io/sites/default/files/styles/lg/public/oldImages/97824_Hotel47Konstanz-8580_Marquardt_HD_XL.jpg.webp?itok=VvR5dJf5 -> fina_club_Armchair_6861\image_8.jpg
Starting download with Playwright: https://live-brunner.pantheonsite.io/sites/default/files/styles/original_webp/public/oldImages/97824_Hotel47Konstanz-8580_Marquardt_HD_XL.jpg.webp?itok=CoENtDLv
Finished download: https://live-brunner.pantheonsite.io/sites/default/files/styles/original_webp/public/oldImages/97824_Hotel47Konstanz-8580_Marquardt_HD_XL.jpg.webp?itok=CoENtDLv -> fina_club_Armchair_6861\image_9.jpg
Starting download with Playwright: https://live-brunner.pantheonsite.io/sites/default/files/styles/sm/public/oldImages/114768_Brunner_Wild_und_Kuepfer_Gfeller_07_HD_XL.jpg.webp?itok=RXAurU6Z
Finished download: https://live-brunner.pantheonsite.io/sites/default/files/styles/sm/public/oldImages/114768_Brunner_Wild_und_Kuepfer_Gfeller_07_HD_XL.jpg.webp?itok=RXAurU6Z -> fina_club_Armchair_6861\image_10.jpg
Starting download with Playwright: https://live-brunner.pantheonsite.io/sites/default/files/styles/lg/public/oldImages/114768_Brunner_Wild_und_Kuepfer_Gfeller_07_HD_XL.jpg.webp?itok=8k-cyKvb
Finished download: https://live-brunner.pantheonsite.io/sites/default/files/styles/lg/public/oldImages/114768_Brunner_Wild_und_Kuepfer_Gfeller_07_HD_XL.jpg.webp?itok=8k-cyKvb -> fina_club_Armchair_6861\image_11.jpg
Starting download with Playwright: https://live-brunner.pantheonsite.io/sites/default/files/styles/original_webp/public/oldImages/114768_Brunner_Wild_und_Kuepfer_Gfeller_07_HD_XL.jpg.webp?itok=Mc3TGxBM
Finished download: https://live-brunner.pantheonsite.io/sites/default/files/styles/original_webp/public/oldImages/114768_Brunner_Wild_und_Kuepfer_Gfeller_07_HD_XL.jpg.webp?itok=Mc3TGxBM -> fina_club_Armchair_6861\image_12.jpg
Starting download with Playwright: https://live-brunner.pantheonsite.io/sites/default/files/styles/sm/public/oldImages/114769_Brunner_GGArchard_Showroom01_2018_32_HD_XL.jpg.webp?itok=NHGNK6Sa
Finished download: https://live-brunner.pantheonsite.io/sites/default/files/styles/sm/public/oldImages/114769_Brunner_GGArchard_Showroom01_2018_32_HD_XL.jpg.webp?itok=NHGNK6Sa -> fina_club_Armchair_6861\image_13.jpg
Starting download with Playwright: https://live-brunner.pantheonsite.io/sites/default/files/styles/lg/public/oldImages/114769_Brunner_GGArchard_Showroom01_2018_32_HD_XL.jpg.webp?itok=a_cA4GC5
Finished download: https://live-brunner.pantheonsite.io/sites/default/files/styles/lg/public/oldImages/114769_Brunner_GGArchard_Showroom01_2018_32_HD_XL.jpg.webp?itok=a_cA4GC5 -> fina_club_Armchair_6861\image_14.jpg
Starting download with Playwright: https://live-brunner.pantheonsite.io/sites/default/files/styles/original_webp/public/oldImages/114769_Brunner_GGArchard_Showroom01_2018_32_HD_XL.jpg.webp?itok=pLXJD1RU
Finished download: https://live-brunner.pantheonsite.io/sites/default/files/styles/original_webp/public/oldImages/114769_Brunner_GGArchard_Showroom01_2018_32_HD_XL.jpg.webp?itok=pLXJD1RU -> fina_club_Armchair_6861\image_15.jpg
Starting download with Playwright: https://live-brunner.pantheonsite.io/sites/default/files/styles/sm/public/oldImages/114766_Brunner_Oeschberghof_Marquardt_28_HD_XL.jpg.webp?itok=l83oLxLG
Finished download: https://live-brunner.pantheonsite.io/sites/default/files/styles/sm/public/oldImages/114766_Brunner_Oeschberghof_Marquardt_28_HD_XL.jpg.webp?itok=l83oLxLG -> fina_club_Armchair_6861\image_16.jpg
Starting download with Playwright: https://live-brunner.pantheonsite.io/sites/default/files/styles/lg/public/oldImages/114766_Brunner_Oeschberghof_Marquardt_28_HD_XL.jpg.webp?itok=9rhuNqyG
Finished download: https://live-brunner.pantheonsite.io/sites/default/files/styles/lg/public/oldImages/114766_Brunner_Oeschberghof_Marquardt_28_HD_XL.jpg.webp?itok=9rhuNqyG -> fina_club_Armchair_6861\image_17.jpg
Starting download with Playwright: https://live-brunner.pantheonsite.io/sites/default/files/styles/original_webp/public/oldImages/114766_Brunner_Oeschberghof_Marquardt_28_HD_XL.jpg.webp?itok=FqSj-6b6
Finished download: https://live-brunner.pantheonsite.io/sites/default/files/styles/original_webp/public/oldImages/114766_Brunner_Oeschberghof_Marquardt_28_HD_XL.jpg.webp?itok=FqSj-6b6 -> fina_club_Armchair_6861\image_18.jpg
Starting download with Playwright: https://live-brunner.pantheonsite.io/sites/default/files/styles/sm/public/oldImages/114771_Brunner_Oeschberghof_Marquardt_16_HD_XL.jpg.webp?itok=o_w9D-p0
Finished download: https://live-brunner.pantheonsite.io/sites/default/files/styles/sm/public/oldImages/114771_Brunner_Oeschberghof_Marquardt_16_HD_XL.jpg.webp?itok=o_w9D-p0 -> fina_club_Armchair_6861\image_19.jpg
Starting download with Playwright: https://live-brunner.pantheonsite.io/sites/default/files/styles/lg/public/oldImages/114771_Brunner_Oeschberghof_Marquardt_16_HD_XL.jpg.webp?itok=6QLruC4g
Finished download: https://live-brunner.pantheonsite.io/sites/default/files/styles/lg/public/oldImages/114771_Brunner_Oeschberghof_Marquardt_16_HD_XL.jpg.webp?itok=6QLruC4g -> fina_club_Armchair_6861\image_20.jpg
Starting download with Playwright: https://live-brunner.pantheonsite.io/sites/default/files/styles/original_webp/public/oldImages/114771_Brunner_Oeschberghof_Marquardt_16_HD_XL.jpg.webp?itok=AbL1ublH
Finished download: https://live-brunner.pantheonsite.io/sites/default/files/styles/original_webp/public/oldImages/114771_Brunner_Oeschberghof_Marquardt_16_HD_XL.jpg.webp?itok=AbL1ublH -> fina_club_Armchair_6861\image_21.jpg
Starting download with Playwright: https://live-brunner.pantheonsite.io/sites/default/files/styles/sm/public/oldImages/114765_Brunner_fina_club_6861A_HD_XL.jpg.webp?itok=Ac7GDMvF
Finished download: https://live-brunner.pantheonsite.io/sites/default/files/styles/sm/public/oldImages/114765_Brunner_fina_club_6861A_HD_XL.jpg.webp?itok=Ac7GDMvF -> fina_club_Armchair_6861\image_22.jpg
Starting download with Playwright: https://live-brunner.pantheonsite.io/sites/default/files/styles/lg/public/oldImages/114765_Brunner_fina_club_6861A_HD_XL.jpg.webp?itok=5hslxZT9
Finished download: https://live-brunner.pantheonsite.io/sites/default/files/styles/lg/public/oldImages/114765_Brunner_fina_club_6861A_HD_XL.jpg.webp?itok=5hslxZT9 -> fina_club_Armchair_6861\image_23.jpg
Starting download with Playwright: https://live-brunner.pantheonsite.io/sites/default/files/styles/original_webp/public/oldImages/114765_Brunner_fina_club_6861A_HD_XL.jpg.webp?itok=EgzAkuq2
Finished download: https://live-brunner.pantheonsite.io/sites/default/files/styles/original_webp/public/oldImages/114765_Brunner_fina_club_6861A_HD_XL.jpg.webp?itok=EgzAkuq2 -> fina_club_Armchair_6861\image_24.jpg
Starting download with Playwright: https://live-brunner.pantheonsite.io/sites/default/files/styles/sm/public/oldImages/114767_Brunner_Oeschberghof_Marquardt_43_HD_XL.jpg.webp?itok=KS2GK06g
Finished download: https://live-brunner.pantheonsite.io/sites/default/files/styles/sm/public/oldImages/114767_Brunner_Oeschberghof_Marquardt_43_HD_XL.jpg.webp?itok=KS2GK06g -> fina_club_Armchair_6861\image_25.jpg
Starting download with Playwright: https://live-brunner.pantheonsite.io/sites/default/files/styles/lg/public/oldImages/114767_Brunner_Oeschberghof_Marquardt_43_HD_XL.jpg.webp?itok=bBo1X-40
Finished download: https://live-brunner.pantheonsite.io/sites/default/files/styles/lg/public/oldImages/114767_Brunner_Oeschberghof_Marquardt_43_HD_XL.jpg.webp?itok=bBo1X-40 -> fina_club_Armchair_6861\image_26.jpg
Starting download with Playwright: https://live-brunner.pantheonsite.io/sites/default/files/styles/original_webp/public/oldImages/114767_Brunner_Oeschberghof_Marquardt_43_HD_XL.jpg.webp?itok=ck8e0gye
Finished download: https://live-brunner.pantheonsite.io/sites/default/files/styles/original_webp/public/oldImages/114767_Brunner_Oeschberghof_Marquardt_43_HD_XL.jpg.webp?itok=ck8e0gye -> fina_club_Armchair_6861\image_27.jpg
Completed image downloads for product fina_club_Armchair_6861
Extracting features for product fina_club_Armchair_6861...
Features saved for product fina_club_Armchair_6861
Attempting to access Downloads tab for product fina_club_Armchair_6861...
Starting download of PDF: https://live-brunner.pantheonsite.io/sites/default/files/oldPdfs/Produktdatenblaetter/Produktdatenblaetter_EN/fina_club_Brunner_product_data_sheet_EN.pdf
Downloaded product_sheet.pdf for product fina_club_Armchair_6861
Opening URL for product fina_lounge_Armchair_6742: https://brunner-group.com/en/products/fina-lounge-armchair/?variant=6742
Images detected on page for fina_lounge_Armchair_6742, scrolling to load them...
Successfully opened URL for product fina_lounge_Armchair_6742
Extracting images for product fina_lounge_Armchair_6742...
Found 18 images for product fina_lounge_Armchair_6742
Starting download with Playwright: https://live-brunner.pantheonsite.io/sites/default/files/styles/sm/public/oldImages/111669_Brunner_fina_lounge_6742A_HD_XL.jpg.webp?itok=sUg3Nj6L
[Image Download] Failed image https://live-brunner.pantheonsite.io/sites/default/files/styles/sm/public/oldImages/111669_Brunner_fina_lounge_6742A_HD_XL.jpg.webp?itok=sUg3Nj6L for product fina_lounge_Armchair_6742: HTTP status 404
Starting download with Playwright: https://live-brunner.pantheonsite.io/sites/default/files/styles/lg/public/oldImages/111669_Brunner_fina_lounge_6742A_HD_XL.jpg.webp?itok=t-91CvAm
[Image Download] Failed image https://live-brunner.pantheonsite.io/sites/default/files/styles/lg/public/oldImages/111669_Brunner_fina_lounge_6742A_HD_XL.jpg.webp?itok=t-91CvAm for product fina_lounge_Armchair_6742: HTTP status 404
Starting download with Playwright: https://live-brunner.pantheonsite.io/sites/default/files/styles/original_webp/public/oldImages/111669_Brunner_fina_lounge_6742A_HD_XL.jpg.webp?itok=UmjYSBYV
[Image Download] Failed image https://live-brunner.pantheonsite.io/sites/default/files/styles/original_webp/public/oldImages/111669_Brunner_fina_lounge_6742A_HD_XL.jpg.webp?itok=UmjYSBYV for product fina_lounge_Armchair_6742: HTTP status 404
Starting download with Playwright: https://live-brunner.pantheonsite.io/sites/default/files/styles/sm/public/oldImages/111671_Brunner_fina_lounge_6742_fina_soft_6722AG_torino_9471_9_Loc_HD_XL.jpg.webp?itok=z9u2JlDy
[Image Download] Failed image https://live-brunner.pantheonsite.io/sites/default/files/styles/sm/public/oldImages/111671_Brunner_fina_lounge_6742_fina_soft_6722AG_torino_9471_9_Loc_HD_XL.jpg.webp?itok=z9u2JlDy for product fina_lounge_Armchair_6742: HTTP status 404
Starting download with Playwright: https://live-brunner.pantheonsite.io/sites/default/files/styles/lg/public/oldImages/111671_Brunner_fina_lounge_6742_fina_soft_6722AG_torino_9471_9_Loc_HD_XL.jpg.webp?itok=vHNwZ1F_
[Image Download] Failed image https://live-brunner.pantheonsite.io/sites/default/files/styles/lg/public/oldImages/111671_Brunner_fina_lounge_6742_fina_soft_6722AG_torino_9471_9_Loc_HD_XL.jpg.webp?itok=vHNwZ1F_ for product fina_lounge_Armchair_6742: HTTP status 404
Starting download with Playwright: https://live-brunner.pantheonsite.io/sites/default/files/styles/original_webp/public/oldImages/111671_Brunner_fina_lounge_6742_fina_soft_6722AG_torino_9471_9_Loc_HD_XL.jpg.webp?itok=rbUr_di9
[Image Download] Failed image https://live-brunner.pantheonsite.io/sites/default/files/styles/original_webp/public/oldImages/111671_Brunner_fina_lounge_6742_fina_soft_6722AG_torino_9471_9_Loc_HD_XL.jpg.webp?itok=rbUr_di9 for product fina_lounge_Armchair_6742: HTTP status 404
Starting download with Playwright: https://live-brunner.pantheonsite.io/sites/default/files/styles/sm/public/oldImages/44225_Brunner_finalounge_6744AG_6747_XL.jpg.webp?itok=U8VzjITq
[Image Download] Failed image https://live-brunner.pantheonsite.io/sites/default/files/styles/sm/public/oldImages/44225_Brunner_finalounge_6744AG_6747_XL.jpg.webp?itok=U8VzjITq for product fina_lounge_Armchair_6742: HTTP status 404
Starting download with Playwright: https://live-brunner.pantheonsite.io/sites/default/files/styles/lg/public/oldImages/44225_Brunner_finalounge_6744AG_6747_XL.jpg.webp?itok=GVoZvoGN
[Image Download] Failed image https://live-brunner.pantheonsite.io/sites/default/files/styles/lg/public/oldImages/44225_Brunner_finalounge_6744AG_6747_XL.jpg.webp?itok=GVoZvoGN for product fina_lounge_Armchair_6742: HTTP status 404
Starting download with Playwright: https://live-brunner.pantheonsite.io/sites/default/files/styles/original_webp/public/oldImages/44225_Brunner_finalounge_6744AG_6747_XL.jpg.webp?itok=MdEt_epf
[Image Download] Failed image https://live-brunner.pantheonsite.io/sites/default/files/styles/original_webp/public/oldImages/44225_Brunner_finalounge_6744AG_6747_XL.jpg.webp?itok=MdEt_epf for product fina_lounge_Armchair_6742: HTTP status 404
Starting download with Playwright: https://live-brunner.pantheonsite.io/sites/default/files/styles/sm/public/oldImages/97854_Brunner_finalounge_6744AG_Detail_HD_XL.jpg.webp?itok=tSwZWMTZ
Finished download: https://live-brunner.pantheonsite.io/sites/default/files/styles/sm/public/oldImages/97854_Brunner_finalounge_6744AG_Detail_HD_XL.jpg.webp?itok=tSwZWMTZ -> fina_lounge_Armchair_6742\image_10.jpg
Starting download with Playwright: https://live-brunner.pantheonsite.io/sites/default/files/styles/lg/public/oldImages/97854_Brunner_finalounge_6744AG_Detail_HD_XL.jpg.webp?itok=LhEfQ6JF
Finished download: https://live-brunner.pantheonsite.io/sites/default/files/styles/lg/public/oldImages/97854_Brunner_finalounge_6744AG_Detail_HD_XL.jpg.webp?itok=LhEfQ6JF -> fina_lounge_Armchair_6742\image_11.jpg
Starting download with Playwright: https://live-brunner.pantheonsite.io/sites/default/files/styles/original_webp/public/oldImages/97854_Brunner_finalounge_6744AG_Detail_HD_XL.jpg.webp?itok=p0NZm8-d
Finished download: https://live-brunner.pantheonsite.io/sites/default/files/styles/original_webp/public/oldImages/97854_Brunner_finalounge_6744AG_Detail_HD_XL.jpg.webp?itok=p0NZm8-d -> fina_lounge_Armchair_6742\image_12.jpg
Starting download with Playwright: https://live-brunner.pantheonsite.io/sites/default/files/styles/sm/public/oldImages/111670_Brunner_fina_lounge_6742AG_HD_XL.jpg.webp?itok=Kg0kWw5L
[Image Download] Failed image https://live-brunner.pantheonsite.io/sites/default/files/styles/sm/public/oldImages/111670_Brunner_fina_lounge_6742AG_HD_XL.jpg.webp?itok=Kg0kWw5L for product fina_lounge_Armchair_6742: HTTP status 404
Starting download with Playwright: https://live-brunner.pantheonsite.io/sites/default/files/styles/lg/public/oldImages/111670_Brunner_fina_lounge_6742AG_HD_XL.jpg.webp?itok=fOJ3bOuC
[Image Download] Failed image https://live-brunner.pantheonsite.io/sites/default/files/styles/lg/public/oldImages/111670_Brunner_fina_lounge_6742AG_HD_XL.jpg.webp?itok=fOJ3bOuC for product fina_lounge_Armchair_6742: HTTP status 404
Starting download with Playwright: https://live-brunner.pantheonsite.io/sites/default/files/styles/original_webp/public/oldImages/111670_Brunner_fina_lounge_6742AG_HD_XL.jpg.webp?itok=xpzNTxUU
[Image Download] Failed image https://live-brunner.pantheonsite.io/sites/default/files/styles/original_webp/public/oldImages/111670_Brunner_fina_lounge_6742AG_HD_XL.jpg.webp?itok=xpzNTxUU for product fina_lounge_Armchair_6742: HTTP status 404
Starting download with Playwright: https://live-brunner.pantheonsite.io/sites/default/files/styles/sm/public/oldImages/80533_Messinghof_Kassel_Marquardt_33_XL.jpg.webp?itok=NuVrhndi
Finished download: https://live-brunner.pantheonsite.io/sites/default/files/styles/sm/public/oldImages/80533_Messinghof_Kassel_Marquardt_33_XL.jpg.webp?itok=NuVrhndi -> fina_lounge_Armchair_6742\image_16.jpg
Starting download with Playwright: https://live-brunner.pantheonsite.io/sites/default/files/styles/lg/public/oldImages/80533_Messinghof_Kassel_Marquardt_33_XL.jpg.webp?itok=lmp1Ek_9
Finished download: https://live-brunner.pantheonsite.io/sites/default/files/styles/lg/public/oldImages/80533_Messinghof_Kassel_Marquardt_33_XL.jpg.webp?itok=lmp1Ek_9 -> fina_lounge_Armchair_6742\image_17.jpg
Starting download with Playwright: https://live-brunner.pantheonsite.io/sites/default/files/styles/original_webp/public/oldImages/80533_Messinghof_Kassel_Marquardt_33_XL.jpg.webp?itok=QZcybFTv
Finished download: https://live-brunner.pantheonsite.io/sites/default/files/styles/original_webp/public/oldImages/80533_Messinghof_Kassel_Marquardt_33_XL.jpg.webp?itok=QZcybFTv -> fina_lounge_Armchair_6742\image_18.jpg
Completed image downloads for product fina_lounge_Armchair_6742
Extracting features for product fina_lounge_Armchair_6742...
Features saved for product fina_lounge_Armchair_6742
Attempting to access Downloads tab for product fina_lounge_Armchair_6742...
Starting download of PDF: https://live-brunner.pantheonsite.io/sites/default/files/oldPdfs/Produktdatenblaetter/Produktdatenblaetter_EN/fina_lounge_Brunner_product_data_sheet_EN.pdf
Downloaded product_sheet.pdf for product fina_lounge_Armchair_6742
Opening URL for product fina_soft_chair_with_medium_height_back_6722: https://brunner-group.com/en/products/fina-soft-chair-with-medium-height-back/?variant=6722
Images detected on page for fina_soft_chair_with_medium_height_back_6722, scrolling to load them...
Successfully opened URL for product fina_soft_chair_with_medium_height_back_6722
Extracting images for product fina_soft_chair_with_medium_height_back_6722...
Found 24 images for product fina_soft_chair_with_medium_height_back_6722
Starting download with Playwright: https://live-brunner.pantheonsite.io/sites/default/files/styles/sm/public/oldImages/83482_Brunner_Showroom2019_65_XL.jpg.webp?itok=B-YKNJlB
Finished download: https://live-brunner.pantheonsite.io/sites/default/files/styles/sm/public/oldImages/83482_Brunner_Showroom2019_65_XL.jpg.webp?itok=B-YKNJlB -> fina_soft_chair_with_medium_height_back_6722\image_1.jpg
Starting download with Playwright: https://live-brunner.pantheonsite.io/sites/default/files/styles/lg/public/oldImages/83482_Brunner_Showroom2019_65_XL.jpg.webp?itok=-StdqavR
Finished download: https://live-brunner.pantheonsite.io/sites/default/files/styles/lg/public/oldImages/83482_Brunner_Showroom2019_65_XL.jpg.webp?itok=-StdqavR -> fina_soft_chair_with_medium_height_back_6722\image_2.jpg
Starting download with Playwright: https://live-brunner.pantheonsite.io/sites/default/files/styles/original_webp/public/oldImages/83482_Brunner_Showroom2019_65_XL.jpg.webp?itok=mhp2g8kr
Finished download: https://live-brunner.pantheonsite.io/sites/default/files/styles/original_webp/public/oldImages/83482_Brunner_Showroom2019_65_XL.jpg.webp?itok=mhp2g8kr -> fina_soft_chair_with_medium_height_back_6722\image_3.jpg
Starting download with Playwright: https://live-brunner.pantheonsite.io/sites/default/files/styles/sm/public/oldImages/64478_Brunner_GGArchard_Showroom01_2018_41_XL.jpg.webp?itok=atlNTtBK
Finished download: https://live-brunner.pantheonsite.io/sites/default/files/styles/sm/public/oldImages/64478_Brunner_GGArchard_Showroom01_2018_41_XL.jpg.webp?itok=atlNTtBK -> fina_soft_chair_with_medium_height_back_6722\image_4.jpg
Starting download with Playwright: https://live-brunner.pantheonsite.io/sites/default/files/styles/lg/public/oldImages/64478_Brunner_GGArchard_Showroom01_2018_41_XL.jpg.webp?itok=62U-5mio
Finished download: https://live-brunner.pantheonsite.io/sites/default/files/styles/lg/public/oldImages/64478_Brunner_GGArchard_Showroom01_2018_41_XL.jpg.webp?itok=62U-5mio -> fina_soft_chair_with_medium_height_back_6722\image_5.jpg
Starting download with Playwright: https://live-brunner.pantheonsite.io/sites/default/files/styles/original_webp/public/oldImages/64478_Brunner_GGArchard_Showroom01_2018_41_XL.jpg.webp?itok=5L2vNqU0
Finished download: https://live-brunner.pantheonsite.io/sites/default/files/styles/original_webp/public/oldImages/64478_Brunner_GGArchard_Showroom01_2018_41_XL.jpg.webp?itok=5L2vNqU0 -> fina_soft_chair_with_medium_height_back_6722\image_6.jpg
Starting download with Playwright: https://live-brunner.pantheonsite.io/sites/default/files/styles/sm/public/oldImages/21963_Brunner_fina_flex_7901_7925_7931_7933_finasoft_6732A_Loc_XL.jpg.webp?itok=sgtnjgD4
Finished download: https://live-brunner.pantheonsite.io/sites/default/files/styles/sm/public/oldImages/21963_Brunner_fina_flex_7901_7925_7931_7933_finasoft_6732A_Loc_XL.jpg.webp?itok=sgtnjgD4 -> fina_soft_chair_with_medium_height_back_6722\image_7.jpg
Starting download with Playwright: https://live-brunner.pantheonsite.io/sites/default/files/styles/lg/public/oldImages/21963_Brunner_fina_flex_7901_7925_7931_7933_finasoft_6732A_Loc_XL.jpg.webp?itok=BUaZ0AZO
Finished download: https://live-brunner.pantheonsite.io/sites/default/files/styles/lg/public/oldImages/21963_Brunner_fina_flex_7901_7925_7931_7933_finasoft_6732A_Loc_XL.jpg.webp?itok=BUaZ0AZO -> fina_soft_chair_with_medium_height_back_6722\image_8.jpg
Starting download with Playwright: https://live-brunner.pantheonsite.io/sites/default/files/styles/original_webp/public/oldImages/21963_Brunner_fina_flex_7901_7925_7931_7933_finasoft_6732A_Loc_XL.jpg.webp?itok=WYLSBW8w
Finished download: https://live-brunner.pantheonsite.io/sites/default/files/styles/original_webp/public/oldImages/21963_Brunner_fina_flex_7901_7925_7931_7933_finasoft_6732A_Loc_XL.jpg.webp?itok=WYLSBW8w -> fina_soft_chair_with_medium_height_back_6722\image_9.jpg
Starting download with Playwright: https://live-brunner.pantheonsite.io/sites/default/files/styles/sm/public/oldImages/64475_Brunner_GGArchard_Showroom01_2018_38_XL.jpg.webp?itok=RV9jEDnq
Finished download: https://live-brunner.pantheonsite.io/sites/default/files/styles/sm/public/oldImages/64475_Brunner_GGArchard_Showroom01_2018_38_XL.jpg.webp?itok=RV9jEDnq -> fina_soft_chair_with_medium_height_back_6722\image_10.jpg
Starting download with Playwright: https://live-brunner.pantheonsite.io/sites/default/files/styles/lg/public/oldImages/64475_Brunner_GGArchard_Showroom01_2018_38_XL.jpg.webp?itok=FDSd6TVh
Finished download: https://live-brunner.pantheonsite.io/sites/default/files/styles/lg/public/oldImages/64475_Brunner_GGArchard_Showroom01_2018_38_XL.jpg.webp?itok=FDSd6TVh -> fina_soft_chair_with_medium_height_back_6722\image_11.jpg
Starting download with Playwright: https://live-brunner.pantheonsite.io/sites/default/files/styles/original_webp/public/oldImages/64475_Brunner_GGArchard_Showroom01_2018_38_XL.jpg.webp?itok=KJ7hR9Go
Finished download: https://live-brunner.pantheonsite.io/sites/default/files/styles/original_webp/public/oldImages/64475_Brunner_GGArchard_Showroom01_2018_38_XL.jpg.webp?itok=KJ7hR9Go -> fina_soft_chair_with_medium_height_back_6722\image_12.jpg
Starting download with Playwright: https://live-brunner.pantheonsite.io/sites/default/files/styles/sm/public/oldImages/83488_fina%20soft_6722A_XL.jpg.webp?itok=9Lgr_F7R
Finished download: https://live-brunner.pantheonsite.io/sites/default/files/styles/sm/public/oldImages/83488_fina%20soft_6722A_XL.jpg.webp?itok=9Lgr_F7R -> fina_soft_chair_with_medium_height_back_6722\image_13.jpg
Starting download with Playwright: https://live-brunner.pantheonsite.io/sites/default/files/styles/lg/public/oldImages/83488_fina%20soft_6722A_XL.jpg.webp?itok=iRdt_-r4
Finished download: https://live-brunner.pantheonsite.io/sites/default/files/styles/lg/public/oldImages/83488_fina%20soft_6722A_XL.jpg.webp?itok=iRdt_-r4 -> fina_soft_chair_with_medium_height_back_6722\image_14.jpg
Starting download with Playwright: https://live-brunner.pantheonsite.io/sites/default/files/styles/original_webp/public/oldImages/83488_fina%20soft_6722A_XL.jpg.webp?itok=BY-eWIbS
Finished download: https://live-brunner.pantheonsite.io/sites/default/files/styles/original_webp/public/oldImages/83488_fina%20soft_6722A_XL.jpg.webp?itok=BY-eWIbS -> fina_soft_chair_with_medium_height_back_6722\image_15.jpg
Starting download with Playwright: https://live-brunner.pantheonsite.io/sites/default/files/styles/sm/public/oldImages/64434_Brunner_GGArchard_Ad05_02_XL.jpg.webp?itok=E5cTcDhb
Finished download: https://live-brunner.pantheonsite.io/sites/default/files/styles/sm/public/oldImages/64434_Brunner_GGArchard_Ad05_02_XL.jpg.webp?itok=E5cTcDhb -> fina_soft_chair_with_medium_height_back_6722\image_16.jpg
Starting download with Playwright: https://live-brunner.pantheonsite.io/sites/default/files/styles/lg/public/oldImages/64434_Brunner_GGArchard_Ad05_02_XL.jpg.webp?itok=5FUTj8Iz
Finished download: https://live-brunner.pantheonsite.io/sites/default/files/styles/lg/public/oldImages/64434_Brunner_GGArchard_Ad05_02_XL.jpg.webp?itok=5FUTj8Iz -> fina_soft_chair_with_medium_height_back_6722\image_17.jpg
Starting download with Playwright: https://live-brunner.pantheonsite.io/sites/default/files/styles/original_webp/public/oldImages/64434_Brunner_GGArchard_Ad05_02_XL.jpg.webp?itok=27cm4mfk
Finished download: https://live-brunner.pantheonsite.io/sites/default/files/styles/original_webp/public/oldImages/64434_Brunner_GGArchard_Ad05_02_XL.jpg.webp?itok=27cm4mfk -> fina_soft_chair_with_medium_height_back_6722\image_18.jpg
Starting download with Playwright: https://live-brunner.pantheonsite.io/sites/default/files/styles/sm/public/oldImages/83483_Brunner_fina_soft_6758A_fina_fold_6991_XL.jpg.webp?itok=D0nFB2p1
Finished download: https://live-brunner.pantheonsite.io/sites/default/files/styles/sm/public/oldImages/83483_Brunner_fina_soft_6758A_fina_fold_6991_XL.jpg.webp?itok=D0nFB2p1 -> fina_soft_chair_with_medium_height_back_6722\image_19.jpg
Starting download with Playwright: https://live-brunner.pantheonsite.io/sites/default/files/styles/lg/public/oldImages/83483_Brunner_fina_soft_6758A_fina_fold_6991_XL.jpg.webp?itok=AO7gZSBK
Finished download: https://live-brunner.pantheonsite.io/sites/default/files/styles/lg/public/oldImages/83483_Brunner_fina_soft_6758A_fina_fold_6991_XL.jpg.webp?itok=AO7gZSBK -> fina_soft_chair_with_medium_height_back_6722\image_20.jpg
Starting download with Playwright: https://live-brunner.pantheonsite.io/sites/default/files/styles/original_webp/public/oldImages/83483_Brunner_fina_soft_6758A_fina_fold_6991_XL.jpg.webp?itok=bJme-N_i
Finished download: https://live-brunner.pantheonsite.io/sites/default/files/styles/original_webp/public/oldImages/83483_Brunner_fina_soft_6758A_fina_fold_6991_XL.jpg.webp?itok=bJme-N_i -> fina_soft_chair_with_medium_height_back_6722\image_21.jpg
Starting download with Playwright: https://live-brunner.pantheonsite.io/sites/default/files/styles/sm/public/oldImages/64440_Brunner_GGArchard_Showroom01_2018_03_XL.jpg.webp?itok=M8VPcTcQ
Finished download: https://live-brunner.pantheonsite.io/sites/default/files/styles/sm/public/oldImages/64440_Brunner_GGArchard_Showroom01_2018_03_XL.jpg.webp?itok=M8VPcTcQ -> fina_soft_chair_with_medium_height_back_6722\image_22.jpg
Starting download with Playwright: https://live-brunner.pantheonsite.io/sites/default/files/styles/lg/public/oldImages/64440_Brunner_GGArchard_Showroom01_2018_03_XL.jpg.webp?itok=OV8Csh_y
Finished download: https://live-brunner.pantheonsite.io/sites/default/files/styles/lg/public/oldImages/64440_Brunner_GGArchard_Showroom01_2018_03_XL.jpg.webp?itok=OV8Csh_y -> fina_soft_chair_with_medium_height_back_6722\image_23.jpg
Starting download with Playwright: https://live-brunner.pantheonsite.io/sites/default/files/styles/original_webp/public/oldImages/64440_Brunner_GGArchard_Showroom01_2018_03_XL.jpg.webp?itok=yyy18h5X
Finished download: https://live-brunner.pantheonsite.io/sites/default/files/styles/original_webp/public/oldImages/64440_Brunner_GGArchard_Showroom01_2018_03_XL.jpg.webp?itok=yyy18h5X -> fina_soft_chair_with_medium_height_back_6722\image_24.jpg
Completed image downloads for product fina_soft_chair_with_medium_height_back_6722
Extracting features for product fina_soft_chair_with_medium_height_back_6722...
Features saved for product fina_soft_chair_with_medium_height_back_6722
Attempting to access Downloads tab for product fina_soft_chair_with_medium_height_back_6722...
Starting download of PDF: https://live-brunner.pantheonsite.io/sites/default/files/oldPdfs/Produktdatenblaetter/Produktdatenblaetter_EN/fina_soft_Brunner_product_data_sheet_EN.pdf
Downloaded product_sheet.pdf for product fina_soft_chair_with_medium_height_back_6722
Opening URL for product fina_soft_High-back_chair_6732: https://brunner-group.com/en/products/fina-soft-high-back-chair/?variant=6732
Images detected on page for fina_soft_High-back_chair_6732, scrolling to load them...
Successfully opened URL for product fina_soft_High-back_chair_6732
Extracting images for product fina_soft_High-back_chair_6732...
Found 9 images for product fina_soft_High-back_chair_6732
Starting download with Playwright: https://live-brunner.pantheonsite.io/sites/default/files/styles/sm/public/oldImages/21963_fina_flex_7901_7925_7931_7933_finasoft_6732A_Loc_XL.jpg.webp?itok=urvbEKK0
Finished download: https://live-brunner.pantheonsite.io/sites/default/files/styles/sm/public/oldImages/21963_fina_flex_7901_7925_7931_7933_finasoft_6732A_Loc_XL.jpg.webp?itok=urvbEKK0 -> fina_soft_High-back_chair_6732\image_1.jpg
Starting download with Playwright: https://live-brunner.pantheonsite.io/sites/default/files/styles/lg/public/oldImages/21963_fina_flex_7901_7925_7931_7933_finasoft_6732A_Loc_XL.jpg.webp?itok=fwsOJ1B1
Finished download: https://live-brunner.pantheonsite.io/sites/default/files/styles/lg/public/oldImages/21963_fina_flex_7901_7925_7931_7933_finasoft_6732A_Loc_XL.jpg.webp?itok=fwsOJ1B1 -> fina_soft_High-back_chair_6732\image_2.jpg
Starting download with Playwright: https://live-brunner.pantheonsite.io/sites/default/files/styles/original_webp/public/oldImages/21963_fina_flex_7901_7925_7931_7933_finasoft_6732A_Loc_XL.jpg.webp?itok=BOco1cfC
Finished download: https://live-brunner.pantheonsite.io/sites/default/files/styles/original_webp/public/oldImages/21963_fina_flex_7901_7925_7931_7933_finasoft_6732A_Loc_XL.jpg.webp?itok=BOco1cfC -> fina_soft_High-back_chair_6732\image_3.jpg
Starting download with Playwright: https://live-brunner.pantheonsite.io/sites/default/files/styles/sm/public/oldImages/86098_Brunner_Klocke_Pharma_Service_Marquardt_36_XL.jpg.webp?itok=NEWLR4kc
Finished download: https://live-brunner.pantheonsite.io/sites/default/files/styles/sm/public/oldImages/86098_Brunner_Klocke_Pharma_Service_Marquardt_36_XL.jpg.webp?itok=NEWLR4kc -> fina_soft_High-back_chair_6732\image_4.jpg
Starting download with Playwright: https://live-brunner.pantheonsite.io/sites/default/files/styles/lg/public/oldImages/86098_Brunner_Klocke_Pharma_Service_Marquardt_36_XL.jpg.webp?itok=lJDfRAn3
Finished download: https://live-brunner.pantheonsite.io/sites/default/files/styles/lg/public/oldImages/86098_Brunner_Klocke_Pharma_Service_Marquardt_36_XL.jpg.webp?itok=lJDfRAn3 -> fina_soft_High-back_chair_6732\image_5.jpg
Starting download with Playwright: https://live-brunner.pantheonsite.io/sites/default/files/styles/original_webp/public/oldImages/86098_Brunner_Klocke_Pharma_Service_Marquardt_36_XL.jpg.webp?itok=ydJ74Vsc
Finished download: https://live-brunner.pantheonsite.io/sites/default/files/styles/original_webp/public/oldImages/86098_Brunner_Klocke_Pharma_Service_Marquardt_36_XL.jpg.webp?itok=ydJ74Vsc -> fina_soft_High-back_chair_6732\image_6.jpg
Starting download with Playwright: https://live-brunner.pantheonsite.io/sites/default/files/styles/sm/public/oldImages/83483_fina%20soft_6758A_fina%20conference_6914_XL.jpg.webp?itok=gLl3Dm6i
Finished download: https://live-brunner.pantheonsite.io/sites/default/files/styles/sm/public/oldImages/83483_fina%20soft_6758A_fina%20conference_6914_XL.jpg.webp?itok=gLl3Dm6i -> fina_soft_High-back_chair_6732\image_7.jpg
Starting download with Playwright: https://live-brunner.pantheonsite.io/sites/default/files/styles/lg/public/oldImages/83483_fina%20soft_6758A_fina%20conference_6914_XL.jpg.webp?itok=xwOIvuiK
Finished download: https://live-brunner.pantheonsite.io/sites/default/files/styles/lg/public/oldImages/83483_fina%20soft_6758A_fina%20conference_6914_XL.jpg.webp?itok=xwOIvuiK -> fina_soft_High-back_chair_6732\image_8.jpg
Starting download with Playwright: https://live-brunner.pantheonsite.io/sites/default/files/styles/original_webp/public/oldImages/83483_fina%20soft_6758A_fina%20conference_6914_XL.jpg.webp?itok=59BJ6O3w
Finished download: https://live-brunner.pantheonsite.io/sites/default/files/styles/original_webp/public/oldImages/83483_fina%20soft_6758A_fina%20conference_6914_XL.jpg.webp?itok=59BJ6O3w -> fina_soft_High-back_chair_6732\image_9.jpg
Completed image downloads for product fina_soft_High-back_chair_6732
Extracting features for product fina_soft_High-back_chair_6732...
Features saved for product fina_soft_High-back_chair_6732
Attempting to access Downloads tab for product fina_soft_High-back_chair_6732...
Starting download of PDF: https://live-brunner.pantheonsite.io/sites/default/files/oldPdfs/Produktdatenblaetter/Produktdatenblaetter_EN/fina_soft_Brunner_product_data_sheet_EN.pdf
Downloaded product_sheet.pdf for product fina_soft_High-back_chair_6732
Opening URL for product fina_wood_chair_with_medium_height_back_6822: https://brunner-group.com/en/products/fina-wood-chair-with-medium-height-back/?variant=6822
[Info] No images detected for product fina_wood_chair_with_medium_height_back_6822, skipping image extraction step.
Successfully opened URL for product fina_wood_chair_with_medium_height_back_6822
Extracting images for product fina_wood_chair_with_medium_height_back_6822...
[Info] No images found for product fina_wood_chair_with_medium_height_back_6822, skipping download step.
Extracting features for product fina_wood_chair_with_medium_height_back_6822...
Features saved for product fina_wood_chair_with_medium_height_back_6822
Attempting to access Downloads tab for product fina_wood_chair_with_medium_height_back_6822...
Starting download of PDF: https://live-brunner.pantheonsite.io/sites/default/files/oldPdfs/Produktdatenblaetter/Produktdatenblaetter_EN/fina_wood_Brunner_product_data_sheet_EN.pdf
Downloaded product_sheet.pdf for product fina_wood_chair_with_medium_height_back_6822
Opening URL for product first_class_stacking_chair_4502: https://brunner-group.com/en/products/first-class-stacking-chair/?variant=4502
Images detected on page for first_class_stacking_chair_4502, scrolling to load them...
Successfully opened URL for product first_class_stacking_chair_4502
Extracting images for product first_class_stacking_chair_4502...
Found 33 images for product first_class_stacking_chair_4502
Starting download with Playwright: https://live-brunner.pantheonsite.io/sites/default/files/styles/sm/public/oldImages/97857_Brunner_first_class_4502A_torino_9454_Loc_HD_XL.jpg.webp?itok=vpLXyIDT
Finished download: https://live-brunner.pantheonsite.io/sites/default/files/styles/sm/public/oldImages/97857_Brunner_first_class_4502A_torino_9454_Loc_HD_XL.jpg.webp?itok=vpLXyIDT -> first_class_stacking_chair_4502\image_1.jpg
Starting download with Playwright: https://live-brunner.pantheonsite.io/sites/default/files/styles/lg/public/oldImages/97857_Brunner_first_class_4502A_torino_9454_Loc_HD_XL.jpg.webp?itok=zG-OuhFO
Finished download: https://live-brunner.pantheonsite.io/sites/default/files/styles/lg/public/oldImages/97857_Brunner_first_class_4502A_torino_9454_Loc_HD_XL.jpg.webp?itok=zG-OuhFO -> first_class_stacking_chair_4502\image_2.jpg
Starting download with Playwright: https://live-brunner.pantheonsite.io/sites/default/files/styles/original_webp/public/oldImages/97857_Brunner_first_class_4502A_torino_9454_Loc_HD_XL.jpg.webp?itok=2AHo9dmN
Finished download: https://live-brunner.pantheonsite.io/sites/default/files/styles/original_webp/public/oldImages/97857_Brunner_first_class_4502A_torino_9454_Loc_HD_XL.jpg.webp?itok=2AHo9dmN -> first_class_stacking_chair_4502\image_3.jpg
Starting download with Playwright: https://live-brunner.pantheonsite.io/sites/default/files/styles/sm/public/oldImages/112891_Brunner_first_class_4522A_Detail_Verkettung_grau_HD_XL.jpg.webp?itok=-CqKpr7A
Finished download: https://live-brunner.pantheonsite.io/sites/default/files/styles/sm/public/oldImages/112891_Brunner_first_class_4522A_Detail_Verkettung_grau_HD_XL.jpg.webp?itok=-CqKpr7A -> first_class_stacking_chair_4502\image_4.jpg
Starting download with Playwright: https://live-brunner.pantheonsite.io/sites/default/files/styles/lg/public/oldImages/112891_Brunner_first_class_4522A_Detail_Verkettung_grau_HD_XL.jpg.webp?itok=sISTxde8
Finished download: https://live-brunner.pantheonsite.io/sites/default/files/styles/lg/public/oldImages/112891_Brunner_first_class_4522A_Detail_Verkettung_grau_HD_XL.jpg.webp?itok=sISTxde8 -> first_class_stacking_chair_4502\image_5.jpg
Starting download with Playwright: https://live-brunner.pantheonsite.io/sites/default/files/styles/original_webp/public/oldImages/112891_Brunner_first_class_4522A_Detail_Verkettung_grau_HD_XL.jpg.webp?itok=B9A31Uqc
Finished download: https://live-brunner.pantheonsite.io/sites/default/files/styles/original_webp/public/oldImages/112891_Brunner_first_class_4522A_Detail_Verkettung_grau_HD_XL.jpg.webp?itok=B9A31Uqc -> first_class_stacking_chair_4502\image_6.jpg
Starting download with Playwright: https://live-brunner.pantheonsite.io/sites/default/files/styles/sm/public/oldImages/97860_Brunner_first-class_wormser-3104_Marquardt_HD_XL.jpg.webp?itok=dUZ3qk-C
Finished download: https://live-brunner.pantheonsite.io/sites/default/files/styles/sm/public/oldImages/97860_Brunner_first-class_wormser-3104_Marquardt_HD_XL.jpg.webp?itok=dUZ3qk-C -> first_class_stacking_chair_4502\image_7.jpg
Starting download with Playwright: https://live-brunner.pantheonsite.io/sites/default/files/styles/lg/public/oldImages/97860_Brunner_first-class_wormser-3104_Marquardt_HD_XL.jpg.webp?itok=z-GZPIww
Finished download: https://live-brunner.pantheonsite.io/sites/default/files/styles/lg/public/oldImages/97860_Brunner_first-class_wormser-3104_Marquardt_HD_XL.jpg.webp?itok=z-GZPIww -> first_class_stacking_chair_4502\image_8.jpg
Starting download with Playwright: https://live-brunner.pantheonsite.io/sites/default/files/styles/original_webp/public/oldImages/97860_Brunner_first-class_wormser-3104_Marquardt_HD_XL.jpg.webp?itok=dminfQQn
Finished download: https://live-brunner.pantheonsite.io/sites/default/files/styles/original_webp/public/oldImages/97860_Brunner_first-class_wormser-3104_Marquardt_HD_XL.jpg.webp?itok=dminfQQn -> first_class_stacking_chair_4502\image_9.jpg
Starting download with Playwright: https://live-brunner.pantheonsite.io/sites/default/files/styles/sm/public/oldImages/112887_Brunner_first_class_4522A_Stapel_HD_XL.jpg.webp?itok=s5rn5mo8
Finished download: https://live-brunner.pantheonsite.io/sites/default/files/styles/sm/public/oldImages/112887_Brunner_first_class_4522A_Stapel_HD_XL.jpg.webp?itok=s5rn5mo8 -> first_class_stacking_chair_4502\image_10.jpg
Starting download with Playwright: https://live-brunner.pantheonsite.io/sites/default/files/styles/lg/public/oldImages/112887_Brunner_first_class_4522A_Stapel_HD_XL.jpg.webp?itok=2kNCpV_O
Finished download: https://live-brunner.pantheonsite.io/sites/default/files/styles/lg/public/oldImages/112887_Brunner_first_class_4522A_Stapel_HD_XL.jpg.webp?itok=2kNCpV_O -> first_class_stacking_chair_4502\image_11.jpg
Starting download with Playwright: https://live-brunner.pantheonsite.io/sites/default/files/styles/original_webp/public/oldImages/112887_Brunner_first_class_4522A_Stapel_HD_XL.jpg.webp?itok=0Us-pzRW
Finished download: https://live-brunner.pantheonsite.io/sites/default/files/styles/original_webp/public/oldImages/112887_Brunner_first_class_4522A_Stapel_HD_XL.jpg.webp?itok=0Us-pzRW -> first_class_stacking_chair_4502\image_12.jpg
Starting download with Playwright: https://live-brunner.pantheonsite.io/sites/default/files/styles/sm/public/oldImages/112892_Brunner_first_class_4522A_Reihe_HD_XL.jpg.webp?itok=NXMzPVtK
Finished download: https://live-brunner.pantheonsite.io/sites/default/files/styles/sm/public/oldImages/112892_Brunner_first_class_4522A_Reihe_HD_XL.jpg.webp?itok=NXMzPVtK -> first_class_stacking_chair_4502\image_13.jpg
Starting download with Playwright: https://live-brunner.pantheonsite.io/sites/default/files/styles/lg/public/oldImages/112892_Brunner_first_class_4522A_Reihe_HD_XL.jpg.webp?itok=oI-CQkJM
Finished download: https://live-brunner.pantheonsite.io/sites/default/files/styles/lg/public/oldImages/112892_Brunner_first_class_4522A_Reihe_HD_XL.jpg.webp?itok=oI-CQkJM -> first_class_stacking_chair_4502\image_14.jpg
Starting download with Playwright: https://live-brunner.pantheonsite.io/sites/default/files/styles/original_webp/public/oldImages/112892_Brunner_first_class_4522A_Reihe_HD_XL.jpg.webp?itok=zolXu_Ss
Finished download: https://live-brunner.pantheonsite.io/sites/default/files/styles/original_webp/public/oldImages/112892_Brunner_first_class_4522A_Reihe_HD_XL.jpg.webp?itok=zolXu_Ss -> first_class_stacking_chair_4502\image_15.jpg
Starting download with Playwright: https://live-brunner.pantheonsite.io/sites/default/files/styles/sm/public/oldImages/112888_Brunner_first_class_4502A_Eiche_hell_Detail_huE_fond_HD_XL.jpg.webp?itok=FGIDwP8j
Finished download: https://live-brunner.pantheonsite.io/sites/default/files/styles/sm/public/oldImages/112888_Brunner_first_class_4502A_Eiche_hell_Detail_huE_fond_HD_XL.jpg.webp?itok=FGIDwP8j -> first_class_stacking_chair_4502\image_16.jpg
Starting download with Playwright: https://live-brunner.pantheonsite.io/sites/default/files/styles/lg/public/oldImages/112888_Brunner_first_class_4502A_Eiche_hell_Detail_huE_fond_HD_XL.jpg.webp?itok=O3IFBwRT
Finished download: https://live-brunner.pantheonsite.io/sites/default/files/styles/lg/public/oldImages/112888_Brunner_first_class_4502A_Eiche_hell_Detail_huE_fond_HD_XL.jpg.webp?itok=O3IFBwRT -> first_class_stacking_chair_4502\image_17.jpg
Starting download with Playwright: https://live-brunner.pantheonsite.io/sites/default/files/styles/original_webp/public/oldImages/112888_Brunner_first_class_4502A_Eiche_hell_Detail_huE_fond_HD_XL.jpg.webp?itok=egKFq-u0
Finished download: https://live-brunner.pantheonsite.io/sites/default/files/styles/original_webp/public/oldImages/112888_Brunner_first_class_4502A_Eiche_hell_Detail_huE_fond_HD_XL.jpg.webp?itok=egKFq-u0 -> first_class_stacking_chair_4502\image_18.jpg
Starting download with Playwright: https://live-brunner.pantheonsite.io/sites/default/files/styles/sm/public/oldImages/97861_Brunner_first-class_wormser-3161_Marquardt_HD_XL.jpg.webp?itok=bhPCprjp
Finished download: https://live-brunner.pantheonsite.io/sites/default/files/styles/sm/public/oldImages/97861_Brunner_first-class_wormser-3161_Marquardt_HD_XL.jpg.webp?itok=bhPCprjp -> first_class_stacking_chair_4502\image_19.jpg
Starting download with Playwright: https://live-brunner.pantheonsite.io/sites/default/files/styles/lg/public/oldImages/97861_Brunner_first-class_wormser-3161_Marquardt_HD_XL.jpg.webp?itok=v31hcm6F
Finished download: https://live-brunner.pantheonsite.io/sites/default/files/styles/lg/public/oldImages/97861_Brunner_first-class_wormser-3161_Marquardt_HD_XL.jpg.webp?itok=v31hcm6F -> first_class_stacking_chair_4502\image_20.jpg
Starting download with Playwright: https://live-brunner.pantheonsite.io/sites/default/files/styles/original_webp/public/oldImages/97861_Brunner_first-class_wormser-3161_Marquardt_HD_XL.jpg.webp?itok=LRE-Mu8i
Finished download: https://live-brunner.pantheonsite.io/sites/default/files/styles/original_webp/public/oldImages/97861_Brunner_first-class_wormser-3161_Marquardt_HD_XL.jpg.webp?itok=LRE-Mu8i -> first_class_stacking_chair_4502\image_21.jpg
Starting download with Playwright: https://live-brunner.pantheonsite.io/sites/default/files/styles/sm/public/oldImages/97859_Brunner_first-class_wormser-3050_Marquardt_HD_XL.jpg.webp?itok=mmZXI68G
Finished download: https://live-brunner.pantheonsite.io/sites/default/files/styles/sm/public/oldImages/97859_Brunner_first-class_wormser-3050_Marquardt_HD_XL.jpg.webp?itok=mmZXI68G -> first_class_stacking_chair_4502\image_22.jpg
Starting download with Playwright: https://live-brunner.pantheonsite.io/sites/default/files/styles/lg/public/oldImages/97859_Brunner_first-class_wormser-3050_Marquardt_HD_XL.jpg.webp?itok=WxvVXzNm
Finished download: https://live-brunner.pantheonsite.io/sites/default/files/styles/lg/public/oldImages/97859_Brunner_first-class_wormser-3050_Marquardt_HD_XL.jpg.webp?itok=WxvVXzNm -> first_class_stacking_chair_4502\image_23.jpg
Starting download with Playwright: https://live-brunner.pantheonsite.io/sites/default/files/styles/original_webp/public/oldImages/97859_Brunner_first-class_wormser-3050_Marquardt_HD_XL.jpg.webp?itok=EEcQiruK
Finished download: https://live-brunner.pantheonsite.io/sites/default/files/styles/original_webp/public/oldImages/97859_Brunner_first-class_wormser-3050_Marquardt_HD_XL.jpg.webp?itok=EEcQiruK -> first_class_stacking_chair_4502\image_24.jpg
Starting download with Playwright: https://live-brunner.pantheonsite.io/sites/default/files/styles/sm/public/oldImages/112889_Brunner_first_class_4522A_Detail_Verkettung-1_HD_XL.jpg.webp?itok=zwb9LqPH
Finished download: https://live-brunner.pantheonsite.io/sites/default/files/styles/sm/public/oldImages/112889_Brunner_first_class_4522A_Detail_Verkettung-1_HD_XL.jpg.webp?itok=zwb9LqPH -> first_class_stacking_chair_4502\image_25.jpg
Starting download with Playwright: https://live-brunner.pantheonsite.io/sites/default/files/styles/lg/public/oldImages/112889_Brunner_first_class_4522A_Detail_Verkettung-1_HD_XL.jpg.webp?itok=H8bXBih0
Finished download: https://live-brunner.pantheonsite.io/sites/default/files/styles/lg/public/oldImages/112889_Brunner_first_class_4522A_Detail_Verkettung-1_HD_XL.jpg.webp?itok=H8bXBih0 -> first_class_stacking_chair_4502\image_26.jpg
Starting download with Playwright: https://live-brunner.pantheonsite.io/sites/default/files/styles/original_webp/public/oldImages/112889_Brunner_first_class_4522A_Detail_Verkettung-1_HD_XL.jpg.webp?itok=Zb_W7fA1
Finished download: https://live-brunner.pantheonsite.io/sites/default/files/styles/original_webp/public/oldImages/112889_Brunner_first_class_4522A_Detail_Verkettung-1_HD_XL.jpg.webp?itok=Zb_W7fA1 -> first_class_stacking_chair_4502\image_27.jpg
Starting download with Playwright: https://live-brunner.pantheonsite.io/sites/default/files/styles/sm/public/oldImages/112785_Brunner_first_class_4522A_Reihe_HD_XL.jpg.webp?itok=cI5pZq0X
Finished download: https://live-brunner.pantheonsite.io/sites/default/files/styles/sm/public/oldImages/112785_Brunner_first_class_4522A_Reihe_HD_XL.jpg.webp?itok=cI5pZq0X -> first_class_stacking_chair_4502\image_28.jpg
Starting download with Playwright: https://live-brunner.pantheonsite.io/sites/default/files/styles/lg/public/oldImages/112785_Brunner_first_class_4522A_Reihe_HD_XL.jpg.webp?itok=m0QlExdx
Finished download: https://live-brunner.pantheonsite.io/sites/default/files/styles/lg/public/oldImages/112785_Brunner_first_class_4522A_Reihe_HD_XL.jpg.webp?itok=m0QlExdx -> first_class_stacking_chair_4502\image_29.jpg
Starting download with Playwright: https://live-brunner.pantheonsite.io/sites/default/files/styles/original_webp/public/oldImages/112785_Brunner_first_class_4522A_Reihe_HD_XL.jpg.webp?itok=T62mtqPQ
Finished download: https://live-brunner.pantheonsite.io/sites/default/files/styles/original_webp/public/oldImages/112785_Brunner_first_class_4522A_Reihe_HD_XL.jpg.webp?itok=T62mtqPQ -> first_class_stacking_chair_4502\image_30.jpg
Starting download with Playwright: https://live-brunner.pantheonsite.io/sites/default/files/styles/sm/public/oldImages/112885_Brunner_first_class_4522A_ray_table_9312_HD_XL.jpg.webp?itok=bX_1YqMC
Finished download: https://live-brunner.pantheonsite.io/sites/default/files/styles/sm/public/oldImages/112885_Brunner_first_class_4522A_ray_table_9312_HD_XL.jpg.webp?itok=bX_1YqMC -> first_class_stacking_chair_4502\image_31.jpg
Starting download with Playwright: https://live-brunner.pantheonsite.io/sites/default/files/styles/lg/public/oldImages/112885_Brunner_first_class_4522A_ray_table_9312_HD_XL.jpg.webp?itok=ovOHPAMd
Finished download: https://live-brunner.pantheonsite.io/sites/default/files/styles/lg/public/oldImages/112885_Brunner_first_class_4522A_ray_table_9312_HD_XL.jpg.webp?itok=ovOHPAMd -> first_class_stacking_chair_4502\image_32.jpg
Starting download with Playwright: https://live-brunner.pantheonsite.io/sites/default/files/styles/original_webp/public/oldImages/112885_Brunner_first_class_4522A_ray_table_9312_HD_XL.jpg.webp?itok=hp-53rmO
Finished download: https://live-brunner.pantheonsite.io/sites/default/files/styles/original_webp/public/oldImages/112885_Brunner_first_class_4522A_ray_table_9312_HD_XL.jpg.webp?itok=hp-53rmO -> first_class_stacking_chair_4502\image_33.jpg
Completed image downloads for product first_class_stacking_chair_4502
Extracting features for product first_class_stacking_chair_4502...
Features saved for product first_class_stacking_chair_4502
Attempting to access Downloads tab for product first_class_stacking_chair_4502...
Starting download of PDF: https://live-brunner.pantheonsite.io/sites/default/files/oldPdfs/Produktdatenblaetter/Produktdatenblaetter_EN/Brunner_product_data_sheet_first_EN.pdf
Downloaded product_sheet.pdf for product first_class_stacking_chair_4502
Opening URL for product first_line_Stacking_chair_4506: https://brunner-group.com/en/products/first-line-stacking-chair/?variant=4506
Images detected on page for first_line_Stacking_chair_4506, scrolling to load them...
Successfully opened URL for product first_line_Stacking_chair_4506
Extracting images for product first_line_Stacking_chair_4506...
Found 30 images for product first_line_Stacking_chair_4506
Starting download with Playwright: https://live-brunner.pantheonsite.io/sites/default/files/styles/sm/public/oldImages/112884_Messinghof_Kassel_Marquardt_28_HD_XL.jpg.webp?itok=K52a_Lvk
Finished download: https://live-brunner.pantheonsite.io/sites/default/files/styles/sm/public/oldImages/112884_Messinghof_Kassel_Marquardt_28_HD_XL.jpg.webp?itok=K52a_Lvk -> first_line_Stacking_chair_4506\image_1.jpg
Starting download with Playwright: https://live-brunner.pantheonsite.io/sites/default/files/styles/lg/public/oldImages/112884_Messinghof_Kassel_Marquardt_28_HD_XL.jpg.webp?itok=-CN3iPpx
Finished download: https://live-brunner.pantheonsite.io/sites/default/files/styles/lg/public/oldImages/112884_Messinghof_Kassel_Marquardt_28_HD_XL.jpg.webp?itok=-CN3iPpx -> first_line_Stacking_chair_4506\image_2.jpg
Starting download with Playwright: https://live-brunner.pantheonsite.io/sites/default/files/styles/original_webp/public/oldImages/112884_Messinghof_Kassel_Marquardt_28_HD_XL.jpg.webp?itok=04cnPyxx
Finished download: https://live-brunner.pantheonsite.io/sites/default/files/styles/original_webp/public/oldImages/112884_Messinghof_Kassel_Marquardt_28_HD_XL.jpg.webp?itok=04cnPyxx -> first_line_Stacking_chair_4506\image_3.jpg
Starting download with Playwright: https://live-brunner.pantheonsite.io/sites/default/files/styles/sm/public/oldImages/97875_first_line_4506A_grau_HD_XL.jpg.webp?itok=vm4jUuH6
Finished download: https://live-brunner.pantheonsite.io/sites/default/files/styles/sm/public/oldImages/97875_first_line_4506A_grau_HD_XL.jpg.webp?itok=vm4jUuH6 -> first_line_Stacking_chair_4506\image_4.jpg
Starting download with Playwright: https://live-brunner.pantheonsite.io/sites/default/files/styles/lg/public/oldImages/97875_first_line_4506A_grau_HD_XL.jpg.webp?itok=DBcbllGg
Finished download: https://live-brunner.pantheonsite.io/sites/default/files/styles/lg/public/oldImages/97875_first_line_4506A_grau_HD_XL.jpg.webp?itok=DBcbllGg -> first_line_Stacking_chair_4506\image_5.jpg
Starting download with Playwright: https://live-brunner.pantheonsite.io/sites/default/files/styles/original_webp/public/oldImages/97875_first_line_4506A_grau_HD_XL.jpg.webp?itok=sKAOZOHe
Finished download: https://live-brunner.pantheonsite.io/sites/default/files/styles/original_webp/public/oldImages/97875_first_line_4506A_grau_HD_XL.jpg.webp?itok=sKAOZOHe -> first_line_Stacking_chair_4506\image_6.jpg
Starting download with Playwright: https://live-brunner.pantheonsite.io/sites/default/files/styles/sm/public/oldImages/112878_Brunner_first_line_4506A_HD_XL.jpg.webp?itok=wWtWd62f
Finished download: https://live-brunner.pantheonsite.io/sites/default/files/styles/sm/public/oldImages/112878_Brunner_first_line_4506A_HD_XL.jpg.webp?itok=wWtWd62f -> first_line_Stacking_chair_4506\image_7.jpg
Starting download with Playwright: https://live-brunner.pantheonsite.io/sites/default/files/styles/lg/public/oldImages/112878_Brunner_first_line_4506A_HD_XL.jpg.webp?itok=qbB7cd25
Finished download: https://live-brunner.pantheonsite.io/sites/default/files/styles/lg/public/oldImages/112878_Brunner_first_line_4506A_HD_XL.jpg.webp?itok=qbB7cd25 -> first_line_Stacking_chair_4506\image_8.jpg
Starting download with Playwright: https://live-brunner.pantheonsite.io/sites/default/files/styles/original_webp/public/oldImages/112878_Brunner_first_line_4506A_HD_XL.jpg.webp?itok=xRNBd1qs
Finished download: https://live-brunner.pantheonsite.io/sites/default/files/styles/original_webp/public/oldImages/112878_Brunner_first_line_4506A_HD_XL.jpg.webp?itok=xRNBd1qs -> first_line_Stacking_chair_4506\image_9.jpg
Starting download with Playwright: https://live-brunner.pantheonsite.io/sites/default/files/styles/sm/public/oldImages/112882_Messinghof_Kassel_Marquardt_02_HD_XL.jpg.webp?itok=7l8cgQQi
Finished download: https://live-brunner.pantheonsite.io/sites/default/files/styles/sm/public/oldImages/112882_Messinghof_Kassel_Marquardt_02_HD_XL.jpg.webp?itok=7l8cgQQi -> first_line_Stacking_chair_4506\image_10.jpg
Starting download with Playwright: https://live-brunner.pantheonsite.io/sites/default/files/styles/lg/public/oldImages/112882_Messinghof_Kassel_Marquardt_02_HD_XL.jpg.webp?itok=Mz4Zow5O
Finished download: https://live-brunner.pantheonsite.io/sites/default/files/styles/lg/public/oldImages/112882_Messinghof_Kassel_Marquardt_02_HD_XL.jpg.webp?itok=Mz4Zow5O -> first_line_Stacking_chair_4506\image_11.jpg
Starting download with Playwright: https://live-brunner.pantheonsite.io/sites/default/files/styles/original_webp/public/oldImages/112882_Messinghof_Kassel_Marquardt_02_HD_XL.jpg.webp?itok=sllf28EK
Finished download: https://live-brunner.pantheonsite.io/sites/default/files/styles/original_webp/public/oldImages/112882_Messinghof_Kassel_Marquardt_02_HD_XL.jpg.webp?itok=sllf28EK -> first_line_Stacking_chair_4506\image_12.jpg
Starting download with Playwright: https://live-brunner.pantheonsite.io/sites/default/files/styles/sm/public/oldImages/112879_Brunner_first_line_4506A_Reihe_HD_XL.jpg.webp?itok=9X2Db2D6
Finished download: https://live-brunner.pantheonsite.io/sites/default/files/styles/sm/public/oldImages/112879_Brunner_first_line_4506A_Reihe_HD_XL.jpg.webp?itok=9X2Db2D6 -> first_line_Stacking_chair_4506\image_13.jpg
Starting download with Playwright: https://live-brunner.pantheonsite.io/sites/default/files/styles/lg/public/oldImages/112879_Brunner_first_line_4506A_Reihe_HD_XL.jpg.webp?itok=SFKvXdS8
Finished download: https://live-brunner.pantheonsite.io/sites/default/files/styles/lg/public/oldImages/112879_Brunner_first_line_4506A_Reihe_HD_XL.jpg.webp?itok=SFKvXdS8 -> first_line_Stacking_chair_4506\image_14.jpg
Starting download with Playwright: https://live-brunner.pantheonsite.io/sites/default/files/styles/original_webp/public/oldImages/112879_Brunner_first_line_4506A_Reihe_HD_XL.jpg.webp?itok=bEfuaKoi
Finished download: https://live-brunner.pantheonsite.io/sites/default/files/styles/original_webp/public/oldImages/112879_Brunner_first_line_4506A_Reihe_HD_XL.jpg.webp?itok=bEfuaKoi -> first_line_Stacking_chair_4506\image_15.jpg
Starting download with Playwright: https://live-brunner.pantheonsite.io/sites/default/files/styles/sm/public/oldImages/112883_Messinghof_Kassel_Marquardt_19_HD_XL.jpg.webp?itok=y3aZe3FL
Finished download: https://live-brunner.pantheonsite.io/sites/default/files/styles/sm/public/oldImages/112883_Messinghof_Kassel_Marquardt_19_HD_XL.jpg.webp?itok=y3aZe3FL -> first_line_Stacking_chair_4506\image_16.jpg
Starting download with Playwright: https://live-brunner.pantheonsite.io/sites/default/files/styles/lg/public/oldImages/112883_Messinghof_Kassel_Marquardt_19_HD_XL.jpg.webp?itok=4vTjVNDY
Finished download: https://live-brunner.pantheonsite.io/sites/default/files/styles/lg/public/oldImages/112883_Messinghof_Kassel_Marquardt_19_HD_XL.jpg.webp?itok=4vTjVNDY -> first_line_Stacking_chair_4506\image_17.jpg
Starting download with Playwright: https://live-brunner.pantheonsite.io/sites/default/files/styles/original_webp/public/oldImages/112883_Messinghof_Kassel_Marquardt_19_HD_XL.jpg.webp?itok=zPDG7Pap
Finished download: https://live-brunner.pantheonsite.io/sites/default/files/styles/original_webp/public/oldImages/112883_Messinghof_Kassel_Marquardt_19_HD_XL.jpg.webp?itok=zPDG7Pap -> first_line_Stacking_chair_4506\image_18.jpg
Starting download with Playwright: https://live-brunner.pantheonsite.io/sites/default/files/styles/sm/public/oldImages/112881_Messinghof_Kassel_Marquardt%20_01_HD_XL.jpg.webp?itok=2KY3xPat
Finished download: https://live-brunner.pantheonsite.io/sites/default/files/styles/sm/public/oldImages/112881_Messinghof_Kassel_Marquardt%20_01_HD_XL.jpg.webp?itok=2KY3xPat -> first_line_Stacking_chair_4506\image_19.jpg
Starting download with Playwright: https://live-brunner.pantheonsite.io/sites/default/files/styles/lg/public/oldImages/112881_Messinghof_Kassel_Marquardt%20_01_HD_XL.jpg.webp?itok=ZExMYYTC
Finished download: https://live-brunner.pantheonsite.io/sites/default/files/styles/lg/public/oldImages/112881_Messinghof_Kassel_Marquardt%20_01_HD_XL.jpg.webp?itok=ZExMYYTC -> first_line_Stacking_chair_4506\image_20.jpg
Starting download with Playwright: https://live-brunner.pantheonsite.io/sites/default/files/styles/original_webp/public/oldImages/112881_Messinghof_Kassel_Marquardt%20_01_HD_XL.jpg.webp?itok=Cu6u2era
Finished download: https://live-brunner.pantheonsite.io/sites/default/files/styles/original_webp/public/oldImages/112881_Messinghof_Kassel_Marquardt%20_01_HD_XL.jpg.webp?itok=Cu6u2era -> first_line_Stacking_chair_4506\image_21.jpg
Starting download with Playwright: https://live-brunner.pantheonsite.io/sites/default/files/styles/sm/public/oldImages/97872_Bunner_first_line_4506A_Stapel_grau_HD_XL.jpg.webp?itok=jP3z3Bvc
Finished download: https://live-brunner.pantheonsite.io/sites/default/files/styles/sm/public/oldImages/97872_Bunner_first_line_4506A_Stapel_grau_HD_XL.jpg.webp?itok=jP3z3Bvc -> first_line_Stacking_chair_4506\image_22.jpg
Starting download with Playwright: https://live-brunner.pantheonsite.io/sites/default/files/styles/lg/public/oldImages/97872_Bunner_first_line_4506A_Stapel_grau_HD_XL.jpg.webp?itok=fQ40dYNC
Finished download: https://live-brunner.pantheonsite.io/sites/default/files/styles/lg/public/oldImages/97872_Bunner_first_line_4506A_Stapel_grau_HD_XL.jpg.webp?itok=fQ40dYNC -> first_line_Stacking_chair_4506\image_23.jpg
Starting download with Playwright: https://live-brunner.pantheonsite.io/sites/default/files/styles/original_webp/public/oldImages/97872_Bunner_first_line_4506A_Stapel_grau_HD_XL.jpg.webp?itok=r18_FtzO
Finished download: https://live-brunner.pantheonsite.io/sites/default/files/styles/original_webp/public/oldImages/97872_Bunner_first_line_4506A_Stapel_grau_HD_XL.jpg.webp?itok=r18_FtzO -> first_line_Stacking_chair_4506\image_24.jpg
Starting download with Playwright: https://live-brunner.pantheonsite.io/sites/default/files/styles/sm/public/oldImages/97874_first_line_4506A_Detail_grau_HD_XL.jpg.webp?itok=bHZL7mGf
Finished download: https://live-brunner.pantheonsite.io/sites/default/files/styles/sm/public/oldImages/97874_first_line_4506A_Detail_grau_HD_XL.jpg.webp?itok=bHZL7mGf -> first_line_Stacking_chair_4506\image_25.jpg
Starting download with Playwright: https://live-brunner.pantheonsite.io/sites/default/files/styles/lg/public/oldImages/97874_first_line_4506A_Detail_grau_HD_XL.jpg.webp?itok=2xavIL-k
Finished download: https://live-brunner.pantheonsite.io/sites/default/files/styles/lg/public/oldImages/97874_first_line_4506A_Detail_grau_HD_XL.jpg.webp?itok=2xavIL-k -> first_line_Stacking_chair_4506\image_26.jpg
Starting download with Playwright: https://live-brunner.pantheonsite.io/sites/default/files/styles/original_webp/public/oldImages/97874_first_line_4506A_Detail_grau_HD_XL.jpg.webp?itok=-qGGHJPu
Finished download: https://live-brunner.pantheonsite.io/sites/default/files/styles/original_webp/public/oldImages/97874_first_line_4506A_Detail_grau_HD_XL.jpg.webp?itok=-qGGHJPu -> first_line_Stacking_chair_4506\image_27.jpg
Starting download with Playwright: https://live-brunner.pantheonsite.io/sites/default/files/styles/sm/public/oldImages/112880_Brunner_first_line_Gleiter_Stapelfuehrung_HD_XL.jpg.webp?itok=oLMqNZY7
Finished download: https://live-brunner.pantheonsite.io/sites/default/files/styles/sm/public/oldImages/112880_Brunner_first_line_Gleiter_Stapelfuehrung_HD_XL.jpg.webp?itok=oLMqNZY7 -> first_line_Stacking_chair_4506\image_28.jpg
Starting download with Playwright: https://live-brunner.pantheonsite.io/sites/default/files/styles/lg/public/oldImages/112880_Brunner_first_line_Gleiter_Stapelfuehrung_HD_XL.jpg.webp?itok=8URGPzw5
Finished download: https://live-brunner.pantheonsite.io/sites/default/files/styles/lg/public/oldImages/112880_Brunner_first_line_Gleiter_Stapelfuehrung_HD_XL.jpg.webp?itok=8URGPzw5 -> first_line_Stacking_chair_4506\image_29.jpg
Starting download with Playwright: https://live-brunner.pantheonsite.io/sites/default/files/styles/original_webp/public/oldImages/112880_Brunner_first_line_Gleiter_Stapelfuehrung_HD_XL.jpg.webp?itok=eoV-rynZ
Finished download: https://live-brunner.pantheonsite.io/sites/default/files/styles/original_webp/public/oldImages/112880_Brunner_first_line_Gleiter_Stapelfuehrung_HD_XL.jpg.webp?itok=eoV-rynZ -> first_line_Stacking_chair_4506\image_30.jpg
Completed image downloads for product first_line_Stacking_chair_4506
Extracting features for product first_line_Stacking_chair_4506...
Features saved for product first_line_Stacking_chair_4506
Attempting to access Downloads tab for product first_line_Stacking_chair_4506...
Starting download of PDF: https://live-brunner.pantheonsite.io/sites/default/files/oldPdfs/Produktdatenblaetter/Produktdatenblaetter_EN/Brunner_product_data_sheet_first_EN.pdf
Downloaded product_sheet.pdf for product first_line_Stacking_chair_4506
Opening URL for product first_place_Stacking_chair_4525: https://brunner-group.com/en/products/first-place-stacking-chair/?variant=4525
Images detected on page for first_place_Stacking_chair_4525, scrolling to load them...
Successfully opened URL for product first_place_Stacking_chair_4525
Extracting images for product first_place_Stacking_chair_4525...
Found 33 images for product first_place_Stacking_chair_4525
Starting download with Playwright: https://live-brunner.pantheonsite.io/sites/default/files/styles/sm/public/oldImages/116255_Brunner_first_place_4505_Grossraum_HD_XL.jpg.webp?itok=6s8JtIID
Finished download: https://live-brunner.pantheonsite.io/sites/default/files/styles/sm/public/oldImages/116255_Brunner_first_place_4505_Grossraum_HD_XL.jpg.webp?itok=6s8JtIID -> first_place_Stacking_chair_4525\image_1.jpg
Starting download with Playwright: https://live-brunner.pantheonsite.io/sites/default/files/styles/lg/public/oldImages/116255_Brunner_first_place_4505_Grossraum_HD_XL.jpg.webp?itok=YJUdywwI
Finished download: https://live-brunner.pantheonsite.io/sites/default/files/styles/lg/public/oldImages/116255_Brunner_first_place_4505_Grossraum_HD_XL.jpg.webp?itok=YJUdywwI -> first_place_Stacking_chair_4525\image_2.jpg
Starting download with Playwright: https://live-brunner.pantheonsite.io/sites/default/files/styles/original_webp/public/oldImages/116255_Brunner_first_place_4505_Grossraum_HD_XL.jpg.webp?itok=IhJOs2bM
Finished download: https://live-brunner.pantheonsite.io/sites/default/files/styles/original_webp/public/oldImages/116255_Brunner_first_place_4505_Grossraum_HD_XL.jpg.webp?itok=IhJOs2bM -> first_place_Stacking_chair_4525\image_3.jpg
Starting download with Playwright: https://live-brunner.pantheonsite.io/sites/default/files/styles/sm/public/oldImages/112875_Brunner_first_place_4525A_Rime-151_Lava_Chrome_Grau_mitSchatten_RGB_HD_XL.jpg.webp?itok=kVwVdzHx
Finished download: https://live-brunner.pantheonsite.io/sites/default/files/styles/sm/public/oldImages/112875_Brunner_first_place_4525A_Rime-151_Lava_Chrome_Grau_mitSchatten_RGB_HD_XL.jpg.webp?itok=kVwVdzHx -> first_place_Stacking_chair_4525\image_4.jpg
Starting download with Playwright: https://live-brunner.pantheonsite.io/sites/default/files/styles/lg/public/oldImages/112875_Brunner_first_place_4525A_Rime-151_Lava_Chrome_Grau_mitSchatten_RGB_HD_XL.jpg.webp?itok=rXNYCOuC
Finished download: https://live-brunner.pantheonsite.io/sites/default/files/styles/lg/public/oldImages/112875_Brunner_first_place_4525A_Rime-151_Lava_Chrome_Grau_mitSchatten_RGB_HD_XL.jpg.webp?itok=rXNYCOuC -> first_place_Stacking_chair_4525\image_5.jpg
Starting download with Playwright: https://live-brunner.pantheonsite.io/sites/default/files/styles/original_webp/public/oldImages/112875_Brunner_first_place_4525A_Rime-151_Lava_Chrome_Grau_mitSchatten_RGB_HD_XL.jpg.webp?itok=q1MiCDmi
Finished download: https://live-brunner.pantheonsite.io/sites/default/files/styles/original_webp/public/oldImages/112875_Brunner_first_place_4525A_Rime-151_Lava_Chrome_Grau_mitSchatten_RGB_HD_XL.jpg.webp?itok=q1MiCDmi -> first_place_Stacking_chair_4525\image_6.jpg
Starting download with Playwright: https://live-brunner.pantheonsite.io/sites/default/files/styles/sm/public/oldImages/112869_Brunner_first_place_4505_4505A_Verkettung_oak_chrome_RGB_HD_XL.jpg.webp?itok=f8wCM96h
Finished download: https://live-brunner.pantheonsite.io/sites/default/files/styles/sm/public/oldImages/112869_Brunner_first_place_4505_4505A_Verkettung_oak_chrome_RGB_HD_XL.jpg.webp?itok=f8wCM96h -> first_place_Stacking_chair_4525\image_7.jpg
Starting download with Playwright: https://live-brunner.pantheonsite.io/sites/default/files/styles/lg/public/oldImages/112869_Brunner_first_place_4505_4505A_Verkettung_oak_chrome_RGB_HD_XL.jpg.webp?itok=JzBEWizv
Finished download: https://live-brunner.pantheonsite.io/sites/default/files/styles/lg/public/oldImages/112869_Brunner_first_place_4505_4505A_Verkettung_oak_chrome_RGB_HD_XL.jpg.webp?itok=JzBEWizv -> first_place_Stacking_chair_4525\image_8.jpg
Starting download with Playwright: https://live-brunner.pantheonsite.io/sites/default/files/styles/original_webp/public/oldImages/112869_Brunner_first_place_4505_4505A_Verkettung_oak_chrome_RGB_HD_XL.jpg.webp?itok=0nS0mg_h
Finished download: https://live-brunner.pantheonsite.io/sites/default/files/styles/original_webp/public/oldImages/112869_Brunner_first_place_4505_4505A_Verkettung_oak_chrome_RGB_HD_XL.jpg.webp?itok=0nS0mg_h -> first_place_Stacking_chair_4525\image_9.jpg
Starting download with Playwright: https://live-brunner.pantheonsite.io/sites/default/files/styles/sm/public/oldImages/112871_Brunner_first_place_4505A_Buche_Hell_Grau_Schatten_HD_XL.jpg.webp?itok=TkQfEMqu
Finished download: https://live-brunner.pantheonsite.io/sites/default/files/styles/sm/public/oldImages/112871_Brunner_first_place_4505A_Buche_Hell_Grau_Schatten_HD_XL.jpg.webp?itok=TkQfEMqu -> first_place_Stacking_chair_4525\image_10.jpg
Starting download with Playwright: https://live-brunner.pantheonsite.io/sites/default/files/styles/lg/public/oldImages/112871_Brunner_first_place_4505A_Buche_Hell_Grau_Schatten_HD_XL.jpg.webp?itok=Nl9xhSE1
Finished download: https://live-brunner.pantheonsite.io/sites/default/files/styles/lg/public/oldImages/112871_Brunner_first_place_4505A_Buche_Hell_Grau_Schatten_HD_XL.jpg.webp?itok=Nl9xhSE1 -> first_place_Stacking_chair_4525\image_11.jpg
Starting download with Playwright: https://live-brunner.pantheonsite.io/sites/default/files/styles/original_webp/public/oldImages/112871_Brunner_first_place_4505A_Buche_Hell_Grau_Schatten_HD_XL.jpg.webp?itok=CQDMUnEl
Finished download: https://live-brunner.pantheonsite.io/sites/default/files/styles/original_webp/public/oldImages/112871_Brunner_first_place_4505A_Buche_Hell_Grau_Schatten_HD_XL.jpg.webp?itok=CQDMUnEl -> first_place_Stacking_chair_4525\image_12.jpg
Starting download with Playwright: https://live-brunner.pantheonsite.io/sites/default/files/styles/sm/public/oldImages/112870_Brunner_first_place_4505_Buche_Hell_Grau_Schatten_HD_XL.jpg.webp?itok=KxBqP34v
Finished download: https://live-brunner.pantheonsite.io/sites/default/files/styles/sm/public/oldImages/112870_Brunner_first_place_4505_Buche_Hell_Grau_Schatten_HD_XL.jpg.webp?itok=KxBqP34v -> first_place_Stacking_chair_4525\image_13.jpg
Starting download with Playwright: https://live-brunner.pantheonsite.io/sites/default/files/styles/lg/public/oldImages/112870_Brunner_first_place_4505_Buche_Hell_Grau_Schatten_HD_XL.jpg.webp?itok=1yMGouMx
Finished download: https://live-brunner.pantheonsite.io/sites/default/files/styles/lg/public/oldImages/112870_Brunner_first_place_4505_Buche_Hell_Grau_Schatten_HD_XL.jpg.webp?itok=1yMGouMx -> first_place_Stacking_chair_4525\image_14.jpg
Starting download with Playwright: https://live-brunner.pantheonsite.io/sites/default/files/styles/original_webp/public/oldImages/112870_Brunner_first_place_4505_Buche_Hell_Grau_Schatten_HD_XL.jpg.webp?itok=dInmJE6e
Finished download: https://live-brunner.pantheonsite.io/sites/default/files/styles/original_webp/public/oldImages/112870_Brunner_first_place_4505_Buche_Hell_Grau_Schatten_HD_XL.jpg.webp?itok=dInmJE6e -> first_place_Stacking_chair_4525\image_15.jpg
Starting download with Playwright: https://live-brunner.pantheonsite.io/sites/default/files/styles/sm/public/oldImages/112876_Brunner_first_place_Gleiter_HD_XL.jpg.webp?itok=L9_KsBcN
Finished download: https://live-brunner.pantheonsite.io/sites/default/files/styles/sm/public/oldImages/112876_Brunner_first_place_Gleiter_HD_XL.jpg.webp?itok=L9_KsBcN -> first_place_Stacking_chair_4525\image_16.jpg
Starting download with Playwright: https://live-brunner.pantheonsite.io/sites/default/files/styles/lg/public/oldImages/112876_Brunner_first_place_Gleiter_HD_XL.jpg.webp?itok=JgHwmC3_
Finished download: https://live-brunner.pantheonsite.io/sites/default/files/styles/lg/public/oldImages/112876_Brunner_first_place_Gleiter_HD_XL.jpg.webp?itok=JgHwmC3_ -> first_place_Stacking_chair_4525\image_17.jpg
Starting download with Playwright: https://live-brunner.pantheonsite.io/sites/default/files/styles/original_webp/public/oldImages/112876_Brunner_first_place_Gleiter_HD_XL.jpg.webp?itok=BiOmqUgy
Finished download: https://live-brunner.pantheonsite.io/sites/default/files/styles/original_webp/public/oldImages/112876_Brunner_first_place_Gleiter_HD_XL.jpg.webp?itok=BiOmqUgy -> first_place_Stacking_chair_4525\image_18.jpg
Starting download with Playwright: https://live-brunner.pantheonsite.io/sites/default/files/styles/sm/public/oldImages/112872_Brunner_first_place_4505A_Stapel_Buche_Hell_Chrome_Grau_mitSchatten_RGB_HD_XL.jpg.webp?itok=W2PygKCw
Finished download: https://live-brunner.pantheonsite.io/sites/default/files/styles/sm/public/oldImages/112872_Brunner_first_place_4505A_Stapel_Buche_Hell_Chrome_Grau_mitSchatten_RGB_HD_XL.jpg.webp?itok=W2PygKCw -> first_place_Stacking_chair_4525\image_19.jpg
Starting download with Playwright: https://live-brunner.pantheonsite.io/sites/default/files/styles/lg/public/oldImages/112872_Brunner_first_place_4505A_Stapel_Buche_Hell_Chrome_Grau_mitSchatten_RGB_HD_XL.jpg.webp?itok=ZSjijI6W
Finished download: https://live-brunner.pantheonsite.io/sites/default/files/styles/lg/public/oldImages/112872_Brunner_first_place_4505A_Stapel_Buche_Hell_Chrome_Grau_mitSchatten_RGB_HD_XL.jpg.webp?itok=ZSjijI6W -> first_place_Stacking_chair_4525\image_20.jpg
Starting download with Playwright: https://live-brunner.pantheonsite.io/sites/default/files/styles/original_webp/public/oldImages/112872_Brunner_first_place_4505A_Stapel_Buche_Hell_Chrome_Grau_mitSchatten_RGB_HD_XL.jpg.webp?itok=arF0C2XX
Finished download: https://live-brunner.pantheonsite.io/sites/default/files/styles/original_webp/public/oldImages/112872_Brunner_first_place_4505A_Stapel_Buche_Hell_Chrome_Grau_mitSchatten_RGB_HD_XL.jpg.webp?itok=arF0C2XX -> first_place_Stacking_chair_4525\image_21.jpg
Starting download with Playwright: https://live-brunner.pantheonsite.io/sites/default/files/styles/sm/public/oldImages/112868_Brunner_first_place_4505_4505A_CMYK_HD_XL.jpg.webp?itok=2UjpjGYh
Finished download: https://live-brunner.pantheonsite.io/sites/default/files/styles/sm/public/oldImages/112868_Brunner_first_place_4505_4505A_CMYK_HD_XL.jpg.webp?itok=2UjpjGYh -> first_place_Stacking_chair_4525\image_22.jpg
Starting download with Playwright: https://live-brunner.pantheonsite.io/sites/default/files/styles/lg/public/oldImages/112868_Brunner_first_place_4505_4505A_CMYK_HD_XL.jpg.webp?itok=CIQVHARV
Finished download: https://live-brunner.pantheonsite.io/sites/default/files/styles/lg/public/oldImages/112868_Brunner_first_place_4505_4505A_CMYK_HD_XL.jpg.webp?itok=CIQVHARV -> first_place_Stacking_chair_4525\image_23.jpg
Starting download with Playwright: https://live-brunner.pantheonsite.io/sites/default/files/styles/original_webp/public/oldImages/112868_Brunner_first_place_4505_4505A_CMYK_HD_XL.jpg.webp?itok=n4xE5Dew
Finished download: https://live-brunner.pantheonsite.io/sites/default/files/styles/original_webp/public/oldImages/112868_Brunner_first_place_4505_4505A_CMYK_HD_XL.jpg.webp?itok=n4xE5Dew -> first_place_Stacking_chair_4525\image_24.jpg
Starting download with Playwright: https://live-brunner.pantheonsite.io/sites/default/files/styles/sm/public/oldImages/112874_Brunner_first_place_4525_Rime151_Grau_Schatten_HD_XL.jpg.webp?itok=dZKFUcvo
Finished download: https://live-brunner.pantheonsite.io/sites/default/files/styles/sm/public/oldImages/112874_Brunner_first_place_4525_Rime151_Grau_Schatten_HD_XL.jpg.webp?itok=dZKFUcvo -> first_place_Stacking_chair_4525\image_25.jpg
Starting download with Playwright: https://live-brunner.pantheonsite.io/sites/default/files/styles/lg/public/oldImages/112874_Brunner_first_place_4525_Rime151_Grau_Schatten_HD_XL.jpg.webp?itok=t8Wux02X
Finished download: https://live-brunner.pantheonsite.io/sites/default/files/styles/lg/public/oldImages/112874_Brunner_first_place_4525_Rime151_Grau_Schatten_HD_XL.jpg.webp?itok=t8Wux02X -> first_place_Stacking_chair_4525\image_26.jpg
Starting download with Playwright: https://live-brunner.pantheonsite.io/sites/default/files/styles/original_webp/public/oldImages/112874_Brunner_first_place_4525_Rime151_Grau_Schatten_HD_XL.jpg.webp?itok=lf80CPz7
Finished download: https://live-brunner.pantheonsite.io/sites/default/files/styles/original_webp/public/oldImages/112874_Brunner_first_place_4525_Rime151_Grau_Schatten_HD_XL.jpg.webp?itok=lf80CPz7 -> first_place_Stacking_chair_4525\image_27.jpg
Starting download with Playwright: https://live-brunner.pantheonsite.io/sites/default/files/styles/sm/public/oldImages/112877_Brunner_first_place_Schale_4505_HD_XL.jpg.webp?itok=Smvt1E8h
Finished download: https://live-brunner.pantheonsite.io/sites/default/files/styles/sm/public/oldImages/112877_Brunner_first_place_Schale_4505_HD_XL.jpg.webp?itok=Smvt1E8h -> first_place_Stacking_chair_4525\image_28.jpg
Starting download with Playwright: https://live-brunner.pantheonsite.io/sites/default/files/styles/lg/public/oldImages/112877_Brunner_first_place_Schale_4505_HD_XL.jpg.webp?itok=flyYoaNp
Finished download: https://live-brunner.pantheonsite.io/sites/default/files/styles/lg/public/oldImages/112877_Brunner_first_place_Schale_4505_HD_XL.jpg.webp?itok=flyYoaNp -> first_place_Stacking_chair_4525\image_29.jpg
Starting download with Playwright: https://live-brunner.pantheonsite.io/sites/default/files/styles/original_webp/public/oldImages/112877_Brunner_first_place_Schale_4505_HD_XL.jpg.webp?itok=n6eog5lw
Finished download: https://live-brunner.pantheonsite.io/sites/default/files/styles/original_webp/public/oldImages/112877_Brunner_first_place_Schale_4505_HD_XL.jpg.webp?itok=n6eog5lw -> first_place_Stacking_chair_4525\image_30.jpg
Starting download with Playwright: https://live-brunner.pantheonsite.io/sites/default/files/styles/sm/public/oldImages/112873_Brunner_first_place_4525_4525A_HD_XL.jpg.webp?itok=7lfsKgYg
Finished download: https://live-brunner.pantheonsite.io/sites/default/files/styles/sm/public/oldImages/112873_Brunner_first_place_4525_4525A_HD_XL.jpg.webp?itok=7lfsKgYg -> first_place_Stacking_chair_4525\image_31.jpg
Starting download with Playwright: https://live-brunner.pantheonsite.io/sites/default/files/styles/lg/public/oldImages/112873_Brunner_first_place_4525_4525A_HD_XL.jpg.webp?itok=LWdZb9ey
Finished download: https://live-brunner.pantheonsite.io/sites/default/files/styles/lg/public/oldImages/112873_Brunner_first_place_4525_4525A_HD_XL.jpg.webp?itok=LWdZb9ey -> first_place_Stacking_chair_4525\image_32.jpg
Starting download with Playwright: https://live-brunner.pantheonsite.io/sites/default/files/styles/original_webp/public/oldImages/112873_Brunner_first_place_4525_4525A_HD_XL.jpg.webp?itok=MF1StUJQ
Finished download: https://live-brunner.pantheonsite.io/sites/default/files/styles/original_webp/public/oldImages/112873_Brunner_first_place_4525_4525A_HD_XL.jpg.webp?itok=MF1StUJQ -> first_place_Stacking_chair_4525\image_33.jpg
Completed image downloads for product first_place_Stacking_chair_4525
Extracting features for product first_place_Stacking_chair_4525...
Features saved for product first_place_Stacking_chair_4525
Attempting to access Downloads tab for product first_place_Stacking_chair_4525...
Starting download of PDF: https://live-brunner.pantheonsite.io/sites/default/files/oldPdfs/Produktdatenblaetter/Produktdatenblaetter_EN/Brunner_product_data_sheet_first_EN.pdf
Downloaded product_sheet.pdf for product first_place_Stacking_chair_4525
Opening URL for product fox_Bar_stool_1011: https://brunner-group.com/en/products/fox-bar-bar-stool/?variant=1011
Images detected on page for fox_Bar_stool_1011, scrolling to load them...
Successfully opened URL for product fox_Bar_stool_1011
Extracting images for product fox_Bar_stool_1011...
Found 15 images for product fox_Bar_stool_1011
Starting download with Playwright: https://live-brunner.pantheonsite.io/sites/default/files/styles/sm/public/oldImages/97899_Brunner_fox_1013_Loc_HD_XL.jpg.webp?itok=cXgxNKEN
Finished download: https://live-brunner.pantheonsite.io/sites/default/files/styles/sm/public/oldImages/97899_Brunner_fox_1013_Loc_HD_XL.jpg.webp?itok=cXgxNKEN -> fox_Bar_stool_1011\image_1.jpg
Starting download with Playwright: https://live-brunner.pantheonsite.io/sites/default/files/styles/lg/public/oldImages/97899_Brunner_fox_1013_Loc_HD_XL.jpg.webp?itok=mtJ0r8Hy
Finished download: https://live-brunner.pantheonsite.io/sites/default/files/styles/lg/public/oldImages/97899_Brunner_fox_1013_Loc_HD_XL.jpg.webp?itok=mtJ0r8Hy -> fox_Bar_stool_1011\image_2.jpg
Starting download with Playwright: https://live-brunner.pantheonsite.io/sites/default/files/styles/original_webp/public/oldImages/97899_Brunner_fox_1013_Loc_HD_XL.jpg.webp?itok=JWIJ9FZD
Finished download: https://live-brunner.pantheonsite.io/sites/default/files/styles/original_webp/public/oldImages/97899_Brunner_fox_1013_Loc_HD_XL.jpg.webp?itok=JWIJ9FZD -> fox_Bar_stool_1011\image_3.jpg
Starting download with Playwright: https://live-brunner.pantheonsite.io/sites/default/files/styles/sm/public/oldImages/97898_Brunner_fox_1013_HD_XL.jpg.webp?itok=zBpLO7uD
Finished download: https://live-brunner.pantheonsite.io/sites/default/files/styles/sm/public/oldImages/97898_Brunner_fox_1013_HD_XL.jpg.webp?itok=zBpLO7uD -> fox_Bar_stool_1011\image_4.jpg
Starting download with Playwright: https://live-brunner.pantheonsite.io/sites/default/files/styles/lg/public/oldImages/97898_Brunner_fox_1013_HD_XL.jpg.webp?itok=vnSnURYM
Finished download: https://live-brunner.pantheonsite.io/sites/default/files/styles/lg/public/oldImages/97898_Brunner_fox_1013_HD_XL.jpg.webp?itok=vnSnURYM -> fox_Bar_stool_1011\image_5.jpg
Starting download with Playwright: https://live-brunner.pantheonsite.io/sites/default/files/styles/original_webp/public/oldImages/97898_Brunner_fox_1013_HD_XL.jpg.webp?itok=jkcwWTNy
Finished download: https://live-brunner.pantheonsite.io/sites/default/files/styles/original_webp/public/oldImages/97898_Brunner_fox_1013_HD_XL.jpg.webp?itok=jkcwWTNy -> fox_Bar_stool_1011\image_6.jpg
Starting download with Playwright: https://live-brunner.pantheonsite.io/sites/default/files/styles/sm/public/oldImages/97897_Brunner_fox_1011_front_schwarz_HD_XL.jpg.webp?itok=EBIFMYev
Finished download: https://live-brunner.pantheonsite.io/sites/default/files/styles/sm/public/oldImages/97897_Brunner_fox_1011_front_schwarz_HD_XL.jpg.webp?itok=EBIFMYev -> fox_Bar_stool_1011\image_7.jpg
Starting download with Playwright: https://live-brunner.pantheonsite.io/sites/default/files/styles/lg/public/oldImages/97897_Brunner_fox_1011_front_schwarz_HD_XL.jpg.webp?itok=T2x-m1q3
Finished download: https://live-brunner.pantheonsite.io/sites/default/files/styles/lg/public/oldImages/97897_Brunner_fox_1011_front_schwarz_HD_XL.jpg.webp?itok=T2x-m1q3 -> fox_Bar_stool_1011\image_8.jpg
Starting download with Playwright: https://live-brunner.pantheonsite.io/sites/default/files/styles/original_webp/public/oldImages/97897_Brunner_fox_1011_front_schwarz_HD_XL.jpg.webp?itok=v-IO73B4
Finished download: https://live-brunner.pantheonsite.io/sites/default/files/styles/original_webp/public/oldImages/97897_Brunner_fox_1011_front_schwarz_HD_XL.jpg.webp?itok=v-IO73B4 -> fox_Bar_stool_1011\image_9.jpg
Starting download with Playwright: https://live-brunner.pantheonsite.io/sites/default/files/styles/sm/public/oldImages/97895_Brunner_fox_1011_Seite_Buche_HD_XL.jpg.webp?itok=4ebRTh3V
Finished download: https://live-brunner.pantheonsite.io/sites/default/files/styles/sm/public/oldImages/97895_Brunner_fox_1011_Seite_Buche_HD_XL.jpg.webp?itok=4ebRTh3V -> fox_Bar_stool_1011\image_10.jpg
Starting download with Playwright: https://live-brunner.pantheonsite.io/sites/default/files/styles/lg/public/oldImages/97895_Brunner_fox_1011_Seite_Buche_HD_XL.jpg.webp?itok=EFU2y00w
Finished download: https://live-brunner.pantheonsite.io/sites/default/files/styles/lg/public/oldImages/97895_Brunner_fox_1011_Seite_Buche_HD_XL.jpg.webp?itok=EFU2y00w -> fox_Bar_stool_1011\image_11.jpg
Starting download with Playwright: https://live-brunner.pantheonsite.io/sites/default/files/styles/original_webp/public/oldImages/97895_Brunner_fox_1011_Seite_Buche_HD_XL.jpg.webp?itok=4HIzMwVe
Finished download: https://live-brunner.pantheonsite.io/sites/default/files/styles/original_webp/public/oldImages/97895_Brunner_fox_1011_Seite_Buche_HD_XL.jpg.webp?itok=4HIzMwVe -> fox_Bar_stool_1011\image_12.jpg
Starting download with Playwright: https://live-brunner.pantheonsite.io/sites/default/files/styles/sm/public/oldImages/97896_Brunner_fox_1011_90_HD_XL.jpg.webp?itok=8qWgtSr-
Finished download: https://live-brunner.pantheonsite.io/sites/default/files/styles/sm/public/oldImages/97896_Brunner_fox_1011_90_HD_XL.jpg.webp?itok=8qWgtSr- -> fox_Bar_stool_1011\image_13.jpg
Starting download with Playwright: https://live-brunner.pantheonsite.io/sites/default/files/styles/lg/public/oldImages/97896_Brunner_fox_1011_90_HD_XL.jpg.webp?itok=wXE5q7Ju
Finished download: https://live-brunner.pantheonsite.io/sites/default/files/styles/lg/public/oldImages/97896_Brunner_fox_1011_90_HD_XL.jpg.webp?itok=wXE5q7Ju -> fox_Bar_stool_1011\image_14.jpg
Starting download with Playwright: https://live-brunner.pantheonsite.io/sites/default/files/styles/original_webp/public/oldImages/97896_Brunner_fox_1011_90_HD_XL.jpg.webp?itok=2SC17UWt
Finished download: https://live-brunner.pantheonsite.io/sites/default/files/styles/original_webp/public/oldImages/97896_Brunner_fox_1011_90_HD_XL.jpg.webp?itok=2SC17UWt -> fox_Bar_stool_1011\image_15.jpg
Completed image downloads for product fox_Bar_stool_1011
Extracting features for product fox_Bar_stool_1011...
Features saved for product fox_Bar_stool_1011
Attempting to access Downloads tab for product fox_Bar_stool_1011...
Starting download of PDF: https://live-brunner.pantheonsite.io/sites/default/files/oldPdfs/Produktdatenblaetter/Produktdatenblaetter_EN/fox_Brunner_product_data_sheet_EN.pdf
Downloaded product_sheet.pdf for product fox_Bar_stool_1011
Opening URL for product fox_Stacking_chair_1030: https://brunner-group.com/en/products/fox-stacking-chair/?variant=1030
Images detected on page for fox_Stacking_chair_1030, scrolling to load them...
Successfully opened URL for product fox_Stacking_chair_1030
Extracting images for product fox_Stacking_chair_1030...
Found 45 images for product fox_Stacking_chair_1030
Starting download with Playwright: https://live-brunner.pantheonsite.io/sites/default/files/styles/sm/public/oldImages/116254_Brunner_fox_1015_Grossraum_HD_XL.jpg.webp?itok=CHWotWoF
Finished download: https://live-brunner.pantheonsite.io/sites/default/files/styles/sm/public/oldImages/116254_Brunner_fox_1015_Grossraum_HD_XL.jpg.webp?itok=CHWotWoF -> fox_Stacking_chair_1030\image_1.jpg
Starting download with Playwright: https://live-brunner.pantheonsite.io/sites/default/files/styles/lg/public/oldImages/116254_Brunner_fox_1015_Grossraum_HD_XL.jpg.webp?itok=Pm5-sx9a
Finished download: https://live-brunner.pantheonsite.io/sites/default/files/styles/lg/public/oldImages/116254_Brunner_fox_1015_Grossraum_HD_XL.jpg.webp?itok=Pm5-sx9a -> fox_Stacking_chair_1030\image_2.jpg
Starting download with Playwright: https://live-brunner.pantheonsite.io/sites/default/files/styles/original_webp/public/oldImages/116254_Brunner_fox_1015_Grossraum_HD_XL.jpg.webp?itok=X67SuCnt
Finished download: https://live-brunner.pantheonsite.io/sites/default/files/styles/original_webp/public/oldImages/116254_Brunner_fox_1015_Grossraum_HD_XL.jpg.webp?itok=X67SuCnt -> fox_Stacking_chair_1030\image_3.jpg
Starting download with Playwright: https://live-brunner.pantheonsite.io/sites/default/files/styles/sm/public/oldImages/97904_Brunner_fox_1015_Stapel_HD_XL.jpg.webp?itok=MWj4qonf
Finished download: https://live-brunner.pantheonsite.io/sites/default/files/styles/sm/public/oldImages/97904_Brunner_fox_1015_Stapel_HD_XL.jpg.webp?itok=MWj4qonf -> fox_Stacking_chair_1030\image_4.jpg
Starting download with Playwright: https://live-brunner.pantheonsite.io/sites/default/files/styles/lg/public/oldImages/97904_Brunner_fox_1015_Stapel_HD_XL.jpg.webp?itok=4jyaXnSg
Finished download: https://live-brunner.pantheonsite.io/sites/default/files/styles/lg/public/oldImages/97904_Brunner_fox_1015_Stapel_HD_XL.jpg.webp?itok=4jyaXnSg -> fox_Stacking_chair_1030\image_5.jpg
Starting download with Playwright: https://live-brunner.pantheonsite.io/sites/default/files/styles/original_webp/public/oldImages/97904_Brunner_fox_1015_Stapel_HD_XL.jpg.webp?itok=h5Z1pgLb
Finished download: https://live-brunner.pantheonsite.io/sites/default/files/styles/original_webp/public/oldImages/97904_Brunner_fox_1015_Stapel_HD_XL.jpg.webp?itok=h5Z1pgLb -> fox_Stacking_chair_1030\image_6.jpg
Starting download with Playwright: https://live-brunner.pantheonsite.io/sites/default/files/styles/sm/public/oldImages/97905_Brunner_fox_1019_1019A_HD_XL.jpg.webp?itok=z2uD51Wx
Finished download: https://live-brunner.pantheonsite.io/sites/default/files/styles/sm/public/oldImages/97905_Brunner_fox_1019_1019A_HD_XL.jpg.webp?itok=z2uD51Wx -> fox_Stacking_chair_1030\image_7.jpg
Starting download with Playwright: https://live-brunner.pantheonsite.io/sites/default/files/styles/lg/public/oldImages/97905_Brunner_fox_1019_1019A_HD_XL.jpg.webp?itok=aWkX0PY-
Finished download: https://live-brunner.pantheonsite.io/sites/default/files/styles/lg/public/oldImages/97905_Brunner_fox_1019_1019A_HD_XL.jpg.webp?itok=aWkX0PY- -> fox_Stacking_chair_1030\image_8.jpg
Starting download with Playwright: https://live-brunner.pantheonsite.io/sites/default/files/styles/original_webp/public/oldImages/97905_Brunner_fox_1019_1019A_HD_XL.jpg.webp?itok=3tGCOAJt
Finished download: https://live-brunner.pantheonsite.io/sites/default/files/styles/original_webp/public/oldImages/97905_Brunner_fox_1019_1019A_HD_XL.jpg.webp?itok=3tGCOAJt -> fox_Stacking_chair_1030\image_9.jpg
Starting download with Playwright: https://live-brunner.pantheonsite.io/sites/default/files/styles/sm/public/oldImages/112937_Brunner_fox_1370_136_1370A_136_Referenz_Orscholz_HD_XL.jpg.webp?itok=LtGxP9w-
Finished download: https://live-brunner.pantheonsite.io/sites/default/files/styles/sm/public/oldImages/112937_Brunner_fox_1370_136_1370A_136_Referenz_Orscholz_HD_XL.jpg.webp?itok=LtGxP9w- -> fox_Stacking_chair_1030\image_10.jpg
Starting download with Playwright: https://live-brunner.pantheonsite.io/sites/default/files/styles/lg/public/oldImages/112937_Brunner_fox_1370_136_1370A_136_Referenz_Orscholz_HD_XL.jpg.webp?itok=WeVYRm46
Finished download: https://live-brunner.pantheonsite.io/sites/default/files/styles/lg/public/oldImages/112937_Brunner_fox_1370_136_1370A_136_Referenz_Orscholz_HD_XL.jpg.webp?itok=WeVYRm46 -> fox_Stacking_chair_1030\image_11.jpg
Starting download with Playwright: https://live-brunner.pantheonsite.io/sites/default/files/styles/original_webp/public/oldImages/112937_Brunner_fox_1370_136_1370A_136_Referenz_Orscholz_HD_XL.jpg.webp?itok=yIhsq1KE
Finished download: https://live-brunner.pantheonsite.io/sites/default/files/styles/original_webp/public/oldImages/112937_Brunner_fox_1370_136_1370A_136_Referenz_Orscholz_HD_XL.jpg.webp?itok=yIhsq1KE -> fox_Stacking_chair_1030\image_12.jpg
Starting download with Playwright: https://live-brunner.pantheonsite.io/sites/default/files/styles/sm/public/oldImages/112777_Brunner_fox_1030_1920px_XL.jpg.webp?itok=Hj-ndByN
Finished download: https://live-brunner.pantheonsite.io/sites/default/files/styles/sm/public/oldImages/112777_Brunner_fox_1030_1920px_XL.jpg.webp?itok=Hj-ndByN -> fox_Stacking_chair_1030\image_13.jpg
Starting download with Playwright: https://live-brunner.pantheonsite.io/sites/default/files/styles/lg/public/oldImages/112777_Brunner_fox_1030_1920px_XL.jpg.webp?itok=Kqnedxvu
Finished download: https://live-brunner.pantheonsite.io/sites/default/files/styles/lg/public/oldImages/112777_Brunner_fox_1030_1920px_XL.jpg.webp?itok=Kqnedxvu -> fox_Stacking_chair_1030\image_14.jpg
Starting download with Playwright: https://live-brunner.pantheonsite.io/sites/default/files/styles/original_webp/public/oldImages/112777_Brunner_fox_1030_1920px_XL.jpg.webp?itok=7xc-F5hQ
Finished download: https://live-brunner.pantheonsite.io/sites/default/files/styles/original_webp/public/oldImages/112777_Brunner_fox_1030_1920px_XL.jpg.webp?itok=7xc-F5hQ -> fox_Stacking_chair_1030\image_15.jpg
Starting download with Playwright: https://live-brunner.pantheonsite.io/sites/default/files/styles/sm/public/oldImages/112936_Brunner_fox_1360A_135_Buche_Sitzpolster_HD_XL.jpg.webp?itok=zcnOmC9n
Finished download: https://live-brunner.pantheonsite.io/sites/default/files/styles/sm/public/oldImages/112936_Brunner_fox_1360A_135_Buche_Sitzpolster_HD_XL.jpg.webp?itok=zcnOmC9n -> fox_Stacking_chair_1030\image_16.jpg
Starting download with Playwright: https://live-brunner.pantheonsite.io/sites/default/files/styles/lg/public/oldImages/112936_Brunner_fox_1360A_135_Buche_Sitzpolster_HD_XL.jpg.webp?itok=8Q01hh-7
Finished download: https://live-brunner.pantheonsite.io/sites/default/files/styles/lg/public/oldImages/112936_Brunner_fox_1360A_135_Buche_Sitzpolster_HD_XL.jpg.webp?itok=8Q01hh-7 -> fox_Stacking_chair_1030\image_17.jpg
Starting download with Playwright: https://live-brunner.pantheonsite.io/sites/default/files/styles/original_webp/public/oldImages/112936_Brunner_fox_1360A_135_Buche_Sitzpolster_HD_XL.jpg.webp?itok=QugyZJ-r
Finished download: https://live-brunner.pantheonsite.io/sites/default/files/styles/original_webp/public/oldImages/112936_Brunner_fox_1360A_135_Buche_Sitzpolster_HD_XL.jpg.webp?itok=QugyZJ-r -> fox_Stacking_chair_1030\image_18.jpg
Starting download with Playwright: https://live-brunner.pantheonsite.io/sites/default/files/styles/sm/public/oldImages/112938_Brunner_fox_Schreibtablar_20_HPL_HD_XL.jpg.webp?itok=Q9vKyBJV
Finished download: https://live-brunner.pantheonsite.io/sites/default/files/styles/sm/public/oldImages/112938_Brunner_fox_Schreibtablar_20_HPL_HD_XL.jpg.webp?itok=Q9vKyBJV -> fox_Stacking_chair_1030\image_19.jpg
Starting download with Playwright: https://live-brunner.pantheonsite.io/sites/default/files/styles/lg/public/oldImages/112938_Brunner_fox_Schreibtablar_20_HPL_HD_XL.jpg.webp?itok=cA8-UPtf
Finished download: https://live-brunner.pantheonsite.io/sites/default/files/styles/lg/public/oldImages/112938_Brunner_fox_Schreibtablar_20_HPL_HD_XL.jpg.webp?itok=cA8-UPtf -> fox_Stacking_chair_1030\image_20.jpg
Starting download with Playwright: https://live-brunner.pantheonsite.io/sites/default/files/styles/original_webp/public/oldImages/112938_Brunner_fox_Schreibtablar_20_HPL_HD_XL.jpg.webp?itok=h_8gP101
Finished download: https://live-brunner.pantheonsite.io/sites/default/files/styles/original_webp/public/oldImages/112938_Brunner_fox_Schreibtablar_20_HPL_HD_XL.jpg.webp?itok=h_8gP101 -> fox_Stacking_chair_1030\image_21.jpg
Starting download with Playwright: https://live-brunner.pantheonsite.io/sites/default/files/styles/sm/public/oldImages/112931_Brunner_fox_1019A_HD_XL.jpg.webp?itok=PkE9hw5J
Finished download: https://live-brunner.pantheonsite.io/sites/default/files/styles/sm/public/oldImages/112931_Brunner_fox_1019A_HD_XL.jpg.webp?itok=PkE9hw5J -> fox_Stacking_chair_1030\image_22.jpg
Starting download with Playwright: https://live-brunner.pantheonsite.io/sites/default/files/styles/lg/public/oldImages/112931_Brunner_fox_1019A_HD_XL.jpg.webp?itok=DRVCPQuu
Finished download: https://live-brunner.pantheonsite.io/sites/default/files/styles/lg/public/oldImages/112931_Brunner_fox_1019A_HD_XL.jpg.webp?itok=DRVCPQuu -> fox_Stacking_chair_1030\image_23.jpg
Starting download with Playwright: https://live-brunner.pantheonsite.io/sites/default/files/styles/original_webp/public/oldImages/112931_Brunner_fox_1019A_HD_XL.jpg.webp?itok=I9u-3ynF
Finished download: https://live-brunner.pantheonsite.io/sites/default/files/styles/original_webp/public/oldImages/112931_Brunner_fox_1019A_HD_XL.jpg.webp?itok=I9u-3ynF -> fox_Stacking_chair_1030\image_24.jpg
Starting download with Playwright: https://live-brunner.pantheonsite.io/sites/default/files/styles/sm/public/oldImages/58113_Brunner_fox_1015_XL.tif.webp?itok=XwhsYkK2
Finished download: https://live-brunner.pantheonsite.io/sites/default/files/styles/sm/public/oldImages/58113_Brunner_fox_1015_XL.tif.webp?itok=XwhsYkK2 -> fox_Stacking_chair_1030\image_25.jpg
Starting download with Playwright: https://live-brunner.pantheonsite.io/sites/default/files/styles/lg/public/oldImages/58113_Brunner_fox_1015_XL.tif.webp?itok=Wj-koO5c
Finished download: https://live-brunner.pantheonsite.io/sites/default/files/styles/lg/public/oldImages/58113_Brunner_fox_1015_XL.tif.webp?itok=Wj-koO5c -> fox_Stacking_chair_1030\image_26.jpg
Starting download with Playwright: https://live-brunner.pantheonsite.io/sites/default/files/styles/original_webp/public/oldImages/58113_Brunner_fox_1015_XL.tif.webp?itok=zEeVD77I
Finished download: https://live-brunner.pantheonsite.io/sites/default/files/styles/original_webp/public/oldImages/58113_Brunner_fox_1015_XL.tif.webp?itok=zEeVD77I -> fox_Stacking_chair_1030\image_27.jpg
Starting download with Playwright: https://live-brunner.pantheonsite.io/sites/default/files/styles/sm/public/oldImages/97911_Brunner_fox_1019A_Loc_HD_XL.jpg.webp?itok=H_FLf2JG
Finished download: https://live-brunner.pantheonsite.io/sites/default/files/styles/sm/public/oldImages/97911_Brunner_fox_1019A_Loc_HD_XL.jpg.webp?itok=H_FLf2JG -> fox_Stacking_chair_1030\image_28.jpg
Starting download with Playwright: https://live-brunner.pantheonsite.io/sites/default/files/styles/lg/public/oldImages/97911_Brunner_fox_1019A_Loc_HD_XL.jpg.webp?itok=-lt5Lr-h
Finished download: https://live-brunner.pantheonsite.io/sites/default/files/styles/lg/public/oldImages/97911_Brunner_fox_1019A_Loc_HD_XL.jpg.webp?itok=-lt5Lr-h -> fox_Stacking_chair_1030\image_29.jpg
Starting download with Playwright: https://live-brunner.pantheonsite.io/sites/default/files/styles/original_webp/public/oldImages/97911_Brunner_fox_1019A_Loc_HD_XL.jpg.webp?itok=VEBrwiYE
Finished download: https://live-brunner.pantheonsite.io/sites/default/files/styles/original_webp/public/oldImages/97911_Brunner_fox_1019A_Loc_HD_XL.jpg.webp?itok=VEBrwiYE -> fox_Stacking_chair_1030\image_30.jpg
Starting download with Playwright: https://live-brunner.pantheonsite.io/sites/default/files/styles/sm/public/oldImages/97909_Brunner_fox_1360_135_Buche_SN14_HD_XL.jpg.webp?itok=OcdASJSQ
Finished download: https://live-brunner.pantheonsite.io/sites/default/files/styles/sm/public/oldImages/97909_Brunner_fox_1360_135_Buche_SN14_HD_XL.jpg.webp?itok=OcdASJSQ -> fox_Stacking_chair_1030\image_31.jpg
Starting download with Playwright: https://live-brunner.pantheonsite.io/sites/default/files/styles/lg/public/oldImages/97909_Brunner_fox_1360_135_Buche_SN14_HD_XL.jpg.webp?itok=tvxWFwdG
Finished download: https://live-brunner.pantheonsite.io/sites/default/files/styles/lg/public/oldImages/97909_Brunner_fox_1360_135_Buche_SN14_HD_XL.jpg.webp?itok=tvxWFwdG -> fox_Stacking_chair_1030\image_32.jpg
Starting download with Playwright: https://live-brunner.pantheonsite.io/sites/default/files/styles/original_webp/public/oldImages/97909_Brunner_fox_1360_135_Buche_SN14_HD_XL.jpg.webp?itok=PsZjN-OZ
Finished download: https://live-brunner.pantheonsite.io/sites/default/files/styles/original_webp/public/oldImages/97909_Brunner_fox_1360_135_Buche_SN14_HD_XL.jpg.webp?itok=PsZjN-OZ -> fox_Stacking_chair_1030\image_33.jpg
Starting download with Playwright: https://live-brunner.pantheonsite.io/sites/default/files/styles/sm/public/oldImages/112932_Brunner_fox_1019A_ray_table_9312_HD_XL.jpg.webp?itok=I98xjfqt
Finished download: https://live-brunner.pantheonsite.io/sites/default/files/styles/sm/public/oldImages/112932_Brunner_fox_1019A_ray_table_9312_HD_XL.jpg.webp?itok=I98xjfqt -> fox_Stacking_chair_1030\image_34.jpg
Starting download with Playwright: https://live-brunner.pantheonsite.io/sites/default/files/styles/lg/public/oldImages/112932_Brunner_fox_1019A_ray_table_9312_HD_XL.jpg.webp?itok=k4BgyRJF
Finished download: https://live-brunner.pantheonsite.io/sites/default/files/styles/lg/public/oldImages/112932_Brunner_fox_1019A_ray_table_9312_HD_XL.jpg.webp?itok=k4BgyRJF -> fox_Stacking_chair_1030\image_35.jpg
Starting download with Playwright: https://live-brunner.pantheonsite.io/sites/default/files/styles/original_webp/public/oldImages/112932_Brunner_fox_1019A_ray_table_9312_HD_XL.jpg.webp?itok=GIXu3Fx_
Finished download: https://live-brunner.pantheonsite.io/sites/default/files/styles/original_webp/public/oldImages/112932_Brunner_fox_1019A_ray_table_9312_HD_XL.jpg.webp?itok=GIXu3Fx_ -> fox_Stacking_chair_1030\image_36.jpg
Starting download with Playwright: https://live-brunner.pantheonsite.io/sites/default/files/styles/sm/public/oldImages/97902_Brunner_fox_1370_50_stone_Reihenverbindung_HD_XL.jpg.webp?itok=NoKAWXvd
Finished download: https://live-brunner.pantheonsite.io/sites/default/files/styles/sm/public/oldImages/97902_Brunner_fox_1370_50_stone_Reihenverbindung_HD_XL.jpg.webp?itok=NoKAWXvd -> fox_Stacking_chair_1030\image_37.jpg
Starting download with Playwright: https://live-brunner.pantheonsite.io/sites/default/files/styles/lg/public/oldImages/97902_Brunner_fox_1370_50_stone_Reihenverbindung_HD_XL.jpg.webp?itok=2BSQpHws
Finished download: https://live-brunner.pantheonsite.io/sites/default/files/styles/lg/public/oldImages/97902_Brunner_fox_1370_50_stone_Reihenverbindung_HD_XL.jpg.webp?itok=2BSQpHws -> fox_Stacking_chair_1030\image_38.jpg
Starting download with Playwright: https://live-brunner.pantheonsite.io/sites/default/files/styles/original_webp/public/oldImages/97902_Brunner_fox_1370_50_stone_Reihenverbindung_HD_XL.jpg.webp?itok=2SQw9qgS
Finished download: https://live-brunner.pantheonsite.io/sites/default/files/styles/original_webp/public/oldImages/97902_Brunner_fox_1370_50_stone_Reihenverbindung_HD_XL.jpg.webp?itok=2SQw9qgS -> fox_Stacking_chair_1030\image_39.jpg
Starting download with Playwright: https://live-brunner.pantheonsite.io/sites/default/files/styles/sm/public/oldImages/112813_Brunner_fox_1019_1019A_Stapelschuss_Pulver_1920x1707_XL.jpg.webp?itok=RQZyDh0N
Finished download: https://live-brunner.pantheonsite.io/sites/default/files/styles/sm/public/oldImages/112813_Brunner_fox_1019_1019A_Stapelschuss_Pulver_1920x1707_XL.jpg.webp?itok=RQZyDh0N -> fox_Stacking_chair_1030\image_40.jpg
Starting download with Playwright: https://live-brunner.pantheonsite.io/sites/default/files/styles/lg/public/oldImages/112813_Brunner_fox_1019_1019A_Stapelschuss_Pulver_1920x1707_XL.jpg.webp?itok=oVR8tA9I
Finished download: https://live-brunner.pantheonsite.io/sites/default/files/styles/lg/public/oldImages/112813_Brunner_fox_1019_1019A_Stapelschuss_Pulver_1920x1707_XL.jpg.webp?itok=oVR8tA9I -> fox_Stacking_chair_1030\image_41.jpg
Starting download with Playwright: https://live-brunner.pantheonsite.io/sites/default/files/styles/original_webp/public/oldImages/112813_Brunner_fox_1019_1019A_Stapelschuss_Pulver_1920x1707_XL.jpg.webp?itok=LFyfgCD7
Finished download: https://live-brunner.pantheonsite.io/sites/default/files/styles/original_webp/public/oldImages/112813_Brunner_fox_1019_1019A_Stapelschuss_Pulver_1920x1707_XL.jpg.webp?itok=LFyfgCD7 -> fox_Stacking_chair_1030\image_42.jpg
Starting download with Playwright: https://live-brunner.pantheonsite.io/sites/default/files/styles/sm/public/oldImages/112933_Brunner_fox_1023_1026_HD_XL.jpg.webp?itok=2MfNgt1K
Finished download: https://live-brunner.pantheonsite.io/sites/default/files/styles/sm/public/oldImages/112933_Brunner_fox_1023_1026_HD_XL.jpg.webp?itok=2MfNgt1K -> fox_Stacking_chair_1030\image_43.jpg
Starting download with Playwright: https://live-brunner.pantheonsite.io/sites/default/files/styles/lg/public/oldImages/112933_Brunner_fox_1023_1026_HD_XL.jpg.webp?itok=a4Ijatkc
Finished download: https://live-brunner.pantheonsite.io/sites/default/files/styles/lg/public/oldImages/112933_Brunner_fox_1023_1026_HD_XL.jpg.webp?itok=a4Ijatkc -> fox_Stacking_chair_1030\image_44.jpg
Starting download with Playwright: https://live-brunner.pantheonsite.io/sites/default/files/styles/original_webp/public/oldImages/112933_Brunner_fox_1023_1026_HD_XL.jpg.webp?itok=JdPaoUD8
Finished download: https://live-brunner.pantheonsite.io/sites/default/files/styles/original_webp/public/oldImages/112933_Brunner_fox_1023_1026_HD_XL.jpg.webp?itok=JdPaoUD8 -> fox_Stacking_chair_1030\image_45.jpg
Completed image downloads for product fox_Stacking_chair_1030
Extracting features for product fox_Stacking_chair_1030...
Features saved for product fox_Stacking_chair_1030
Attempting to access Downloads tab for product fox_Stacking_chair_1030...
Starting download of PDF: https://live-brunner.pantheonsite.io/sites/default/files/oldPdfs/Produktdatenblaetter/Produktdatenblaetter_EN/fox_Brunner_product_data_sheet_EN.pdf
Downloaded product_sheet.pdf for product fox_Stacking_chair_1030
Opening URL for product fox_Swivel_chair_192: https://brunner-group.com/en/products/fox-swivel-chair/?variant=192
Images detected on page for fox_Swivel_chair_192, scrolling to load them...
Successfully opened URL for product fox_Swivel_chair_192
Extracting images for product fox_Swivel_chair_192...
Found 15 images for product fox_Swivel_chair_192
Starting download with Playwright: https://live-brunner.pantheonsite.io/sites/default/files/styles/sm/public/oldImages/90810_Brunner_fox_192A_XL.jpg.webp?itok=6o_nBQ9E
Finished download: https://live-brunner.pantheonsite.io/sites/default/files/styles/sm/public/oldImages/90810_Brunner_fox_192A_XL.jpg.webp?itok=6o_nBQ9E -> fox_Swivel_chair_192\image_1.jpg
Starting download with Playwright: https://live-brunner.pantheonsite.io/sites/default/files/styles/lg/public/oldImages/90810_Brunner_fox_192A_XL.jpg.webp?itok=ksBGxP_6
Finished download: https://live-brunner.pantheonsite.io/sites/default/files/styles/lg/public/oldImages/90810_Brunner_fox_192A_XL.jpg.webp?itok=ksBGxP_6 -> fox_Swivel_chair_192\image_2.jpg
Starting download with Playwright: https://live-brunner.pantheonsite.io/sites/default/files/styles/original_webp/public/oldImages/90810_Brunner_fox_192A_XL.jpg.webp?itok=xyC0EteA
Finished download: https://live-brunner.pantheonsite.io/sites/default/files/styles/original_webp/public/oldImages/90810_Brunner_fox_192A_XL.jpg.webp?itok=xyC0EteA -> fox_Swivel_chair_192\image_3.jpg
Starting download with Playwright: https://live-brunner.pantheonsite.io/sites/default/files/styles/sm/public/oldImages/97900_Brunner_fox_192A_Seite_Buche_HD_XL.jpg.webp?itok=m7EskcLW
Finished download: https://live-brunner.pantheonsite.io/sites/default/files/styles/sm/public/oldImages/97900_Brunner_fox_192A_Seite_Buche_HD_XL.jpg.webp?itok=m7EskcLW -> fox_Swivel_chair_192\image_4.jpg
Starting download with Playwright: https://live-brunner.pantheonsite.io/sites/default/files/styles/lg/public/oldImages/97900_Brunner_fox_192A_Seite_Buche_HD_XL.jpg.webp?itok=bDpPoMCG
Finished download: https://live-brunner.pantheonsite.io/sites/default/files/styles/lg/public/oldImages/97900_Brunner_fox_192A_Seite_Buche_HD_XL.jpg.webp?itok=bDpPoMCG -> fox_Swivel_chair_192\image_5.jpg
Starting download with Playwright: https://live-brunner.pantheonsite.io/sites/default/files/styles/original_webp/public/oldImages/97900_Brunner_fox_192A_Seite_Buche_HD_XL.jpg.webp?itok=mehG_TaV
Finished download: https://live-brunner.pantheonsite.io/sites/default/files/styles/original_webp/public/oldImages/97900_Brunner_fox_192A_Seite_Buche_HD_XL.jpg.webp?itok=mehG_TaV -> fox_Swivel_chair_192\image_6.jpg
Starting download with Playwright: https://live-brunner.pantheonsite.io/sites/default/files/styles/sm/public/oldImages/97901_Brunner_fox_192_front_Buche_HD_XL.jpg.webp?itok=WoXzm9-g
Finished download: https://live-brunner.pantheonsite.io/sites/default/files/styles/sm/public/oldImages/97901_Brunner_fox_192_front_Buche_HD_XL.jpg.webp?itok=WoXzm9-g -> fox_Swivel_chair_192\image_7.jpg
Starting download with Playwright: https://live-brunner.pantheonsite.io/sites/default/files/styles/lg/public/oldImages/97901_Brunner_fox_192_front_Buche_HD_XL.jpg.webp?itok=Xn7s45My
Finished download: https://live-brunner.pantheonsite.io/sites/default/files/styles/lg/public/oldImages/97901_Brunner_fox_192_front_Buche_HD_XL.jpg.webp?itok=Xn7s45My -> fox_Swivel_chair_192\image_8.jpg
Starting download with Playwright: https://live-brunner.pantheonsite.io/sites/default/files/styles/original_webp/public/oldImages/97901_Brunner_fox_192_front_Buche_HD_XL.jpg.webp?itok=VkqqXkx3
Finished download: https://live-brunner.pantheonsite.io/sites/default/files/styles/original_webp/public/oldImages/97901_Brunner_fox_192_front_Buche_HD_XL.jpg.webp?itok=VkqqXkx3 -> fox_Swivel_chair_192\image_9.jpg
Starting download with Playwright: https://live-brunner.pantheonsite.io/sites/default/files/styles/sm/public/oldImages/98019_Brunner_192A_Office_HD_XL.jpg.webp?itok=CoLBtP7_
Finished download: https://live-brunner.pantheonsite.io/sites/default/files/styles/sm/public/oldImages/98019_Brunner_192A_Office_HD_XL.jpg.webp?itok=CoLBtP7_ -> fox_Swivel_chair_192\image_10.jpg
Starting download with Playwright: https://live-brunner.pantheonsite.io/sites/default/files/styles/lg/public/oldImages/98019_Brunner_192A_Office_HD_XL.jpg.webp?itok=gLrV0SFY
Finished download: https://live-brunner.pantheonsite.io/sites/default/files/styles/lg/public/oldImages/98019_Brunner_192A_Office_HD_XL.jpg.webp?itok=gLrV0SFY -> fox_Swivel_chair_192\image_11.jpg
Starting download with Playwright: https://live-brunner.pantheonsite.io/sites/default/files/styles/original_webp/public/oldImages/98019_Brunner_192A_Office_HD_XL.jpg.webp?itok=uzXgpilJ
Finished download: https://live-brunner.pantheonsite.io/sites/default/files/styles/original_webp/public/oldImages/98019_Brunner_192A_Office_HD_XL.jpg.webp?itok=uzXgpilJ -> fox_Swivel_chair_192\image_12.jpg
Starting download with Playwright: https://live-brunner.pantheonsite.io/sites/default/files/styles/sm/public/oldImages/90811_Brunner_fox_192A_ray_table_9312_XL.jpg.webp?itok=pP6NeYF4
Finished download: https://live-brunner.pantheonsite.io/sites/default/files/styles/sm/public/oldImages/90811_Brunner_fox_192A_ray_table_9312_XL.jpg.webp?itok=pP6NeYF4 -> fox_Swivel_chair_192\image_13.jpg
Starting download with Playwright: https://live-brunner.pantheonsite.io/sites/default/files/styles/lg/public/oldImages/90811_Brunner_fox_192A_ray_table_9312_XL.jpg.webp?itok=zNPuSQFx
Finished download: https://live-brunner.pantheonsite.io/sites/default/files/styles/lg/public/oldImages/90811_Brunner_fox_192A_ray_table_9312_XL.jpg.webp?itok=zNPuSQFx -> fox_Swivel_chair_192\image_14.jpg
Starting download with Playwright: https://live-brunner.pantheonsite.io/sites/default/files/styles/original_webp/public/oldImages/90811_Brunner_fox_192A_ray_table_9312_XL.jpg.webp?itok=i9EP6c44
Finished download: https://live-brunner.pantheonsite.io/sites/default/files/styles/original_webp/public/oldImages/90811_Brunner_fox_192A_ray_table_9312_XL.jpg.webp?itok=i9EP6c44 -> fox_Swivel_chair_192\image_15.jpg
Completed image downloads for product fox_Swivel_chair_192
Extracting features for product fox_Swivel_chair_192...
Features saved for product fox_Swivel_chair_192
Attempting to access Downloads tab for product fox_Swivel_chair_192...
Starting download of PDF: https://live-brunner.pantheonsite.io/sites/default/files/oldPdfs/Produktdatenblaetter/Produktdatenblaetter_EN/fox_Brunner_product_data_sheet_EN.pdf
Downloaded product_sheet.pdf for product fox_Swivel_chair_192
Opening URL for product hero_Stacking_chair_4604: https://brunner-group.com/en/products/hero-stacking-chair/?variant=4604
Images detected on page for hero_Stacking_chair_4604, scrolling to load them...
Successfully opened URL for product hero_Stacking_chair_4604
Extracting images for product hero_Stacking_chair_4604...
Found 45 images for product hero_Stacking_chair_4604
Starting download with Playwright: https://live-brunner.pantheonsite.io/sites/default/files/styles/sm/public/oldImages/96404_Brunner_hero_4604_hero_plus_4608_Schale_51_4more_2930_HD_XL.jpg.webp?itok=RiJj7FYs
Finished download: https://live-brunner.pantheonsite.io/sites/default/files/styles/sm/public/oldImages/96404_Brunner_hero_4604_hero_plus_4608_Schale_51_4more_2930_HD_XL.jpg.webp?itok=RiJj7FYs -> hero_Stacking_chair_4604\image_1.jpg
Starting download with Playwright: https://live-brunner.pantheonsite.io/sites/default/files/styles/lg/public/oldImages/96404_Brunner_hero_4604_hero_plus_4608_Schale_51_4more_2930_HD_XL.jpg.webp?itok=gyOxwJNe
Finished download: https://live-brunner.pantheonsite.io/sites/default/files/styles/lg/public/oldImages/96404_Brunner_hero_4604_hero_plus_4608_Schale_51_4more_2930_HD_XL.jpg.webp?itok=gyOxwJNe -> hero_Stacking_chair_4604\image_2.jpg
Starting download with Playwright: https://live-brunner.pantheonsite.io/sites/default/files/styles/original_webp/public/oldImages/96404_Brunner_hero_4604_hero_plus_4608_Schale_51_4more_2930_HD_XL.jpg.webp?itok=8wNVPm1B
Finished download: https://live-brunner.pantheonsite.io/sites/default/files/styles/original_webp/public/oldImages/96404_Brunner_hero_4604_hero_plus_4608_Schale_51_4more_2930_HD_XL.jpg.webp?itok=8wNVPm1B -> hero_Stacking_chair_4604\image_3.jpg
Starting download with Playwright: https://live-brunner.pantheonsite.io/sites/default/files/styles/sm/public/oldImages/97878_Brunner_hero_4604_Schale_51_HD_XL.jpg.webp?itok=jxJHKH41
Finished download: https://live-brunner.pantheonsite.io/sites/default/files/styles/sm/public/oldImages/97878_Brunner_hero_4604_Schale_51_HD_XL.jpg.webp?itok=jxJHKH41 -> hero_Stacking_chair_4604\image_4.jpg
Starting download with Playwright: https://live-brunner.pantheonsite.io/sites/default/files/styles/lg/public/oldImages/97878_Brunner_hero_4604_Schale_51_HD_XL.jpg.webp?itok=1h8m2-gw
Finished download: https://live-brunner.pantheonsite.io/sites/default/files/styles/lg/public/oldImages/97878_Brunner_hero_4604_Schale_51_HD_XL.jpg.webp?itok=1h8m2-gw -> hero_Stacking_chair_4604\image_5.jpg
Starting download with Playwright: https://live-brunner.pantheonsite.io/sites/default/files/styles/original_webp/public/oldImages/97878_Brunner_hero_4604_Schale_51_HD_XL.jpg.webp?itok=tOCKlggh
Finished download: https://live-brunner.pantheonsite.io/sites/default/files/styles/original_webp/public/oldImages/97878_Brunner_hero_4604_Schale_51_HD_XL.jpg.webp?itok=tOCKlggh -> hero_Stacking_chair_4604\image_6.jpg
Starting download with Playwright: https://live-brunner.pantheonsite.io/sites/default/files/styles/sm/public/oldImages/97883_Brunner_basic_2910_hero_4604_60_Loc_HD_XL.jpg.webp?itok=ENgpEeV8
Finished download: https://live-brunner.pantheonsite.io/sites/default/files/styles/sm/public/oldImages/97883_Brunner_basic_2910_hero_4604_60_Loc_HD_XL.jpg.webp?itok=ENgpEeV8 -> hero_Stacking_chair_4604\image_7.jpg
Starting download with Playwright: https://live-brunner.pantheonsite.io/sites/default/files/styles/lg/public/oldImages/97883_Brunner_basic_2910_hero_4604_60_Loc_HD_XL.jpg.webp?itok=1gaAUpXQ
Finished download: https://live-brunner.pantheonsite.io/sites/default/files/styles/lg/public/oldImages/97883_Brunner_basic_2910_hero_4604_60_Loc_HD_XL.jpg.webp?itok=1gaAUpXQ -> hero_Stacking_chair_4604\image_8.jpg
Starting download with Playwright: https://live-brunner.pantheonsite.io/sites/default/files/styles/original_webp/public/oldImages/97883_Brunner_basic_2910_hero_4604_60_Loc_HD_XL.jpg.webp?itok=H76AN73C
Finished download: https://live-brunner.pantheonsite.io/sites/default/files/styles/original_webp/public/oldImages/97883_Brunner_basic_2910_hero_4604_60_Loc_HD_XL.jpg.webp?itok=H76AN73C -> hero_Stacking_chair_4604\image_9.jpg
Starting download with Playwright: https://live-brunner.pantheonsite.io/sites/default/files/styles/sm/public/oldImages/97884_Brunner_basic_2955_0_hero_4604_Loc_HD_XL.jpg.webp?itok=Q01UQ8p0
Finished download: https://live-brunner.pantheonsite.io/sites/default/files/styles/sm/public/oldImages/97884_Brunner_basic_2955_0_hero_4604_Loc_HD_XL.jpg.webp?itok=Q01UQ8p0 -> hero_Stacking_chair_4604\image_10.jpg
Starting download with Playwright: https://live-brunner.pantheonsite.io/sites/default/files/styles/lg/public/oldImages/97884_Brunner_basic_2955_0_hero_4604_Loc_HD_XL.jpg.webp?itok=PQSqqozg
Finished download: https://live-brunner.pantheonsite.io/sites/default/files/styles/lg/public/oldImages/97884_Brunner_basic_2955_0_hero_4604_Loc_HD_XL.jpg.webp?itok=PQSqqozg -> hero_Stacking_chair_4604\image_11.jpg
Starting download with Playwright: https://live-brunner.pantheonsite.io/sites/default/files/styles/original_webp/public/oldImages/97884_Brunner_basic_2955_0_hero_4604_Loc_HD_XL.jpg.webp?itok=HTUsaYbx
Finished download: https://live-brunner.pantheonsite.io/sites/default/files/styles/original_webp/public/oldImages/97884_Brunner_basic_2955_0_hero_4604_Loc_HD_XL.jpg.webp?itok=HTUsaYbx -> hero_Stacking_chair_4604\image_12.jpg
Starting download with Playwright: https://live-brunner.pantheonsite.io/sites/default/files/styles/sm/public/oldImages/112893_hero_4604_60_Buche_Sitzpolsterdoppel_HD_XL.jpg.webp?itok=rwNMfRwg
Finished download: https://live-brunner.pantheonsite.io/sites/default/files/styles/sm/public/oldImages/112893_hero_4604_60_Buche_Sitzpolsterdoppel_HD_XL.jpg.webp?itok=rwNMfRwg -> hero_Stacking_chair_4604\image_13.jpg
Starting download with Playwright: https://live-brunner.pantheonsite.io/sites/default/files/styles/lg/public/oldImages/112893_hero_4604_60_Buche_Sitzpolsterdoppel_HD_XL.jpg.webp?itok=pIN8kgvi
Finished download: https://live-brunner.pantheonsite.io/sites/default/files/styles/lg/public/oldImages/112893_hero_4604_60_Buche_Sitzpolsterdoppel_HD_XL.jpg.webp?itok=pIN8kgvi -> hero_Stacking_chair_4604\image_14.jpg
Starting download with Playwright: https://live-brunner.pantheonsite.io/sites/default/files/styles/original_webp/public/oldImages/112893_hero_4604_60_Buche_Sitzpolsterdoppel_HD_XL.jpg.webp?itok=N0ALVLAf
Finished download: https://live-brunner.pantheonsite.io/sites/default/files/styles/original_webp/public/oldImages/112893_hero_4604_60_Buche_Sitzpolsterdoppel_HD_XL.jpg.webp?itok=N0ALVLAf -> hero_Stacking_chair_4604\image_15.jpg
Starting download with Playwright: https://live-brunner.pantheonsite.io/sites/default/files/styles/sm/public/oldImages/97882_Brunner_Sektkellerei_Rotkaeppchen_Mumm_Stefan_Marquardt_MG_4105_HD_XL.jpg.webp?itok=miYahVkt
Finished download: https://live-brunner.pantheonsite.io/sites/default/files/styles/sm/public/oldImages/97882_Brunner_Sektkellerei_Rotkaeppchen_Mumm_Stefan_Marquardt_MG_4105_HD_XL.jpg.webp?itok=miYahVkt -> hero_Stacking_chair_4604\image_16.jpg
Starting download with Playwright: https://live-brunner.pantheonsite.io/sites/default/files/styles/lg/public/oldImages/97882_Brunner_Sektkellerei_Rotkaeppchen_Mumm_Stefan_Marquardt_MG_4105_HD_XL.jpg.webp?itok=Jo7TaKHx
Finished download: https://live-brunner.pantheonsite.io/sites/default/files/styles/lg/public/oldImages/97882_Brunner_Sektkellerei_Rotkaeppchen_Mumm_Stefan_Marquardt_MG_4105_HD_XL.jpg.webp?itok=Jo7TaKHx -> hero_Stacking_chair_4604\image_17.jpg
Starting download with Playwright: https://live-brunner.pantheonsite.io/sites/default/files/styles/original_webp/public/oldImages/97882_Brunner_Sektkellerei_Rotkaeppchen_Mumm_Stefan_Marquardt_MG_4105_HD_XL.jpg.webp?itok=qz1sfGo1
Finished download: https://live-brunner.pantheonsite.io/sites/default/files/styles/original_webp/public/oldImages/97882_Brunner_Sektkellerei_Rotkaeppchen_Mumm_Stefan_Marquardt_MG_4105_HD_XL.jpg.webp?itok=qz1sfGo1 -> hero_Stacking_chair_4604\image_18.jpg
Starting download with Playwright: https://live-brunner.pantheonsite.io/sites/default/files/styles/sm/public/oldImages/112898_Brunner_Verholy_Relax_Park_Andrey_Avedeenko_02_HD_XL.jpg.webp?itok=CGH4XQjb
Finished download: https://live-brunner.pantheonsite.io/sites/default/files/styles/sm/public/oldImages/112898_Brunner_Verholy_Relax_Park_Andrey_Avedeenko_02_HD_XL.jpg.webp?itok=CGH4XQjb -> hero_Stacking_chair_4604\image_19.jpg
Starting download with Playwright: https://live-brunner.pantheonsite.io/sites/default/files/styles/lg/public/oldImages/112898_Brunner_Verholy_Relax_Park_Andrey_Avedeenko_02_HD_XL.jpg.webp?itok=AErXycrB
Finished download: https://live-brunner.pantheonsite.io/sites/default/files/styles/lg/public/oldImages/112898_Brunner_Verholy_Relax_Park_Andrey_Avedeenko_02_HD_XL.jpg.webp?itok=AErXycrB -> hero_Stacking_chair_4604\image_20.jpg
Starting download with Playwright: https://live-brunner.pantheonsite.io/sites/default/files/styles/original_webp/public/oldImages/112898_Brunner_Verholy_Relax_Park_Andrey_Avedeenko_02_HD_XL.jpg.webp?itok=de_z3htq
Finished download: https://live-brunner.pantheonsite.io/sites/default/files/styles/original_webp/public/oldImages/112898_Brunner_Verholy_Relax_Park_Andrey_Avedeenko_02_HD_XL.jpg.webp?itok=de_z3htq -> hero_Stacking_chair_4604\image_21.jpg
Starting download with Playwright: https://live-brunner.pantheonsite.io/sites/default/files/styles/sm/public/oldImages/112894_hero_4604_Eiche_HD_XL.jpg.webp?itok=BJ6Rxeik
Finished download: https://live-brunner.pantheonsite.io/sites/default/files/styles/sm/public/oldImages/112894_hero_4604_Eiche_HD_XL.jpg.webp?itok=BJ6Rxeik -> hero_Stacking_chair_4604\image_22.jpg
Starting download with Playwright: https://live-brunner.pantheonsite.io/sites/default/files/styles/lg/public/oldImages/112894_hero_4604_Eiche_HD_XL.jpg.webp?itok=JkCNDsU6
Finished download: https://live-brunner.pantheonsite.io/sites/default/files/styles/lg/public/oldImages/112894_hero_4604_Eiche_HD_XL.jpg.webp?itok=JkCNDsU6 -> hero_Stacking_chair_4604\image_23.jpg
Starting download with Playwright: https://live-brunner.pantheonsite.io/sites/default/files/styles/original_webp/public/oldImages/112894_hero_4604_Eiche_HD_XL.jpg.webp?itok=9dd7OOZ_
Finished download: https://live-brunner.pantheonsite.io/sites/default/files/styles/original_webp/public/oldImages/112894_hero_4604_Eiche_HD_XL.jpg.webp?itok=9dd7OOZ_ -> hero_Stacking_chair_4604\image_24.jpg
Starting download with Playwright: https://live-brunner.pantheonsite.io/sites/default/files/styles/sm/public/oldImages/112897_Brunner_Verholy_Relax_Park_Andrey_Avedeenko_01_HD_XL.jpg.webp?itok=pBQ1QhU9
Finished download: https://live-brunner.pantheonsite.io/sites/default/files/styles/sm/public/oldImages/112897_Brunner_Verholy_Relax_Park_Andrey_Avedeenko_01_HD_XL.jpg.webp?itok=pBQ1QhU9 -> hero_Stacking_chair_4604\image_25.jpg
Starting download with Playwright: https://live-brunner.pantheonsite.io/sites/default/files/styles/lg/public/oldImages/112897_Brunner_Verholy_Relax_Park_Andrey_Avedeenko_01_HD_XL.jpg.webp?itok=KEVIngLZ
Finished download: https://live-brunner.pantheonsite.io/sites/default/files/styles/lg/public/oldImages/112897_Brunner_Verholy_Relax_Park_Andrey_Avedeenko_01_HD_XL.jpg.webp?itok=KEVIngLZ -> hero_Stacking_chair_4604\image_26.jpg
Starting download with Playwright: https://live-brunner.pantheonsite.io/sites/default/files/styles/original_webp/public/oldImages/112897_Brunner_Verholy_Relax_Park_Andrey_Avedeenko_01_HD_XL.jpg.webp?itok=WGeTOzvN
Finished download: https://live-brunner.pantheonsite.io/sites/default/files/styles/original_webp/public/oldImages/112897_Brunner_Verholy_Relax_Park_Andrey_Avedeenko_01_HD_XL.jpg.webp?itok=WGeTOzvN -> hero_Stacking_chair_4604\image_27.jpg
Starting download with Playwright: https://live-brunner.pantheonsite.io/sites/default/files/styles/sm/public/oldImages/112895_hero_family_minimalset_HD_XL.jpg.webp?itok=ZC_j_9ll
Finished download: https://live-brunner.pantheonsite.io/sites/default/files/styles/sm/public/oldImages/112895_hero_family_minimalset_HD_XL.jpg.webp?itok=ZC_j_9ll -> hero_Stacking_chair_4604\image_28.jpg
Starting download with Playwright: https://live-brunner.pantheonsite.io/sites/default/files/styles/lg/public/oldImages/112895_hero_family_minimalset_HD_XL.jpg.webp?itok=r3bGks6g
Finished download: https://live-brunner.pantheonsite.io/sites/default/files/styles/lg/public/oldImages/112895_hero_family_minimalset_HD_XL.jpg.webp?itok=r3bGks6g -> hero_Stacking_chair_4604\image_29.jpg
Starting download with Playwright: https://live-brunner.pantheonsite.io/sites/default/files/styles/original_webp/public/oldImages/112895_hero_family_minimalset_HD_XL.jpg.webp?itok=zQVLkjlH
Finished download: https://live-brunner.pantheonsite.io/sites/default/files/styles/original_webp/public/oldImages/112895_hero_family_minimalset_HD_XL.jpg.webp?itok=zQVLkjlH -> hero_Stacking_chair_4604\image_30.jpg
Starting download with Playwright: https://live-brunner.pantheonsite.io/sites/default/files/styles/sm/public/oldImages/97887_Brunner_hero_4604_60_Loc_HD_XL.jpg.webp?itok=_DLqn3hc
Finished download: https://live-brunner.pantheonsite.io/sites/default/files/styles/sm/public/oldImages/97887_Brunner_hero_4604_60_Loc_HD_XL.jpg.webp?itok=_DLqn3hc -> hero_Stacking_chair_4604\image_31.jpg
Starting download with Playwright: https://live-brunner.pantheonsite.io/sites/default/files/styles/lg/public/oldImages/97887_Brunner_hero_4604_60_Loc_HD_XL.jpg.webp?itok=58awGzde
Finished download: https://live-brunner.pantheonsite.io/sites/default/files/styles/lg/public/oldImages/97887_Brunner_hero_4604_60_Loc_HD_XL.jpg.webp?itok=58awGzde -> hero_Stacking_chair_4604\image_32.jpg
Starting download with Playwright: https://live-brunner.pantheonsite.io/sites/default/files/styles/original_webp/public/oldImages/97887_Brunner_hero_4604_60_Loc_HD_XL.jpg.webp?itok=KmCKt19A
Finished download: https://live-brunner.pantheonsite.io/sites/default/files/styles/original_webp/public/oldImages/97887_Brunner_hero_4604_60_Loc_HD_XL.jpg.webp?itok=KmCKt19A -> hero_Stacking_chair_4604\image_33.jpg
Starting download with Playwright: https://live-brunner.pantheonsite.io/sites/default/files/styles/sm/public/oldImages/97879_Brunner_hero_4604_Schreibtablar_HD_XL.jpg.webp?itok=JRSMJJzz
Finished download: https://live-brunner.pantheonsite.io/sites/default/files/styles/sm/public/oldImages/97879_Brunner_hero_4604_Schreibtablar_HD_XL.jpg.webp?itok=JRSMJJzz -> hero_Stacking_chair_4604\image_34.jpg
Starting download with Playwright: https://live-brunner.pantheonsite.io/sites/default/files/styles/lg/public/oldImages/97879_Brunner_hero_4604_Schreibtablar_HD_XL.jpg.webp?itok=5f3jKCDq
Finished download: https://live-brunner.pantheonsite.io/sites/default/files/styles/lg/public/oldImages/97879_Brunner_hero_4604_Schreibtablar_HD_XL.jpg.webp?itok=5f3jKCDq -> hero_Stacking_chair_4604\image_35.jpg
Starting download with Playwright: https://live-brunner.pantheonsite.io/sites/default/files/styles/original_webp/public/oldImages/97879_Brunner_hero_4604_Schreibtablar_HD_XL.jpg.webp?itok=6LeO7JsQ
Finished download: https://live-brunner.pantheonsite.io/sites/default/files/styles/original_webp/public/oldImages/97879_Brunner_hero_4604_Schreibtablar_HD_XL.jpg.webp?itok=6LeO7JsQ -> hero_Stacking_chair_4604\image_36.jpg
Starting download with Playwright: https://live-brunner.pantheonsite.io/sites/default/files/styles/sm/public/oldImages/97886_Brunner_hero_4604_60_HD_XL.jpg.webp?itok=_bqAbCMl
Finished download: https://live-brunner.pantheonsite.io/sites/default/files/styles/sm/public/oldImages/97886_Brunner_hero_4604_60_HD_XL.jpg.webp?itok=_bqAbCMl -> hero_Stacking_chair_4604\image_37.jpg
Starting download with Playwright: https://live-brunner.pantheonsite.io/sites/default/files/styles/lg/public/oldImages/97886_Brunner_hero_4604_60_HD_XL.jpg.webp?itok=4kG4mtOs
Finished download: https://live-brunner.pantheonsite.io/sites/default/files/styles/lg/public/oldImages/97886_Brunner_hero_4604_60_HD_XL.jpg.webp?itok=4kG4mtOs -> hero_Stacking_chair_4604\image_38.jpg
Starting download with Playwright: https://live-brunner.pantheonsite.io/sites/default/files/styles/original_webp/public/oldImages/97886_Brunner_hero_4604_60_HD_XL.jpg.webp?itok=xKs9gZ-0
Finished download: https://live-brunner.pantheonsite.io/sites/default/files/styles/original_webp/public/oldImages/97886_Brunner_hero_4604_60_HD_XL.jpg.webp?itok=xKs9gZ-0 -> hero_Stacking_chair_4604\image_39.jpg
Starting download with Playwright: https://live-brunner.pantheonsite.io/sites/default/files/styles/sm/public/oldImages/97880_Brunner_hero_4604A%20_HD_XL.jpg.webp?itok=Mk8ER4dZ
Finished download: https://live-brunner.pantheonsite.io/sites/default/files/styles/sm/public/oldImages/97880_Brunner_hero_4604A%20_HD_XL.jpg.webp?itok=Mk8ER4dZ -> hero_Stacking_chair_4604\image_40.jpg
Starting download with Playwright: https://live-brunner.pantheonsite.io/sites/default/files/styles/lg/public/oldImages/97880_Brunner_hero_4604A%20_HD_XL.jpg.webp?itok=PuL2AkQq
Finished download: https://live-brunner.pantheonsite.io/sites/default/files/styles/lg/public/oldImages/97880_Brunner_hero_4604A%20_HD_XL.jpg.webp?itok=PuL2AkQq -> hero_Stacking_chair_4604\image_41.jpg
Starting download with Playwright: https://live-brunner.pantheonsite.io/sites/default/files/styles/original_webp/public/oldImages/97880_Brunner_hero_4604A%20_HD_XL.jpg.webp?itok=PvPZu3zI
Finished download: https://live-brunner.pantheonsite.io/sites/default/files/styles/original_webp/public/oldImages/97880_Brunner_hero_4604A%20_HD_XL.jpg.webp?itok=PvPZu3zI -> hero_Stacking_chair_4604\image_42.jpg
Starting download with Playwright: https://live-brunner.pantheonsite.io/sites/default/files/styles/sm/public/oldImages/97881_Brunner_Sektkellerei_Rotkaeppchen_Mumm_Stefan_Marquardt_MG_4049_HD_XL.jpg.webp?itok=p9lMA4mn
Finished download: https://live-brunner.pantheonsite.io/sites/default/files/styles/sm/public/oldImages/97881_Brunner_Sektkellerei_Rotkaeppchen_Mumm_Stefan_Marquardt_MG_4049_HD_XL.jpg.webp?itok=p9lMA4mn -> hero_Stacking_chair_4604\image_43.jpg
Starting download with Playwright: https://live-brunner.pantheonsite.io/sites/default/files/styles/lg/public/oldImages/97881_Brunner_Sektkellerei_Rotkaeppchen_Mumm_Stefan_Marquardt_MG_4049_HD_XL.jpg.webp?itok=r3IIR5B5
Finished download: https://live-brunner.pantheonsite.io/sites/default/files/styles/lg/public/oldImages/97881_Brunner_Sektkellerei_Rotkaeppchen_Mumm_Stefan_Marquardt_MG_4049_HD_XL.jpg.webp?itok=r3IIR5B5 -> hero_Stacking_chair_4604\image_44.jpg
Starting download with Playwright: https://live-brunner.pantheonsite.io/sites/default/files/styles/original_webp/public/oldImages/97881_Brunner_Sektkellerei_Rotkaeppchen_Mumm_Stefan_Marquardt_MG_4049_HD_XL.jpg.webp?itok=zy8s0sft
Finished download: https://live-brunner.pantheonsite.io/sites/default/files/styles/original_webp/public/oldImages/97881_Brunner_Sektkellerei_Rotkaeppchen_Mumm_Stefan_Marquardt_MG_4049_HD_XL.jpg.webp?itok=zy8s0sft -> hero_Stacking_chair_4604\image_45.jpg
Completed image downloads for product hero_Stacking_chair_4604
Extracting features for product hero_Stacking_chair_4604...
Features saved for product hero_Stacking_chair_4604
Attempting to access Downloads tab for product hero_Stacking_chair_4604...
Starting download of PDF: https://live-brunner.pantheonsite.io/sites/default/files/oldPdfs/Produktdatenblaetter/Produktdatenblaetter_EN/Brunner_product_data_sheet_hero_EN.pdf
Downloaded product_sheet.pdf for product hero_Stacking_chair_4604
Opening URL for product hero_plus_Stacking_chair_4609: https://brunner-group.com/en/products/hero-plus-stacking-chair/?variant=4609
Images detected on page for hero_plus_Stacking_chair_4609, scrolling to load them...
Successfully opened URL for product hero_plus_Stacking_chair_4609
Extracting images for product hero_plus_Stacking_chair_4609...
Found 45 images for product hero_plus_Stacking_chair_4609
Starting download with Playwright: https://live-brunner.pantheonsite.io/sites/default/files/styles/sm/public/oldImages/115797_Brunner_advance_2970_hero_plus_4606_team_TE200_TE202_TE101_boards_BO200_HD_XL.jpg.webp?itok=N0AuYTF1
Finished download: https://live-brunner.pantheonsite.io/sites/default/files/styles/sm/public/oldImages/115797_Brunner_advance_2970_hero_plus_4606_team_TE200_TE202_TE101_boards_BO200_HD_XL.jpg.webp?itok=N0AuYTF1 -> hero_plus_Stacking_chair_4609\image_1.jpg
Starting download with Playwright: https://live-brunner.pantheonsite.io/sites/default/files/styles/lg/public/oldImages/115797_Brunner_advance_2970_hero_plus_4606_team_TE200_TE202_TE101_boards_BO200_HD_XL.jpg.webp?itok=EWs2FVnv
Finished download: https://live-brunner.pantheonsite.io/sites/default/files/styles/lg/public/oldImages/115797_Brunner_advance_2970_hero_plus_4606_team_TE200_TE202_TE101_boards_BO200_HD_XL.jpg.webp?itok=EWs2FVnv -> hero_plus_Stacking_chair_4609\image_2.jpg
Starting download with Playwright: https://live-brunner.pantheonsite.io/sites/default/files/styles/original_webp/public/oldImages/115797_Brunner_advance_2970_hero_plus_4606_team_TE200_TE202_TE101_boards_BO200_HD_XL.jpg.webp?itok=NcUD1OEb
Finished download: https://live-brunner.pantheonsite.io/sites/default/files/styles/original_webp/public/oldImages/115797_Brunner_advance_2970_hero_plus_4606_team_TE200_TE202_TE101_boards_BO200_HD_XL.jpg.webp?itok=NcUD1OEb -> hero_plus_Stacking_chair_4609\image_3.jpg
Starting download with Playwright: https://live-brunner.pantheonsite.io/sites/default/files/styles/sm/public/oldImages/112922_Brunner_hero_plus_4619A_mesh_comfort_leaf_Grau_mit_Schatten_HD_XL.jpg.webp?itok=-bMp0u-E
Finished download: https://live-brunner.pantheonsite.io/sites/default/files/styles/sm/public/oldImages/112922_Brunner_hero_plus_4619A_mesh_comfort_leaf_Grau_mit_Schatten_HD_XL.jpg.webp?itok=-bMp0u-E -> hero_plus_Stacking_chair_4609\image_4.jpg
Starting download with Playwright: https://live-brunner.pantheonsite.io/sites/default/files/styles/lg/public/oldImages/112922_Brunner_hero_plus_4619A_mesh_comfort_leaf_Grau_mit_Schatten_HD_XL.jpg.webp?itok=7oavKcHS
Finished download: https://live-brunner.pantheonsite.io/sites/default/files/styles/lg/public/oldImages/112922_Brunner_hero_plus_4619A_mesh_comfort_leaf_Grau_mit_Schatten_HD_XL.jpg.webp?itok=7oavKcHS -> hero_plus_Stacking_chair_4609\image_5.jpg
Starting download with Playwright: https://live-brunner.pantheonsite.io/sites/default/files/styles/original_webp/public/oldImages/112922_Brunner_hero_plus_4619A_mesh_comfort_leaf_Grau_mit_Schatten_HD_XL.jpg.webp?itok=XrMCcqk3
Finished download: https://live-brunner.pantheonsite.io/sites/default/files/styles/original_webp/public/oldImages/112922_Brunner_hero_plus_4619A_mesh_comfort_leaf_Grau_mit_Schatten_HD_XL.jpg.webp?itok=XrMCcqk3 -> hero_plus_Stacking_chair_4609\image_6.jpg
Starting download with Playwright: https://live-brunner.pantheonsite.io/sites/default/files/styles/sm/public/oldImages/112921_Brunner_hero_plus_4609A_A-Pult_9754_CMYK_HD_XL.jpg.webp?itok=jShT71-y
Finished download: https://live-brunner.pantheonsite.io/sites/default/files/styles/sm/public/oldImages/112921_Brunner_hero_plus_4609A_A-Pult_9754_CMYK_HD_XL.jpg.webp?itok=jShT71-y -> hero_plus_Stacking_chair_4609\image_7.jpg
Starting download with Playwright: https://live-brunner.pantheonsite.io/sites/default/files/styles/lg/public/oldImages/112921_Brunner_hero_plus_4609A_A-Pult_9754_CMYK_HD_XL.jpg.webp?itok=G30oDnTd
Finished download: https://live-brunner.pantheonsite.io/sites/default/files/styles/lg/public/oldImages/112921_Brunner_hero_plus_4609A_A-Pult_9754_CMYK_HD_XL.jpg.webp?itok=G30oDnTd -> hero_plus_Stacking_chair_4609\image_8.jpg
Starting download with Playwright: https://live-brunner.pantheonsite.io/sites/default/files/styles/original_webp/public/oldImages/112921_Brunner_hero_plus_4609A_A-Pult_9754_CMYK_HD_XL.jpg.webp?itok=vUkgLE8z
Finished download: https://live-brunner.pantheonsite.io/sites/default/files/styles/original_webp/public/oldImages/112921_Brunner_hero_plus_4609A_A-Pult_9754_CMYK_HD_XL.jpg.webp?itok=vUkgLE8z -> hero_plus_Stacking_chair_4609\image_9.jpg
Starting download with Playwright: https://live-brunner.pantheonsite.io/sites/default/files/styles/sm/public/oldImages/112923_Brunner_hero_plus_4690_mesh_grey_melange_stone_Schreibtablar_grau_mit_Schatten_HD_XL.jpg.webp?itok=Qs_PXHJv
Finished download: https://live-brunner.pantheonsite.io/sites/default/files/styles/sm/public/oldImages/112923_Brunner_hero_plus_4690_mesh_grey_melange_stone_Schreibtablar_grau_mit_Schatten_HD_XL.jpg.webp?itok=Qs_PXHJv -> hero_plus_Stacking_chair_4609\image_10.jpg
Starting download with Playwright: https://live-brunner.pantheonsite.io/sites/default/files/styles/lg/public/oldImages/112923_Brunner_hero_plus_4690_mesh_grey_melange_stone_Schreibtablar_grau_mit_Schatten_HD_XL.jpg.webp?itok=xZ9fWK5a
Finished download: https://live-brunner.pantheonsite.io/sites/default/files/styles/lg/public/oldImages/112923_Brunner_hero_plus_4690_mesh_grey_melange_stone_Schreibtablar_grau_mit_Schatten_HD_XL.jpg.webp?itok=xZ9fWK5a -> hero_plus_Stacking_chair_4609\image_11.jpg
Starting download with Playwright: https://live-brunner.pantheonsite.io/sites/default/files/styles/original_webp/public/oldImages/112923_Brunner_hero_plus_4690_mesh_grey_melange_stone_Schreibtablar_grau_mit_Schatten_HD_XL.jpg.webp?itok=rsLBiTiq
Finished download: https://live-brunner.pantheonsite.io/sites/default/files/styles/original_webp/public/oldImages/112923_Brunner_hero_plus_4690_mesh_grey_melange_stone_Schreibtablar_grau_mit_Schatten_HD_XL.jpg.webp?itok=rsLBiTiq -> hero_plus_Stacking_chair_4609\image_12.jpg
Starting download with Playwright: https://live-brunner.pantheonsite.io/sites/default/files/styles/sm/public/oldImages/112917_Brunner_Agil-02_HD_XL.jpg.webp?itok=02A8h2-t
Finished download: https://live-brunner.pantheonsite.io/sites/default/files/styles/sm/public/oldImages/112917_Brunner_Agil-02_HD_XL.jpg.webp?itok=02A8h2-t -> hero_plus_Stacking_chair_4609\image_13.jpg
Starting download with Playwright: https://live-brunner.pantheonsite.io/sites/default/files/styles/lg/public/oldImages/112917_Brunner_Agil-02_HD_XL.jpg.webp?itok=dTy9t719
Finished download: https://live-brunner.pantheonsite.io/sites/default/files/styles/lg/public/oldImages/112917_Brunner_Agil-02_HD_XL.jpg.webp?itok=dTy9t719 -> hero_plus_Stacking_chair_4609\image_14.jpg
Starting download with Playwright: https://live-brunner.pantheonsite.io/sites/default/files/styles/original_webp/public/oldImages/112917_Brunner_Agil-02_HD_XL.jpg.webp?itok=fGrS2a2u
Finished download: https://live-brunner.pantheonsite.io/sites/default/files/styles/original_webp/public/oldImages/112917_Brunner_Agil-02_HD_XL.jpg.webp?itok=fGrS2a2u -> hero_plus_Stacking_chair_4609\image_15.jpg
Starting download with Playwright: https://live-brunner.pantheonsite.io/sites/default/files/styles/sm/public/oldImages/112927_brunner_hero_plus_mesh_4619A_Stapel_03_HD_XL.jpg.webp?itok=a74iS8v4
Finished download: https://live-brunner.pantheonsite.io/sites/default/files/styles/sm/public/oldImages/112927_brunner_hero_plus_mesh_4619A_Stapel_03_HD_XL.jpg.webp?itok=a74iS8v4 -> hero_plus_Stacking_chair_4609\image_16.jpg
Starting download with Playwright: https://live-brunner.pantheonsite.io/sites/default/files/styles/lg/public/oldImages/112927_brunner_hero_plus_mesh_4619A_Stapel_03_HD_XL.jpg.webp?itok=3kiR5Bds
Finished download: https://live-brunner.pantheonsite.io/sites/default/files/styles/lg/public/oldImages/112927_brunner_hero_plus_mesh_4619A_Stapel_03_HD_XL.jpg.webp?itok=3kiR5Bds -> hero_plus_Stacking_chair_4609\image_17.jpg
Starting download with Playwright: https://live-brunner.pantheonsite.io/sites/default/files/styles/original_webp/public/oldImages/112927_brunner_hero_plus_mesh_4619A_Stapel_03_HD_XL.jpg.webp?itok=O298SVsD
Finished download: https://live-brunner.pantheonsite.io/sites/default/files/styles/original_webp/public/oldImages/112927_brunner_hero_plus_mesh_4619A_Stapel_03_HD_XL.jpg.webp?itok=O298SVsD -> hero_plus_Stacking_chair_4609\image_18.jpg
Starting download with Playwright: https://live-brunner.pantheonsite.io/sites/default/files/styles/sm/public/oldImages/115420_Brunner_hero_plus_Freischwinger_4606_HD_XL.jpg.webp?itok=dtq3RKtP
Finished download: https://live-brunner.pantheonsite.io/sites/default/files/styles/sm/public/oldImages/115420_Brunner_hero_plus_Freischwinger_4606_HD_XL.jpg.webp?itok=dtq3RKtP -> hero_plus_Stacking_chair_4609\image_19.jpg
Starting download with Playwright: https://live-brunner.pantheonsite.io/sites/default/files/styles/lg/public/oldImages/115420_Brunner_hero_plus_Freischwinger_4606_HD_XL.jpg.webp?itok=jjA3xfHa
Finished download: https://live-brunner.pantheonsite.io/sites/default/files/styles/lg/public/oldImages/115420_Brunner_hero_plus_Freischwinger_4606_HD_XL.jpg.webp?itok=jjA3xfHa -> hero_plus_Stacking_chair_4609\image_20.jpg
Starting download with Playwright: https://live-brunner.pantheonsite.io/sites/default/files/styles/original_webp/public/oldImages/115420_Brunner_hero_plus_Freischwinger_4606_HD_XL.jpg.webp?itok=wUx2-7jf
Finished download: https://live-brunner.pantheonsite.io/sites/default/files/styles/original_webp/public/oldImages/115420_Brunner_hero_plus_Freischwinger_4606_HD_XL.jpg.webp?itok=wUx2-7jf -> hero_plus_Stacking_chair_4609\image_21.jpg
Starting download with Playwright: https://live-brunner.pantheonsite.io/sites/default/files/styles/sm/public/oldImages/107352_Brunner_hero_plus_4609_4more_2920_team_TE101_TE200_TE201_TE202_RGB_HD_XL.jpg.webp?itok=RQIj61QA
Finished download: https://live-brunner.pantheonsite.io/sites/default/files/styles/sm/public/oldImages/107352_Brunner_hero_plus_4609_4more_2920_team_TE101_TE200_TE201_TE202_RGB_HD_XL.jpg.webp?itok=RQIj61QA -> hero_plus_Stacking_chair_4609\image_22.jpg
Starting download with Playwright: https://live-brunner.pantheonsite.io/sites/default/files/styles/lg/public/oldImages/107352_Brunner_hero_plus_4609_4more_2920_team_TE101_TE200_TE201_TE202_RGB_HD_XL.jpg.webp?itok=xS92HCDR
Finished download: https://live-brunner.pantheonsite.io/sites/default/files/styles/lg/public/oldImages/107352_Brunner_hero_plus_4609_4more_2920_team_TE101_TE200_TE201_TE202_RGB_HD_XL.jpg.webp?itok=xS92HCDR -> hero_plus_Stacking_chair_4609\image_23.jpg
Starting download with Playwright: https://live-brunner.pantheonsite.io/sites/default/files/styles/original_webp/public/oldImages/107352_Brunner_hero_plus_4609_4more_2920_team_TE101_TE200_TE201_TE202_RGB_HD_XL.jpg.webp?itok=Q99fIPx7
Finished download: https://live-brunner.pantheonsite.io/sites/default/files/styles/original_webp/public/oldImages/107352_Brunner_hero_plus_4609_4more_2920_team_TE101_TE200_TE201_TE202_RGB_HD_XL.jpg.webp?itok=Q99fIPx7 -> hero_plus_Stacking_chair_4609\image_24.jpg
Starting download with Playwright: https://live-brunner.pantheonsite.io/sites/default/files/styles/sm/public/oldImages/112918_Brunner_Future_Works_Projektraum_Einzel_02_HD_XL.jpg.webp?itok=1Kbvzxo0
Finished download: https://live-brunner.pantheonsite.io/sites/default/files/styles/sm/public/oldImages/112918_Brunner_Future_Works_Projektraum_Einzel_02_HD_XL.jpg.webp?itok=1Kbvzxo0 -> hero_plus_Stacking_chair_4609\image_25.jpg
Starting download with Playwright: https://live-brunner.pantheonsite.io/sites/default/files/styles/lg/public/oldImages/112918_Brunner_Future_Works_Projektraum_Einzel_02_HD_XL.jpg.webp?itok=TjlY2p2G
Finished download: https://live-brunner.pantheonsite.io/sites/default/files/styles/lg/public/oldImages/112918_Brunner_Future_Works_Projektraum_Einzel_02_HD_XL.jpg.webp?itok=TjlY2p2G -> hero_plus_Stacking_chair_4609\image_26.jpg
Starting download with Playwright: https://live-brunner.pantheonsite.io/sites/default/files/styles/original_webp/public/oldImages/112918_Brunner_Future_Works_Projektraum_Einzel_02_HD_XL.jpg.webp?itok=EmF2fg8G
Finished download: https://live-brunner.pantheonsite.io/sites/default/files/styles/original_webp/public/oldImages/112918_Brunner_Future_Works_Projektraum_Einzel_02_HD_XL.jpg.webp?itok=EmF2fg8G -> hero_plus_Stacking_chair_4609\image_27.jpg
Starting download with Playwright: https://live-brunner.pantheonsite.io/sites/default/files/styles/sm/public/oldImages/108896_Brunner_hero_plus_4699_team_TE200_TE70_PARA%20VERT_HD_XL.jpg.webp?itok=s7SNFpdh
Finished download: https://live-brunner.pantheonsite.io/sites/default/files/styles/sm/public/oldImages/108896_Brunner_hero_plus_4699_team_TE200_TE70_PARA%20VERT_HD_XL.jpg.webp?itok=s7SNFpdh -> hero_plus_Stacking_chair_4609\image_28.jpg
Starting download with Playwright: https://live-brunner.pantheonsite.io/sites/default/files/styles/lg/public/oldImages/108896_Brunner_hero_plus_4699_team_TE200_TE70_PARA%20VERT_HD_XL.jpg.webp?itok=IA1XmfvG
Finished download: https://live-brunner.pantheonsite.io/sites/default/files/styles/lg/public/oldImages/108896_Brunner_hero_plus_4699_team_TE200_TE70_PARA%20VERT_HD_XL.jpg.webp?itok=IA1XmfvG -> hero_plus_Stacking_chair_4609\image_29.jpg
Starting download with Playwright: https://live-brunner.pantheonsite.io/sites/default/files/styles/original_webp/public/oldImages/108896_Brunner_hero_plus_4699_team_TE200_TE70_PARA%20VERT_HD_XL.jpg.webp?itok=eF7iEANd
Finished download: https://live-brunner.pantheonsite.io/sites/default/files/styles/original_webp/public/oldImages/108896_Brunner_hero_plus_4699_team_TE200_TE70_PARA%20VERT_HD_XL.jpg.webp?itok=eF7iEANd -> hero_plus_Stacking_chair_4609\image_30.jpg
Starting download with Playwright: https://live-brunner.pantheonsite.io/sites/default/files/styles/sm/public/oldImages/112920_Brunner_hero_plus_4609_Detail_03_HD_XL.jpg.webp?itok=ekNL8Psz
Finished download: https://live-brunner.pantheonsite.io/sites/default/files/styles/sm/public/oldImages/112920_Brunner_hero_plus_4609_Detail_03_HD_XL.jpg.webp?itok=ekNL8Psz -> hero_plus_Stacking_chair_4609\image_31.jpg
Starting download with Playwright: https://live-brunner.pantheonsite.io/sites/default/files/styles/lg/public/oldImages/112920_Brunner_hero_plus_4609_Detail_03_HD_XL.jpg.webp?itok=jh8U4ZUl
Finished download: https://live-brunner.pantheonsite.io/sites/default/files/styles/lg/public/oldImages/112920_Brunner_hero_plus_4609_Detail_03_HD_XL.jpg.webp?itok=jh8U4ZUl -> hero_plus_Stacking_chair_4609\image_32.jpg
Starting download with Playwright: https://live-brunner.pantheonsite.io/sites/default/files/styles/original_webp/public/oldImages/112920_Brunner_hero_plus_4609_Detail_03_HD_XL.jpg.webp?itok=BvCeJt3b
Finished download: https://live-brunner.pantheonsite.io/sites/default/files/styles/original_webp/public/oldImages/112920_Brunner_hero_plus_4609_Detail_03_HD_XL.jpg.webp?itok=BvCeJt3b -> hero_plus_Stacking_chair_4609\image_33.jpg
Starting download with Playwright: https://live-brunner.pantheonsite.io/sites/default/files/styles/sm/public/oldImages/112926_Brunner_hero_plus_mesh_4619_nate_7670_Location_HD_XL.jpg.webp?itok=3T2DtgQV
Finished download: https://live-brunner.pantheonsite.io/sites/default/files/styles/sm/public/oldImages/112926_Brunner_hero_plus_mesh_4619_nate_7670_Location_HD_XL.jpg.webp?itok=3T2DtgQV -> hero_plus_Stacking_chair_4609\image_34.jpg
Starting download with Playwright: https://live-brunner.pantheonsite.io/sites/default/files/styles/lg/public/oldImages/112926_Brunner_hero_plus_mesh_4619_nate_7670_Location_HD_XL.jpg.webp?itok=fi_UY9AA
Finished download: https://live-brunner.pantheonsite.io/sites/default/files/styles/lg/public/oldImages/112926_Brunner_hero_plus_mesh_4619_nate_7670_Location_HD_XL.jpg.webp?itok=fi_UY9AA -> hero_plus_Stacking_chair_4609\image_35.jpg
Starting download with Playwright: https://live-brunner.pantheonsite.io/sites/default/files/styles/original_webp/public/oldImages/112926_Brunner_hero_plus_mesh_4619_nate_7670_Location_HD_XL.jpg.webp?itok=zEum2QqM
Finished download: https://live-brunner.pantheonsite.io/sites/default/files/styles/original_webp/public/oldImages/112926_Brunner_hero_plus_mesh_4619_nate_7670_Location_HD_XL.jpg.webp?itok=zEum2QqM -> hero_plus_Stacking_chair_4609\image_36.jpg
Starting download with Playwright: https://live-brunner.pantheonsite.io/sites/default/files/styles/sm/public/oldImages/116110_Brunner_advance_2970_hero_plus_4606_team_TE100_HD_XL.jpg.webp?itok=My59368E
Finished download: https://live-brunner.pantheonsite.io/sites/default/files/styles/sm/public/oldImages/116110_Brunner_advance_2970_hero_plus_4606_team_TE100_HD_XL.jpg.webp?itok=My59368E -> hero_plus_Stacking_chair_4609\image_37.jpg
Starting download with Playwright: https://live-brunner.pantheonsite.io/sites/default/files/styles/lg/public/oldImages/116110_Brunner_advance_2970_hero_plus_4606_team_TE100_HD_XL.jpg.webp?itok=_5NLAxhL
Finished download: https://live-brunner.pantheonsite.io/sites/default/files/styles/lg/public/oldImages/116110_Brunner_advance_2970_hero_plus_4606_team_TE100_HD_XL.jpg.webp?itok=_5NLAxhL -> hero_plus_Stacking_chair_4609\image_38.jpg
Starting download with Playwright: https://live-brunner.pantheonsite.io/sites/default/files/styles/original_webp/public/oldImages/116110_Brunner_advance_2970_hero_plus_4606_team_TE100_HD_XL.jpg.webp?itok=4fXBZj15
Finished download: https://live-brunner.pantheonsite.io/sites/default/files/styles/original_webp/public/oldImages/116110_Brunner_advance_2970_hero_plus_4606_team_TE100_HD_XL.jpg.webp?itok=4fXBZj15 -> hero_plus_Stacking_chair_4609\image_39.jpg
Starting download with Playwright: https://live-brunner.pantheonsite.io/sites/default/files/styles/sm/public/oldImages/112925_Brunner_hero_plus_4699A_grau_mit_Schatten_HD_XL.jpg.webp?itok=r-j_yUMQ
Finished download: https://live-brunner.pantheonsite.io/sites/default/files/styles/sm/public/oldImages/112925_Brunner_hero_plus_4699A_grau_mit_Schatten_HD_XL.jpg.webp?itok=r-j_yUMQ -> hero_plus_Stacking_chair_4609\image_40.jpg
Starting download with Playwright: https://live-brunner.pantheonsite.io/sites/default/files/styles/lg/public/oldImages/112925_Brunner_hero_plus_4699A_grau_mit_Schatten_HD_XL.jpg.webp?itok=9bDY-foH
Finished download: https://live-brunner.pantheonsite.io/sites/default/files/styles/lg/public/oldImages/112925_Brunner_hero_plus_4699A_grau_mit_Schatten_HD_XL.jpg.webp?itok=9bDY-foH -> hero_plus_Stacking_chair_4609\image_41.jpg
Starting download with Playwright: https://live-brunner.pantheonsite.io/sites/default/files/styles/original_webp/public/oldImages/112925_Brunner_hero_plus_4699A_grau_mit_Schatten_HD_XL.jpg.webp?itok=hImDmkgW
Finished download: https://live-brunner.pantheonsite.io/sites/default/files/styles/original_webp/public/oldImages/112925_Brunner_hero_plus_4699A_grau_mit_Schatten_HD_XL.jpg.webp?itok=hImDmkgW -> hero_plus_Stacking_chair_4609\image_42.jpg
Starting download with Playwright: https://live-brunner.pantheonsite.io/sites/default/files/styles/sm/public/oldImages/115419_Brunner_hero_plus_Freischwinger_4606_Detail_HD_XL.jpg.webp?itok=W4u-wb4S
Finished download: https://live-brunner.pantheonsite.io/sites/default/files/styles/sm/public/oldImages/115419_Brunner_hero_plus_Freischwinger_4606_Detail_HD_XL.jpg.webp?itok=W4u-wb4S -> hero_plus_Stacking_chair_4609\image_43.jpg
Starting download with Playwright: https://live-brunner.pantheonsite.io/sites/default/files/styles/lg/public/oldImages/115419_Brunner_hero_plus_Freischwinger_4606_Detail_HD_XL.jpg.webp?itok=CBz0a-UG
Finished download: https://live-brunner.pantheonsite.io/sites/default/files/styles/lg/public/oldImages/115419_Brunner_hero_plus_Freischwinger_4606_Detail_HD_XL.jpg.webp?itok=CBz0a-UG -> hero_plus_Stacking_chair_4609\image_44.jpg
Starting download with Playwright: https://live-brunner.pantheonsite.io/sites/default/files/styles/original_webp/public/oldImages/115419_Brunner_hero_plus_Freischwinger_4606_Detail_HD_XL.jpg.webp?itok=hBqPZPY9
Finished download: https://live-brunner.pantheonsite.io/sites/default/files/styles/original_webp/public/oldImages/115419_Brunner_hero_plus_Freischwinger_4606_Detail_HD_XL.jpg.webp?itok=hBqPZPY9 -> hero_plus_Stacking_chair_4609\image_45.jpg
Completed image downloads for product hero_plus_Stacking_chair_4609
Extracting features for product hero_plus_Stacking_chair_4609...
Features saved for product hero_plus_Stacking_chair_4609
Attempting to access Downloads tab for product hero_plus_Stacking_chair_4609...
Starting download of PDF: https://live-brunner.pantheonsite.io/sites/default/files/oldPdfs/Produktdatenblaetter/Produktdatenblaetter_EN/Brunner_product_data_sheet_hero_plus_EN.pdf
Downloaded product_sheet.pdf for product hero_plus_Stacking_chair_4609
Opening URL for product hero_plus_Stacking_chair_4623: https://brunner-group.com/en/products/hero-plus-stacking-chair-1/?variant=4623
Images detected on page for hero_plus_Stacking_chair_4623, scrolling to load them...
Successfully opened URL for product hero_plus_Stacking_chair_4623
Extracting images for product hero_plus_Stacking_chair_4623...
Found 24 images for product hero_plus_Stacking_chair_4623
Starting download with Playwright: https://live-brunner.pantheonsite.io/sites/default/files/styles/sm/public/oldImages/112900_Brunner_hero_plus_4623A_basic_V_2940_CMYK_HD_XL.jpg.webp?itok=HqFCjdHx
Finished download: https://live-brunner.pantheonsite.io/sites/default/files/styles/sm/public/oldImages/112900_Brunner_hero_plus_4623A_basic_V_2940_CMYK_HD_XL.jpg.webp?itok=HqFCjdHx -> hero_plus_Stacking_chair_4623\image_1.jpg
Starting download with Playwright: https://live-brunner.pantheonsite.io/sites/default/files/styles/lg/public/oldImages/112900_Brunner_hero_plus_4623A_basic_V_2940_CMYK_HD_XL.jpg.webp?itok=ag9l1dKV
Finished download: https://live-brunner.pantheonsite.io/sites/default/files/styles/lg/public/oldImages/112900_Brunner_hero_plus_4623A_basic_V_2940_CMYK_HD_XL.jpg.webp?itok=ag9l1dKV -> hero_plus_Stacking_chair_4623\image_2.jpg
Starting download with Playwright: https://live-brunner.pantheonsite.io/sites/default/files/styles/original_webp/public/oldImages/112900_Brunner_hero_plus_4623A_basic_V_2940_CMYK_HD_XL.jpg.webp?itok=62HBD9XV
Finished download: https://live-brunner.pantheonsite.io/sites/default/files/styles/original_webp/public/oldImages/112900_Brunner_hero_plus_4623A_basic_V_2940_CMYK_HD_XL.jpg.webp?itok=62HBD9XV -> hero_plus_Stacking_chair_4623\image_3.jpg
Starting download with Playwright: https://live-brunner.pantheonsite.io/sites/default/files/styles/sm/public/oldImages/112904_Brunner_hero_plus_4603A_Eiche_Lava_grau_mit_Schatten_RGB_HD_XL.jpg.webp?itok=AgZ66Cef
Finished download: https://live-brunner.pantheonsite.io/sites/default/files/styles/sm/public/oldImages/112904_Brunner_hero_plus_4603A_Eiche_Lava_grau_mit_Schatten_RGB_HD_XL.jpg.webp?itok=AgZ66Cef -> hero_plus_Stacking_chair_4623\image_4.jpg
Starting download with Playwright: https://live-brunner.pantheonsite.io/sites/default/files/styles/lg/public/oldImages/112904_Brunner_hero_plus_4603A_Eiche_Lava_grau_mit_Schatten_RGB_HD_XL.jpg.webp?itok=sTLaGC2T
Finished download: https://live-brunner.pantheonsite.io/sites/default/files/styles/lg/public/oldImages/112904_Brunner_hero_plus_4603A_Eiche_Lava_grau_mit_Schatten_RGB_HD_XL.jpg.webp?itok=sTLaGC2T -> hero_plus_Stacking_chair_4623\image_5.jpg
Starting download with Playwright: https://live-brunner.pantheonsite.io/sites/default/files/styles/original_webp/public/oldImages/112904_Brunner_hero_plus_4603A_Eiche_Lava_grau_mit_Schatten_RGB_HD_XL.jpg.webp?itok=f3_loO8f
Finished download: https://live-brunner.pantheonsite.io/sites/default/files/styles/original_webp/public/oldImages/112904_Brunner_hero_plus_4603A_Eiche_Lava_grau_mit_Schatten_RGB_HD_XL.jpg.webp?itok=f3_loO8f -> hero_plus_Stacking_chair_4623\image_6.jpg
Starting download with Playwright: https://live-brunner.pantheonsite.io/sites/default/files/styles/sm/public/oldImages/112905_Brunner_hero_plus_4613A_Eiche_Lava_Remix2-123_Chrome_grau_mit_Schatten_RGB_HD_XL.jpg.webp?itok=ZjtDh3sg
Finished download: https://live-brunner.pantheonsite.io/sites/default/files/styles/sm/public/oldImages/112905_Brunner_hero_plus_4613A_Eiche_Lava_Remix2-123_Chrome_grau_mit_Schatten_RGB_HD_XL.jpg.webp?itok=ZjtDh3sg -> hero_plus_Stacking_chair_4623\image_7.jpg
Starting download with Playwright: https://live-brunner.pantheonsite.io/sites/default/files/styles/lg/public/oldImages/112905_Brunner_hero_plus_4613A_Eiche_Lava_Remix2-123_Chrome_grau_mit_Schatten_RGB_HD_XL.jpg.webp?itok=F7zOSWzL
Finished download: https://live-brunner.pantheonsite.io/sites/default/files/styles/lg/public/oldImages/112905_Brunner_hero_plus_4613A_Eiche_Lava_Remix2-123_Chrome_grau_mit_Schatten_RGB_HD_XL.jpg.webp?itok=F7zOSWzL -> hero_plus_Stacking_chair_4623\image_8.jpg
Starting download with Playwright: https://live-brunner.pantheonsite.io/sites/default/files/styles/original_webp/public/oldImages/112905_Brunner_hero_plus_4613A_Eiche_Lava_Remix2-123_Chrome_grau_mit_Schatten_RGB_HD_XL.jpg.webp?itok=WRNDpP_A
Finished download: https://live-brunner.pantheonsite.io/sites/default/files/styles/original_webp/public/oldImages/112905_Brunner_hero_plus_4613A_Eiche_Lava_Remix2-123_Chrome_grau_mit_Schatten_RGB_HD_XL.jpg.webp?itok=WRNDpP_A -> hero_plus_Stacking_chair_4623\image_9.jpg
Starting download with Playwright: https://live-brunner.pantheonsite.io/sites/default/files/styles/sm/public/oldImages/112901_Brunner_hero_plus_4623A_Remix2-173_chrome_grauerHintergrund_HD_XL.jpg.webp?itok=wBUS4U09
Finished download: https://live-brunner.pantheonsite.io/sites/default/files/styles/sm/public/oldImages/112901_Brunner_hero_plus_4623A_Remix2-173_chrome_grauerHintergrund_HD_XL.jpg.webp?itok=wBUS4U09 -> hero_plus_Stacking_chair_4623\image_10.jpg
Starting download with Playwright: https://live-brunner.pantheonsite.io/sites/default/files/styles/lg/public/oldImages/112901_Brunner_hero_plus_4623A_Remix2-173_chrome_grauerHintergrund_HD_XL.jpg.webp?itok=HbHb-tRU
Finished download: https://live-brunner.pantheonsite.io/sites/default/files/styles/lg/public/oldImages/112901_Brunner_hero_plus_4623A_Remix2-173_chrome_grauerHintergrund_HD_XL.jpg.webp?itok=HbHb-tRU -> hero_plus_Stacking_chair_4623\image_11.jpg
Starting download with Playwright: https://live-brunner.pantheonsite.io/sites/default/files/styles/original_webp/public/oldImages/112901_Brunner_hero_plus_4623A_Remix2-173_chrome_grauerHintergrund_HD_XL.jpg.webp?itok=f5nCLE6w
Finished download: https://live-brunner.pantheonsite.io/sites/default/files/styles/original_webp/public/oldImages/112901_Brunner_hero_plus_4623A_Remix2-173_chrome_grauerHintergrund_HD_XL.jpg.webp?itok=f5nCLE6w -> hero_plus_Stacking_chair_4623\image_12.jpg
Starting download with Playwright: https://live-brunner.pantheonsite.io/sites/default/files/styles/sm/public/oldImages/112903_Brunner_hero_plus_4603_Eiche_Chrome_grau_mit_Schatten_RGB_HD_XL.jpg.webp?itok=s-UwyLV9
Finished download: https://live-brunner.pantheonsite.io/sites/default/files/styles/sm/public/oldImages/112903_Brunner_hero_plus_4603_Eiche_Chrome_grau_mit_Schatten_RGB_HD_XL.jpg.webp?itok=s-UwyLV9 -> hero_plus_Stacking_chair_4623\image_13.jpg
Starting download with Playwright: https://live-brunner.pantheonsite.io/sites/default/files/styles/lg/public/oldImages/112903_Brunner_hero_plus_4603_Eiche_Chrome_grau_mit_Schatten_RGB_HD_XL.jpg.webp?itok=SAUziEu7
Finished download: https://live-brunner.pantheonsite.io/sites/default/files/styles/lg/public/oldImages/112903_Brunner_hero_plus_4603_Eiche_Chrome_grau_mit_Schatten_RGB_HD_XL.jpg.webp?itok=SAUziEu7 -> hero_plus_Stacking_chair_4623\image_14.jpg
Starting download with Playwright: https://live-brunner.pantheonsite.io/sites/default/files/styles/original_webp/public/oldImages/112903_Brunner_hero_plus_4603_Eiche_Chrome_grau_mit_Schatten_RGB_HD_XL.jpg.webp?itok=UIiMOZwm
Finished download: https://live-brunner.pantheonsite.io/sites/default/files/styles/original_webp/public/oldImages/112903_Brunner_hero_plus_4603_Eiche_Chrome_grau_mit_Schatten_RGB_HD_XL.jpg.webp?itok=UIiMOZwm -> hero_plus_Stacking_chair_4623\image_15.jpg
Starting download with Playwright: https://live-brunner.pantheonsite.io/sites/default/files/styles/sm/public/oldImages/112906_Brunner_hero_plus_4613_Eiche_Lava_Remix2-123_grau_mit_Schatten_RGB_HD_XL.jpg.webp?itok=HoltRrz3
Finished download: https://live-brunner.pantheonsite.io/sites/default/files/styles/sm/public/oldImages/112906_Brunner_hero_plus_4613_Eiche_Lava_Remix2-123_grau_mit_Schatten_RGB_HD_XL.jpg.webp?itok=HoltRrz3 -> hero_plus_Stacking_chair_4623\image_16.jpg
Starting download with Playwright: https://live-brunner.pantheonsite.io/sites/default/files/styles/lg/public/oldImages/112906_Brunner_hero_plus_4613_Eiche_Lava_Remix2-123_grau_mit_Schatten_RGB_HD_XL.jpg.webp?itok=MauEIKhf
Finished download: https://live-brunner.pantheonsite.io/sites/default/files/styles/lg/public/oldImages/112906_Brunner_hero_plus_4613_Eiche_Lava_Remix2-123_grau_mit_Schatten_RGB_HD_XL.jpg.webp?itok=MauEIKhf -> hero_plus_Stacking_chair_4623\image_17.jpg
Starting download with Playwright: https://live-brunner.pantheonsite.io/sites/default/files/styles/original_webp/public/oldImages/112906_Brunner_hero_plus_4613_Eiche_Lava_Remix2-123_grau_mit_Schatten_RGB_HD_XL.jpg.webp?itok=18a5DV1x
Finished download: https://live-brunner.pantheonsite.io/sites/default/files/styles/original_webp/public/oldImages/112906_Brunner_hero_plus_4613_Eiche_Lava_Remix2-123_grau_mit_Schatten_RGB_HD_XL.jpg.webp?itok=18a5DV1x -> hero_plus_Stacking_chair_4623\image_18.jpg
Starting download with Playwright: https://live-brunner.pantheonsite.io/sites/default/files/styles/sm/public/oldImages/112899_Brunner_hero_plus_4623_Remix2-143_Lava_grau_mit_Schatten_RGB_HD_XL.jpg.webp?itok=4r50Ihc2
Finished download: https://live-brunner.pantheonsite.io/sites/default/files/styles/sm/public/oldImages/112899_Brunner_hero_plus_4623_Remix2-143_Lava_grau_mit_Schatten_RGB_HD_XL.jpg.webp?itok=4r50Ihc2 -> hero_plus_Stacking_chair_4623\image_19.jpg
Starting download with Playwright: https://live-brunner.pantheonsite.io/sites/default/files/styles/lg/public/oldImages/112899_Brunner_hero_plus_4623_Remix2-143_Lava_grau_mit_Schatten_RGB_HD_XL.jpg.webp?itok=tih5iaZz
Finished download: https://live-brunner.pantheonsite.io/sites/default/files/styles/lg/public/oldImages/112899_Brunner_hero_plus_4623_Remix2-143_Lava_grau_mit_Schatten_RGB_HD_XL.jpg.webp?itok=tih5iaZz -> hero_plus_Stacking_chair_4623\image_20.jpg
Starting download with Playwright: https://live-brunner.pantheonsite.io/sites/default/files/styles/original_webp/public/oldImages/112899_Brunner_hero_plus_4623_Remix2-143_Lava_grau_mit_Schatten_RGB_HD_XL.jpg.webp?itok=vzaqmOiK
Finished download: https://live-brunner.pantheonsite.io/sites/default/files/styles/original_webp/public/oldImages/112899_Brunner_hero_plus_4623_Remix2-143_Lava_grau_mit_Schatten_RGB_HD_XL.jpg.webp?itok=vzaqmOiK -> hero_plus_Stacking_chair_4623\image_21.jpg
Starting download with Playwright: https://live-brunner.pantheonsite.io/sites/default/files/styles/sm/public/oldImages/112902_Brunner_hero_plus_4623A_Stapel-10_Remix143_Chrome_grau_mit_Schatten_RGB_HD_XL.jpg.webp?itok=9f_2P03j
Finished download: https://live-brunner.pantheonsite.io/sites/default/files/styles/sm/public/oldImages/112902_Brunner_hero_plus_4623A_Stapel-10_Remix143_Chrome_grau_mit_Schatten_RGB_HD_XL.jpg.webp?itok=9f_2P03j -> hero_plus_Stacking_chair_4623\image_22.jpg
Starting download with Playwright: https://live-brunner.pantheonsite.io/sites/default/files/styles/lg/public/oldImages/112902_Brunner_hero_plus_4623A_Stapel-10_Remix143_Chrome_grau_mit_Schatten_RGB_HD_XL.jpg.webp?itok=U1ND52Wo
Finished download: https://live-brunner.pantheonsite.io/sites/default/files/styles/lg/public/oldImages/112902_Brunner_hero_plus_4623A_Stapel-10_Remix143_Chrome_grau_mit_Schatten_RGB_HD_XL.jpg.webp?itok=U1ND52Wo -> hero_plus_Stacking_chair_4623\image_23.jpg
Starting download with Playwright: https://live-brunner.pantheonsite.io/sites/default/files/styles/original_webp/public/oldImages/112902_Brunner_hero_plus_4623A_Stapel-10_Remix143_Chrome_grau_mit_Schatten_RGB_HD_XL.jpg.webp?itok=J3QnHWtA
Finished download: https://live-brunner.pantheonsite.io/sites/default/files/styles/original_webp/public/oldImages/112902_Brunner_hero_plus_4623A_Stapel-10_Remix143_Chrome_grau_mit_Schatten_RGB_HD_XL.jpg.webp?itok=J3QnHWtA -> hero_plus_Stacking_chair_4623\image_24.jpg
Completed image downloads for product hero_plus_Stacking_chair_4623
Extracting features for product hero_plus_Stacking_chair_4623...
Features saved for product hero_plus_Stacking_chair_4623
Attempting to access Downloads tab for product hero_plus_Stacking_chair_4623...
Starting download of PDF: https://live-brunner.pantheonsite.io/sites/default/files/oldPdfs/Produktdatenblaetter/Produktdatenblaetter_EN/Brunner_product_data_sheet_hero_plus_EN.pdf
Downloaded product_sheet.pdf for product hero_plus_Stacking_chair_4623
Opening URL for product hero_plus_stacking_chair_4628: https://brunner-group.com/en/products/hero-plus-stacking-chair-0/?variant=4628
Images detected on page for hero_plus_stacking_chair_4628, scrolling to load them...
Successfully opened URL for product hero_plus_stacking_chair_4628
Extracting images for product hero_plus_stacking_chair_4628...
Found 39 images for product hero_plus_stacking_chair_4628
Starting download with Playwright: https://live-brunner.pantheonsite.io/sites/default/files/styles/sm/public/oldImages/97889_Brunner_hero_4604_hero_plus_4608_Schale_51_HD_XL.jpg.webp?itok=xaqu48iJ
Finished download: https://live-brunner.pantheonsite.io/sites/default/files/styles/sm/public/oldImages/97889_Brunner_hero_4604_hero_plus_4608_Schale_51_HD_XL.jpg.webp?itok=xaqu48iJ -> hero_plus_stacking_chair_4628\image_1.jpg
Starting download with Playwright: https://live-brunner.pantheonsite.io/sites/default/files/styles/lg/public/oldImages/97889_Brunner_hero_4604_hero_plus_4608_Schale_51_HD_XL.jpg.webp?itok=m4Hp6jgm
Finished download: https://live-brunner.pantheonsite.io/sites/default/files/styles/lg/public/oldImages/97889_Brunner_hero_4604_hero_plus_4608_Schale_51_HD_XL.jpg.webp?itok=m4Hp6jgm -> hero_plus_stacking_chair_4628\image_2.jpg
Starting download with Playwright: https://live-brunner.pantheonsite.io/sites/default/files/styles/original_webp/public/oldImages/97889_Brunner_hero_4604_hero_plus_4608_Schale_51_HD_XL.jpg.webp?itok=M4A0qVuq
Finished download: https://live-brunner.pantheonsite.io/sites/default/files/styles/original_webp/public/oldImages/97889_Brunner_hero_4604_hero_plus_4608_Schale_51_HD_XL.jpg.webp?itok=M4A0qVuq -> hero_plus_stacking_chair_4628\image_3.jpg
Starting download with Playwright: https://live-brunner.pantheonsite.io/sites/default/files/styles/sm/public/oldImages/112911_hero_plus_4628_4628A_Reihe_HD_XL.jpg.webp?itok=xriZHFxm
Finished download: https://live-brunner.pantheonsite.io/sites/default/files/styles/sm/public/oldImages/112911_hero_plus_4628_4628A_Reihe_HD_XL.jpg.webp?itok=xriZHFxm -> hero_plus_stacking_chair_4628\image_4.jpg
Starting download with Playwright: https://live-brunner.pantheonsite.io/sites/default/files/styles/lg/public/oldImages/112911_hero_plus_4628_4628A_Reihe_HD_XL.jpg.webp?itok=HstB4_xJ
Finished download: https://live-brunner.pantheonsite.io/sites/default/files/styles/lg/public/oldImages/112911_hero_plus_4628_4628A_Reihe_HD_XL.jpg.webp?itok=HstB4_xJ -> hero_plus_stacking_chair_4628\image_5.jpg
Starting download with Playwright: https://live-brunner.pantheonsite.io/sites/default/files/styles/original_webp/public/oldImages/112911_hero_plus_4628_4628A_Reihe_HD_XL.jpg.webp?itok=k07SbFIT
Finished download: https://live-brunner.pantheonsite.io/sites/default/files/styles/original_webp/public/oldImages/112911_hero_plus_4628_4628A_Reihe_HD_XL.jpg.webp?itok=k07SbFIT -> hero_plus_stacking_chair_4628\image_6.jpg
Starting download with Playwright: https://live-brunner.pantheonsite.io/sites/default/files/styles/sm/public/oldImages/97891_Brunner_hero_plus_4606_HD_XL.jpg.webp?itok=TMpDffae
Finished download: https://live-brunner.pantheonsite.io/sites/default/files/styles/sm/public/oldImages/97891_Brunner_hero_plus_4606_HD_XL.jpg.webp?itok=TMpDffae -> hero_plus_stacking_chair_4628\image_7.jpg
Starting download with Playwright: https://live-brunner.pantheonsite.io/sites/default/files/styles/lg/public/oldImages/97891_Brunner_hero_plus_4606_HD_XL.jpg.webp?itok=dw9DLaUE
Finished download: https://live-brunner.pantheonsite.io/sites/default/files/styles/lg/public/oldImages/97891_Brunner_hero_plus_4606_HD_XL.jpg.webp?itok=dw9DLaUE -> hero_plus_stacking_chair_4628\image_8.jpg
Starting download with Playwright: https://live-brunner.pantheonsite.io/sites/default/files/styles/original_webp/public/oldImages/97891_Brunner_hero_plus_4606_HD_XL.jpg.webp?itok=ya-jWUIN
Finished download: https://live-brunner.pantheonsite.io/sites/default/files/styles/original_webp/public/oldImages/97891_Brunner_hero_plus_4606_HD_XL.jpg.webp?itok=ya-jWUIN -> hero_plus_stacking_chair_4628\image_9.jpg
Starting download with Playwright: https://live-brunner.pantheonsite.io/sites/default/files/styles/sm/public/oldImages/112895_hero_family_minimalset_HD_XL.jpg.webp?itok=ZC_j_9ll
Finished download: https://live-brunner.pantheonsite.io/sites/default/files/styles/sm/public/oldImages/112895_hero_family_minimalset_HD_XL.jpg.webp?itok=ZC_j_9ll -> hero_plus_stacking_chair_4628\image_10.jpg
Starting download with Playwright: https://live-brunner.pantheonsite.io/sites/default/files/styles/lg/public/oldImages/112895_hero_family_minimalset_HD_XL.jpg.webp?itok=r3bGks6g
Finished download: https://live-brunner.pantheonsite.io/sites/default/files/styles/lg/public/oldImages/112895_hero_family_minimalset_HD_XL.jpg.webp?itok=r3bGks6g -> hero_plus_stacking_chair_4628\image_11.jpg
Starting download with Playwright: https://live-brunner.pantheonsite.io/sites/default/files/styles/original_webp/public/oldImages/112895_hero_family_minimalset_HD_XL.jpg.webp?itok=zQVLkjlH
Finished download: https://live-brunner.pantheonsite.io/sites/default/files/styles/original_webp/public/oldImages/112895_hero_family_minimalset_HD_XL.jpg.webp?itok=zQVLkjlH -> hero_plus_stacking_chair_4628\image_12.jpg
Starting download with Playwright: https://live-brunner.pantheonsite.io/sites/default/files/styles/sm/public/oldImages/97890_Brunner_hero_plus_4604A_HD_XL.jpg.webp?itok=JKOsp7gD
Finished download: https://live-brunner.pantheonsite.io/sites/default/files/styles/sm/public/oldImages/97890_Brunner_hero_plus_4604A_HD_XL.jpg.webp?itok=JKOsp7gD -> hero_plus_stacking_chair_4628\image_13.jpg
Starting download with Playwright: https://live-brunner.pantheonsite.io/sites/default/files/styles/lg/public/oldImages/97890_Brunner_hero_plus_4604A_HD_XL.jpg.webp?itok=bYarHjhp
Finished download: https://live-brunner.pantheonsite.io/sites/default/files/styles/lg/public/oldImages/97890_Brunner_hero_plus_4604A_HD_XL.jpg.webp?itok=bYarHjhp -> hero_plus_stacking_chair_4628\image_14.jpg
Starting download with Playwright: https://live-brunner.pantheonsite.io/sites/default/files/styles/original_webp/public/oldImages/97890_Brunner_hero_plus_4604A_HD_XL.jpg.webp?itok=jrSs4Xqh
Finished download: https://live-brunner.pantheonsite.io/sites/default/files/styles/original_webp/public/oldImages/97890_Brunner_hero_plus_4604A_HD_XL.jpg.webp?itok=jrSs4Xqh -> hero_plus_stacking_chair_4628\image_15.jpg
Starting download with Playwright: https://live-brunner.pantheonsite.io/sites/default/files/styles/sm/public/oldImages/112909_hero_plus_4608_4608A_01_HD_XL.jpg.webp?itok=nalO8m6h
Finished download: https://live-brunner.pantheonsite.io/sites/default/files/styles/sm/public/oldImages/112909_hero_plus_4608_4608A_01_HD_XL.jpg.webp?itok=nalO8m6h -> hero_plus_stacking_chair_4628\image_16.jpg
Starting download with Playwright: https://live-brunner.pantheonsite.io/sites/default/files/styles/lg/public/oldImages/112909_hero_plus_4608_4608A_01_HD_XL.jpg.webp?itok=rNQcGYR9
Finished download: https://live-brunner.pantheonsite.io/sites/default/files/styles/lg/public/oldImages/112909_hero_plus_4608_4608A_01_HD_XL.jpg.webp?itok=rNQcGYR9 -> hero_plus_stacking_chair_4628\image_17.jpg
Starting download with Playwright: https://live-brunner.pantheonsite.io/sites/default/files/styles/original_webp/public/oldImages/112909_hero_plus_4608_4608A_01_HD_XL.jpg.webp?itok=MCtg11Du
Finished download: https://live-brunner.pantheonsite.io/sites/default/files/styles/original_webp/public/oldImages/112909_hero_plus_4608_4608A_01_HD_XL.jpg.webp?itok=MCtg11Du -> hero_plus_stacking_chair_4628\image_18.jpg
Starting download with Playwright: https://live-brunner.pantheonsite.io/sites/default/files/styles/sm/public/oldImages/112916_Brunner_Ameron_Neuschwanstein_Wolfgang_Stahr_02_HD_XL.jpg.webp?itok=z6undRSH
Finished download: https://live-brunner.pantheonsite.io/sites/default/files/styles/sm/public/oldImages/112916_Brunner_Ameron_Neuschwanstein_Wolfgang_Stahr_02_HD_XL.jpg.webp?itok=z6undRSH -> hero_plus_stacking_chair_4628\image_19.jpg
Starting download with Playwright: https://live-brunner.pantheonsite.io/sites/default/files/styles/lg/public/oldImages/112916_Brunner_Ameron_Neuschwanstein_Wolfgang_Stahr_02_HD_XL.jpg.webp?itok=LQvRVVcY
Finished download: https://live-brunner.pantheonsite.io/sites/default/files/styles/lg/public/oldImages/112916_Brunner_Ameron_Neuschwanstein_Wolfgang_Stahr_02_HD_XL.jpg.webp?itok=LQvRVVcY -> hero_plus_stacking_chair_4628\image_20.jpg
Starting download with Playwright: https://live-brunner.pantheonsite.io/sites/default/files/styles/original_webp/public/oldImages/112916_Brunner_Ameron_Neuschwanstein_Wolfgang_Stahr_02_HD_XL.jpg.webp?itok=h7eXoq86
Finished download: https://live-brunner.pantheonsite.io/sites/default/files/styles/original_webp/public/oldImages/112916_Brunner_Ameron_Neuschwanstein_Wolfgang_Stahr_02_HD_XL.jpg.webp?itok=h7eXoq86 -> hero_plus_stacking_chair_4628\image_21.jpg
Starting download with Playwright: https://live-brunner.pantheonsite.io/sites/default/files/styles/sm/public/oldImages/112910_hero_plus_4608_HD_XL.jpg.webp?itok=Ii567Grm
Finished download: https://live-brunner.pantheonsite.io/sites/default/files/styles/sm/public/oldImages/112910_hero_plus_4608_HD_XL.jpg.webp?itok=Ii567Grm -> hero_plus_stacking_chair_4628\image_22.jpg
Starting download with Playwright: https://live-brunner.pantheonsite.io/sites/default/files/styles/lg/public/oldImages/112910_hero_plus_4608_HD_XL.jpg.webp?itok=Y2vh2uMa
Finished download: https://live-brunner.pantheonsite.io/sites/default/files/styles/lg/public/oldImages/112910_hero_plus_4608_HD_XL.jpg.webp?itok=Y2vh2uMa -> hero_plus_stacking_chair_4628\image_23.jpg
Starting download with Playwright: https://live-brunner.pantheonsite.io/sites/default/files/styles/original_webp/public/oldImages/112910_hero_plus_4608_HD_XL.jpg.webp?itok=QRaVFKDq
Finished download: https://live-brunner.pantheonsite.io/sites/default/files/styles/original_webp/public/oldImages/112910_hero_plus_4608_HD_XL.jpg.webp?itok=QRaVFKDq -> hero_plus_stacking_chair_4628\image_24.jpg
Starting download with Playwright: https://live-brunner.pantheonsite.io/sites/default/files/styles/sm/public/oldImages/112914_Brunner_Ameron_Neuschwanstein_Wolfgang_Stahr_01_HD_XL.jpg.webp?itok=gBS-aAaY
Finished download: https://live-brunner.pantheonsite.io/sites/default/files/styles/sm/public/oldImages/112914_Brunner_Ameron_Neuschwanstein_Wolfgang_Stahr_01_HD_XL.jpg.webp?itok=gBS-aAaY -> hero_plus_stacking_chair_4628\image_25.jpg
Starting download with Playwright: https://live-brunner.pantheonsite.io/sites/default/files/styles/lg/public/oldImages/112914_Brunner_Ameron_Neuschwanstein_Wolfgang_Stahr_01_HD_XL.jpg.webp?itok=igzvAQst
Finished download: https://live-brunner.pantheonsite.io/sites/default/files/styles/lg/public/oldImages/112914_Brunner_Ameron_Neuschwanstein_Wolfgang_Stahr_01_HD_XL.jpg.webp?itok=igzvAQst -> hero_plus_stacking_chair_4628\image_26.jpg
Starting download with Playwright: https://live-brunner.pantheonsite.io/sites/default/files/styles/original_webp/public/oldImages/112914_Brunner_Ameron_Neuschwanstein_Wolfgang_Stahr_01_HD_XL.jpg.webp?itok=UYR_GXiE
Finished download: https://live-brunner.pantheonsite.io/sites/default/files/styles/original_webp/public/oldImages/112914_Brunner_Ameron_Neuschwanstein_Wolfgang_Stahr_01_HD_XL.jpg.webp?itok=UYR_GXiE -> hero_plus_stacking_chair_4628\image_27.jpg
Starting download with Playwright: https://live-brunner.pantheonsite.io/sites/default/files/styles/sm/public/oldImages/112913_Brunner_Ameron_Neuschwanstein_Wolfgang_Stahr_04_HD_XL.jpg.webp?itok=Wr_kdZks
Finished download: https://live-brunner.pantheonsite.io/sites/default/files/styles/sm/public/oldImages/112913_Brunner_Ameron_Neuschwanstein_Wolfgang_Stahr_04_HD_XL.jpg.webp?itok=Wr_kdZks -> hero_plus_stacking_chair_4628\image_28.jpg
Starting download with Playwright: https://live-brunner.pantheonsite.io/sites/default/files/styles/lg/public/oldImages/112913_Brunner_Ameron_Neuschwanstein_Wolfgang_Stahr_04_HD_XL.jpg.webp?itok=k9cQWUn8
Finished download: https://live-brunner.pantheonsite.io/sites/default/files/styles/lg/public/oldImages/112913_Brunner_Ameron_Neuschwanstein_Wolfgang_Stahr_04_HD_XL.jpg.webp?itok=k9cQWUn8 -> hero_plus_stacking_chair_4628\image_29.jpg
Starting download with Playwright: https://live-brunner.pantheonsite.io/sites/default/files/styles/original_webp/public/oldImages/112913_Brunner_Ameron_Neuschwanstein_Wolfgang_Stahr_04_HD_XL.jpg.webp?itok=CmRvt4v9
Finished download: https://live-brunner.pantheonsite.io/sites/default/files/styles/original_webp/public/oldImages/112913_Brunner_Ameron_Neuschwanstein_Wolfgang_Stahr_04_HD_XL.jpg.webp?itok=CmRvt4v9 -> hero_plus_stacking_chair_4628\image_30.jpg
Starting download with Playwright: https://live-brunner.pantheonsite.io/sites/default/files/styles/sm/public/oldImages/97892_Brunner_hero_plus_4608A_HD_XL.jpg.webp?itok=DDgDpab5
Finished download: https://live-brunner.pantheonsite.io/sites/default/files/styles/sm/public/oldImages/97892_Brunner_hero_plus_4608A_HD_XL.jpg.webp?itok=DDgDpab5 -> hero_plus_stacking_chair_4628\image_31.jpg
Starting download with Playwright: https://live-brunner.pantheonsite.io/sites/default/files/styles/lg/public/oldImages/97892_Brunner_hero_plus_4608A_HD_XL.jpg.webp?itok=WC9G-iVk
Finished download: https://live-brunner.pantheonsite.io/sites/default/files/styles/lg/public/oldImages/97892_Brunner_hero_plus_4608A_HD_XL.jpg.webp?itok=WC9G-iVk -> hero_plus_stacking_chair_4628\image_32.jpg
Starting download with Playwright: https://live-brunner.pantheonsite.io/sites/default/files/styles/original_webp/public/oldImages/97892_Brunner_hero_plus_4608A_HD_XL.jpg.webp?itok=cIdUa_bi
Finished download: https://live-brunner.pantheonsite.io/sites/default/files/styles/original_webp/public/oldImages/97892_Brunner_hero_plus_4608A_HD_XL.jpg.webp?itok=cIdUa_bi -> hero_plus_stacking_chair_4628\image_33.jpg
Starting download with Playwright: https://live-brunner.pantheonsite.io/sites/default/files/styles/sm/public/oldImages/97888_Brunner_hero_plus_4628A_Stapel_HD_XL.jpg.webp?itok=VJF2EoVd
Finished download: https://live-brunner.pantheonsite.io/sites/default/files/styles/sm/public/oldImages/97888_Brunner_hero_plus_4628A_Stapel_HD_XL.jpg.webp?itok=VJF2EoVd -> hero_plus_stacking_chair_4628\image_34.jpg
Starting download with Playwright: https://live-brunner.pantheonsite.io/sites/default/files/styles/lg/public/oldImages/97888_Brunner_hero_plus_4628A_Stapel_HD_XL.jpg.webp?itok=2_EqDkNs
Finished download: https://live-brunner.pantheonsite.io/sites/default/files/styles/lg/public/oldImages/97888_Brunner_hero_plus_4628A_Stapel_HD_XL.jpg.webp?itok=2_EqDkNs -> hero_plus_stacking_chair_4628\image_35.jpg
Starting download with Playwright: https://live-brunner.pantheonsite.io/sites/default/files/styles/original_webp/public/oldImages/97888_Brunner_hero_plus_4628A_Stapel_HD_XL.jpg.webp?itok=EbNwm14K
Finished download: https://live-brunner.pantheonsite.io/sites/default/files/styles/original_webp/public/oldImages/97888_Brunner_hero_plus_4628A_Stapel_HD_XL.jpg.webp?itok=EbNwm14K -> hero_plus_stacking_chair_4628\image_36.jpg
Starting download with Playwright: https://live-brunner.pantheonsite.io/sites/default/files/styles/sm/public/oldImages/112908_hero_plus_4608_4608_HD_XL.jpg.webp?itok=OXXvLy5H
Finished download: https://live-brunner.pantheonsite.io/sites/default/files/styles/sm/public/oldImages/112908_hero_plus_4608_4608_HD_XL.jpg.webp?itok=OXXvLy5H -> hero_plus_stacking_chair_4628\image_37.jpg
Starting download with Playwright: https://live-brunner.pantheonsite.io/sites/default/files/styles/lg/public/oldImages/112908_hero_plus_4608_4608_HD_XL.jpg.webp?itok=BWggzBRW
Finished download: https://live-brunner.pantheonsite.io/sites/default/files/styles/lg/public/oldImages/112908_hero_plus_4608_4608_HD_XL.jpg.webp?itok=BWggzBRW -> hero_plus_stacking_chair_4628\image_38.jpg
Starting download with Playwright: https://live-brunner.pantheonsite.io/sites/default/files/styles/original_webp/public/oldImages/112908_hero_plus_4608_4608_HD_XL.jpg.webp?itok=IdReoEWk
Finished download: https://live-brunner.pantheonsite.io/sites/default/files/styles/original_webp/public/oldImages/112908_hero_plus_4608_4608_HD_XL.jpg.webp?itok=IdReoEWk -> hero_plus_stacking_chair_4628\image_39.jpg
Completed image downloads for product hero_plus_stacking_chair_4628
Extracting features for product hero_plus_stacking_chair_4628...
Features saved for product hero_plus_stacking_chair_4628
Attempting to access Downloads tab for product hero_plus_stacking_chair_4628...
Starting download of PDF: https://live-brunner.pantheonsite.io/sites/default/files/oldPdfs/Produktdatenblaetter/Produktdatenblaetter_EN/Brunner_product_data_sheet_hero_plus_EN.pdf
Downloaded product_sheet.pdf for product hero_plus_stacking_chair_4628
Opening URL for product hero_plus_flex_Stacking_chair_4615: https://brunner-group.com/en/products/hero-plus-flex-stacking-chair-0/?variant=4615
Images detected on page for hero_plus_flex_Stacking_chair_4615, scrolling to load them...
Successfully opened URL for product hero_plus_flex_Stacking_chair_4615
Extracting images for product hero_plus_flex_Stacking_chair_4615...
Found 45 images for product hero_plus_flex_Stacking_chair_4615
Starting download with Playwright: https://live-brunner.pantheonsite.io/sites/default/files/styles/sm/public/oldImages/110915_Brunner_hero_plus_flex_4625_Konfiguration_Stuhl_Stuhl_HD_XL.jpg.webp?itok=SMuzXwgS
Finished download: https://live-brunner.pantheonsite.io/sites/default/files/styles/sm/public/oldImages/110915_Brunner_hero_plus_flex_4625_Konfiguration_Stuhl_Stuhl_HD_XL.jpg.webp?itok=SMuzXwgS -> hero_plus_flex_Stacking_chair_4615\image_1.jpg
Starting download with Playwright: https://live-brunner.pantheonsite.io/sites/default/files/styles/lg/public/oldImages/110915_Brunner_hero_plus_flex_4625_Konfiguration_Stuhl_Stuhl_HD_XL.jpg.webp?itok=y5bb9KL7
Finished download: https://live-brunner.pantheonsite.io/sites/default/files/styles/lg/public/oldImages/110915_Brunner_hero_plus_flex_4625_Konfiguration_Stuhl_Stuhl_HD_XL.jpg.webp?itok=y5bb9KL7 -> hero_plus_flex_Stacking_chair_4615\image_2.jpg
Starting download with Playwright: https://live-brunner.pantheonsite.io/sites/default/files/styles/original_webp/public/oldImages/110915_Brunner_hero_plus_flex_4625_Konfiguration_Stuhl_Stuhl_HD_XL.jpg.webp?itok=e2iOK-uF
Finished download: https://live-brunner.pantheonsite.io/sites/default/files/styles/original_webp/public/oldImages/110915_Brunner_hero_plus_flex_4625_Konfiguration_Stuhl_Stuhl_HD_XL.jpg.webp?itok=e2iOK-uF -> hero_plus_flex_Stacking_chair_4615\image_3.jpg
Starting download with Playwright: https://live-brunner.pantheonsite.io/sites/default/files/styles/sm/public/oldImages/110922_Brunner_hero_plus_4605_A46F_rechts_RV14_links_03_HD_XL.jpg.webp?itok=4KDiPUtD
Finished download: https://live-brunner.pantheonsite.io/sites/default/files/styles/sm/public/oldImages/110922_Brunner_hero_plus_4605_A46F_rechts_RV14_links_03_HD_XL.jpg.webp?itok=4KDiPUtD -> hero_plus_flex_Stacking_chair_4615\image_4.jpg
Starting download with Playwright: https://live-brunner.pantheonsite.io/sites/default/files/styles/lg/public/oldImages/110922_Brunner_hero_plus_4605_A46F_rechts_RV14_links_03_HD_XL.jpg.webp?itok=kKq61zFI
Finished download: https://live-brunner.pantheonsite.io/sites/default/files/styles/lg/public/oldImages/110922_Brunner_hero_plus_4605_A46F_rechts_RV14_links_03_HD_XL.jpg.webp?itok=kKq61zFI -> hero_plus_flex_Stacking_chair_4615\image_5.jpg
Starting download with Playwright: https://live-brunner.pantheonsite.io/sites/default/files/styles/original_webp/public/oldImages/110922_Brunner_hero_plus_4605_A46F_rechts_RV14_links_03_HD_XL.jpg.webp?itok=aMkRzXmJ
Finished download: https://live-brunner.pantheonsite.io/sites/default/files/styles/original_webp/public/oldImages/110922_Brunner_hero_plus_4605_A46F_rechts_RV14_links_03_HD_XL.jpg.webp?itok=aMkRzXmJ -> hero_plus_flex_Stacking_chair_4615\image_6.jpg
Starting download with Playwright: https://live-brunner.pantheonsite.io/sites/default/files/styles/sm/public/oldImages/110928_Brunner_hero_plus_flex_4625_Konfiguration_Stuhl_Armlehnstuhl_001_HD_XL.jpg.webp?itok=48uShwAQ
Finished download: https://live-brunner.pantheonsite.io/sites/default/files/styles/sm/public/oldImages/110928_Brunner_hero_plus_flex_4625_Konfiguration_Stuhl_Armlehnstuhl_001_HD_XL.jpg.webp?itok=48uShwAQ -> hero_plus_flex_Stacking_chair_4615\image_7.jpg
Starting download with Playwright: https://live-brunner.pantheonsite.io/sites/default/files/styles/lg/public/oldImages/110928_Brunner_hero_plus_flex_4625_Konfiguration_Stuhl_Armlehnstuhl_001_HD_XL.jpg.webp?itok=Mlr72Fne
Finished download: https://live-brunner.pantheonsite.io/sites/default/files/styles/lg/public/oldImages/110928_Brunner_hero_plus_flex_4625_Konfiguration_Stuhl_Armlehnstuhl_001_HD_XL.jpg.webp?itok=Mlr72Fne -> hero_plus_flex_Stacking_chair_4615\image_8.jpg
Starting download with Playwright: https://live-brunner.pantheonsite.io/sites/default/files/styles/original_webp/public/oldImages/110928_Brunner_hero_plus_flex_4625_Konfiguration_Stuhl_Armlehnstuhl_001_HD_XL.jpg.webp?itok=vkh7DL9w
Finished download: https://live-brunner.pantheonsite.io/sites/default/files/styles/original_webp/public/oldImages/110928_Brunner_hero_plus_flex_4625_Konfiguration_Stuhl_Armlehnstuhl_001_HD_XL.jpg.webp?itok=vkh7DL9w -> hero_plus_flex_Stacking_chair_4615\image_9.jpg
Starting download with Playwright: https://live-brunner.pantheonsite.io/sites/default/files/styles/sm/public/oldImages/110929_Brunner_hero_plus_flex_4625_Konfiguration_Stuhl_Armlehnstuhl_002_HD_XL.jpg.webp?itok=rqBpBwe-
Finished download: https://live-brunner.pantheonsite.io/sites/default/files/styles/sm/public/oldImages/110929_Brunner_hero_plus_flex_4625_Konfiguration_Stuhl_Armlehnstuhl_002_HD_XL.jpg.webp?itok=rqBpBwe- -> hero_plus_flex_Stacking_chair_4615\image_10.jpg
Starting download with Playwright: https://live-brunner.pantheonsite.io/sites/default/files/styles/lg/public/oldImages/110929_Brunner_hero_plus_flex_4625_Konfiguration_Stuhl_Armlehnstuhl_002_HD_XL.jpg.webp?itok=HLSUiafY
Finished download: https://live-brunner.pantheonsite.io/sites/default/files/styles/lg/public/oldImages/110929_Brunner_hero_plus_flex_4625_Konfiguration_Stuhl_Armlehnstuhl_002_HD_XL.jpg.webp?itok=HLSUiafY -> hero_plus_flex_Stacking_chair_4615\image_11.jpg
Starting download with Playwright: https://live-brunner.pantheonsite.io/sites/default/files/styles/original_webp/public/oldImages/110929_Brunner_hero_plus_flex_4625_Konfiguration_Stuhl_Armlehnstuhl_002_HD_XL.jpg.webp?itok=Pzmp3w8u
Finished download: https://live-brunner.pantheonsite.io/sites/default/files/styles/original_webp/public/oldImages/110929_Brunner_hero_plus_flex_4625_Konfiguration_Stuhl_Armlehnstuhl_002_HD_XL.jpg.webp?itok=Pzmp3w8u -> hero_plus_flex_Stacking_chair_4615\image_12.jpg
Starting download with Playwright: https://live-brunner.pantheonsite.io/sites/default/files/styles/sm/public/oldImages/110926_Brunner_hero_plus_flex_4625_Konfiguration_Armlehnstuhl_Armlehnstuhl_001_HD_XL.jpg.webp?itok=doKl2CSE
Finished download: https://live-brunner.pantheonsite.io/sites/default/files/styles/sm/public/oldImages/110926_Brunner_hero_plus_flex_4625_Konfiguration_Armlehnstuhl_Armlehnstuhl_001_HD_XL.jpg.webp?itok=doKl2CSE -> hero_plus_flex_Stacking_chair_4615\image_13.jpg
Starting download with Playwright: https://live-brunner.pantheonsite.io/sites/default/files/styles/lg/public/oldImages/110926_Brunner_hero_plus_flex_4625_Konfiguration_Armlehnstuhl_Armlehnstuhl_001_HD_XL.jpg.webp?itok=6T64baVx
Finished download: https://live-brunner.pantheonsite.io/sites/default/files/styles/lg/public/oldImages/110926_Brunner_hero_plus_flex_4625_Konfiguration_Armlehnstuhl_Armlehnstuhl_001_HD_XL.jpg.webp?itok=6T64baVx -> hero_plus_flex_Stacking_chair_4615\image_14.jpg
Starting download with Playwright: https://live-brunner.pantheonsite.io/sites/default/files/styles/original_webp/public/oldImages/110926_Brunner_hero_plus_flex_4625_Konfiguration_Armlehnstuhl_Armlehnstuhl_001_HD_XL.jpg.webp?itok=WL0UaGey
Finished download: https://live-brunner.pantheonsite.io/sites/default/files/styles/original_webp/public/oldImages/110926_Brunner_hero_plus_flex_4625_Konfiguration_Armlehnstuhl_Armlehnstuhl_001_HD_XL.jpg.webp?itok=WL0UaGey -> hero_plus_flex_Stacking_chair_4615\image_15.jpg
Starting download with Playwright: https://live-brunner.pantheonsite.io/sites/default/files/styles/sm/public/oldImages/110924_Brunner_hero_plus_4625_mit_Blindstueck_03_HD_XL.jpg.webp?itok=Hm2tMnaB
Finished download: https://live-brunner.pantheonsite.io/sites/default/files/styles/sm/public/oldImages/110924_Brunner_hero_plus_4625_mit_Blindstueck_03_HD_XL.jpg.webp?itok=Hm2tMnaB -> hero_plus_flex_Stacking_chair_4615\image_16.jpg
Starting download with Playwright: https://live-brunner.pantheonsite.io/sites/default/files/styles/lg/public/oldImages/110924_Brunner_hero_plus_4625_mit_Blindstueck_03_HD_XL.jpg.webp?itok=y-qTtQq4
Finished download: https://live-brunner.pantheonsite.io/sites/default/files/styles/lg/public/oldImages/110924_Brunner_hero_plus_4625_mit_Blindstueck_03_HD_XL.jpg.webp?itok=y-qTtQq4 -> hero_plus_flex_Stacking_chair_4615\image_17.jpg
Starting download with Playwright: https://live-brunner.pantheonsite.io/sites/default/files/styles/original_webp/public/oldImages/110924_Brunner_hero_plus_4625_mit_Blindstueck_03_HD_XL.jpg.webp?itok=AJznJW06
Finished download: https://live-brunner.pantheonsite.io/sites/default/files/styles/original_webp/public/oldImages/110924_Brunner_hero_plus_4625_mit_Blindstueck_03_HD_XL.jpg.webp?itok=AJznJW06 -> hero_plus_flex_Stacking_chair_4615\image_18.jpg
Starting download with Playwright: https://live-brunner.pantheonsite.io/sites/default/files/styles/sm/public/oldImages/110919_Brunner_hero_plus_flex_4625_Schreibtablar_ST46F_Rechtshaender_Armlehne_A46F_rechts_003_HD_XL.jpg.webp?itok=Aoc8-H6t
Finished download: https://live-brunner.pantheonsite.io/sites/default/files/styles/sm/public/oldImages/110919_Brunner_hero_plus_flex_4625_Schreibtablar_ST46F_Rechtshaender_Armlehne_A46F_rechts_003_HD_XL.jpg.webp?itok=Aoc8-H6t -> hero_plus_flex_Stacking_chair_4615\image_19.jpg
Starting download with Playwright: https://live-brunner.pantheonsite.io/sites/default/files/styles/lg/public/oldImages/110919_Brunner_hero_plus_flex_4625_Schreibtablar_ST46F_Rechtshaender_Armlehne_A46F_rechts_003_HD_XL.jpg.webp?itok=H2Pg3Tkm
Finished download: https://live-brunner.pantheonsite.io/sites/default/files/styles/lg/public/oldImages/110919_Brunner_hero_plus_flex_4625_Schreibtablar_ST46F_Rechtshaender_Armlehne_A46F_rechts_003_HD_XL.jpg.webp?itok=H2Pg3Tkm -> hero_plus_flex_Stacking_chair_4615\image_20.jpg
Starting download with Playwright: https://live-brunner.pantheonsite.io/sites/default/files/styles/original_webp/public/oldImages/110919_Brunner_hero_plus_flex_4625_Schreibtablar_ST46F_Rechtshaender_Armlehne_A46F_rechts_003_HD_XL.jpg.webp?itok=AUkg_KgW
Finished download: https://live-brunner.pantheonsite.io/sites/default/files/styles/original_webp/public/oldImages/110919_Brunner_hero_plus_flex_4625_Schreibtablar_ST46F_Rechtshaender_Armlehne_A46F_rechts_003_HD_XL.jpg.webp?itok=AUkg_KgW -> hero_plus_flex_Stacking_chair_4615\image_21.jpg
Starting download with Playwright: https://live-brunner.pantheonsite.io/sites/default/files/styles/sm/public/oldImages/110921_Brunner_hero_plus_flex_Zusatzelemente_HD_XL.jpg.webp?itok=YfQNP0oF
Finished download: https://live-brunner.pantheonsite.io/sites/default/files/styles/sm/public/oldImages/110921_Brunner_hero_plus_flex_Zusatzelemente_HD_XL.jpg.webp?itok=YfQNP0oF -> hero_plus_flex_Stacking_chair_4615\image_22.jpg
Starting download with Playwright: https://live-brunner.pantheonsite.io/sites/default/files/styles/lg/public/oldImages/110921_Brunner_hero_plus_flex_Zusatzelemente_HD_XL.jpg.webp?itok=QmGUOsSJ
Finished download: https://live-brunner.pantheonsite.io/sites/default/files/styles/lg/public/oldImages/110921_Brunner_hero_plus_flex_Zusatzelemente_HD_XL.jpg.webp?itok=QmGUOsSJ -> hero_plus_flex_Stacking_chair_4615\image_23.jpg
Starting download with Playwright: https://live-brunner.pantheonsite.io/sites/default/files/styles/original_webp/public/oldImages/110921_Brunner_hero_plus_flex_Zusatzelemente_HD_XL.jpg.webp?itok=pVAfRyGR
Finished download: https://live-brunner.pantheonsite.io/sites/default/files/styles/original_webp/public/oldImages/110921_Brunner_hero_plus_flex_Zusatzelemente_HD_XL.jpg.webp?itok=pVAfRyGR -> hero_plus_flex_Stacking_chair_4615\image_24.jpg
Starting download with Playwright: https://live-brunner.pantheonsite.io/sites/default/files/styles/sm/public/oldImages/110916_Brunner_hero_plus_flex_4625_Reihenverbindung_RV14_beidseitig_HD_XL.jpg.webp?itok=Gn7x2AyA
Finished download: https://live-brunner.pantheonsite.io/sites/default/files/styles/sm/public/oldImages/110916_Brunner_hero_plus_flex_4625_Reihenverbindung_RV14_beidseitig_HD_XL.jpg.webp?itok=Gn7x2AyA -> hero_plus_flex_Stacking_chair_4615\image_25.jpg
Starting download with Playwright: https://live-brunner.pantheonsite.io/sites/default/files/styles/lg/public/oldImages/110916_Brunner_hero_plus_flex_4625_Reihenverbindung_RV14_beidseitig_HD_XL.jpg.webp?itok=iA3pcXBr
Finished download: https://live-brunner.pantheonsite.io/sites/default/files/styles/lg/public/oldImages/110916_Brunner_hero_plus_flex_4625_Reihenverbindung_RV14_beidseitig_HD_XL.jpg.webp?itok=iA3pcXBr -> hero_plus_flex_Stacking_chair_4615\image_26.jpg
Starting download with Playwright: https://live-brunner.pantheonsite.io/sites/default/files/styles/original_webp/public/oldImages/110916_Brunner_hero_plus_flex_4625_Reihenverbindung_RV14_beidseitig_HD_XL.jpg.webp?itok=wYvx2AAF
Finished download: https://live-brunner.pantheonsite.io/sites/default/files/styles/original_webp/public/oldImages/110916_Brunner_hero_plus_flex_4625_Reihenverbindung_RV14_beidseitig_HD_XL.jpg.webp?itok=wYvx2AAF -> hero_plus_flex_Stacking_chair_4615\image_27.jpg
Starting download with Playwright: https://live-brunner.pantheonsite.io/sites/default/files/styles/sm/public/oldImages/110917_Brunner_hero_plus_flex_4625_Reihenverbindung_RV14_links_HD_XL.jpg.webp?itok=k1CiEHSU
Finished download: https://live-brunner.pantheonsite.io/sites/default/files/styles/sm/public/oldImages/110917_Brunner_hero_plus_flex_4625_Reihenverbindung_RV14_links_HD_XL.jpg.webp?itok=k1CiEHSU -> hero_plus_flex_Stacking_chair_4615\image_28.jpg
Starting download with Playwright: https://live-brunner.pantheonsite.io/sites/default/files/styles/lg/public/oldImages/110917_Brunner_hero_plus_flex_4625_Reihenverbindung_RV14_links_HD_XL.jpg.webp?itok=XcPxwgpR
Finished download: https://live-brunner.pantheonsite.io/sites/default/files/styles/lg/public/oldImages/110917_Brunner_hero_plus_flex_4625_Reihenverbindung_RV14_links_HD_XL.jpg.webp?itok=XcPxwgpR -> hero_plus_flex_Stacking_chair_4615\image_29.jpg
Starting download with Playwright: https://live-brunner.pantheonsite.io/sites/default/files/styles/original_webp/public/oldImages/110917_Brunner_hero_plus_flex_4625_Reihenverbindung_RV14_links_HD_XL.jpg.webp?itok=Cws7QBGu
Finished download: https://live-brunner.pantheonsite.io/sites/default/files/styles/original_webp/public/oldImages/110917_Brunner_hero_plus_flex_4625_Reihenverbindung_RV14_links_HD_XL.jpg.webp?itok=Cws7QBGu -> hero_plus_flex_Stacking_chair_4615\image_30.jpg
Starting download with Playwright: https://live-brunner.pantheonsite.io/sites/default/files/styles/sm/public/oldImages/110923_Brunner_hero_plus_4615_A46F_beidseitig_03_HD_XL.jpg.webp?itok=qwDkHBGg
Finished download: https://live-brunner.pantheonsite.io/sites/default/files/styles/sm/public/oldImages/110923_Brunner_hero_plus_4615_A46F_beidseitig_03_HD_XL.jpg.webp?itok=qwDkHBGg -> hero_plus_flex_Stacking_chair_4615\image_31.jpg
Starting download with Playwright: https://live-brunner.pantheonsite.io/sites/default/files/styles/lg/public/oldImages/110923_Brunner_hero_plus_4615_A46F_beidseitig_03_HD_XL.jpg.webp?itok=g0y1rY7T
Finished download: https://live-brunner.pantheonsite.io/sites/default/files/styles/lg/public/oldImages/110923_Brunner_hero_plus_4615_A46F_beidseitig_03_HD_XL.jpg.webp?itok=g0y1rY7T -> hero_plus_flex_Stacking_chair_4615\image_32.jpg
Starting download with Playwright: https://live-brunner.pantheonsite.io/sites/default/files/styles/original_webp/public/oldImages/110923_Brunner_hero_plus_4615_A46F_beidseitig_03_HD_XL.jpg.webp?itok=DHviJw_R
Finished download: https://live-brunner.pantheonsite.io/sites/default/files/styles/original_webp/public/oldImages/110923_Brunner_hero_plus_4615_A46F_beidseitig_03_HD_XL.jpg.webp?itok=DHviJw_R -> hero_plus_flex_Stacking_chair_4615\image_33.jpg
Starting download with Playwright: https://live-brunner.pantheonsite.io/sites/default/files/styles/sm/public/oldImages/110927_Brunner_hero_plus_flex_4625_Konfiguration_Armlehnstuhl-Armlehnstuhl_002_HD_XL.jpg.webp?itok=PYxcZboD
Finished download: https://live-brunner.pantheonsite.io/sites/default/files/styles/sm/public/oldImages/110927_Brunner_hero_plus_flex_4625_Konfiguration_Armlehnstuhl-Armlehnstuhl_002_HD_XL.jpg.webp?itok=PYxcZboD -> hero_plus_flex_Stacking_chair_4615\image_34.jpg
Starting download with Playwright: https://live-brunner.pantheonsite.io/sites/default/files/styles/lg/public/oldImages/110927_Brunner_hero_plus_flex_4625_Konfiguration_Armlehnstuhl-Armlehnstuhl_002_HD_XL.jpg.webp?itok=yZ9tP0Qk
Finished download: https://live-brunner.pantheonsite.io/sites/default/files/styles/lg/public/oldImages/110927_Brunner_hero_plus_flex_4625_Konfiguration_Armlehnstuhl-Armlehnstuhl_002_HD_XL.jpg.webp?itok=yZ9tP0Qk -> hero_plus_flex_Stacking_chair_4615\image_35.jpg
Starting download with Playwright: https://live-brunner.pantheonsite.io/sites/default/files/styles/original_webp/public/oldImages/110927_Brunner_hero_plus_flex_4625_Konfiguration_Armlehnstuhl-Armlehnstuhl_002_HD_XL.jpg.webp?itok=9yHOVeJX
Finished download: https://live-brunner.pantheonsite.io/sites/default/files/styles/original_webp/public/oldImages/110927_Brunner_hero_plus_flex_4625_Konfiguration_Armlehnstuhl-Armlehnstuhl_002_HD_XL.jpg.webp?itok=9yHOVeJX -> hero_plus_flex_Stacking_chair_4615\image_36.jpg
Starting download with Playwright: https://live-brunner.pantheonsite.io/sites/default/files/styles/sm/public/oldImages/110925_Brunner_hero_plus_flex_4625_Konfiguration_A46F_ST46F_Rechtshaender_002_HD_XL.jpg.webp?itok=FvcVojhj
Finished download: https://live-brunner.pantheonsite.io/sites/default/files/styles/sm/public/oldImages/110925_Brunner_hero_plus_flex_4625_Konfiguration_A46F_ST46F_Rechtshaender_002_HD_XL.jpg.webp?itok=FvcVojhj -> hero_plus_flex_Stacking_chair_4615\image_37.jpg
Starting download with Playwright: https://live-brunner.pantheonsite.io/sites/default/files/styles/lg/public/oldImages/110925_Brunner_hero_plus_flex_4625_Konfiguration_A46F_ST46F_Rechtshaender_002_HD_XL.jpg.webp?itok=h5MqvOp8
Finished download: https://live-brunner.pantheonsite.io/sites/default/files/styles/lg/public/oldImages/110925_Brunner_hero_plus_flex_4625_Konfiguration_A46F_ST46F_Rechtshaender_002_HD_XL.jpg.webp?itok=h5MqvOp8 -> hero_plus_flex_Stacking_chair_4615\image_38.jpg
Starting download with Playwright: https://live-brunner.pantheonsite.io/sites/default/files/styles/original_webp/public/oldImages/110925_Brunner_hero_plus_flex_4625_Konfiguration_A46F_ST46F_Rechtshaender_002_HD_XL.jpg.webp?itok=jZ05xCtc
Finished download: https://live-brunner.pantheonsite.io/sites/default/files/styles/original_webp/public/oldImages/110925_Brunner_hero_plus_flex_4625_Konfiguration_A46F_ST46F_Rechtshaender_002_HD_XL.jpg.webp?itok=jZ05xCtc -> hero_plus_flex_Stacking_chair_4615\image_39.jpg
Starting download with Playwright: https://live-brunner.pantheonsite.io/sites/default/files/styles/sm/public/oldImages/110918_Brunner_hero_plus_flex_4625_Reihenverbindung_RV14_rechts_HD_XL.jpg.webp?itok=0hUk2dLo
Finished download: https://live-brunner.pantheonsite.io/sites/default/files/styles/sm/public/oldImages/110918_Brunner_hero_plus_flex_4625_Reihenverbindung_RV14_rechts_HD_XL.jpg.webp?itok=0hUk2dLo -> hero_plus_flex_Stacking_chair_4615\image_40.jpg
Starting download with Playwright: https://live-brunner.pantheonsite.io/sites/default/files/styles/lg/public/oldImages/110918_Brunner_hero_plus_flex_4625_Reihenverbindung_RV14_rechts_HD_XL.jpg.webp?itok=NuQAj63K
Finished download: https://live-brunner.pantheonsite.io/sites/default/files/styles/lg/public/oldImages/110918_Brunner_hero_plus_flex_4625_Reihenverbindung_RV14_rechts_HD_XL.jpg.webp?itok=NuQAj63K -> hero_plus_flex_Stacking_chair_4615\image_41.jpg
Starting download with Playwright: https://live-brunner.pantheonsite.io/sites/default/files/styles/original_webp/public/oldImages/110918_Brunner_hero_plus_flex_4625_Reihenverbindung_RV14_rechts_HD_XL.jpg.webp?itok=1Hk-DQ4M
Finished download: https://live-brunner.pantheonsite.io/sites/default/files/styles/original_webp/public/oldImages/110918_Brunner_hero_plus_flex_4625_Reihenverbindung_RV14_rechts_HD_XL.jpg.webp?itok=1Hk-DQ4M -> hero_plus_flex_Stacking_chair_4615\image_42.jpg
Starting download with Playwright: https://live-brunner.pantheonsite.io/sites/default/files/styles/sm/public/oldImages/110920_Brunner_hero_plus_flex_Lagerwagen_1007HE_001_HD_XL.jpg.webp?itok=NvO74cq0
Finished download: https://live-brunner.pantheonsite.io/sites/default/files/styles/sm/public/oldImages/110920_Brunner_hero_plus_flex_Lagerwagen_1007HE_001_HD_XL.jpg.webp?itok=NvO74cq0 -> hero_plus_flex_Stacking_chair_4615\image_43.jpg
Starting download with Playwright: https://live-brunner.pantheonsite.io/sites/default/files/styles/lg/public/oldImages/110920_Brunner_hero_plus_flex_Lagerwagen_1007HE_001_HD_XL.jpg.webp?itok=DTO8QxBa
Finished download: https://live-brunner.pantheonsite.io/sites/default/files/styles/lg/public/oldImages/110920_Brunner_hero_plus_flex_Lagerwagen_1007HE_001_HD_XL.jpg.webp?itok=DTO8QxBa -> hero_plus_flex_Stacking_chair_4615\image_44.jpg
Starting download with Playwright: https://live-brunner.pantheonsite.io/sites/default/files/styles/original_webp/public/oldImages/110920_Brunner_hero_plus_flex_Lagerwagen_1007HE_001_HD_XL.jpg.webp?itok=ON291xLs
Finished download: https://live-brunner.pantheonsite.io/sites/default/files/styles/original_webp/public/oldImages/110920_Brunner_hero_plus_flex_Lagerwagen_1007HE_001_HD_XL.jpg.webp?itok=ON291xLs -> hero_plus_flex_Stacking_chair_4615\image_45.jpg
Completed image downloads for product hero_plus_flex_Stacking_chair_4615
Extracting features for product hero_plus_flex_Stacking_chair_4615...
Features saved for product hero_plus_flex_Stacking_chair_4615
Attempting to access Downloads tab for product hero_plus_flex_Stacking_chair_4615...
Starting download of PDF: https://live-brunner.pantheonsite.io/sites/default/files/2025-07/brunner_bedienungs_und_montageanleitung_hero_flex_plus_0.pdf
Downloaded product_sheet.pdf for product hero_plus_flex_Stacking_chair_4615
Opening URL for product hoc_Lounge_furniture_9146: https://brunner-group.com/en/products/hoc-lounge-furniture/?variant=9146
Images detected on page for hoc_Lounge_furniture_9146, scrolling to load them...
Successfully opened URL for product hoc_Lounge_furniture_9146
Extracting images for product hoc_Lounge_furniture_9146...
Found 15 images for product hoc_Lounge_furniture_9146
Starting download with Playwright: https://live-brunner.pantheonsite.io/sites/default/files/styles/sm/public/oldImages/28618_hoc_9146_XL.jpg.webp?itok=gbVxORGp
Finished download: https://live-brunner.pantheonsite.io/sites/default/files/styles/sm/public/oldImages/28618_hoc_9146_XL.jpg.webp?itok=gbVxORGp -> hoc_Lounge_furniture_9146\image_1.jpg
Starting download with Playwright: https://live-brunner.pantheonsite.io/sites/default/files/styles/lg/public/oldImages/28618_hoc_9146_XL.jpg.webp?itok=x3Q9nGv1
Finished download: https://live-brunner.pantheonsite.io/sites/default/files/styles/lg/public/oldImages/28618_hoc_9146_XL.jpg.webp?itok=x3Q9nGv1 -> hoc_Lounge_furniture_9146\image_2.jpg
Starting download with Playwright: https://live-brunner.pantheonsite.io/sites/default/files/styles/original_webp/public/oldImages/28618_hoc_9146_XL.jpg.webp?itok=ZqBuTUfb
Finished download: https://live-brunner.pantheonsite.io/sites/default/files/styles/original_webp/public/oldImages/28618_hoc_9146_XL.jpg.webp?itok=ZqBuTUfb -> hoc_Lounge_furniture_9146\image_3.jpg
Starting download with Playwright: https://live-brunner.pantheonsite.io/sites/default/files/styles/sm/public/oldImages/26521_hoc_9146_XL.jpg.webp?itok=BvFNSDxb
Finished download: https://live-brunner.pantheonsite.io/sites/default/files/styles/sm/public/oldImages/26521_hoc_9146_XL.jpg.webp?itok=BvFNSDxb -> hoc_Lounge_furniture_9146\image_4.jpg
Starting download with Playwright: https://live-brunner.pantheonsite.io/sites/default/files/styles/lg/public/oldImages/26521_hoc_9146_XL.jpg.webp?itok=GRVzUg5Y
Finished download: https://live-brunner.pantheonsite.io/sites/default/files/styles/lg/public/oldImages/26521_hoc_9146_XL.jpg.webp?itok=GRVzUg5Y -> hoc_Lounge_furniture_9146\image_5.jpg
Starting download with Playwright: https://live-brunner.pantheonsite.io/sites/default/files/styles/original_webp/public/oldImages/26521_hoc_9146_XL.jpg.webp?itok=aSfUKJn6
Finished download: https://live-brunner.pantheonsite.io/sites/default/files/styles/original_webp/public/oldImages/26521_hoc_9146_XL.jpg.webp?itok=aSfUKJn6 -> hoc_Lounge_furniture_9146\image_6.jpg
Starting download with Playwright: https://live-brunner.pantheonsite.io/sites/default/files/styles/sm/public/oldImages/28616_hoc_9181_3_9101_9146_XL.jpg.webp?itok=jfFbuPQ9
Finished download: https://live-brunner.pantheonsite.io/sites/default/files/styles/sm/public/oldImages/28616_hoc_9181_3_9101_9146_XL.jpg.webp?itok=jfFbuPQ9 -> hoc_Lounge_furniture_9146\image_7.jpg
Starting download with Playwright: https://live-brunner.pantheonsite.io/sites/default/files/styles/lg/public/oldImages/28616_hoc_9181_3_9101_9146_XL.jpg.webp?itok=_MAIfhRK
Finished download: https://live-brunner.pantheonsite.io/sites/default/files/styles/lg/public/oldImages/28616_hoc_9181_3_9101_9146_XL.jpg.webp?itok=_MAIfhRK -> hoc_Lounge_furniture_9146\image_8.jpg
Starting download with Playwright: https://live-brunner.pantheonsite.io/sites/default/files/styles/original_webp/public/oldImages/28616_hoc_9181_3_9101_9146_XL.jpg.webp?itok=xFfEIVvU
Finished download: https://live-brunner.pantheonsite.io/sites/default/files/styles/original_webp/public/oldImages/28616_hoc_9181_3_9101_9146_XL.jpg.webp?itok=xFfEIVvU -> hoc_Lounge_furniture_9146\image_9.jpg
Starting download with Playwright: https://live-brunner.pantheonsite.io/sites/default/files/styles/sm/public/oldImages/96719_Brunner_hoc_loungehocker_9146_1920x1080_XL.jpg.webp?itok=cyPW-UFI
Finished download: https://live-brunner.pantheonsite.io/sites/default/files/styles/sm/public/oldImages/96719_Brunner_hoc_loungehocker_9146_1920x1080_XL.jpg.webp?itok=cyPW-UFI -> hoc_Lounge_furniture_9146\image_10.jpg
Starting download with Playwright: https://live-brunner.pantheonsite.io/sites/default/files/styles/lg/public/oldImages/96719_Brunner_hoc_loungehocker_9146_1920x1080_XL.jpg.webp?itok=6CnNcqO0
Finished download: https://live-brunner.pantheonsite.io/sites/default/files/styles/lg/public/oldImages/96719_Brunner_hoc_loungehocker_9146_1920x1080_XL.jpg.webp?itok=6CnNcqO0 -> hoc_Lounge_furniture_9146\image_11.jpg
Starting download with Playwright: https://live-brunner.pantheonsite.io/sites/default/files/styles/original_webp/public/oldImages/96719_Brunner_hoc_loungehocker_9146_1920x1080_XL.jpg.webp?itok=RMmWiI9N
Finished download: https://live-brunner.pantheonsite.io/sites/default/files/styles/original_webp/public/oldImages/96719_Brunner_hoc_loungehocker_9146_1920x1080_XL.jpg.webp?itok=RMmWiI9N -> hoc_Lounge_furniture_9146\image_12.jpg
Starting download with Playwright: https://live-brunner.pantheonsite.io/sites/default/files/styles/sm/public/oldImages/26519_hoc_9146_XL.jpg.webp?itok=5WT5Kb-5
Finished download: https://live-brunner.pantheonsite.io/sites/default/files/styles/sm/public/oldImages/26519_hoc_9146_XL.jpg.webp?itok=5WT5Kb-5 -> hoc_Lounge_furniture_9146\image_13.jpg
Starting download with Playwright: https://live-brunner.pantheonsite.io/sites/default/files/styles/lg/public/oldImages/26519_hoc_9146_XL.jpg.webp?itok=GjBJx7qh
Finished download: https://live-brunner.pantheonsite.io/sites/default/files/styles/lg/public/oldImages/26519_hoc_9146_XL.jpg.webp?itok=GjBJx7qh -> hoc_Lounge_furniture_9146\image_14.jpg
Starting download with Playwright: https://live-brunner.pantheonsite.io/sites/default/files/styles/original_webp/public/oldImages/26519_hoc_9146_XL.jpg.webp?itok=Q1m3ntqk
Finished download: https://live-brunner.pantheonsite.io/sites/default/files/styles/original_webp/public/oldImages/26519_hoc_9146_XL.jpg.webp?itok=Q1m3ntqk -> hoc_Lounge_furniture_9146\image_15.jpg
Completed image downloads for product hoc_Lounge_furniture_9146
Extracting features for product hoc_Lounge_furniture_9146...
Features saved for product hoc_Lounge_furniture_9146
Attempting to access Downloads tab for product hoc_Lounge_furniture_9146...
Starting download of PDF: https://live-brunner.pantheonsite.io/sites/default/files/oldPdfs/https%3A//www.brunner-group.comProduktdatenblaetter/Produktdatenblaetter_EN/Brunner_product_data_sheet_hoc_EN.pdf
[PDF Download] Failed for product hoc_Lounge_furniture_9146: HTTP status 404
Opening URL for product hoc_Seating_9149: https://brunner-group.com/en/products/hoc-seating-0/?variant=9149
Images detected on page for hoc_Seating_9149, scrolling to load them...
Successfully opened URL for product hoc_Seating_9149
Extracting images for product hoc_Seating_9149...
Found 18 images for product hoc_Seating_9149
Starting download with Playwright: https://live-brunner.pantheonsite.io/sites/default/files/styles/sm/public/oldImages/9932_hoc_9101_HPL_XL.jpg.webp?itok=jdwoKvpe
Finished download: https://live-brunner.pantheonsite.io/sites/default/files/styles/sm/public/oldImages/9932_hoc_9101_HPL_XL.jpg.webp?itok=jdwoKvpe -> hoc_Seating_9149\image_1.jpg
Starting download with Playwright: https://live-brunner.pantheonsite.io/sites/default/files/styles/lg/public/oldImages/9932_hoc_9101_HPL_XL.jpg.webp?itok=4-ZUlDNd
Finished download: https://live-brunner.pantheonsite.io/sites/default/files/styles/lg/public/oldImages/9932_hoc_9101_HPL_XL.jpg.webp?itok=4-ZUlDNd -> hoc_Seating_9149\image_2.jpg
Starting download with Playwright: https://live-brunner.pantheonsite.io/sites/default/files/styles/original_webp/public/oldImages/9932_hoc_9101_HPL_XL.jpg.webp?itok=y-cumfIK
Finished download: https://live-brunner.pantheonsite.io/sites/default/files/styles/original_webp/public/oldImages/9932_hoc_9101_HPL_XL.jpg.webp?itok=y-cumfIK -> hoc_Seating_9149\image_3.jpg
Starting download with Playwright: https://live-brunner.pantheonsite.io/sites/default/files/styles/sm/public/oldImages/26842_Brunner_UniBibliothekFreiburg_StefanMarquardt_0334_XL.jpg.webp?itok=rmPIB8t7
Finished download: https://live-brunner.pantheonsite.io/sites/default/files/styles/sm/public/oldImages/26842_Brunner_UniBibliothekFreiburg_StefanMarquardt_0334_XL.jpg.webp?itok=rmPIB8t7 -> hoc_Seating_9149\image_4.jpg
Starting download with Playwright: https://live-brunner.pantheonsite.io/sites/default/files/styles/lg/public/oldImages/26842_Brunner_UniBibliothekFreiburg_StefanMarquardt_0334_XL.jpg.webp?itok=uRMaPTB5
Finished download: https://live-brunner.pantheonsite.io/sites/default/files/styles/lg/public/oldImages/26842_Brunner_UniBibliothekFreiburg_StefanMarquardt_0334_XL.jpg.webp?itok=uRMaPTB5 -> hoc_Seating_9149\image_5.jpg
Starting download with Playwright: https://live-brunner.pantheonsite.io/sites/default/files/styles/original_webp/public/oldImages/26842_Brunner_UniBibliothekFreiburg_StefanMarquardt_0334_XL.jpg.webp?itok=DUIdEU9e
Finished download: https://live-brunner.pantheonsite.io/sites/default/files/styles/original_webp/public/oldImages/26842_Brunner_UniBibliothekFreiburg_StefanMarquardt_0334_XL.jpg.webp?itok=DUIdEU9e -> hoc_Seating_9149\image_6.jpg
Starting download with Playwright: https://live-brunner.pantheonsite.io/sites/default/files/styles/sm/public/oldImages/9925_hoc_9149_petrol_XL.jpg.webp?itok=2NiN_U3Y
Finished download: https://live-brunner.pantheonsite.io/sites/default/files/styles/sm/public/oldImages/9925_hoc_9149_petrol_XL.jpg.webp?itok=2NiN_U3Y -> hoc_Seating_9149\image_7.jpg
Starting download with Playwright: https://live-brunner.pantheonsite.io/sites/default/files/styles/lg/public/oldImages/9925_hoc_9149_petrol_XL.jpg.webp?itok=0aWa3Hr8
Finished download: https://live-brunner.pantheonsite.io/sites/default/files/styles/lg/public/oldImages/9925_hoc_9149_petrol_XL.jpg.webp?itok=0aWa3Hr8 -> hoc_Seating_9149\image_8.jpg
Starting download with Playwright: https://live-brunner.pantheonsite.io/sites/default/files/styles/original_webp/public/oldImages/9925_hoc_9149_petrol_XL.jpg.webp?itok=cc21oDZo
Finished download: https://live-brunner.pantheonsite.io/sites/default/files/styles/original_webp/public/oldImages/9925_hoc_9149_petrol_XL.jpg.webp?itok=cc21oDZo -> hoc_Seating_9149\image_9.jpg
Starting download with Playwright: https://live-brunner.pantheonsite.io/sites/default/files/styles/sm/public/oldImages/33631_hoc_9101_9149_XL.jpg.webp?itok=zckgzo7V
Finished download: https://live-brunner.pantheonsite.io/sites/default/files/styles/sm/public/oldImages/33631_hoc_9101_9149_XL.jpg.webp?itok=zckgzo7V -> hoc_Seating_9149\image_10.jpg
Starting download with Playwright: https://live-brunner.pantheonsite.io/sites/default/files/styles/lg/public/oldImages/33631_hoc_9101_9149_XL.jpg.webp?itok=ZoiWXSOo
Finished download: https://live-brunner.pantheonsite.io/sites/default/files/styles/lg/public/oldImages/33631_hoc_9101_9149_XL.jpg.webp?itok=ZoiWXSOo -> hoc_Seating_9149\image_11.jpg
Starting download with Playwright: https://live-brunner.pantheonsite.io/sites/default/files/styles/original_webp/public/oldImages/33631_hoc_9101_9149_XL.jpg.webp?itok=W_YCwcCu
Finished download: https://live-brunner.pantheonsite.io/sites/default/files/styles/original_webp/public/oldImages/33631_hoc_9101_9149_XL.jpg.webp?itok=W_YCwcCu -> hoc_Seating_9149\image_12.jpg
Starting download with Playwright: https://live-brunner.pantheonsite.io/sites/default/files/styles/sm/public/oldImages/26888_Brunner_UniBibliothekFreiburg_Stefan_Marquardt_5886_XL.jpg.webp?itok=HB8Vb--9
Finished download: https://live-brunner.pantheonsite.io/sites/default/files/styles/sm/public/oldImages/26888_Brunner_UniBibliothekFreiburg_Stefan_Marquardt_5886_XL.jpg.webp?itok=HB8Vb--9 -> hoc_Seating_9149\image_13.jpg
Starting download with Playwright: https://live-brunner.pantheonsite.io/sites/default/files/styles/lg/public/oldImages/26888_Brunner_UniBibliothekFreiburg_Stefan_Marquardt_5886_XL.jpg.webp?itok=bW36FvMJ
Finished download: https://live-brunner.pantheonsite.io/sites/default/files/styles/lg/public/oldImages/26888_Brunner_UniBibliothekFreiburg_Stefan_Marquardt_5886_XL.jpg.webp?itok=bW36FvMJ -> hoc_Seating_9149\image_14.jpg
Starting download with Playwright: https://live-brunner.pantheonsite.io/sites/default/files/styles/original_webp/public/oldImages/26888_Brunner_UniBibliothekFreiburg_Stefan_Marquardt_5886_XL.jpg.webp?itok=vzJcXyCu
Finished download: https://live-brunner.pantheonsite.io/sites/default/files/styles/original_webp/public/oldImages/26888_Brunner_UniBibliothekFreiburg_Stefan_Marquardt_5886_XL.jpg.webp?itok=vzJcXyCu -> hoc_Seating_9149\image_15.jpg
Starting download with Playwright: https://live-brunner.pantheonsite.io/sites/default/files/styles/sm/public/oldImages/94875_Brunner_Basler_Versicherungen_2020_Gfeller_12_XL.jpg.webp?itok=Od3ocTJt
Finished download: https://live-brunner.pantheonsite.io/sites/default/files/styles/sm/public/oldImages/94875_Brunner_Basler_Versicherungen_2020_Gfeller_12_XL.jpg.webp?itok=Od3ocTJt -> hoc_Seating_9149\image_16.jpg
Starting download with Playwright: https://live-brunner.pantheonsite.io/sites/default/files/styles/lg/public/oldImages/94875_Brunner_Basler_Versicherungen_2020_Gfeller_12_XL.jpg.webp?itok=NaZvfBSh
Finished download: https://live-brunner.pantheonsite.io/sites/default/files/styles/lg/public/oldImages/94875_Brunner_Basler_Versicherungen_2020_Gfeller_12_XL.jpg.webp?itok=NaZvfBSh -> hoc_Seating_9149\image_17.jpg
Starting download with Playwright: https://live-brunner.pantheonsite.io/sites/default/files/styles/original_webp/public/oldImages/94875_Brunner_Basler_Versicherungen_2020_Gfeller_12_XL.jpg.webp?itok=thzl2E3d
Finished download: https://live-brunner.pantheonsite.io/sites/default/files/styles/original_webp/public/oldImages/94875_Brunner_Basler_Versicherungen_2020_Gfeller_12_XL.jpg.webp?itok=thzl2E3d -> hoc_Seating_9149\image_18.jpg
Completed image downloads for product hoc_Seating_9149
Extracting features for product hoc_Seating_9149...
Features saved for product hoc_Seating_9149
Attempting to access Downloads tab for product hoc_Seating_9149...
Starting download of PDF: https://live-brunner.pantheonsite.io/sites/default/files/oldPdfs/https%3A//www.brunner-group.comProduktdatenblaetter/Produktdatenblaetter_EN/Brunner_product_data_sheet_hoc_EN.pdf
[PDF Download] Failed for product hoc_Seating_9149: HTTP status 404
Opening URL for product hoc_seating_9142: https://brunner-group.com/en/products/hoc-seating/?variant=9142
Images detected on page for hoc_seating_9142, scrolling to load them...
Successfully opened URL for product hoc_seating_9142
Extracting images for product hoc_seating_9142...
Found 3 images for product hoc_seating_9142
Starting download with Playwright: https://live-brunner.pantheonsite.io/sites/default/files/styles/sm/public/oldImages/62761_hoc_9101_XL.jpg.webp?itok=UrK_sklT
Finished download: https://live-brunner.pantheonsite.io/sites/default/files/styles/sm/public/oldImages/62761_hoc_9101_XL.jpg.webp?itok=UrK_sklT -> hoc_seating_9142\image_1.jpg
Starting download with Playwright: https://live-brunner.pantheonsite.io/sites/default/files/styles/lg/public/oldImages/62761_hoc_9101_XL.jpg.webp?itok=Hh0mkkMZ
Finished download: https://live-brunner.pantheonsite.io/sites/default/files/styles/lg/public/oldImages/62761_hoc_9101_XL.jpg.webp?itok=Hh0mkkMZ -> hoc_seating_9142\image_2.jpg
Starting download with Playwright: https://live-brunner.pantheonsite.io/sites/default/files/styles/original_webp/public/oldImages/62761_hoc_9101_XL.jpg.webp?itok=kL72CHkQ
Finished download: https://live-brunner.pantheonsite.io/sites/default/files/styles/original_webp/public/oldImages/62761_hoc_9101_XL.jpg.webp?itok=kL72CHkQ -> hoc_seating_9142\image_3.jpg
Completed image downloads for product hoc_seating_9142
Extracting features for product hoc_seating_9142...
Features saved for product hoc_seating_9142
Attempting to access Downloads tab for product hoc_seating_9142...
Starting download of PDF: https://live-brunner.pantheonsite.io/sites/default/files/oldPdfs/https%3A//www.brunner-group.comProduktdatenblaetter/Produktdatenblaetter_EN/Brunner_product_data_sheet_hoc_EN.pdf
[PDF Download] Failed for product hoc_seating_9142: HTTP status 404
Opening URL for product invite_Upholstered_chair_5922: https://brunner-group.com/en/products/invite-upholstered-chair/?variant=5922
Images detected on page for invite_Upholstered_chair_5922, scrolling to load them...
Successfully opened URL for product invite_Upholstered_chair_5922
Extracting images for product invite_Upholstered_chair_5922...
Found 36 images for product invite_Upholstered_chair_5922
Starting download with Playwright: https://live-brunner.pantheonsite.io/sites/default/files/styles/sm/public/oldImages/115753_Brunner_wave_3560_invite_5924_HD_XL.jpg.webp?itok=Nptb7vR4
Finished download: https://live-brunner.pantheonsite.io/sites/default/files/styles/sm/public/oldImages/115753_Brunner_wave_3560_invite_5924_HD_XL.jpg.webp?itok=Nptb7vR4 -> invite_Upholstered_chair_5922\image_1.jpg
Starting download with Playwright: https://live-brunner.pantheonsite.io/sites/default/files/styles/lg/public/oldImages/115753_Brunner_wave_3560_invite_5924_HD_XL.jpg.webp?itok=JFjxNdBU
Finished download: https://live-brunner.pantheonsite.io/sites/default/files/styles/lg/public/oldImages/115753_Brunner_wave_3560_invite_5924_HD_XL.jpg.webp?itok=JFjxNdBU -> invite_Upholstered_chair_5922\image_2.jpg
Starting download with Playwright: https://live-brunner.pantheonsite.io/sites/default/files/styles/original_webp/public/oldImages/115753_Brunner_wave_3560_invite_5924_HD_XL.jpg.webp?itok=JvcyXLrI
Finished download: https://live-brunner.pantheonsite.io/sites/default/files/styles/original_webp/public/oldImages/115753_Brunner_wave_3560_invite_5924_HD_XL.jpg.webp?itok=JvcyXLrI -> invite_Upholstered_chair_5922\image_3.jpg
Starting download with Playwright: https://live-brunner.pantheonsite.io/sites/default/files/styles/sm/public/oldImages/114739_Brunner_fina_club_6871_invite_5922_pads_sofa_1410_HD_XL.jpg.webp?itok=po5i0W3O
Finished download: https://live-brunner.pantheonsite.io/sites/default/files/styles/sm/public/oldImages/114739_Brunner_fina_club_6871_invite_5922_pads_sofa_1410_HD_XL.jpg.webp?itok=po5i0W3O -> invite_Upholstered_chair_5922\image_4.jpg
Starting download with Playwright: https://live-brunner.pantheonsite.io/sites/default/files/styles/lg/public/oldImages/114739_Brunner_fina_club_6871_invite_5922_pads_sofa_1410_HD_XL.jpg.webp?itok=ChhdMufI
Finished download: https://live-brunner.pantheonsite.io/sites/default/files/styles/lg/public/oldImages/114739_Brunner_fina_club_6871_invite_5922_pads_sofa_1410_HD_XL.jpg.webp?itok=ChhdMufI -> invite_Upholstered_chair_5922\image_5.jpg
Starting download with Playwright: https://live-brunner.pantheonsite.io/sites/default/files/styles/original_webp/public/oldImages/114739_Brunner_fina_club_6871_invite_5922_pads_sofa_1410_HD_XL.jpg.webp?itok=SdYsgWv9
Finished download: https://live-brunner.pantheonsite.io/sites/default/files/styles/original_webp/public/oldImages/114739_Brunner_fina_club_6871_invite_5922_pads_sofa_1410_HD_XL.jpg.webp?itok=SdYsgWv9 -> invite_Upholstered_chair_5922\image_6.jpg
Starting download with Playwright: https://live-brunner.pantheonsite.io/sites/default/files/styles/sm/public/oldImages/110941_Brunner_invite_5924_03_HD_XL.jpg.webp?itok=kP1bTK-E
Finished download: https://live-brunner.pantheonsite.io/sites/default/files/styles/sm/public/oldImages/110941_Brunner_invite_5924_03_HD_XL.jpg.webp?itok=kP1bTK-E -> invite_Upholstered_chair_5922\image_7.jpg
Starting download with Playwright: https://live-brunner.pantheonsite.io/sites/default/files/styles/lg/public/oldImages/110941_Brunner_invite_5924_03_HD_XL.jpg.webp?itok=OfY6IiQP
Finished download: https://live-brunner.pantheonsite.io/sites/default/files/styles/lg/public/oldImages/110941_Brunner_invite_5924_03_HD_XL.jpg.webp?itok=OfY6IiQP -> invite_Upholstered_chair_5922\image_8.jpg
Starting download with Playwright: https://live-brunner.pantheonsite.io/sites/default/files/styles/original_webp/public/oldImages/110941_Brunner_invite_5924_03_HD_XL.jpg.webp?itok=xgNyP-XO
Finished download: https://live-brunner.pantheonsite.io/sites/default/files/styles/original_webp/public/oldImages/110941_Brunner_invite_5924_03_HD_XL.jpg.webp?itok=xgNyP-XO -> invite_Upholstered_chair_5922\image_9.jpg
Starting download with Playwright: https://live-brunner.pantheonsite.io/sites/default/files/styles/sm/public/oldImages/110943_Brunner_invite_5922_Rueckansicht_03_HD_XL.jpg.webp?itok=Z83hneFT
Finished download: https://live-brunner.pantheonsite.io/sites/default/files/styles/sm/public/oldImages/110943_Brunner_invite_5922_Rueckansicht_03_HD_XL.jpg.webp?itok=Z83hneFT -> invite_Upholstered_chair_5922\image_10.jpg
Starting download with Playwright: https://live-brunner.pantheonsite.io/sites/default/files/styles/lg/public/oldImages/110943_Brunner_invite_5922_Rueckansicht_03_HD_XL.jpg.webp?itok=AFE8TlwW
Finished download: https://live-brunner.pantheonsite.io/sites/default/files/styles/lg/public/oldImages/110943_Brunner_invite_5922_Rueckansicht_03_HD_XL.jpg.webp?itok=AFE8TlwW -> invite_Upholstered_chair_5922\image_11.jpg
Starting download with Playwright: https://live-brunner.pantheonsite.io/sites/default/files/styles/original_webp/public/oldImages/110943_Brunner_invite_5922_Rueckansicht_03_HD_XL.jpg.webp?itok=OKS4WzJq
Finished download: https://live-brunner.pantheonsite.io/sites/default/files/styles/original_webp/public/oldImages/110943_Brunner_invite_5922_Rueckansicht_03_HD_XL.jpg.webp?itok=OKS4WzJq -> invite_Upholstered_chair_5922\image_12.jpg
Starting download with Playwright: https://live-brunner.pantheonsite.io/sites/default/files/styles/sm/public/oldImages/110697_Brunner_invite_5924_ray_table_9314_HD_XL.jpg.webp?itok=kA6bVqIv
Finished download: https://live-brunner.pantheonsite.io/sites/default/files/styles/sm/public/oldImages/110697_Brunner_invite_5924_ray_table_9314_HD_XL.jpg.webp?itok=kA6bVqIv -> invite_Upholstered_chair_5922\image_13.jpg
Starting download with Playwright: https://live-brunner.pantheonsite.io/sites/default/files/styles/lg/public/oldImages/110697_Brunner_invite_5924_ray_table_9314_HD_XL.jpg.webp?itok=cUL9VazD
Finished download: https://live-brunner.pantheonsite.io/sites/default/files/styles/lg/public/oldImages/110697_Brunner_invite_5924_ray_table_9314_HD_XL.jpg.webp?itok=cUL9VazD -> invite_Upholstered_chair_5922\image_14.jpg
Starting download with Playwright: https://live-brunner.pantheonsite.io/sites/default/files/styles/original_webp/public/oldImages/110697_Brunner_invite_5924_ray_table_9314_HD_XL.jpg.webp?itok=vMQXWrSk
Finished download: https://live-brunner.pantheonsite.io/sites/default/files/styles/original_webp/public/oldImages/110697_Brunner_invite_5924_ray_table_9314_HD_XL.jpg.webp?itok=vMQXWrSk -> invite_Upholstered_chair_5922\image_15.jpg
Starting download with Playwright: https://live-brunner.pantheonsite.io/sites/default/files/styles/sm/public/oldImages/115752_Brunner_wave_3560_invite_5924_Detail_HD_XL.jpg.webp?itok=Pmia7Mlw
Finished download: https://live-brunner.pantheonsite.io/sites/default/files/styles/sm/public/oldImages/115752_Brunner_wave_3560_invite_5924_Detail_HD_XL.jpg.webp?itok=Pmia7Mlw -> invite_Upholstered_chair_5922\image_16.jpg
Starting download with Playwright: https://live-brunner.pantheonsite.io/sites/default/files/styles/lg/public/oldImages/115752_Brunner_wave_3560_invite_5924_Detail_HD_XL.jpg.webp?itok=6DT1yC0r
Finished download: https://live-brunner.pantheonsite.io/sites/default/files/styles/lg/public/oldImages/115752_Brunner_wave_3560_invite_5924_Detail_HD_XL.jpg.webp?itok=6DT1yC0r -> invite_Upholstered_chair_5922\image_17.jpg
Starting download with Playwright: https://live-brunner.pantheonsite.io/sites/default/files/styles/original_webp/public/oldImages/115752_Brunner_wave_3560_invite_5924_Detail_HD_XL.jpg.webp?itok=28LBQ6lE
Finished download: https://live-brunner.pantheonsite.io/sites/default/files/styles/original_webp/public/oldImages/115752_Brunner_wave_3560_invite_5924_Detail_HD_XL.jpg.webp?itok=28LBQ6lE -> invite_Upholstered_chair_5922\image_18.jpg
Starting download with Playwright: https://live-brunner.pantheonsite.io/sites/default/files/styles/sm/public/oldImages/110695_Brunner_invite_5922_ray_table_9312_HD_XL.jpg.webp?itok=oBhIskZt
Finished download: https://live-brunner.pantheonsite.io/sites/default/files/styles/sm/public/oldImages/110695_Brunner_invite_5922_ray_table_9312_HD_XL.jpg.webp?itok=oBhIskZt -> invite_Upholstered_chair_5922\image_19.jpg
Starting download with Playwright: https://live-brunner.pantheonsite.io/sites/default/files/styles/lg/public/oldImages/110695_Brunner_invite_5922_ray_table_9312_HD_XL.jpg.webp?itok=XSch_MY3
Finished download: https://live-brunner.pantheonsite.io/sites/default/files/styles/lg/public/oldImages/110695_Brunner_invite_5922_ray_table_9312_HD_XL.jpg.webp?itok=XSch_MY3 -> invite_Upholstered_chair_5922\image_20.jpg
Starting download with Playwright: https://live-brunner.pantheonsite.io/sites/default/files/styles/original_webp/public/oldImages/110695_Brunner_invite_5922_ray_table_9312_HD_XL.jpg.webp?itok=IeW6zeGD
Finished download: https://live-brunner.pantheonsite.io/sites/default/files/styles/original_webp/public/oldImages/110695_Brunner_invite_5922_ray_table_9312_HD_XL.jpg.webp?itok=IeW6zeGD -> invite_Upholstered_chair_5922\image_21.jpg
Starting download with Playwright: https://live-brunner.pantheonsite.io/sites/default/files/styles/sm/public/oldImages/112750_Brunner_Thumbnail_Design_News_Snippets_invite_XL.jpg.webp?itok=nqk2nUx3
Finished download: https://live-brunner.pantheonsite.io/sites/default/files/styles/sm/public/oldImages/112750_Brunner_Thumbnail_Design_News_Snippets_invite_XL.jpg.webp?itok=nqk2nUx3 -> invite_Upholstered_chair_5922\image_22.jpg
Starting download with Playwright: https://live-brunner.pantheonsite.io/sites/default/files/styles/lg/public/oldImages/112750_Brunner_Thumbnail_Design_News_Snippets_invite_XL.jpg.webp?itok=b1jFMZRT
Finished download: https://live-brunner.pantheonsite.io/sites/default/files/styles/lg/public/oldImages/112750_Brunner_Thumbnail_Design_News_Snippets_invite_XL.jpg.webp?itok=b1jFMZRT -> invite_Upholstered_chair_5922\image_23.jpg
Starting download with Playwright: https://live-brunner.pantheonsite.io/sites/default/files/styles/original_webp/public/oldImages/112750_Brunner_Thumbnail_Design_News_Snippets_invite_XL.jpg.webp?itok=rpFyNFue
Finished download: https://live-brunner.pantheonsite.io/sites/default/files/styles/original_webp/public/oldImages/112750_Brunner_Thumbnail_Design_News_Snippets_invite_XL.jpg.webp?itok=rpFyNFue -> invite_Upholstered_chair_5922\image_24.jpg
Starting download with Playwright: https://live-brunner.pantheonsite.io/sites/default/files/styles/sm/public/oldImages/110942_Brunner_invite_5922_03_HD_XL.jpg.webp?itok=tJUJwxIA
Finished download: https://live-brunner.pantheonsite.io/sites/default/files/styles/sm/public/oldImages/110942_Brunner_invite_5922_03_HD_XL.jpg.webp?itok=tJUJwxIA -> invite_Upholstered_chair_5922\image_25.jpg
Starting download with Playwright: https://live-brunner.pantheonsite.io/sites/default/files/styles/lg/public/oldImages/110942_Brunner_invite_5922_03_HD_XL.jpg.webp?itok=QDbGq5py
Finished download: https://live-brunner.pantheonsite.io/sites/default/files/styles/lg/public/oldImages/110942_Brunner_invite_5922_03_HD_XL.jpg.webp?itok=QDbGq5py -> invite_Upholstered_chair_5922\image_26.jpg
Starting download with Playwright: https://live-brunner.pantheonsite.io/sites/default/files/styles/original_webp/public/oldImages/110942_Brunner_invite_5922_03_HD_XL.jpg.webp?itok=VS0csepm
Finished download: https://live-brunner.pantheonsite.io/sites/default/files/styles/original_webp/public/oldImages/110942_Brunner_invite_5922_03_HD_XL.jpg.webp?itok=VS0csepm -> invite_Upholstered_chair_5922\image_27.jpg
Starting download with Playwright: https://live-brunner.pantheonsite.io/sites/default/files/styles/sm/public/oldImages/110696_Brunner_invite_5924_HD_XL.jpg.webp?itok=sRGZL2NT
Finished download: https://live-brunner.pantheonsite.io/sites/default/files/styles/sm/public/oldImages/110696_Brunner_invite_5924_HD_XL.jpg.webp?itok=sRGZL2NT -> invite_Upholstered_chair_5922\image_28.jpg
Starting download with Playwright: https://live-brunner.pantheonsite.io/sites/default/files/styles/lg/public/oldImages/110696_Brunner_invite_5924_HD_XL.jpg.webp?itok=P9hzf_zg
Finished download: https://live-brunner.pantheonsite.io/sites/default/files/styles/lg/public/oldImages/110696_Brunner_invite_5924_HD_XL.jpg.webp?itok=P9hzf_zg -> invite_Upholstered_chair_5922\image_29.jpg
Starting download with Playwright: https://live-brunner.pantheonsite.io/sites/default/files/styles/original_webp/public/oldImages/110696_Brunner_invite_5924_HD_XL.jpg.webp?itok=-GobprZ2
Finished download: https://live-brunner.pantheonsite.io/sites/default/files/styles/original_webp/public/oldImages/110696_Brunner_invite_5924_HD_XL.jpg.webp?itok=-GobprZ2 -> invite_Upholstered_chair_5922\image_30.jpg
Starting download with Playwright: https://live-brunner.pantheonsite.io/sites/default/files/styles/sm/public/oldImages/114741_Brunner_fina_club_6871_invite_5922_hoc_9149_HD_XL.jpg.webp?itok=AtQPNGNM
Finished download: https://live-brunner.pantheonsite.io/sites/default/files/styles/sm/public/oldImages/114741_Brunner_fina_club_6871_invite_5922_hoc_9149_HD_XL.jpg.webp?itok=AtQPNGNM -> invite_Upholstered_chair_5922\image_31.jpg
Starting download with Playwright: https://live-brunner.pantheonsite.io/sites/default/files/styles/lg/public/oldImages/114741_Brunner_fina_club_6871_invite_5922_hoc_9149_HD_XL.jpg.webp?itok=ECl9_Qb3
Finished download: https://live-brunner.pantheonsite.io/sites/default/files/styles/lg/public/oldImages/114741_Brunner_fina_club_6871_invite_5922_hoc_9149_HD_XL.jpg.webp?itok=ECl9_Qb3 -> invite_Upholstered_chair_5922\image_32.jpg
Starting download with Playwright: https://live-brunner.pantheonsite.io/sites/default/files/styles/original_webp/public/oldImages/114741_Brunner_fina_club_6871_invite_5922_hoc_9149_HD_XL.jpg.webp?itok=vg1ijKGj
Finished download: https://live-brunner.pantheonsite.io/sites/default/files/styles/original_webp/public/oldImages/114741_Brunner_fina_club_6871_invite_5922_hoc_9149_HD_XL.jpg.webp?itok=vg1ijKGj -> invite_Upholstered_chair_5922\image_33.jpg
Starting download with Playwright: https://live-brunner.pantheonsite.io/sites/default/files/styles/sm/public/oldImages/114754_Brunner_Orgatec_2024_Messestand_033_HD_XL.jpg.webp?itok=DGOfwpa7
Finished download: https://live-brunner.pantheonsite.io/sites/default/files/styles/sm/public/oldImages/114754_Brunner_Orgatec_2024_Messestand_033_HD_XL.jpg.webp?itok=DGOfwpa7 -> invite_Upholstered_chair_5922\image_34.jpg
Starting download with Playwright: https://live-brunner.pantheonsite.io/sites/default/files/styles/lg/public/oldImages/114754_Brunner_Orgatec_2024_Messestand_033_HD_XL.jpg.webp?itok=spxk_tCX
Finished download: https://live-brunner.pantheonsite.io/sites/default/files/styles/lg/public/oldImages/114754_Brunner_Orgatec_2024_Messestand_033_HD_XL.jpg.webp?itok=spxk_tCX -> invite_Upholstered_chair_5922\image_35.jpg
Starting download with Playwright: https://live-brunner.pantheonsite.io/sites/default/files/styles/original_webp/public/oldImages/114754_Brunner_Orgatec_2024_Messestand_033_HD_XL.jpg.webp?itok=FL5dVi0y
Finished download: https://live-brunner.pantheonsite.io/sites/default/files/styles/original_webp/public/oldImages/114754_Brunner_Orgatec_2024_Messestand_033_HD_XL.jpg.webp?itok=FL5dVi0y -> invite_Upholstered_chair_5922\image_36.jpg
Completed image downloads for product invite_Upholstered_chair_5922
Extracting features for product invite_Upholstered_chair_5922...
Features saved for product invite_Upholstered_chair_5922
Attempting to access Downloads tab for product invite_Upholstered_chair_5922...
Starting download of PDF: https://live-brunner.pantheonsite.io/sites/default/files/oldPdfs/Produktdatenblaetter/Produktdatenblaetter_EN/Brunner_product_data_sheet_invite_EN.pdf
Downloaded product_sheet.pdf for product invite_Upholstered_chair_5922
Opening URL for product jump_stacking_chair_412: https://brunner-group.com/en/products/jump-stacking-chair/?variant=412
Images detected on page for jump_stacking_chair_412, scrolling to load them...
Successfully opened URL for product jump_stacking_chair_412
Extracting images for product jump_stacking_chair_412...
Found 24 images for product jump_stacking_chair_412
Starting download with Playwright: https://live-brunner.pantheonsite.io/sites/default/files/styles/sm/public/oldImages/131_jump_412A_sleight_2245_XL.jpg.webp?itok=brnqiOtW
Finished download: https://live-brunner.pantheonsite.io/sites/default/files/styles/sm/public/oldImages/131_jump_412A_sleight_2245_XL.jpg.webp?itok=brnqiOtW -> jump_stacking_chair_412\image_1.jpg
Starting download with Playwright: https://live-brunner.pantheonsite.io/sites/default/files/styles/lg/public/oldImages/131_jump_412A_sleight_2245_XL.jpg.webp?itok=A2KzjyAD
Finished download: https://live-brunner.pantheonsite.io/sites/default/files/styles/lg/public/oldImages/131_jump_412A_sleight_2245_XL.jpg.webp?itok=A2KzjyAD -> jump_stacking_chair_412\image_2.jpg
Starting download with Playwright: https://live-brunner.pantheonsite.io/sites/default/files/styles/original_webp/public/oldImages/131_jump_412A_sleight_2245_XL.jpg.webp?itok=LWXERNfw
Finished download: https://live-brunner.pantheonsite.io/sites/default/files/styles/original_webp/public/oldImages/131_jump_412A_sleight_2245_XL.jpg.webp?itok=LWXERNfw -> jump_stacking_chair_412\image_3.jpg
Starting download with Playwright: https://live-brunner.pantheonsite.io/sites/default/files/styles/sm/public/oldImages/97865_Brunner_jump_412A_HD_XL.jpg.webp?itok=vqoNNi9A
Finished download: https://live-brunner.pantheonsite.io/sites/default/files/styles/sm/public/oldImages/97865_Brunner_jump_412A_HD_XL.jpg.webp?itok=vqoNNi9A -> jump_stacking_chair_412\image_4.jpg
Starting download with Playwright: https://live-brunner.pantheonsite.io/sites/default/files/styles/lg/public/oldImages/97865_Brunner_jump_412A_HD_XL.jpg.webp?itok=MYUpgqZd
Finished download: https://live-brunner.pantheonsite.io/sites/default/files/styles/lg/public/oldImages/97865_Brunner_jump_412A_HD_XL.jpg.webp?itok=MYUpgqZd -> jump_stacking_chair_412\image_5.jpg
Starting download with Playwright: https://live-brunner.pantheonsite.io/sites/default/files/styles/original_webp/public/oldImages/97865_Brunner_jump_412A_HD_XL.jpg.webp?itok=v7gHsB4h
Finished download: https://live-brunner.pantheonsite.io/sites/default/files/styles/original_webp/public/oldImages/97865_Brunner_jump_412A_HD_XL.jpg.webp?itok=v7gHsB4h -> jump_stacking_chair_412\image_6.jpg
Starting download with Playwright: https://live-brunner.pantheonsite.io/sites/default/files/styles/sm/public/oldImages/97863_Brunner_sleight_2245_jump_412A_HD_XL.jpg.webp?itok=8D4VIuph
Finished download: https://live-brunner.pantheonsite.io/sites/default/files/styles/sm/public/oldImages/97863_Brunner_sleight_2245_jump_412A_HD_XL.jpg.webp?itok=8D4VIuph -> jump_stacking_chair_412\image_7.jpg
Starting download with Playwright: https://live-brunner.pantheonsite.io/sites/default/files/styles/lg/public/oldImages/97863_Brunner_sleight_2245_jump_412A_HD_XL.jpg.webp?itok=mUwlFgbu
Finished download: https://live-brunner.pantheonsite.io/sites/default/files/styles/lg/public/oldImages/97863_Brunner_sleight_2245_jump_412A_HD_XL.jpg.webp?itok=mUwlFgbu -> jump_stacking_chair_412\image_8.jpg
Starting download with Playwright: https://live-brunner.pantheonsite.io/sites/default/files/styles/original_webp/public/oldImages/97863_Brunner_sleight_2245_jump_412A_HD_XL.jpg.webp?itok=jKSlhq3G
Finished download: https://live-brunner.pantheonsite.io/sites/default/files/styles/original_webp/public/oldImages/97863_Brunner_sleight_2245_jump_412A_HD_XL.jpg.webp?itok=jKSlhq3G -> jump_stacking_chair_412\image_9.jpg
Starting download with Playwright: https://live-brunner.pantheonsite.io/sites/default/files/styles/sm/public/oldImages/97867_Brunner_jump_457A_HD_XL.jpg.webp?itok=bolT_Z0m
Finished download: https://live-brunner.pantheonsite.io/sites/default/files/styles/sm/public/oldImages/97867_Brunner_jump_457A_HD_XL.jpg.webp?itok=bolT_Z0m -> jump_stacking_chair_412\image_10.jpg
Starting download with Playwright: https://live-brunner.pantheonsite.io/sites/default/files/styles/lg/public/oldImages/97867_Brunner_jump_457A_HD_XL.jpg.webp?itok=cgDsEvuT
Finished download: https://live-brunner.pantheonsite.io/sites/default/files/styles/lg/public/oldImages/97867_Brunner_jump_457A_HD_XL.jpg.webp?itok=cgDsEvuT -> jump_stacking_chair_412\image_11.jpg
Starting download with Playwright: https://live-brunner.pantheonsite.io/sites/default/files/styles/original_webp/public/oldImages/97867_Brunner_jump_457A_HD_XL.jpg.webp?itok=PenDIUmC
Finished download: https://live-brunner.pantheonsite.io/sites/default/files/styles/original_webp/public/oldImages/97867_Brunner_jump_457A_HD_XL.jpg.webp?itok=PenDIUmC -> jump_stacking_chair_412\image_12.jpg
Starting download with Playwright: https://live-brunner.pantheonsite.io/sites/default/files/styles/sm/public/oldImages/97862_Brunner_jump_412A_trust_2247_HD_XL.jpg.webp?itok=Zqsp0nt7
Finished download: https://live-brunner.pantheonsite.io/sites/default/files/styles/sm/public/oldImages/97862_Brunner_jump_412A_trust_2247_HD_XL.jpg.webp?itok=Zqsp0nt7 -> jump_stacking_chair_412\image_13.jpg
Starting download with Playwright: https://live-brunner.pantheonsite.io/sites/default/files/styles/lg/public/oldImages/97862_Brunner_jump_412A_trust_2247_HD_XL.jpg.webp?itok=T3buqhfP
Finished download: https://live-brunner.pantheonsite.io/sites/default/files/styles/lg/public/oldImages/97862_Brunner_jump_412A_trust_2247_HD_XL.jpg.webp?itok=T3buqhfP -> jump_stacking_chair_412\image_14.jpg
Starting download with Playwright: https://live-brunner.pantheonsite.io/sites/default/files/styles/original_webp/public/oldImages/97862_Brunner_jump_412A_trust_2247_HD_XL.jpg.webp?itok=9ib8FGA0
Finished download: https://live-brunner.pantheonsite.io/sites/default/files/styles/original_webp/public/oldImages/97862_Brunner_jump_412A_trust_2247_HD_XL.jpg.webp?itok=9ib8FGA0 -> jump_stacking_chair_412\image_15.jpg
Starting download with Playwright: https://live-brunner.pantheonsite.io/sites/default/files/styles/sm/public/oldImages/21730_Brunner_Rehabilitationszentrum_St_Radegund_Walter_Luttemberger_jumpXXL_XL.jpg.webp?itok=IbcXxmjC
Finished download: https://live-brunner.pantheonsite.io/sites/default/files/styles/sm/public/oldImages/21730_Brunner_Rehabilitationszentrum_St_Radegund_Walter_Luttemberger_jumpXXL_XL.jpg.webp?itok=IbcXxmjC -> jump_stacking_chair_412\image_16.jpg
Starting download with Playwright: https://live-brunner.pantheonsite.io/sites/default/files/styles/lg/public/oldImages/21730_Brunner_Rehabilitationszentrum_St_Radegund_Walter_Luttemberger_jumpXXL_XL.jpg.webp?itok=HJ4X4IjG
Finished download: https://live-brunner.pantheonsite.io/sites/default/files/styles/lg/public/oldImages/21730_Brunner_Rehabilitationszentrum_St_Radegund_Walter_Luttemberger_jumpXXL_XL.jpg.webp?itok=HJ4X4IjG -> jump_stacking_chair_412\image_17.jpg
Starting download with Playwright: https://live-brunner.pantheonsite.io/sites/default/files/styles/original_webp/public/oldImages/21730_Brunner_Rehabilitationszentrum_St_Radegund_Walter_Luttemberger_jumpXXL_XL.jpg.webp?itok=C6xfImGn
Finished download: https://live-brunner.pantheonsite.io/sites/default/files/styles/original_webp/public/oldImages/21730_Brunner_Rehabilitationszentrum_St_Radegund_Walter_Luttemberger_jumpXXL_XL.jpg.webp?itok=C6xfImGn -> jump_stacking_chair_412\image_18.jpg
Starting download with Playwright: https://live-brunner.pantheonsite.io/sites/default/files/styles/sm/public/oldImages/97864_Brunner_jump_402_Stuhlwaagen_1004_HD_XL.jpg.webp?itok=hV5bk_hS
Finished download: https://live-brunner.pantheonsite.io/sites/default/files/styles/sm/public/oldImages/97864_Brunner_jump_402_Stuhlwaagen_1004_HD_XL.jpg.webp?itok=hV5bk_hS -> jump_stacking_chair_412\image_19.jpg
Starting download with Playwright: https://live-brunner.pantheonsite.io/sites/default/files/styles/lg/public/oldImages/97864_Brunner_jump_402_Stuhlwaagen_1004_HD_XL.jpg.webp?itok=BkbamW_J
Finished download: https://live-brunner.pantheonsite.io/sites/default/files/styles/lg/public/oldImages/97864_Brunner_jump_402_Stuhlwaagen_1004_HD_XL.jpg.webp?itok=BkbamW_J -> jump_stacking_chair_412\image_20.jpg
Starting download with Playwright: https://live-brunner.pantheonsite.io/sites/default/files/styles/original_webp/public/oldImages/97864_Brunner_jump_402_Stuhlwaagen_1004_HD_XL.jpg.webp?itok=4Nsy3S_9
Finished download: https://live-brunner.pantheonsite.io/sites/default/files/styles/original_webp/public/oldImages/97864_Brunner_jump_402_Stuhlwaagen_1004_HD_XL.jpg.webp?itok=4Nsy3S_9 -> jump_stacking_chair_412\image_21.jpg
Starting download with Playwright: https://live-brunner.pantheonsite.io/sites/default/files/styles/sm/public/oldImages/97866_Brunner_jump_412A_sleight_ultralight_2244_HD_XL.jpg.webp?itok=n1mVo2ke
Finished download: https://live-brunner.pantheonsite.io/sites/default/files/styles/sm/public/oldImages/97866_Brunner_jump_412A_sleight_ultralight_2244_HD_XL.jpg.webp?itok=n1mVo2ke -> jump_stacking_chair_412\image_22.jpg
Starting download with Playwright: https://live-brunner.pantheonsite.io/sites/default/files/styles/lg/public/oldImages/97866_Brunner_jump_412A_sleight_ultralight_2244_HD_XL.jpg.webp?itok=x302yfSU
Finished download: https://live-brunner.pantheonsite.io/sites/default/files/styles/lg/public/oldImages/97866_Brunner_jump_412A_sleight_ultralight_2244_HD_XL.jpg.webp?itok=x302yfSU -> jump_stacking_chair_412\image_23.jpg
Starting download with Playwright: https://live-brunner.pantheonsite.io/sites/default/files/styles/original_webp/public/oldImages/97866_Brunner_jump_412A_sleight_ultralight_2244_HD_XL.jpg.webp?itok=-Ky9OjdD
Finished download: https://live-brunner.pantheonsite.io/sites/default/files/styles/original_webp/public/oldImages/97866_Brunner_jump_412A_sleight_ultralight_2244_HD_XL.jpg.webp?itok=-Ky9OjdD -> jump_stacking_chair_412\image_24.jpg
Completed image downloads for product jump_stacking_chair_412
Extracting features for product jump_stacking_chair_412...
Features saved for product jump_stacking_chair_412
Attempting to access Downloads tab for product jump_stacking_chair_412...
Starting download of PDF: https://live-brunner.pantheonsite.io/sites/default/files/oldPdfs/Produktdatenblaetter/Produktdatenblaetter_EN/jump_Brunner_product_data_sheet_EN.pdf
Downloaded product_sheet.pdf for product jump_stacking_chair_412
Opening URL for product linos_Stacking_chair_plastic_1206: https://brunner-group.com/en/products/linos-stacking-chair-plastic/?variant=1206
Images detected on page for linos_Stacking_chair_plastic_1206, scrolling to load them...
Successfully opened URL for product linos_Stacking_chair_plastic_1206
Extracting images for product linos_Stacking_chair_plastic_1206...
Found 15 images for product linos_Stacking_chair_plastic_1206
Starting download with Playwright: https://live-brunner.pantheonsite.io/sites/default/files/styles/sm/public/oldImages/97809_Brunner_linos_1206_Gruppe_HD_XL.jpg.webp?itok=QwCTcMmw
Finished download: https://live-brunner.pantheonsite.io/sites/default/files/styles/sm/public/oldImages/97809_Brunner_linos_1206_Gruppe_HD_XL.jpg.webp?itok=QwCTcMmw -> linos_Stacking_chair_plastic_1206\image_1.jpg
Starting download with Playwright: https://live-brunner.pantheonsite.io/sites/default/files/styles/lg/public/oldImages/97809_Brunner_linos_1206_Gruppe_HD_XL.jpg.webp?itok=83WR0fpD
Finished download: https://live-brunner.pantheonsite.io/sites/default/files/styles/lg/public/oldImages/97809_Brunner_linos_1206_Gruppe_HD_XL.jpg.webp?itok=83WR0fpD -> linos_Stacking_chair_plastic_1206\image_2.jpg
Starting download with Playwright: https://live-brunner.pantheonsite.io/sites/default/files/styles/original_webp/public/oldImages/97809_Brunner_linos_1206_Gruppe_HD_XL.jpg.webp?itok=u4vLdPTg
Finished download: https://live-brunner.pantheonsite.io/sites/default/files/styles/original_webp/public/oldImages/97809_Brunner_linos_1206_Gruppe_HD_XL.jpg.webp?itok=u4vLdPTg -> linos_Stacking_chair_plastic_1206\image_3.jpg
Starting download with Playwright: https://live-brunner.pantheonsite.io/sites/default/files/styles/sm/public/oldImages/112951_Brunner_Musikschule_Ventspils_Adam_Mork_01_HD_XL.jpg.webp?itok=37VmfIuf
Finished download: https://live-brunner.pantheonsite.io/sites/default/files/styles/sm/public/oldImages/112951_Brunner_Musikschule_Ventspils_Adam_Mork_01_HD_XL.jpg.webp?itok=37VmfIuf -> linos_Stacking_chair_plastic_1206\image_4.jpg
Starting download with Playwright: https://live-brunner.pantheonsite.io/sites/default/files/styles/lg/public/oldImages/112951_Brunner_Musikschule_Ventspils_Adam_Mork_01_HD_XL.jpg.webp?itok=HWuwCBUM
Finished download: https://live-brunner.pantheonsite.io/sites/default/files/styles/lg/public/oldImages/112951_Brunner_Musikschule_Ventspils_Adam_Mork_01_HD_XL.jpg.webp?itok=HWuwCBUM -> linos_Stacking_chair_plastic_1206\image_5.jpg
Starting download with Playwright: https://live-brunner.pantheonsite.io/sites/default/files/styles/original_webp/public/oldImages/112951_Brunner_Musikschule_Ventspils_Adam_Mork_01_HD_XL.jpg.webp?itok=jUcJsblI
Finished download: https://live-brunner.pantheonsite.io/sites/default/files/styles/original_webp/public/oldImages/112951_Brunner_Musikschule_Ventspils_Adam_Mork_01_HD_XL.jpg.webp?itok=jUcJsblI -> linos_Stacking_chair_plastic_1206\image_6.jpg
Starting download with Playwright: https://live-brunner.pantheonsite.io/sites/default/files/styles/sm/public/oldImages/112949_Brunner_Zimmer_linos_1206_3040_HD_XL.jpg.webp?itok=F-FE-9aq
Finished download: https://live-brunner.pantheonsite.io/sites/default/files/styles/sm/public/oldImages/112949_Brunner_Zimmer_linos_1206_3040_HD_XL.jpg.webp?itok=F-FE-9aq -> linos_Stacking_chair_plastic_1206\image_7.jpg
Starting download with Playwright: https://live-brunner.pantheonsite.io/sites/default/files/styles/lg/public/oldImages/112949_Brunner_Zimmer_linos_1206_3040_HD_XL.jpg.webp?itok=PJFf_13U
Finished download: https://live-brunner.pantheonsite.io/sites/default/files/styles/lg/public/oldImages/112949_Brunner_Zimmer_linos_1206_3040_HD_XL.jpg.webp?itok=PJFf_13U -> linos_Stacking_chair_plastic_1206\image_8.jpg
Starting download with Playwright: https://live-brunner.pantheonsite.io/sites/default/files/styles/original_webp/public/oldImages/112949_Brunner_Zimmer_linos_1206_3040_HD_XL.jpg.webp?itok=Tgheqj7u
Finished download: https://live-brunner.pantheonsite.io/sites/default/files/styles/original_webp/public/oldImages/112949_Brunner_Zimmer_linos_1206_3040_HD_XL.jpg.webp?itok=Tgheqj7u -> linos_Stacking_chair_plastic_1206\image_9.jpg
Starting download with Playwright: https://live-brunner.pantheonsite.io/sites/default/files/styles/sm/public/oldImages/112948_linos_1206_HD_XL.jpg.webp?itok=xBgtxr8C
Finished download: https://live-brunner.pantheonsite.io/sites/default/files/styles/sm/public/oldImages/112948_linos_1206_HD_XL.jpg.webp?itok=xBgtxr8C -> linos_Stacking_chair_plastic_1206\image_10.jpg
Starting download with Playwright: https://live-brunner.pantheonsite.io/sites/default/files/styles/lg/public/oldImages/112948_linos_1206_HD_XL.jpg.webp?itok=3-00Cj3y
Finished download: https://live-brunner.pantheonsite.io/sites/default/files/styles/lg/public/oldImages/112948_linos_1206_HD_XL.jpg.webp?itok=3-00Cj3y -> linos_Stacking_chair_plastic_1206\image_11.jpg
Starting download with Playwright: https://live-brunner.pantheonsite.io/sites/default/files/styles/original_webp/public/oldImages/112948_linos_1206_HD_XL.jpg.webp?itok=ZWt_J0bQ
Finished download: https://live-brunner.pantheonsite.io/sites/default/files/styles/original_webp/public/oldImages/112948_linos_1206_HD_XL.jpg.webp?itok=ZWt_J0bQ -> linos_Stacking_chair_plastic_1206\image_12.jpg
Starting download with Playwright: https://live-brunner.pantheonsite.io/sites/default/files/styles/sm/public/oldImages/112950_Brunner_Musikschule_Ventspils_Adam_Mork_02_HD_XL.jpg.webp?itok=lcqFTcZV
Finished download: https://live-brunner.pantheonsite.io/sites/default/files/styles/sm/public/oldImages/112950_Brunner_Musikschule_Ventspils_Adam_Mork_02_HD_XL.jpg.webp?itok=lcqFTcZV -> linos_Stacking_chair_plastic_1206\image_13.jpg
Starting download with Playwright: https://live-brunner.pantheonsite.io/sites/default/files/styles/lg/public/oldImages/112950_Brunner_Musikschule_Ventspils_Adam_Mork_02_HD_XL.jpg.webp?itok=1uNcKRGU
Finished download: https://live-brunner.pantheonsite.io/sites/default/files/styles/lg/public/oldImages/112950_Brunner_Musikschule_Ventspils_Adam_Mork_02_HD_XL.jpg.webp?itok=1uNcKRGU -> linos_Stacking_chair_plastic_1206\image_14.jpg
Starting download with Playwright: https://live-brunner.pantheonsite.io/sites/default/files/styles/original_webp/public/oldImages/112950_Brunner_Musikschule_Ventspils_Adam_Mork_02_HD_XL.jpg.webp?itok=1IcVx4Jn
Finished download: https://live-brunner.pantheonsite.io/sites/default/files/styles/original_webp/public/oldImages/112950_Brunner_Musikschule_Ventspils_Adam_Mork_02_HD_XL.jpg.webp?itok=1IcVx4Jn -> linos_Stacking_chair_plastic_1206\image_15.jpg
Completed image downloads for product linos_Stacking_chair_plastic_1206
Extracting features for product linos_Stacking_chair_plastic_1206...
Features saved for product linos_Stacking_chair_plastic_1206
Attempting to access Downloads tab for product linos_Stacking_chair_plastic_1206...
Starting download of PDF: https://live-brunner.pantheonsite.io/sites/default/files/oldPdfs/Produktdatenblaetter/Produktdatenblaetter_EN/linos_Brunner_product_data_sheet_EN.pdf%20
[PDF Download] Failed for product linos_Stacking_chair_plastic_1206: HTTP status 404
Opening URL for product linos_stacking_chair_wood_1224: https://brunner-group.com/en/products/linos-stacking-chair-wood/?variant=1224
Images detected on page for linos_stacking_chair_wood_1224, scrolling to load them...
Successfully opened URL for product linos_stacking_chair_wood_1224
Extracting images for product linos_stacking_chair_wood_1224...
Found 39 images for product linos_stacking_chair_wood_1224
Starting download with Playwright: https://live-brunner.pantheonsite.io/sites/default/files/styles/sm/public/oldImages/97817_Brunner_linos_1222A_Detail_HD_XL.jpg.webp?itok=_NZB4n7f
Finished download: https://live-brunner.pantheonsite.io/sites/default/files/styles/sm/public/oldImages/97817_Brunner_linos_1222A_Detail_HD_XL.jpg.webp?itok=_NZB4n7f -> linos_stacking_chair_wood_1224\image_1.jpg
Starting download with Playwright: https://live-brunner.pantheonsite.io/sites/default/files/styles/lg/public/oldImages/97817_Brunner_linos_1222A_Detail_HD_XL.jpg.webp?itok=DjOd_--K
Finished download: https://live-brunner.pantheonsite.io/sites/default/files/styles/lg/public/oldImages/97817_Brunner_linos_1222A_Detail_HD_XL.jpg.webp?itok=DjOd_--K -> linos_stacking_chair_wood_1224\image_2.jpg
Starting download with Playwright: https://live-brunner.pantheonsite.io/sites/default/files/styles/original_webp/public/oldImages/97817_Brunner_linos_1222A_Detail_HD_XL.jpg.webp?itok=JixQ5M8P
Finished download: https://live-brunner.pantheonsite.io/sites/default/files/styles/original_webp/public/oldImages/97817_Brunner_linos_1222A_Detail_HD_XL.jpg.webp?itok=JixQ5M8P -> linos_stacking_chair_wood_1224\image_3.jpg
Starting download with Playwright: https://live-brunner.pantheonsite.io/sites/default/files/styles/sm/public/oldImages/97810_Brunner_linos_1224_Stapel_Reihe_HD_XL.jpg.webp?itok=5nD-k9Ph
Finished download: https://live-brunner.pantheonsite.io/sites/default/files/styles/sm/public/oldImages/97810_Brunner_linos_1224_Stapel_Reihe_HD_XL.jpg.webp?itok=5nD-k9Ph -> linos_stacking_chair_wood_1224\image_4.jpg
Starting download with Playwright: https://live-brunner.pantheonsite.io/sites/default/files/styles/lg/public/oldImages/97810_Brunner_linos_1224_Stapel_Reihe_HD_XL.jpg.webp?itok=iNe_tflw
Finished download: https://live-brunner.pantheonsite.io/sites/default/files/styles/lg/public/oldImages/97810_Brunner_linos_1224_Stapel_Reihe_HD_XL.jpg.webp?itok=iNe_tflw -> linos_stacking_chair_wood_1224\image_5.jpg
Starting download with Playwright: https://live-brunner.pantheonsite.io/sites/default/files/styles/original_webp/public/oldImages/97810_Brunner_linos_1224_Stapel_Reihe_HD_XL.jpg.webp?itok=Texu2OIx
Finished download: https://live-brunner.pantheonsite.io/sites/default/files/styles/original_webp/public/oldImages/97810_Brunner_linos_1224_Stapel_Reihe_HD_XL.jpg.webp?itok=Texu2OIx -> linos_stacking_chair_wood_1224\image_6.jpg
Starting download with Playwright: https://live-brunner.pantheonsite.io/sites/default/files/styles/sm/public/oldImages/97815_Brunner_linos_1224A_Reihenverbindung_HD_XL.jpg.webp?itok=HdTbcWiZ
Finished download: https://live-brunner.pantheonsite.io/sites/default/files/styles/sm/public/oldImages/97815_Brunner_linos_1224A_Reihenverbindung_HD_XL.jpg.webp?itok=HdTbcWiZ -> linos_stacking_chair_wood_1224\image_7.jpg
Starting download with Playwright: https://live-brunner.pantheonsite.io/sites/default/files/styles/lg/public/oldImages/97815_Brunner_linos_1224A_Reihenverbindung_HD_XL.jpg.webp?itok=Q0xt4INk
Finished download: https://live-brunner.pantheonsite.io/sites/default/files/styles/lg/public/oldImages/97815_Brunner_linos_1224A_Reihenverbindung_HD_XL.jpg.webp?itok=Q0xt4INk -> linos_stacking_chair_wood_1224\image_8.jpg
Starting download with Playwright: https://live-brunner.pantheonsite.io/sites/default/files/styles/original_webp/public/oldImages/97815_Brunner_linos_1224A_Reihenverbindung_HD_XL.jpg.webp?itok=hfaK-rAx
Finished download: https://live-brunner.pantheonsite.io/sites/default/files/styles/original_webp/public/oldImages/97815_Brunner_linos_1224A_Reihenverbindung_HD_XL.jpg.webp?itok=hfaK-rAx -> linos_stacking_chair_wood_1224\image_9.jpg
Starting download with Playwright: https://live-brunner.pantheonsite.io/sites/default/files/styles/sm/public/oldImages/112940_linos_Reihennummer_RN16_HD_XL.jpg.webp?itok=EtDZWz-9
Finished download: https://live-brunner.pantheonsite.io/sites/default/files/styles/sm/public/oldImages/112940_linos_Reihennummer_RN16_HD_XL.jpg.webp?itok=EtDZWz-9 -> linos_stacking_chair_wood_1224\image_10.jpg
Starting download with Playwright: https://live-brunner.pantheonsite.io/sites/default/files/styles/lg/public/oldImages/112940_linos_Reihennummer_RN16_HD_XL.jpg.webp?itok=ZGYC8YSd
Finished download: https://live-brunner.pantheonsite.io/sites/default/files/styles/lg/public/oldImages/112940_linos_Reihennummer_RN16_HD_XL.jpg.webp?itok=ZGYC8YSd -> linos_stacking_chair_wood_1224\image_11.jpg
Starting download with Playwright: https://live-brunner.pantheonsite.io/sites/default/files/styles/original_webp/public/oldImages/112940_linos_Reihennummer_RN16_HD_XL.jpg.webp?itok=Zic-aoJv
Finished download: https://live-brunner.pantheonsite.io/sites/default/files/styles/original_webp/public/oldImages/112940_linos_Reihennummer_RN16_HD_XL.jpg.webp?itok=Zic-aoJv -> linos_stacking_chair_wood_1224\image_12.jpg
Starting download with Playwright: https://live-brunner.pantheonsite.io/sites/default/files/styles/sm/public/oldImages/97811_Brunner_linos_1224A_Stapelplatte_HD_XL.jpg.webp?itok=1GLbqDQ8
Finished download: https://live-brunner.pantheonsite.io/sites/default/files/styles/sm/public/oldImages/97811_Brunner_linos_1224A_Stapelplatte_HD_XL.jpg.webp?itok=1GLbqDQ8 -> linos_stacking_chair_wood_1224\image_13.jpg
Starting download with Playwright: https://live-brunner.pantheonsite.io/sites/default/files/styles/lg/public/oldImages/97811_Brunner_linos_1224A_Stapelplatte_HD_XL.jpg.webp?itok=XFWVI4rs
Finished download: https://live-brunner.pantheonsite.io/sites/default/files/styles/lg/public/oldImages/97811_Brunner_linos_1224A_Stapelplatte_HD_XL.jpg.webp?itok=XFWVI4rs -> linos_stacking_chair_wood_1224\image_14.jpg
Starting download with Playwright: https://live-brunner.pantheonsite.io/sites/default/files/styles/original_webp/public/oldImages/97811_Brunner_linos_1224A_Stapelplatte_HD_XL.jpg.webp?itok=b7Hr6JC2
Finished download: https://live-brunner.pantheonsite.io/sites/default/files/styles/original_webp/public/oldImages/97811_Brunner_linos_1224A_Stapelplatte_HD_XL.jpg.webp?itok=b7Hr6JC2 -> linos_stacking_chair_wood_1224\image_15.jpg
Starting download with Playwright: https://live-brunner.pantheonsite.io/sites/default/files/styles/sm/public/oldImages/112944_linos_1204A_Eiche_HD_XL.jpg.webp?itok=1Fo9s-jZ
Finished download: https://live-brunner.pantheonsite.io/sites/default/files/styles/sm/public/oldImages/112944_linos_1204A_Eiche_HD_XL.jpg.webp?itok=1Fo9s-jZ -> linos_stacking_chair_wood_1224\image_16.jpg
Starting download with Playwright: https://live-brunner.pantheonsite.io/sites/default/files/styles/lg/public/oldImages/112944_linos_1204A_Eiche_HD_XL.jpg.webp?itok=5ayiXMvV
Finished download: https://live-brunner.pantheonsite.io/sites/default/files/styles/lg/public/oldImages/112944_linos_1204A_Eiche_HD_XL.jpg.webp?itok=5ayiXMvV -> linos_stacking_chair_wood_1224\image_17.jpg
Starting download with Playwright: https://live-brunner.pantheonsite.io/sites/default/files/styles/original_webp/public/oldImages/112944_linos_1204A_Eiche_HD_XL.jpg.webp?itok=Gjjm4sC8
Finished download: https://live-brunner.pantheonsite.io/sites/default/files/styles/original_webp/public/oldImages/112944_linos_1204A_Eiche_HD_XL.jpg.webp?itok=Gjjm4sC8 -> linos_stacking_chair_wood_1224\image_18.jpg
Starting download with Playwright: https://live-brunner.pantheonsite.io/sites/default/files/styles/sm/public/oldImages/112941_Brunner_linos_1224_Reihe_HD_XL.jpg.webp?itok=GTxrqrH0
Finished download: https://live-brunner.pantheonsite.io/sites/default/files/styles/sm/public/oldImages/112941_Brunner_linos_1224_Reihe_HD_XL.jpg.webp?itok=GTxrqrH0 -> linos_stacking_chair_wood_1224\image_19.jpg
Starting download with Playwright: https://live-brunner.pantheonsite.io/sites/default/files/styles/lg/public/oldImages/112941_Brunner_linos_1224_Reihe_HD_XL.jpg.webp?itok=TVgORQiL
Finished download: https://live-brunner.pantheonsite.io/sites/default/files/styles/lg/public/oldImages/112941_Brunner_linos_1224_Reihe_HD_XL.jpg.webp?itok=TVgORQiL -> linos_stacking_chair_wood_1224\image_20.jpg
Starting download with Playwright: https://live-brunner.pantheonsite.io/sites/default/files/styles/original_webp/public/oldImages/112941_Brunner_linos_1224_Reihe_HD_XL.jpg.webp?itok=N58W85IX
Finished download: https://live-brunner.pantheonsite.io/sites/default/files/styles/original_webp/public/oldImages/112941_Brunner_linos_1224_Reihe_HD_XL.jpg.webp?itok=N58W85IX -> linos_stacking_chair_wood_1224\image_21.jpg
Starting download with Playwright: https://live-brunner.pantheonsite.io/sites/default/files/styles/sm/public/oldImages/112946_Brunner_Kreistag_Ludwigslust-Parchim_J%C3%B6rn_Lehmann%20_01_XL.jpg.webp?itok=08C05IOO
Finished download: https://live-brunner.pantheonsite.io/sites/default/files/styles/sm/public/oldImages/112946_Brunner_Kreistag_Ludwigslust-Parchim_J%C3%B6rn_Lehmann%20_01_XL.jpg.webp?itok=08C05IOO -> linos_stacking_chair_wood_1224\image_22.jpg
Starting download with Playwright: https://live-brunner.pantheonsite.io/sites/default/files/styles/lg/public/oldImages/112946_Brunner_Kreistag_Ludwigslust-Parchim_J%C3%B6rn_Lehmann%20_01_XL.jpg.webp?itok=af0GeL6D
Finished download: https://live-brunner.pantheonsite.io/sites/default/files/styles/lg/public/oldImages/112946_Brunner_Kreistag_Ludwigslust-Parchim_J%C3%B6rn_Lehmann%20_01_XL.jpg.webp?itok=af0GeL6D -> linos_stacking_chair_wood_1224\image_23.jpg
Starting download with Playwright: https://live-brunner.pantheonsite.io/sites/default/files/styles/original_webp/public/oldImages/112946_Brunner_Kreistag_Ludwigslust-Parchim_J%C3%B6rn_Lehmann%20_01_XL.jpg.webp?itok=4TXI93Ro
Finished download: https://live-brunner.pantheonsite.io/sites/default/files/styles/original_webp/public/oldImages/112946_Brunner_Kreistag_Ludwigslust-Parchim_J%C3%B6rn_Lehmann%20_01_XL.jpg.webp?itok=4TXI93Ro -> linos_stacking_chair_wood_1224\image_24.jpg
Starting download with Playwright: https://live-brunner.pantheonsite.io/sites/default/files/styles/sm/public/oldImages/112947_Brunner_Kreistag_Ludwigslust-Parchim_J%C3%B6rn_Lehmann%20_02_XL.jpg.webp?itok=SQYjzsR0
Finished download: https://live-brunner.pantheonsite.io/sites/default/files/styles/sm/public/oldImages/112947_Brunner_Kreistag_Ludwigslust-Parchim_J%C3%B6rn_Lehmann%20_02_XL.jpg.webp?itok=SQYjzsR0 -> linos_stacking_chair_wood_1224\image_25.jpg
Starting download with Playwright: https://live-brunner.pantheonsite.io/sites/default/files/styles/lg/public/oldImages/112947_Brunner_Kreistag_Ludwigslust-Parchim_J%C3%B6rn_Lehmann%20_02_XL.jpg.webp?itok=l6CGGp3j
Finished download: https://live-brunner.pantheonsite.io/sites/default/files/styles/lg/public/oldImages/112947_Brunner_Kreistag_Ludwigslust-Parchim_J%C3%B6rn_Lehmann%20_02_XL.jpg.webp?itok=l6CGGp3j -> linos_stacking_chair_wood_1224\image_26.jpg
Starting download with Playwright: https://live-brunner.pantheonsite.io/sites/default/files/styles/original_webp/public/oldImages/112947_Brunner_Kreistag_Ludwigslust-Parchim_J%C3%B6rn_Lehmann%20_02_XL.jpg.webp?itok=HxnBBvaC
Finished download: https://live-brunner.pantheonsite.io/sites/default/files/styles/original_webp/public/oldImages/112947_Brunner_Kreistag_Ludwigslust-Parchim_J%C3%B6rn_Lehmann%20_02_XL.jpg.webp?itok=HxnBBvaC -> linos_stacking_chair_wood_1224\image_27.jpg
Starting download with Playwright: https://live-brunner.pantheonsite.io/sites/default/files/styles/sm/public/oldImages/112942_Brunner_linos_1224_Stapel_HD_XL.jpg.webp?itok=gst2TfAj
Finished download: https://live-brunner.pantheonsite.io/sites/default/files/styles/sm/public/oldImages/112942_Brunner_linos_1224_Stapel_HD_XL.jpg.webp?itok=gst2TfAj -> linos_stacking_chair_wood_1224\image_28.jpg
Starting download with Playwright: https://live-brunner.pantheonsite.io/sites/default/files/styles/lg/public/oldImages/112942_Brunner_linos_1224_Stapel_HD_XL.jpg.webp?itok=oANv1v-v
Finished download: https://live-brunner.pantheonsite.io/sites/default/files/styles/lg/public/oldImages/112942_Brunner_linos_1224_Stapel_HD_XL.jpg.webp?itok=oANv1v-v -> linos_stacking_chair_wood_1224\image_29.jpg
Starting download with Playwright: https://live-brunner.pantheonsite.io/sites/default/files/styles/original_webp/public/oldImages/112942_Brunner_linos_1224_Stapel_HD_XL.jpg.webp?itok=3PbOfnnL
Finished download: https://live-brunner.pantheonsite.io/sites/default/files/styles/original_webp/public/oldImages/112942_Brunner_linos_1224_Stapel_HD_XL.jpg.webp?itok=3PbOfnnL -> linos_stacking_chair_wood_1224\image_30.jpg
Starting download with Playwright: https://live-brunner.pantheonsite.io/sites/default/files/styles/sm/public/oldImages/112939_linos_1224_Loc_HD_XL.jpg.webp?itok=IJ5D492R
Finished download: https://live-brunner.pantheonsite.io/sites/default/files/styles/sm/public/oldImages/112939_linos_1224_Loc_HD_XL.jpg.webp?itok=IJ5D492R -> linos_stacking_chair_wood_1224\image_31.jpg
Starting download with Playwright: https://live-brunner.pantheonsite.io/sites/default/files/styles/lg/public/oldImages/112939_linos_1224_Loc_HD_XL.jpg.webp?itok=g_CDJg_h
Finished download: https://live-brunner.pantheonsite.io/sites/default/files/styles/lg/public/oldImages/112939_linos_1224_Loc_HD_XL.jpg.webp?itok=g_CDJg_h -> linos_stacking_chair_wood_1224\image_32.jpg
Starting download with Playwright: https://live-brunner.pantheonsite.io/sites/default/files/styles/original_webp/public/oldImages/112939_linos_1224_Loc_HD_XL.jpg.webp?itok=Q2ULtqMq
Finished download: https://live-brunner.pantheonsite.io/sites/default/files/styles/original_webp/public/oldImages/112939_linos_1224_Loc_HD_XL.jpg.webp?itok=Q2ULtqMq -> linos_stacking_chair_wood_1224\image_33.jpg
Starting download with Playwright: https://live-brunner.pantheonsite.io/sites/default/files/styles/sm/public/oldImages/112943_linos_1204_cross_3070_01_HD_XL.jpg.webp?itok=FKFI3qjO
Finished download: https://live-brunner.pantheonsite.io/sites/default/files/styles/sm/public/oldImages/112943_linos_1204_cross_3070_01_HD_XL.jpg.webp?itok=FKFI3qjO -> linos_stacking_chair_wood_1224\image_34.jpg
Starting download with Playwright: https://live-brunner.pantheonsite.io/sites/default/files/styles/lg/public/oldImages/112943_linos_1204_cross_3070_01_HD_XL.jpg.webp?itok=jYE7yt0I
Finished download: https://live-brunner.pantheonsite.io/sites/default/files/styles/lg/public/oldImages/112943_linos_1204_cross_3070_01_HD_XL.jpg.webp?itok=jYE7yt0I -> linos_stacking_chair_wood_1224\image_35.jpg
Starting download with Playwright: https://live-brunner.pantheonsite.io/sites/default/files/styles/original_webp/public/oldImages/112943_linos_1204_cross_3070_01_HD_XL.jpg.webp?itok=7wRQCIr6
Finished download: https://live-brunner.pantheonsite.io/sites/default/files/styles/original_webp/public/oldImages/112943_linos_1204_cross_3070_01_HD_XL.jpg.webp?itok=7wRQCIr6 -> linos_stacking_chair_wood_1224\image_36.jpg
Starting download with Playwright: https://live-brunner.pantheonsite.io/sites/default/files/styles/sm/public/oldImages/112945_linos_1208A_lava_HD_XL.jpg.webp?itok=WsnD5vwM
Finished download: https://live-brunner.pantheonsite.io/sites/default/files/styles/sm/public/oldImages/112945_linos_1208A_lava_HD_XL.jpg.webp?itok=WsnD5vwM -> linos_stacking_chair_wood_1224\image_37.jpg
Starting download with Playwright: https://live-brunner.pantheonsite.io/sites/default/files/styles/lg/public/oldImages/112945_linos_1208A_lava_HD_XL.jpg.webp?itok=uibgT4mk
Finished download: https://live-brunner.pantheonsite.io/sites/default/files/styles/lg/public/oldImages/112945_linos_1208A_lava_HD_XL.jpg.webp?itok=uibgT4mk -> linos_stacking_chair_wood_1224\image_38.jpg
Starting download with Playwright: https://live-brunner.pantheonsite.io/sites/default/files/styles/original_webp/public/oldImages/112945_linos_1208A_lava_HD_XL.jpg.webp?itok=1u1GE9ME
Finished download: https://live-brunner.pantheonsite.io/sites/default/files/styles/original_webp/public/oldImages/112945_linos_1208A_lava_HD_XL.jpg.webp?itok=1u1GE9ME -> linos_stacking_chair_wood_1224\image_39.jpg
Completed image downloads for product linos_stacking_chair_wood_1224
Extracting features for product linos_stacking_chair_wood_1224...
Features saved for product linos_stacking_chair_wood_1224
Attempting to access Downloads tab for product linos_stacking_chair_wood_1224...
Starting download of PDF: https://live-brunner.pantheonsite.io/sites/default/files/oldPdfs/Produktdatenblaetter/Produktdatenblaetter_EN/linos_Brunner_product_data_sheet_EN.pdf%20
[PDF Download] Failed for product linos_stacking_chair_wood_1224: HTTP status 404
Opening URL for product magna_stacking_chair_plastic_4016: https://brunner-group.com/en/products/magna-stacking-chair-plastic/?variant=4016
Images detected on page for magna_stacking_chair_plastic_4016, scrolling to load them...
Successfully opened URL for product magna_stacking_chair_plastic_4016
Extracting images for product magna_stacking_chair_plastic_4016...
Found 18 images for product magna_stacking_chair_plastic_4016
Starting download with Playwright: https://live-brunner.pantheonsite.io/sites/default/files/styles/sm/public/oldImages/110581_Brunner_magna_4006_lift_7890_01_HD_XL.jpg.webp?itok=zKXaYEdA
Finished download: https://live-brunner.pantheonsite.io/sites/default/files/styles/sm/public/oldImages/110581_Brunner_magna_4006_lift_7890_01_HD_XL.jpg.webp?itok=zKXaYEdA -> magna_stacking_chair_plastic_4016\image_1.jpg
Starting download with Playwright: https://live-brunner.pantheonsite.io/sites/default/files/styles/lg/public/oldImages/110581_Brunner_magna_4006_lift_7890_01_HD_XL.jpg.webp?itok=qS7YWjcL
Finished download: https://live-brunner.pantheonsite.io/sites/default/files/styles/lg/public/oldImages/110581_Brunner_magna_4006_lift_7890_01_HD_XL.jpg.webp?itok=qS7YWjcL -> magna_stacking_chair_plastic_4016\image_2.jpg
Starting download with Playwright: https://live-brunner.pantheonsite.io/sites/default/files/styles/original_webp/public/oldImages/110581_Brunner_magna_4006_lift_7890_01_HD_XL.jpg.webp?itok=z58epT5_
Finished download: https://live-brunner.pantheonsite.io/sites/default/files/styles/original_webp/public/oldImages/110581_Brunner_magna_4006_lift_7890_01_HD_XL.jpg.webp?itok=z58epT5_ -> magna_stacking_chair_plastic_4016\image_3.jpg
Starting download with Playwright: https://live-brunner.pantheonsite.io/sites/default/files/styles/sm/public/oldImages/110804_Brunner_magna_4016_HD_XL.jpg.webp?itok=WAWEEPB8
Finished download: https://live-brunner.pantheonsite.io/sites/default/files/styles/sm/public/oldImages/110804_Brunner_magna_4016_HD_XL.jpg.webp?itok=WAWEEPB8 -> magna_stacking_chair_plastic_4016\image_4.jpg
Starting download with Playwright: https://live-brunner.pantheonsite.io/sites/default/files/styles/lg/public/oldImages/110804_Brunner_magna_4016_HD_XL.jpg.webp?itok=q_OnV5t8
Finished download: https://live-brunner.pantheonsite.io/sites/default/files/styles/lg/public/oldImages/110804_Brunner_magna_4016_HD_XL.jpg.webp?itok=q_OnV5t8 -> magna_stacking_chair_plastic_4016\image_5.jpg
Starting download with Playwright: https://live-brunner.pantheonsite.io/sites/default/files/styles/original_webp/public/oldImages/110804_Brunner_magna_4016_HD_XL.jpg.webp?itok=4e00OALY
Finished download: https://live-brunner.pantheonsite.io/sites/default/files/styles/original_webp/public/oldImages/110804_Brunner_magna_4016_HD_XL.jpg.webp?itok=4e00OALY -> magna_stacking_chair_plastic_4016\image_6.jpg
Starting download with Playwright: https://live-brunner.pantheonsite.io/sites/default/files/styles/sm/public/oldImages/110802_Brunner_magna_4006A_HD_XL.jpg.webp?itok=T1o2lxpz
Finished download: https://live-brunner.pantheonsite.io/sites/default/files/styles/sm/public/oldImages/110802_Brunner_magna_4006A_HD_XL.jpg.webp?itok=T1o2lxpz -> magna_stacking_chair_plastic_4016\image_7.jpg
Starting download with Playwright: https://live-brunner.pantheonsite.io/sites/default/files/styles/lg/public/oldImages/110802_Brunner_magna_4006A_HD_XL.jpg.webp?itok=TXrINYh8
Finished download: https://live-brunner.pantheonsite.io/sites/default/files/styles/lg/public/oldImages/110802_Brunner_magna_4006A_HD_XL.jpg.webp?itok=TXrINYh8 -> magna_stacking_chair_plastic_4016\image_8.jpg
Starting download with Playwright: https://live-brunner.pantheonsite.io/sites/default/files/styles/original_webp/public/oldImages/110802_Brunner_magna_4006A_HD_XL.jpg.webp?itok=Mm4MvIAH
Finished download: https://live-brunner.pantheonsite.io/sites/default/files/styles/original_webp/public/oldImages/110802_Brunner_magna_4006A_HD_XL.jpg.webp?itok=Mm4MvIAH -> magna_stacking_chair_plastic_4016\image_9.jpg
Starting download with Playwright: https://live-brunner.pantheonsite.io/sites/default/files/styles/sm/public/oldImages/110807_Brunner_magna_4006_4006A_HD_XL.jpg.webp?itok=5LIkG6Z3
Finished download: https://live-brunner.pantheonsite.io/sites/default/files/styles/sm/public/oldImages/110807_Brunner_magna_4006_4006A_HD_XL.jpg.webp?itok=5LIkG6Z3 -> magna_stacking_chair_plastic_4016\image_10.jpg
Starting download with Playwright: https://live-brunner.pantheonsite.io/sites/default/files/styles/lg/public/oldImages/110807_Brunner_magna_4006_4006A_HD_XL.jpg.webp?itok=VW_g9vQX
Finished download: https://live-brunner.pantheonsite.io/sites/default/files/styles/lg/public/oldImages/110807_Brunner_magna_4006_4006A_HD_XL.jpg.webp?itok=VW_g9vQX -> magna_stacking_chair_plastic_4016\image_11.jpg
Starting download with Playwright: https://live-brunner.pantheonsite.io/sites/default/files/styles/original_webp/public/oldImages/110807_Brunner_magna_4006_4006A_HD_XL.jpg.webp?itok=C4_jtC3w
Finished download: https://live-brunner.pantheonsite.io/sites/default/files/styles/original_webp/public/oldImages/110807_Brunner_magna_4006_4006A_HD_XL.jpg.webp?itok=C4_jtC3w -> magna_stacking_chair_plastic_4016\image_12.jpg
Starting download with Playwright: https://live-brunner.pantheonsite.io/sites/default/files/styles/sm/public/oldImages/110573_Brunner_magna_4006_lift_7890_02_HD_XL.jpg.webp?itok=H-AJ9hzk
Finished download: https://live-brunner.pantheonsite.io/sites/default/files/styles/sm/public/oldImages/110573_Brunner_magna_4006_lift_7890_02_HD_XL.jpg.webp?itok=H-AJ9hzk -> magna_stacking_chair_plastic_4016\image_13.jpg
Starting download with Playwright: https://live-brunner.pantheonsite.io/sites/default/files/styles/lg/public/oldImages/110573_Brunner_magna_4006_lift_7890_02_HD_XL.jpg.webp?itok=5tu0A3Me
Finished download: https://live-brunner.pantheonsite.io/sites/default/files/styles/lg/public/oldImages/110573_Brunner_magna_4006_lift_7890_02_HD_XL.jpg.webp?itok=5tu0A3Me -> magna_stacking_chair_plastic_4016\image_14.jpg
Starting download with Playwright: https://live-brunner.pantheonsite.io/sites/default/files/styles/original_webp/public/oldImages/110573_Brunner_magna_4006_lift_7890_02_HD_XL.jpg.webp?itok=u1lvEbH5
Finished download: https://live-brunner.pantheonsite.io/sites/default/files/styles/original_webp/public/oldImages/110573_Brunner_magna_4006_lift_7890_02_HD_XL.jpg.webp?itok=u1lvEbH5 -> magna_stacking_chair_plastic_4016\image_15.jpg
Starting download with Playwright: https://live-brunner.pantheonsite.io/sites/default/files/styles/sm/public/oldImages/110808_Brunner_magna_4016A_HD_XL.jpg.webp?itok=TYd_8gSr
Finished download: https://live-brunner.pantheonsite.io/sites/default/files/styles/sm/public/oldImages/110808_Brunner_magna_4016A_HD_XL.jpg.webp?itok=TYd_8gSr -> magna_stacking_chair_plastic_4016\image_16.jpg
Starting download with Playwright: https://live-brunner.pantheonsite.io/sites/default/files/styles/lg/public/oldImages/110808_Brunner_magna_4016A_HD_XL.jpg.webp?itok=---lf9jj
Finished download: https://live-brunner.pantheonsite.io/sites/default/files/styles/lg/public/oldImages/110808_Brunner_magna_4016A_HD_XL.jpg.webp?itok=---lf9jj -> magna_stacking_chair_plastic_4016\image_17.jpg
Starting download with Playwright: https://live-brunner.pantheonsite.io/sites/default/files/styles/original_webp/public/oldImages/110808_Brunner_magna_4016A_HD_XL.jpg.webp?itok=zO_EUtvt
Finished download: https://live-brunner.pantheonsite.io/sites/default/files/styles/original_webp/public/oldImages/110808_Brunner_magna_4016A_HD_XL.jpg.webp?itok=zO_EUtvt -> magna_stacking_chair_plastic_4016\image_18.jpg
Completed image downloads for product magna_stacking_chair_plastic_4016
Extracting features for product magna_stacking_chair_plastic_4016...
Features saved for product magna_stacking_chair_plastic_4016
Attempting to access Downloads tab for product magna_stacking_chair_plastic_4016...
Starting download of PDF: https://live-brunner.pantheonsite.io/sites/default/files/oldPdfs/Produktdatenblaetter/Produktdatenblaetter_EN/magna_Brunner_Produktdatenblatt_EN.pdf
Downloaded product_sheet.pdf for product magna_stacking_chair_plastic_4016
Opening URL for product milanolight_comfort_Upholstered_chair_5228: https://brunner-group.com/en/products/milanolight-comfort-upholstered-chair/?variant=5228
[Info] No images detected for product milanolight_comfort_Upholstered_chair_5228, skipping image extraction step.
Successfully opened URL for product milanolight_comfort_Upholstered_chair_5228
Extracting images for product milanolight_comfort_Upholstered_chair_5228...
[Info] No images found for product milanolight_comfort_Upholstered_chair_5228, skipping download step.
Extracting features for product milanolight_comfort_Upholstered_chair_5228...
Features saved for product milanolight_comfort_Upholstered_chair_5228
Attempting to access Downloads tab for product milanolight_comfort_Upholstered_chair_5228...
Starting download of PDF: https://live-brunner.pantheonsite.io/sites/default/files/oldPdfs/Produktdatenblaetter/Produktdatenblaetter_EN/milano_collection_Brunner_product_data_sheet_EN.pdf
Downloaded product_sheet.pdf for product milanolight_comfort_Upholstered_chair_5228
Opening URL for product mudra_Stacking_chair_8804: https://brunner-group.com/en/products/mudra-stacking-chair/?variant=8804
Images detected on page for mudra_Stacking_chair_8804, scrolling to load them...
Successfully opened URL for product mudra_Stacking_chair_8804
Extracting images for product mudra_Stacking_chair_8804...
Found 45 images for product mudra_Stacking_chair_8804
Starting download with Playwright: https://live-brunner.pantheonsite.io/sites/default/files/styles/sm/public/oldImages/105233_Brunner_mudra_8804_8817_break_3962_banc_BC-H70_HD_XL.jpg.webp?itok=UImi9sII
Finished download: https://live-brunner.pantheonsite.io/sites/default/files/styles/sm/public/oldImages/105233_Brunner_mudra_8804_8817_break_3962_banc_BC-H70_HD_XL.jpg.webp?itok=UImi9sII -> mudra_Stacking_chair_8804\image_1.jpg
Starting download with Playwright: https://live-brunner.pantheonsite.io/sites/default/files/styles/lg/public/oldImages/105233_Brunner_mudra_8804_8817_break_3962_banc_BC-H70_HD_XL.jpg.webp?itok=D9H6J_Va
Finished download: https://live-brunner.pantheonsite.io/sites/default/files/styles/lg/public/oldImages/105233_Brunner_mudra_8804_8817_break_3962_banc_BC-H70_HD_XL.jpg.webp?itok=D9H6J_Va -> mudra_Stacking_chair_8804\image_2.jpg
Starting download with Playwright: https://live-brunner.pantheonsite.io/sites/default/files/styles/original_webp/public/oldImages/105233_Brunner_mudra_8804_8817_break_3962_banc_BC-H70_HD_XL.jpg.webp?itok=J5b3sQoN
Finished download: https://live-brunner.pantheonsite.io/sites/default/files/styles/original_webp/public/oldImages/105233_Brunner_mudra_8804_8817_break_3962_banc_BC-H70_HD_XL.jpg.webp?itok=J5b3sQoN -> mudra_Stacking_chair_8804\image_3.jpg
Starting download with Playwright: https://live-brunner.pantheonsite.io/sites/default/files/styles/sm/public/oldImages/95838_Brunner_mudra_GalleryPDS_8804_Nussbaum_Tisch_XL.jpg.webp?itok=0eA6rtSw
Finished download: https://live-brunner.pantheonsite.io/sites/default/files/styles/sm/public/oldImages/95838_Brunner_mudra_GalleryPDS_8804_Nussbaum_Tisch_XL.jpg.webp?itok=0eA6rtSw -> mudra_Stacking_chair_8804\image_4.jpg
Starting download with Playwright: https://live-brunner.pantheonsite.io/sites/default/files/styles/lg/public/oldImages/95838_Brunner_mudra_GalleryPDS_8804_Nussbaum_Tisch_XL.jpg.webp?itok=dP4icPdg
Finished download: https://live-brunner.pantheonsite.io/sites/default/files/styles/lg/public/oldImages/95838_Brunner_mudra_GalleryPDS_8804_Nussbaum_Tisch_XL.jpg.webp?itok=dP4icPdg -> mudra_Stacking_chair_8804\image_5.jpg
Starting download with Playwright: https://live-brunner.pantheonsite.io/sites/default/files/styles/original_webp/public/oldImages/95838_Brunner_mudra_GalleryPDS_8804_Nussbaum_Tisch_XL.jpg.webp?itok=PS7tVMd_
Finished download: https://live-brunner.pantheonsite.io/sites/default/files/styles/original_webp/public/oldImages/95838_Brunner_mudra_GalleryPDS_8804_Nussbaum_Tisch_XL.jpg.webp?itok=PS7tVMd_ -> mudra_Stacking_chair_8804\image_6.jpg
Starting download with Playwright: https://live-brunner.pantheonsite.io/sites/default/files/styles/sm/public/oldImages/95840_Brunner_mudra_GalleryPDS_8804_Stapel_schwarz_XL.jpg.webp?itok=wdcPF8Zn
Finished download: https://live-brunner.pantheonsite.io/sites/default/files/styles/sm/public/oldImages/95840_Brunner_mudra_GalleryPDS_8804_Stapel_schwarz_XL.jpg.webp?itok=wdcPF8Zn -> mudra_Stacking_chair_8804\image_7.jpg
Starting download with Playwright: https://live-brunner.pantheonsite.io/sites/default/files/styles/lg/public/oldImages/95840_Brunner_mudra_GalleryPDS_8804_Stapel_schwarz_XL.jpg.webp?itok=qZJAqqU9
Finished download: https://live-brunner.pantheonsite.io/sites/default/files/styles/lg/public/oldImages/95840_Brunner_mudra_GalleryPDS_8804_Stapel_schwarz_XL.jpg.webp?itok=qZJAqqU9 -> mudra_Stacking_chair_8804\image_8.jpg
Starting download with Playwright: https://live-brunner.pantheonsite.io/sites/default/files/styles/original_webp/public/oldImages/95840_Brunner_mudra_GalleryPDS_8804_Stapel_schwarz_XL.jpg.webp?itok=02gUQzEO
Finished download: https://live-brunner.pantheonsite.io/sites/default/files/styles/original_webp/public/oldImages/95840_Brunner_mudra_GalleryPDS_8804_Stapel_schwarz_XL.jpg.webp?itok=02gUQzEO -> mudra_Stacking_chair_8804\image_9.jpg
Starting download with Playwright: https://live-brunner.pantheonsite.io/sites/default/files/styles/sm/public/oldImages/95835_Brunner_mudra_GalleryPDS_8814_Gruppenbild_Stuehle-Tisch_XL.jpg.webp?itok=RQ6kny2U
Finished download: https://live-brunner.pantheonsite.io/sites/default/files/styles/sm/public/oldImages/95835_Brunner_mudra_GalleryPDS_8814_Gruppenbild_Stuehle-Tisch_XL.jpg.webp?itok=RQ6kny2U -> mudra_Stacking_chair_8804\image_10.jpg
Starting download with Playwright: https://live-brunner.pantheonsite.io/sites/default/files/styles/lg/public/oldImages/95835_Brunner_mudra_GalleryPDS_8814_Gruppenbild_Stuehle-Tisch_XL.jpg.webp?itok=JPirThwX
Finished download: https://live-brunner.pantheonsite.io/sites/default/files/styles/lg/public/oldImages/95835_Brunner_mudra_GalleryPDS_8814_Gruppenbild_Stuehle-Tisch_XL.jpg.webp?itok=JPirThwX -> mudra_Stacking_chair_8804\image_11.jpg
Starting download with Playwright: https://live-brunner.pantheonsite.io/sites/default/files/styles/original_webp/public/oldImages/95835_Brunner_mudra_GalleryPDS_8814_Gruppenbild_Stuehle-Tisch_XL.jpg.webp?itok=7ZbAAYL4
Finished download: https://live-brunner.pantheonsite.io/sites/default/files/styles/original_webp/public/oldImages/95835_Brunner_mudra_GalleryPDS_8814_Gruppenbild_Stuehle-Tisch_XL.jpg.webp?itok=7ZbAAYL4 -> mudra_Stacking_chair_8804\image_12.jpg
Starting download with Playwright: https://live-brunner.pantheonsite.io/sites/default/files/styles/sm/public/oldImages/95844_Brunner_mudra_GalleryPDS_8814_Gruppenbild_XL.jpg.webp?itok=209DDIpT
Finished download: https://live-brunner.pantheonsite.io/sites/default/files/styles/sm/public/oldImages/95844_Brunner_mudra_GalleryPDS_8814_Gruppenbild_XL.jpg.webp?itok=209DDIpT -> mudra_Stacking_chair_8804\image_13.jpg
Starting download with Playwright: https://live-brunner.pantheonsite.io/sites/default/files/styles/lg/public/oldImages/95844_Brunner_mudra_GalleryPDS_8814_Gruppenbild_XL.jpg.webp?itok=UtMdy5uP
Finished download: https://live-brunner.pantheonsite.io/sites/default/files/styles/lg/public/oldImages/95844_Brunner_mudra_GalleryPDS_8814_Gruppenbild_XL.jpg.webp?itok=UtMdy5uP -> mudra_Stacking_chair_8804\image_14.jpg
Starting download with Playwright: https://live-brunner.pantheonsite.io/sites/default/files/styles/original_webp/public/oldImages/95844_Brunner_mudra_GalleryPDS_8814_Gruppenbild_XL.jpg.webp?itok=79xxWnAp
Finished download: https://live-brunner.pantheonsite.io/sites/default/files/styles/original_webp/public/oldImages/95844_Brunner_mudra_GalleryPDS_8814_Gruppenbild_XL.jpg.webp?itok=79xxWnAp -> mudra_Stacking_chair_8804\image_15.jpg
Starting download with Playwright: https://live-brunner.pantheonsite.io/sites/default/files/styles/sm/public/oldImages/105234_Brunner_mudra_8817_location_HD_XL.jpg.webp?itok=m4iS41JN
Finished download: https://live-brunner.pantheonsite.io/sites/default/files/styles/sm/public/oldImages/105234_Brunner_mudra_8817_location_HD_XL.jpg.webp?itok=m4iS41JN -> mudra_Stacking_chair_8804\image_16.jpg
Starting download with Playwright: https://live-brunner.pantheonsite.io/sites/default/files/styles/lg/public/oldImages/105234_Brunner_mudra_8817_location_HD_XL.jpg.webp?itok=XRY-TCAL
Finished download: https://live-brunner.pantheonsite.io/sites/default/files/styles/lg/public/oldImages/105234_Brunner_mudra_8817_location_HD_XL.jpg.webp?itok=XRY-TCAL -> mudra_Stacking_chair_8804\image_17.jpg
Starting download with Playwright: https://live-brunner.pantheonsite.io/sites/default/files/styles/original_webp/public/oldImages/105234_Brunner_mudra_8817_location_HD_XL.jpg.webp?itok=4o4D6DdP
Finished download: https://live-brunner.pantheonsite.io/sites/default/files/styles/original_webp/public/oldImages/105234_Brunner_mudra_8817_location_HD_XL.jpg.webp?itok=4o4D6DdP -> mudra_Stacking_chair_8804\image_18.jpg
Starting download with Playwright: https://live-brunner.pantheonsite.io/sites/default/files/styles/sm/public/oldImages/95812_Brunner_mudra_FeatureImage_3_XL.jpg.webp?itok=C4__sJRG
Finished download: https://live-brunner.pantheonsite.io/sites/default/files/styles/sm/public/oldImages/95812_Brunner_mudra_FeatureImage_3_XL.jpg.webp?itok=C4__sJRG -> mudra_Stacking_chair_8804\image_19.jpg
Starting download with Playwright: https://live-brunner.pantheonsite.io/sites/default/files/styles/lg/public/oldImages/95812_Brunner_mudra_FeatureImage_3_XL.jpg.webp?itok=mFRTDXpL
Finished download: https://live-brunner.pantheonsite.io/sites/default/files/styles/lg/public/oldImages/95812_Brunner_mudra_FeatureImage_3_XL.jpg.webp?itok=mFRTDXpL -> mudra_Stacking_chair_8804\image_20.jpg
Starting download with Playwright: https://live-brunner.pantheonsite.io/sites/default/files/styles/original_webp/public/oldImages/95812_Brunner_mudra_FeatureImage_3_XL.jpg.webp?itok=L7PfsI09
Finished download: https://live-brunner.pantheonsite.io/sites/default/files/styles/original_webp/public/oldImages/95812_Brunner_mudra_FeatureImage_3_XL.jpg.webp?itok=L7PfsI09 -> mudra_Stacking_chair_8804\image_21.jpg
Starting download with Playwright: https://live-brunner.pantheonsite.io/sites/default/files/styles/sm/public/oldImages/95839_Brunner_mudra_GalleryPDS_8804_schwarz_Gruppenbild_XL.jpg.webp?itok=ifKukLnO
Finished download: https://live-brunner.pantheonsite.io/sites/default/files/styles/sm/public/oldImages/95839_Brunner_mudra_GalleryPDS_8804_schwarz_Gruppenbild_XL.jpg.webp?itok=ifKukLnO -> mudra_Stacking_chair_8804\image_22.jpg
Starting download with Playwright: https://live-brunner.pantheonsite.io/sites/default/files/styles/lg/public/oldImages/95839_Brunner_mudra_GalleryPDS_8804_schwarz_Gruppenbild_XL.jpg.webp?itok=00rVXhDB
Finished download: https://live-brunner.pantheonsite.io/sites/default/files/styles/lg/public/oldImages/95839_Brunner_mudra_GalleryPDS_8804_schwarz_Gruppenbild_XL.jpg.webp?itok=00rVXhDB -> mudra_Stacking_chair_8804\image_23.jpg
Starting download with Playwright: https://live-brunner.pantheonsite.io/sites/default/files/styles/original_webp/public/oldImages/95839_Brunner_mudra_GalleryPDS_8804_schwarz_Gruppenbild_XL.jpg.webp?itok=h-lCKXvS
Finished download: https://live-brunner.pantheonsite.io/sites/default/files/styles/original_webp/public/oldImages/95839_Brunner_mudra_GalleryPDS_8804_schwarz_Gruppenbild_XL.jpg.webp?itok=h-lCKXvS -> mudra_Stacking_chair_8804\image_24.jpg
Starting download with Playwright: https://live-brunner.pantheonsite.io/sites/default/files/styles/sm/public/oldImages/95837_Brunner_mudra_GalleryPDS_8804_mix_8807_schwarz_eiche-hell_XL.jpg.webp?itok=rrMKuvsv
Finished download: https://live-brunner.pantheonsite.io/sites/default/files/styles/sm/public/oldImages/95837_Brunner_mudra_GalleryPDS_8804_mix_8807_schwarz_eiche-hell_XL.jpg.webp?itok=rrMKuvsv -> mudra_Stacking_chair_8804\image_25.jpg
Starting download with Playwright: https://live-brunner.pantheonsite.io/sites/default/files/styles/lg/public/oldImages/95837_Brunner_mudra_GalleryPDS_8804_mix_8807_schwarz_eiche-hell_XL.jpg.webp?itok=XyD7pg_f
Finished download: https://live-brunner.pantheonsite.io/sites/default/files/styles/lg/public/oldImages/95837_Brunner_mudra_GalleryPDS_8804_mix_8807_schwarz_eiche-hell_XL.jpg.webp?itok=XyD7pg_f -> mudra_Stacking_chair_8804\image_26.jpg
Starting download with Playwright: https://live-brunner.pantheonsite.io/sites/default/files/styles/original_webp/public/oldImages/95837_Brunner_mudra_GalleryPDS_8804_mix_8807_schwarz_eiche-hell_XL.jpg.webp?itok=Iuviuz6r
Finished download: https://live-brunner.pantheonsite.io/sites/default/files/styles/original_webp/public/oldImages/95837_Brunner_mudra_GalleryPDS_8804_mix_8807_schwarz_eiche-hell_XL.jpg.webp?itok=Iuviuz6r -> mudra_Stacking_chair_8804\image_27.jpg
Starting download with Playwright: https://live-brunner.pantheonsite.io/sites/default/files/styles/sm/public/oldImages/95842_Brunner_mudra_GalleryPDS_8807_schwarz_8807_eiche-hell_Detailsbild_XL.jpg.webp?itok=EwuqLB-6
Finished download: https://live-brunner.pantheonsite.io/sites/default/files/styles/sm/public/oldImages/95842_Brunner_mudra_GalleryPDS_8807_schwarz_8807_eiche-hell_Detailsbild_XL.jpg.webp?itok=EwuqLB-6 -> mudra_Stacking_chair_8804\image_28.jpg
Starting download with Playwright: https://live-brunner.pantheonsite.io/sites/default/files/styles/lg/public/oldImages/95842_Brunner_mudra_GalleryPDS_8807_schwarz_8807_eiche-hell_Detailsbild_XL.jpg.webp?itok=ugLoq4pr
Finished download: https://live-brunner.pantheonsite.io/sites/default/files/styles/lg/public/oldImages/95842_Brunner_mudra_GalleryPDS_8807_schwarz_8807_eiche-hell_Detailsbild_XL.jpg.webp?itok=ugLoq4pr -> mudra_Stacking_chair_8804\image_29.jpg
Starting download with Playwright: https://live-brunner.pantheonsite.io/sites/default/files/styles/original_webp/public/oldImages/95842_Brunner_mudra_GalleryPDS_8807_schwarz_8807_eiche-hell_Detailsbild_XL.jpg.webp?itok=DZCrafLw
Finished download: https://live-brunner.pantheonsite.io/sites/default/files/styles/original_webp/public/oldImages/95842_Brunner_mudra_GalleryPDS_8807_schwarz_8807_eiche-hell_Detailsbild_XL.jpg.webp?itok=DZCrafLw -> mudra_Stacking_chair_8804\image_30.jpg
Starting download with Playwright: https://live-brunner.pantheonsite.io/sites/default/files/styles/sm/public/oldImages/105232_Brunner_mudra_8804_location_HD_XL.jpg.webp?itok=949MxHs-
Finished download: https://live-brunner.pantheonsite.io/sites/default/files/styles/sm/public/oldImages/105232_Brunner_mudra_8804_location_HD_XL.jpg.webp?itok=949MxHs- -> mudra_Stacking_chair_8804\image_31.jpg
Starting download with Playwright: https://live-brunner.pantheonsite.io/sites/default/files/styles/lg/public/oldImages/105232_Brunner_mudra_8804_location_HD_XL.jpg.webp?itok=wQst8il6
Finished download: https://live-brunner.pantheonsite.io/sites/default/files/styles/lg/public/oldImages/105232_Brunner_mudra_8804_location_HD_XL.jpg.webp?itok=wQst8il6 -> mudra_Stacking_chair_8804\image_32.jpg
Starting download with Playwright: https://live-brunner.pantheonsite.io/sites/default/files/styles/original_webp/public/oldImages/105232_Brunner_mudra_8804_location_HD_XL.jpg.webp?itok=PiphQQQX
Finished download: https://live-brunner.pantheonsite.io/sites/default/files/styles/original_webp/public/oldImages/105232_Brunner_mudra_8804_location_HD_XL.jpg.webp?itok=PiphQQQX -> mudra_Stacking_chair_8804\image_33.jpg
Starting download with Playwright: https://live-brunner.pantheonsite.io/sites/default/files/styles/sm/public/oldImages/95843_Brunner_mudra_GalleryPDS_8807_schwarz_gepolstert_XL.jpg.webp?itok=vM9GMWUD
Finished download: https://live-brunner.pantheonsite.io/sites/default/files/styles/sm/public/oldImages/95843_Brunner_mudra_GalleryPDS_8807_schwarz_gepolstert_XL.jpg.webp?itok=vM9GMWUD -> mudra_Stacking_chair_8804\image_34.jpg
Starting download with Playwright: https://live-brunner.pantheonsite.io/sites/default/files/styles/lg/public/oldImages/95843_Brunner_mudra_GalleryPDS_8807_schwarz_gepolstert_XL.jpg.webp?itok=UN_FzXnb
Finished download: https://live-brunner.pantheonsite.io/sites/default/files/styles/lg/public/oldImages/95843_Brunner_mudra_GalleryPDS_8807_schwarz_gepolstert_XL.jpg.webp?itok=UN_FzXnb -> mudra_Stacking_chair_8804\image_35.jpg
Starting download with Playwright: https://live-brunner.pantheonsite.io/sites/default/files/styles/original_webp/public/oldImages/95843_Brunner_mudra_GalleryPDS_8807_schwarz_gepolstert_XL.jpg.webp?itok=XJ5vpedU
Finished download: https://live-brunner.pantheonsite.io/sites/default/files/styles/original_webp/public/oldImages/95843_Brunner_mudra_GalleryPDS_8807_schwarz_gepolstert_XL.jpg.webp?itok=XJ5vpedU -> mudra_Stacking_chair_8804\image_36.jpg
Starting download with Playwright: https://live-brunner.pantheonsite.io/sites/default/files/styles/sm/public/oldImages/95841_Brunner_mudra_GalleryPDS_8807_eiche-hell_8817_eiche-hell_Detailbild_XL.jpg.webp?itok=gHKXiTG1
Finished download: https://live-brunner.pantheonsite.io/sites/default/files/styles/sm/public/oldImages/95841_Brunner_mudra_GalleryPDS_8807_eiche-hell_8817_eiche-hell_Detailbild_XL.jpg.webp?itok=gHKXiTG1 -> mudra_Stacking_chair_8804\image_37.jpg
Starting download with Playwright: https://live-brunner.pantheonsite.io/sites/default/files/styles/lg/public/oldImages/95841_Brunner_mudra_GalleryPDS_8807_eiche-hell_8817_eiche-hell_Detailbild_XL.jpg.webp?itok=6Iogv8Hq
Finished download: https://live-brunner.pantheonsite.io/sites/default/files/styles/lg/public/oldImages/95841_Brunner_mudra_GalleryPDS_8807_eiche-hell_8817_eiche-hell_Detailbild_XL.jpg.webp?itok=6Iogv8Hq -> mudra_Stacking_chair_8804\image_38.jpg
Starting download with Playwright: https://live-brunner.pantheonsite.io/sites/default/files/styles/original_webp/public/oldImages/95841_Brunner_mudra_GalleryPDS_8807_eiche-hell_8817_eiche-hell_Detailbild_XL.jpg.webp?itok=q1Tj86TF
Finished download: https://live-brunner.pantheonsite.io/sites/default/files/styles/original_webp/public/oldImages/95841_Brunner_mudra_GalleryPDS_8807_eiche-hell_8817_eiche-hell_Detailbild_XL.jpg.webp?itok=q1Tj86TF -> mudra_Stacking_chair_8804\image_39.jpg
Starting download with Playwright: https://live-brunner.pantheonsite.io/sites/default/files/styles/sm/public/oldImages/95818_Brunner_mudra_FeatureImage_1_XL.jpg.webp?itok=djWtAv_5
Finished download: https://live-brunner.pantheonsite.io/sites/default/files/styles/sm/public/oldImages/95818_Brunner_mudra_FeatureImage_1_XL.jpg.webp?itok=djWtAv_5 -> mudra_Stacking_chair_8804\image_40.jpg
Starting download with Playwright: https://live-brunner.pantheonsite.io/sites/default/files/styles/lg/public/oldImages/95818_Brunner_mudra_FeatureImage_1_XL.jpg.webp?itok=n6JCd3LQ
Finished download: https://live-brunner.pantheonsite.io/sites/default/files/styles/lg/public/oldImages/95818_Brunner_mudra_FeatureImage_1_XL.jpg.webp?itok=n6JCd3LQ -> mudra_Stacking_chair_8804\image_41.jpg
Starting download with Playwright: https://live-brunner.pantheonsite.io/sites/default/files/styles/original_webp/public/oldImages/95818_Brunner_mudra_FeatureImage_1_XL.jpg.webp?itok=1damf_aq
Finished download: https://live-brunner.pantheonsite.io/sites/default/files/styles/original_webp/public/oldImages/95818_Brunner_mudra_FeatureImage_1_XL.jpg.webp?itok=1damf_aq -> mudra_Stacking_chair_8804\image_42.jpg
Starting download with Playwright: https://live-brunner.pantheonsite.io/sites/default/files/styles/sm/public/oldImages/95811_Brunner_mudra_FeatureImage_2_XL.jpg.webp?itok=2okz8aaI
Finished download: https://live-brunner.pantheonsite.io/sites/default/files/styles/sm/public/oldImages/95811_Brunner_mudra_FeatureImage_2_XL.jpg.webp?itok=2okz8aaI -> mudra_Stacking_chair_8804\image_43.jpg
Starting download with Playwright: https://live-brunner.pantheonsite.io/sites/default/files/styles/lg/public/oldImages/95811_Brunner_mudra_FeatureImage_2_XL.jpg.webp?itok=zxt58bCO
Finished download: https://live-brunner.pantheonsite.io/sites/default/files/styles/lg/public/oldImages/95811_Brunner_mudra_FeatureImage_2_XL.jpg.webp?itok=zxt58bCO -> mudra_Stacking_chair_8804\image_44.jpg
Starting download with Playwright: https://live-brunner.pantheonsite.io/sites/default/files/styles/original_webp/public/oldImages/95811_Brunner_mudra_FeatureImage_2_XL.jpg.webp?itok=OO0QQ4OD
Finished download: https://live-brunner.pantheonsite.io/sites/default/files/styles/original_webp/public/oldImages/95811_Brunner_mudra_FeatureImage_2_XL.jpg.webp?itok=OO0QQ4OD -> mudra_Stacking_chair_8804\image_45.jpg
Completed image downloads for product mudra_Stacking_chair_8804
Extracting features for product mudra_Stacking_chair_8804...
Features saved for product mudra_Stacking_chair_8804
Attempting to access Downloads tab for product mudra_Stacking_chair_8804...
Starting download of PDF: https://live-brunner.pantheonsite.io/sites/default/files/oldPdfs/https%3A//www.brunner-group.comProduktdatenblaetter/Produktdatenblaetter_EN/Brunner_product_data_sheet_mudra_EN.pdf
[PDF Download] Failed for product mudra_Stacking_chair_8804: HTTP status 404
Opening URL for product nate_Bar_stool_7601: https://brunner-group.com/en/products/nate-bar-stool/?variant=7601
Images detected on page for nate_Bar_stool_7601, scrolling to load them...
Successfully opened URL for product nate_Bar_stool_7601
Extracting images for product nate_Bar_stool_7601...
Found 27 images for product nate_Bar_stool_7601
Starting download with Playwright: https://live-brunner.pantheonsite.io/sites/default/files/styles/sm/public/oldImages/93548_Brunner_nate_7602_7670_7601_7673_IF_XL.jpg.webp?itok=yWbW3296
Finished download: https://live-brunner.pantheonsite.io/sites/default/files/styles/sm/public/oldImages/93548_Brunner_nate_7602_7670_7601_7673_IF_XL.jpg.webp?itok=yWbW3296 -> nate_Bar_stool_7601\image_1.jpg
Starting download with Playwright: https://live-brunner.pantheonsite.io/sites/default/files/styles/lg/public/oldImages/93548_Brunner_nate_7602_7670_7601_7673_IF_XL.jpg.webp?itok=HStUdh3I
Finished download: https://live-brunner.pantheonsite.io/sites/default/files/styles/lg/public/oldImages/93548_Brunner_nate_7602_7670_7601_7673_IF_XL.jpg.webp?itok=HStUdh3I -> nate_Bar_stool_7601\image_2.jpg
Starting download with Playwright: https://live-brunner.pantheonsite.io/sites/default/files/styles/original_webp/public/oldImages/93548_Brunner_nate_7602_7670_7601_7673_IF_XL.jpg.webp?itok=X8VPgGDR
Finished download: https://live-brunner.pantheonsite.io/sites/default/files/styles/original_webp/public/oldImages/93548_Brunner_nate_7602_7670_7601_7673_IF_XL.jpg.webp?itok=X8VPgGDR -> nate_Bar_stool_7601\image_3.jpg
Starting download with Playwright: https://live-brunner.pantheonsite.io/sites/default/files/styles/sm/public/oldImages/97933_Brunner_7601_7648_Detail_HD_XL.jpg.webp?itok=7ta5ycOc
Finished download: https://live-brunner.pantheonsite.io/sites/default/files/styles/sm/public/oldImages/97933_Brunner_7601_7648_Detail_HD_XL.jpg.webp?itok=7ta5ycOc -> nate_Bar_stool_7601\image_4.jpg
Starting download with Playwright: https://live-brunner.pantheonsite.io/sites/default/files/styles/lg/public/oldImages/97933_Brunner_7601_7648_Detail_HD_XL.jpg.webp?itok=FvKx0kFu
Finished download: https://live-brunner.pantheonsite.io/sites/default/files/styles/lg/public/oldImages/97933_Brunner_7601_7648_Detail_HD_XL.jpg.webp?itok=FvKx0kFu -> nate_Bar_stool_7601\image_5.jpg
Starting download with Playwright: https://live-brunner.pantheonsite.io/sites/default/files/styles/original_webp/public/oldImages/97933_Brunner_7601_7648_Detail_HD_XL.jpg.webp?itok=VD-CC2d3
Finished download: https://live-brunner.pantheonsite.io/sites/default/files/styles/original_webp/public/oldImages/97933_Brunner_7601_7648_Detail_HD_XL.jpg.webp?itok=VD-CC2d3 -> nate_Bar_stool_7601\image_6.jpg
Starting download with Playwright: https://live-brunner.pantheonsite.io/sites/default/files/styles/sm/public/oldImages/93721_Brunner_nate_collection_DSC2383_XL.jpg.webp?itok=XrZ8muu0
Finished download: https://live-brunner.pantheonsite.io/sites/default/files/styles/sm/public/oldImages/93721_Brunner_nate_collection_DSC2383_XL.jpg.webp?itok=XrZ8muu0 -> nate_Bar_stool_7601\image_7.jpg
Starting download with Playwright: https://live-brunner.pantheonsite.io/sites/default/files/styles/lg/public/oldImages/93721_Brunner_nate_collection_DSC2383_XL.jpg.webp?itok=7QT8ECz5
Finished download: https://live-brunner.pantheonsite.io/sites/default/files/styles/lg/public/oldImages/93721_Brunner_nate_collection_DSC2383_XL.jpg.webp?itok=7QT8ECz5 -> nate_Bar_stool_7601\image_8.jpg
Starting download with Playwright: https://live-brunner.pantheonsite.io/sites/default/files/styles/original_webp/public/oldImages/93721_Brunner_nate_collection_DSC2383_XL.jpg.webp?itok=LWLuGbpD
Finished download: https://live-brunner.pantheonsite.io/sites/default/files/styles/original_webp/public/oldImages/93721_Brunner_nate_collection_DSC2383_XL.jpg.webp?itok=LWLuGbpD -> nate_Bar_stool_7601\image_9.jpg
Starting download with Playwright: https://live-brunner.pantheonsite.io/sites/default/files/styles/sm/public/oldImages/97937_Brunner_nate_7602_7602A_7670_7601_HD_XL.jpg.webp?itok=v0J7YGwr
Finished download: https://live-brunner.pantheonsite.io/sites/default/files/styles/sm/public/oldImages/97937_Brunner_nate_7602_7602A_7670_7601_HD_XL.jpg.webp?itok=v0J7YGwr -> nate_Bar_stool_7601\image_10.jpg
Starting download with Playwright: https://live-brunner.pantheonsite.io/sites/default/files/styles/lg/public/oldImages/97937_Brunner_nate_7602_7602A_7670_7601_HD_XL.jpg.webp?itok=0l5neYQb
Finished download: https://live-brunner.pantheonsite.io/sites/default/files/styles/lg/public/oldImages/97937_Brunner_nate_7602_7602A_7670_7601_HD_XL.jpg.webp?itok=0l5neYQb -> nate_Bar_stool_7601\image_11.jpg
Starting download with Playwright: https://live-brunner.pantheonsite.io/sites/default/files/styles/original_webp/public/oldImages/97937_Brunner_nate_7602_7602A_7670_7601_HD_XL.jpg.webp?itok=5v300gRh
Finished download: https://live-brunner.pantheonsite.io/sites/default/files/styles/original_webp/public/oldImages/97937_Brunner_nate_7602_7602A_7670_7601_HD_XL.jpg.webp?itok=5v300gRh -> nate_Bar_stool_7601\image_12.jpg
Starting download with Playwright: https://live-brunner.pantheonsite.io/sites/default/files/styles/sm/public/oldImages/90581_nate_7649_revive2_923_grau_Schatten_XL.jpg.webp?itok=vWEne0f2
Finished download: https://live-brunner.pantheonsite.io/sites/default/files/styles/sm/public/oldImages/90581_nate_7649_revive2_923_grau_Schatten_XL.jpg.webp?itok=vWEne0f2 -> nate_Bar_stool_7601\image_13.jpg
Starting download with Playwright: https://live-brunner.pantheonsite.io/sites/default/files/styles/lg/public/oldImages/90581_nate_7649_revive2_923_grau_Schatten_XL.jpg.webp?itok=0Q_FH-Ao
Finished download: https://live-brunner.pantheonsite.io/sites/default/files/styles/lg/public/oldImages/90581_nate_7649_revive2_923_grau_Schatten_XL.jpg.webp?itok=0Q_FH-Ao -> nate_Bar_stool_7601\image_14.jpg
Starting download with Playwright: https://live-brunner.pantheonsite.io/sites/default/files/styles/original_webp/public/oldImages/90581_nate_7649_revive2_923_grau_Schatten_XL.jpg.webp?itok=7dQz1mAu
Finished download: https://live-brunner.pantheonsite.io/sites/default/files/styles/original_webp/public/oldImages/90581_nate_7649_revive2_923_grau_Schatten_XL.jpg.webp?itok=7dQz1mAu -> nate_Bar_stool_7601\image_15.jpg
Starting download with Playwright: https://live-brunner.pantheonsite.io/sites/default/files/styles/sm/public/oldImages/97935_Brunner_nate_7601_Detail_HD_XL.jpg.webp?itok=be2NLgyj
Finished download: https://live-brunner.pantheonsite.io/sites/default/files/styles/sm/public/oldImages/97935_Brunner_nate_7601_Detail_HD_XL.jpg.webp?itok=be2NLgyj -> nate_Bar_stool_7601\image_16.jpg
Starting download with Playwright: https://live-brunner.pantheonsite.io/sites/default/files/styles/lg/public/oldImages/97935_Brunner_nate_7601_Detail_HD_XL.jpg.webp?itok=n-PBP6DU
Finished download: https://live-brunner.pantheonsite.io/sites/default/files/styles/lg/public/oldImages/97935_Brunner_nate_7601_Detail_HD_XL.jpg.webp?itok=n-PBP6DU -> nate_Bar_stool_7601\image_17.jpg
Starting download with Playwright: https://live-brunner.pantheonsite.io/sites/default/files/styles/original_webp/public/oldImages/97935_Brunner_nate_7601_Detail_HD_XL.jpg.webp?itok=ZTdqvBX6
Finished download: https://live-brunner.pantheonsite.io/sites/default/files/styles/original_webp/public/oldImages/97935_Brunner_nate_7601_Detail_HD_XL.jpg.webp?itok=ZTdqvBX6 -> nate_Bar_stool_7601\image_18.jpg
Starting download with Playwright: https://live-brunner.pantheonsite.io/sites/default/files/styles/sm/public/oldImages/97934_Brunner_nate_7601_7648_oak_Freisteller_HD_XL.jpg.webp?itok=_92MNYaA
Finished download: https://live-brunner.pantheonsite.io/sites/default/files/styles/sm/public/oldImages/97934_Brunner_nate_7601_7648_oak_Freisteller_HD_XL.jpg.webp?itok=_92MNYaA -> nate_Bar_stool_7601\image_19.jpg
Starting download with Playwright: https://live-brunner.pantheonsite.io/sites/default/files/styles/lg/public/oldImages/97934_Brunner_nate_7601_7648_oak_Freisteller_HD_XL.jpg.webp?itok=8X47W9E_
Finished download: https://live-brunner.pantheonsite.io/sites/default/files/styles/lg/public/oldImages/97934_Brunner_nate_7601_7648_oak_Freisteller_HD_XL.jpg.webp?itok=8X47W9E_ -> nate_Bar_stool_7601\image_20.jpg
Starting download with Playwright: https://live-brunner.pantheonsite.io/sites/default/files/styles/original_webp/public/oldImages/97934_Brunner_nate_7601_7648_oak_Freisteller_HD_XL.jpg.webp?itok=xsWPSplE
Finished download: https://live-brunner.pantheonsite.io/sites/default/files/styles/original_webp/public/oldImages/97934_Brunner_nate_7601_7648_oak_Freisteller_HD_XL.jpg.webp?itok=xsWPSplE -> nate_Bar_stool_7601\image_21.jpg
Starting download with Playwright: https://live-brunner.pantheonsite.io/sites/default/files/styles/sm/public/oldImages/97932_Brunner_nate_7645_7646_oak_Freisteller_HD_XL.jpg.webp?itok=tAkqfMEq
Finished download: https://live-brunner.pantheonsite.io/sites/default/files/styles/sm/public/oldImages/97932_Brunner_nate_7645_7646_oak_Freisteller_HD_XL.jpg.webp?itok=tAkqfMEq -> nate_Bar_stool_7601\image_22.jpg
Starting download with Playwright: https://live-brunner.pantheonsite.io/sites/default/files/styles/lg/public/oldImages/97932_Brunner_nate_7645_7646_oak_Freisteller_HD_XL.jpg.webp?itok=rf3sJx-0
Finished download: https://live-brunner.pantheonsite.io/sites/default/files/styles/lg/public/oldImages/97932_Brunner_nate_7645_7646_oak_Freisteller_HD_XL.jpg.webp?itok=rf3sJx-0 -> nate_Bar_stool_7601\image_23.jpg
Starting download with Playwright: https://live-brunner.pantheonsite.io/sites/default/files/styles/original_webp/public/oldImages/97932_Brunner_nate_7645_7646_oak_Freisteller_HD_XL.jpg.webp?itok=2mi7P5C6
Finished download: https://live-brunner.pantheonsite.io/sites/default/files/styles/original_webp/public/oldImages/97932_Brunner_nate_7645_7646_oak_Freisteller_HD_XL.jpg.webp?itok=2mi7P5C6 -> nate_Bar_stool_7601\image_24.jpg
Starting download with Playwright: https://live-brunner.pantheonsite.io/sites/default/files/styles/sm/public/oldImages/90564_nate_7611_revive2_923_grau_Schatten_XL.jpg.webp?itok=8yv4a4bW
Finished download: https://live-brunner.pantheonsite.io/sites/default/files/styles/sm/public/oldImages/90564_nate_7611_revive2_923_grau_Schatten_XL.jpg.webp?itok=8yv4a4bW -> nate_Bar_stool_7601\image_25.jpg
Starting download with Playwright: https://live-brunner.pantheonsite.io/sites/default/files/styles/lg/public/oldImages/90564_nate_7611_revive2_923_grau_Schatten_XL.jpg.webp?itok=KnbOLNjH
Finished download: https://live-brunner.pantheonsite.io/sites/default/files/styles/lg/public/oldImages/90564_nate_7611_revive2_923_grau_Schatten_XL.jpg.webp?itok=KnbOLNjH -> nate_Bar_stool_7601\image_26.jpg
Starting download with Playwright: https://live-brunner.pantheonsite.io/sites/default/files/styles/original_webp/public/oldImages/90564_nate_7611_revive2_923_grau_Schatten_XL.jpg.webp?itok=WtUK0MVD
Finished download: https://live-brunner.pantheonsite.io/sites/default/files/styles/original_webp/public/oldImages/90564_nate_7611_revive2_923_grau_Schatten_XL.jpg.webp?itok=WtUK0MVD -> nate_Bar_stool_7601\image_27.jpg
Completed image downloads for product nate_Bar_stool_7601
Extracting features for product nate_Bar_stool_7601...
Features saved for product nate_Bar_stool_7601
Attempting to access Downloads tab for product nate_Bar_stool_7601...
Starting download of PDF: https://live-brunner.pantheonsite.io/sites/default/files/oldPdfs/Produktdatenblaetter/Produktdatenblaetter_EN/Brunner_product_data_sheet_nate_EN.pdf
Downloaded product_sheet.pdf for product nate_Bar_stool_7601
Opening URL for product nate_s_Bar_stool_7701: https://brunner-group.com/en/products/nate-s-bar-stool/?variant=7701
Images detected on page for nate_s_Bar_stool_7701, scrolling to load them...
Successfully opened URL for product nate_s_Bar_stool_7701
Extracting images for product nate_s_Bar_stool_7701...
Found 33 images for product nate_s_Bar_stool_7701
Starting download with Playwright: https://live-brunner.pantheonsite.io/sites/default/files/styles/sm/public/oldImages/105145_Brunner_boards_BO100_BO101_BO200_BO320_BO330_OF0330_OF0340_nate_s_7721_HD_XL.jpg.webp?itok=870Qf7UE
Finished download: https://live-brunner.pantheonsite.io/sites/default/files/styles/sm/public/oldImages/105145_Brunner_boards_BO100_BO101_BO200_BO320_BO330_OF0330_OF0340_nate_s_7721_HD_XL.jpg.webp?itok=870Qf7UE -> nate_s_Bar_stool_7701\image_1.jpg
Starting download with Playwright: https://live-brunner.pantheonsite.io/sites/default/files/styles/lg/public/oldImages/105145_Brunner_boards_BO100_BO101_BO200_BO320_BO330_OF0330_OF0340_nate_s_7721_HD_XL.jpg.webp?itok=u_Fd51cn
Finished download: https://live-brunner.pantheonsite.io/sites/default/files/styles/lg/public/oldImages/105145_Brunner_boards_BO100_BO101_BO200_BO320_BO330_OF0330_OF0340_nate_s_7721_HD_XL.jpg.webp?itok=u_Fd51cn -> nate_s_Bar_stool_7701\image_2.jpg
Starting download with Playwright: https://live-brunner.pantheonsite.io/sites/default/files/styles/original_webp/public/oldImages/105145_Brunner_boards_BO100_BO101_BO200_BO320_BO330_OF0330_OF0340_nate_s_7721_HD_XL.jpg.webp?itok=48ShOl4Y
Finished download: https://live-brunner.pantheonsite.io/sites/default/files/styles/original_webp/public/oldImages/105145_Brunner_boards_BO100_BO101_BO200_BO320_BO330_OF0330_OF0340_nate_s_7721_HD_XL.jpg.webp?itok=48ShOl4Y -> nate_s_Bar_stool_7701\image_3.jpg
Starting download with Playwright: https://live-brunner.pantheonsite.io/sites/default/files/styles/sm/public/oldImages/97985_Brunner_nate-s_7701_Detail_HD_XL.jpg.webp?itok=YpQdQvHC
Finished download: https://live-brunner.pantheonsite.io/sites/default/files/styles/sm/public/oldImages/97985_Brunner_nate-s_7701_Detail_HD_XL.jpg.webp?itok=YpQdQvHC -> nate_s_Bar_stool_7701\image_4.jpg
Starting download with Playwright: https://live-brunner.pantheonsite.io/sites/default/files/styles/lg/public/oldImages/97985_Brunner_nate-s_7701_Detail_HD_XL.jpg.webp?itok=5IJfYv7y
Finished download: https://live-brunner.pantheonsite.io/sites/default/files/styles/lg/public/oldImages/97985_Brunner_nate-s_7701_Detail_HD_XL.jpg.webp?itok=5IJfYv7y -> nate_s_Bar_stool_7701\image_5.jpg
Starting download with Playwright: https://live-brunner.pantheonsite.io/sites/default/files/styles/original_webp/public/oldImages/97985_Brunner_nate-s_7701_Detail_HD_XL.jpg.webp?itok=rqNXn83J
Finished download: https://live-brunner.pantheonsite.io/sites/default/files/styles/original_webp/public/oldImages/97985_Brunner_nate-s_7701_Detail_HD_XL.jpg.webp?itok=rqNXn83J -> nate_s_Bar_stool_7701\image_6.jpg
Starting download with Playwright: https://live-brunner.pantheonsite.io/sites/default/files/styles/sm/public/oldImages/110754_Brunner_nate_s_7721_dark_HD_XL.jpg.webp?itok=bSEoABLi
Finished download: https://live-brunner.pantheonsite.io/sites/default/files/styles/sm/public/oldImages/110754_Brunner_nate_s_7721_dark_HD_XL.jpg.webp?itok=bSEoABLi -> nate_s_Bar_stool_7701\image_7.jpg
Starting download with Playwright: https://live-brunner.pantheonsite.io/sites/default/files/styles/lg/public/oldImages/110754_Brunner_nate_s_7721_dark_HD_XL.jpg.webp?itok=MNmf-tHa
Finished download: https://live-brunner.pantheonsite.io/sites/default/files/styles/lg/public/oldImages/110754_Brunner_nate_s_7721_dark_HD_XL.jpg.webp?itok=MNmf-tHa -> nate_s_Bar_stool_7701\image_8.jpg
Starting download with Playwright: https://live-brunner.pantheonsite.io/sites/default/files/styles/original_webp/public/oldImages/110754_Brunner_nate_s_7721_dark_HD_XL.jpg.webp?itok=BAhXKigz
Finished download: https://live-brunner.pantheonsite.io/sites/default/files/styles/original_webp/public/oldImages/110754_Brunner_nate_s_7721_dark_HD_XL.jpg.webp?itok=BAhXKigz -> nate_s_Bar_stool_7701\image_9.jpg
Starting download with Playwright: https://live-brunner.pantheonsite.io/sites/default/files/styles/sm/public/oldImages/105146_Brunner_Future_Works_Projektraum-2_Einzel_03_HD_XL.jpg.webp?itok=PNMxYcHM
Finished download: https://live-brunner.pantheonsite.io/sites/default/files/styles/sm/public/oldImages/105146_Brunner_Future_Works_Projektraum-2_Einzel_03_HD_XL.jpg.webp?itok=PNMxYcHM -> nate_s_Bar_stool_7701\image_10.jpg
Starting download with Playwright: https://live-brunner.pantheonsite.io/sites/default/files/styles/lg/public/oldImages/105146_Brunner_Future_Works_Projektraum-2_Einzel_03_HD_XL.jpg.webp?itok=dd50uRqF
Finished download: https://live-brunner.pantheonsite.io/sites/default/files/styles/lg/public/oldImages/105146_Brunner_Future_Works_Projektraum-2_Einzel_03_HD_XL.jpg.webp?itok=dd50uRqF -> nate_s_Bar_stool_7701\image_11.jpg
Starting download with Playwright: https://live-brunner.pantheonsite.io/sites/default/files/styles/original_webp/public/oldImages/105146_Brunner_Future_Works_Projektraum-2_Einzel_03_HD_XL.jpg.webp?itok=1IYIiNiX
Finished download: https://live-brunner.pantheonsite.io/sites/default/files/styles/original_webp/public/oldImages/105146_Brunner_Future_Works_Projektraum-2_Einzel_03_HD_XL.jpg.webp?itok=1IYIiNiX -> nate_s_Bar_stool_7701\image_12.jpg
Starting download with Playwright: https://live-brunner.pantheonsite.io/sites/default/files/styles/sm/public/oldImages/105157_Brunner_nate_s_7749_Grau_Schatten_HD_XL.jpg.webp?itok=d0wzHQxK
Finished download: https://live-brunner.pantheonsite.io/sites/default/files/styles/sm/public/oldImages/105157_Brunner_nate_s_7749_Grau_Schatten_HD_XL.jpg.webp?itok=d0wzHQxK -> nate_s_Bar_stool_7701\image_13.jpg
Starting download with Playwright: https://live-brunner.pantheonsite.io/sites/default/files/styles/lg/public/oldImages/105157_Brunner_nate_s_7749_Grau_Schatten_HD_XL.jpg.webp?itok=i1W4Sqq5
Finished download: https://live-brunner.pantheonsite.io/sites/default/files/styles/lg/public/oldImages/105157_Brunner_nate_s_7749_Grau_Schatten_HD_XL.jpg.webp?itok=i1W4Sqq5 -> nate_s_Bar_stool_7701\image_14.jpg
Starting download with Playwright: https://live-brunner.pantheonsite.io/sites/default/files/styles/original_webp/public/oldImages/105157_Brunner_nate_s_7749_Grau_Schatten_HD_XL.jpg.webp?itok=MSn1kkGY
Finished download: https://live-brunner.pantheonsite.io/sites/default/files/styles/original_webp/public/oldImages/105157_Brunner_nate_s_7749_Grau_Schatten_HD_XL.jpg.webp?itok=MSn1kkGY -> nate_s_Bar_stool_7701\image_15.jpg
Starting download with Playwright: https://live-brunner.pantheonsite.io/sites/default/files/styles/sm/public/oldImages/110753_Brunner_nate_s_7721_Detail_dark_HD_XL.jpg.webp?itok=qsLPmK3z
Finished download: https://live-brunner.pantheonsite.io/sites/default/files/styles/sm/public/oldImages/110753_Brunner_nate_s_7721_Detail_dark_HD_XL.jpg.webp?itok=qsLPmK3z -> nate_s_Bar_stool_7701\image_16.jpg
Starting download with Playwright: https://live-brunner.pantheonsite.io/sites/default/files/styles/lg/public/oldImages/110753_Brunner_nate_s_7721_Detail_dark_HD_XL.jpg.webp?itok=o_IH1_i5
Finished download: https://live-brunner.pantheonsite.io/sites/default/files/styles/lg/public/oldImages/110753_Brunner_nate_s_7721_Detail_dark_HD_XL.jpg.webp?itok=o_IH1_i5 -> nate_s_Bar_stool_7701\image_17.jpg
Starting download with Playwright: https://live-brunner.pantheonsite.io/sites/default/files/styles/original_webp/public/oldImages/110753_Brunner_nate_s_7721_Detail_dark_HD_XL.jpg.webp?itok=5rTDNfW_
Finished download: https://live-brunner.pantheonsite.io/sites/default/files/styles/original_webp/public/oldImages/110753_Brunner_nate_s_7721_Detail_dark_HD_XL.jpg.webp?itok=5rTDNfW_ -> nate_s_Bar_stool_7701\image_18.jpg
Starting download with Playwright: https://live-brunner.pantheonsite.io/sites/default/files/styles/sm/public/oldImages/105149_Brunner_nate_s_7721_HD_XL.jpg.webp?itok=gmNjMUMi
Finished download: https://live-brunner.pantheonsite.io/sites/default/files/styles/sm/public/oldImages/105149_Brunner_nate_s_7721_HD_XL.jpg.webp?itok=gmNjMUMi -> nate_s_Bar_stool_7701\image_19.jpg
Starting download with Playwright: https://live-brunner.pantheonsite.io/sites/default/files/styles/lg/public/oldImages/105149_Brunner_nate_s_7721_HD_XL.jpg.webp?itok=IS7GVIto
Finished download: https://live-brunner.pantheonsite.io/sites/default/files/styles/lg/public/oldImages/105149_Brunner_nate_s_7721_HD_XL.jpg.webp?itok=IS7GVIto -> nate_s_Bar_stool_7701\image_20.jpg
Starting download with Playwright: https://live-brunner.pantheonsite.io/sites/default/files/styles/original_webp/public/oldImages/105149_Brunner_nate_s_7721_HD_XL.jpg.webp?itok=eStytu0T
Finished download: https://live-brunner.pantheonsite.io/sites/default/files/styles/original_webp/public/oldImages/105149_Brunner_nate_s_7721_HD_XL.jpg.webp?itok=eStytu0T -> nate_s_Bar_stool_7701\image_21.jpg
Starting download with Playwright: https://live-brunner.pantheonsite.io/sites/default/files/styles/sm/public/oldImages/97986_Brunner_nate-s_7748_7770_Detail_HD_XL.jpg.webp?itok=SEtElLVD
Finished download: https://live-brunner.pantheonsite.io/sites/default/files/styles/sm/public/oldImages/97986_Brunner_nate-s_7748_7770_Detail_HD_XL.jpg.webp?itok=SEtElLVD -> nate_s_Bar_stool_7701\image_22.jpg
Starting download with Playwright: https://live-brunner.pantheonsite.io/sites/default/files/styles/lg/public/oldImages/97986_Brunner_nate-s_7748_7770_Detail_HD_XL.jpg.webp?itok=-QN_KJUt
Finished download: https://live-brunner.pantheonsite.io/sites/default/files/styles/lg/public/oldImages/97986_Brunner_nate-s_7748_7770_Detail_HD_XL.jpg.webp?itok=-QN_KJUt -> nate_s_Bar_stool_7701\image_23.jpg
Starting download with Playwright: https://live-brunner.pantheonsite.io/sites/default/files/styles/original_webp/public/oldImages/97986_Brunner_nate-s_7748_7770_Detail_HD_XL.jpg.webp?itok=iY-BCmEe
Finished download: https://live-brunner.pantheonsite.io/sites/default/files/styles/original_webp/public/oldImages/97986_Brunner_nate-s_7748_7770_Detail_HD_XL.jpg.webp?itok=iY-BCmEe -> nate_s_Bar_stool_7701\image_24.jpg
Starting download with Playwright: https://live-brunner.pantheonsite.io/sites/default/files/styles/sm/public/oldImages/105156_Brunner_nate_s_7746_Grau_Schatten_HD_XL.jpg.webp?itok=7NIipGl0
Finished download: https://live-brunner.pantheonsite.io/sites/default/files/styles/sm/public/oldImages/105156_Brunner_nate_s_7746_Grau_Schatten_HD_XL.jpg.webp?itok=7NIipGl0 -> nate_s_Bar_stool_7701\image_25.jpg
Starting download with Playwright: https://live-brunner.pantheonsite.io/sites/default/files/styles/lg/public/oldImages/105156_Brunner_nate_s_7746_Grau_Schatten_HD_XL.jpg.webp?itok=kdIyS-qj
Finished download: https://live-brunner.pantheonsite.io/sites/default/files/styles/lg/public/oldImages/105156_Brunner_nate_s_7746_Grau_Schatten_HD_XL.jpg.webp?itok=kdIyS-qj -> nate_s_Bar_stool_7701\image_26.jpg
Starting download with Playwright: https://live-brunner.pantheonsite.io/sites/default/files/styles/original_webp/public/oldImages/105156_Brunner_nate_s_7746_Grau_Schatten_HD_XL.jpg.webp?itok=16zKfQ8p
Finished download: https://live-brunner.pantheonsite.io/sites/default/files/styles/original_webp/public/oldImages/105156_Brunner_nate_s_7746_Grau_Schatten_HD_XL.jpg.webp?itok=16zKfQ8p -> nate_s_Bar_stool_7701\image_27.jpg
Starting download with Playwright: https://live-brunner.pantheonsite.io/sites/default/files/styles/sm/public/oldImages/105158_nate_s_7711_revive2_923_Grau_Schatten_XL.jpg.webp?itok=6tlbXaz7
Finished download: https://live-brunner.pantheonsite.io/sites/default/files/styles/sm/public/oldImages/105158_nate_s_7711_revive2_923_Grau_Schatten_XL.jpg.webp?itok=6tlbXaz7 -> nate_s_Bar_stool_7701\image_28.jpg
Starting download with Playwright: https://live-brunner.pantheonsite.io/sites/default/files/styles/lg/public/oldImages/105158_nate_s_7711_revive2_923_Grau_Schatten_XL.jpg.webp?itok=tVMYEfvE
Finished download: https://live-brunner.pantheonsite.io/sites/default/files/styles/lg/public/oldImages/105158_nate_s_7711_revive2_923_Grau_Schatten_XL.jpg.webp?itok=tVMYEfvE -> nate_s_Bar_stool_7701\image_29.jpg
Starting download with Playwright: https://live-brunner.pantheonsite.io/sites/default/files/styles/original_webp/public/oldImages/105158_nate_s_7711_revive2_923_Grau_Schatten_XL.jpg.webp?itok=xVfbpcIy
Finished download: https://live-brunner.pantheonsite.io/sites/default/files/styles/original_webp/public/oldImages/105158_nate_s_7711_revive2_923_Grau_Schatten_XL.jpg.webp?itok=xVfbpcIy -> nate_s_Bar_stool_7701\image_30.jpg
Starting download with Playwright: https://live-brunner.pantheonsite.io/sites/default/files/styles/sm/public/oldImages/105151_Brunner_nate_s_7748_Rollen_Grau_Schatten_HD_XL.jpg.webp?itok=4QEKWlDB
Finished download: https://live-brunner.pantheonsite.io/sites/default/files/styles/sm/public/oldImages/105151_Brunner_nate_s_7748_Rollen_Grau_Schatten_HD_XL.jpg.webp?itok=4QEKWlDB -> nate_s_Bar_stool_7701\image_31.jpg
Starting download with Playwright: https://live-brunner.pantheonsite.io/sites/default/files/styles/lg/public/oldImages/105151_Brunner_nate_s_7748_Rollen_Grau_Schatten_HD_XL.jpg.webp?itok=6nla1Hfi
Finished download: https://live-brunner.pantheonsite.io/sites/default/files/styles/lg/public/oldImages/105151_Brunner_nate_s_7748_Rollen_Grau_Schatten_HD_XL.jpg.webp?itok=6nla1Hfi -> nate_s_Bar_stool_7701\image_32.jpg
Starting download with Playwright: https://live-brunner.pantheonsite.io/sites/default/files/styles/original_webp/public/oldImages/105151_Brunner_nate_s_7748_Rollen_Grau_Schatten_HD_XL.jpg.webp?itok=SFgFYoZw
Finished download: https://live-brunner.pantheonsite.io/sites/default/files/styles/original_webp/public/oldImages/105151_Brunner_nate_s_7748_Rollen_Grau_Schatten_HD_XL.jpg.webp?itok=SFgFYoZw -> nate_s_Bar_stool_7701\image_33.jpg
Completed image downloads for product nate_s_Bar_stool_7701
Extracting features for product nate_s_Bar_stool_7701...
Features saved for product nate_s_Bar_stool_7701
Attempting to access Downloads tab for product nate_s_Bar_stool_7701...
Starting download of PDF: https://live-brunner.pantheonsite.io/sites/default/files/oldPdfs/Produktdatenblaetter/Produktdatenblaetter_EN/Brunner_product_data_sheet_nate_s_EN.pdf
Downloaded product_sheet.pdf for product nate_s_Bar_stool_7701
Opening URL for product oval_Single-seater_1501-0300: https://brunner-group.com/en/products/oval-single-seater/?variant=1501-0300
Images detected on page for oval_Single-seater_1501-0300, scrolling to load them...
Successfully opened URL for product oval_Single-seater_1501-0300
Extracting images for product oval_Single-seater_1501-0300...
Found 39 images for product oval_Single-seater_1501-0300
Starting download with Playwright: https://live-brunner.pantheonsite.io/sites/default/files/styles/sm/public/oldImages/105017_Brunner_oval_8084_01_HD_XL.jpg.webp?itok=Dt_oYVIH
Finished download: https://live-brunner.pantheonsite.io/sites/default/files/styles/sm/public/oldImages/105017_Brunner_oval_8084_01_HD_XL.jpg.webp?itok=Dt_oYVIH -> oval_Single-seater_1501-0300\image_1.jpg
Starting download with Playwright: https://live-brunner.pantheonsite.io/sites/default/files/styles/lg/public/oldImages/105017_Brunner_oval_8084_01_HD_XL.jpg.webp?itok=7YNx1rPo
Finished download: https://live-brunner.pantheonsite.io/sites/default/files/styles/lg/public/oldImages/105017_Brunner_oval_8084_01_HD_XL.jpg.webp?itok=7YNx1rPo -> oval_Single-seater_1501-0300\image_2.jpg
Starting download with Playwright: https://live-brunner.pantheonsite.io/sites/default/files/styles/original_webp/public/oldImages/105017_Brunner_oval_8084_01_HD_XL.jpg.webp?itok=mp9tSeKO
Finished download: https://live-brunner.pantheonsite.io/sites/default/files/styles/original_webp/public/oldImages/105017_Brunner_oval_8084_01_HD_XL.jpg.webp?itok=mp9tSeKO -> oval_Single-seater_1501-0300\image_3.jpg
Starting download with Playwright: https://live-brunner.pantheonsite.io/sites/default/files/styles/sm/public/oldImages/106959_Brunner_oval_video_single_seater_thumbnail_XL.jpg.webp?itok=XFhIzx7p
Finished download: https://live-brunner.pantheonsite.io/sites/default/files/styles/sm/public/oldImages/106959_Brunner_oval_video_single_seater_thumbnail_XL.jpg.webp?itok=XFhIzx7p -> oval_Single-seater_1501-0300\image_4.jpg
Starting download with Playwright: https://live-brunner.pantheonsite.io/sites/default/files/styles/lg/public/oldImages/106959_Brunner_oval_video_single_seater_thumbnail_XL.jpg.webp?itok=cKuGzWWy
Finished download: https://live-brunner.pantheonsite.io/sites/default/files/styles/lg/public/oldImages/106959_Brunner_oval_video_single_seater_thumbnail_XL.jpg.webp?itok=cKuGzWWy -> oval_Single-seater_1501-0300\image_5.jpg
Starting download with Playwright: https://live-brunner.pantheonsite.io/sites/default/files/styles/original_webp/public/oldImages/106959_Brunner_oval_video_single_seater_thumbnail_XL.jpg.webp?itok=uNottoiy
Finished download: https://live-brunner.pantheonsite.io/sites/default/files/styles/original_webp/public/oldImages/106959_Brunner_oval_video_single_seater_thumbnail_XL.jpg.webp?itok=uNottoiy -> oval_Single-seater_1501-0300\image_6.jpg
Starting download with Playwright: https://live-brunner.pantheonsite.io/sites/default/files/styles/sm/public/oldImages/106875_Brunner_oval_1501_0300_Detail_1500_0020_HD_XL.jpg.webp?itok=k3Vere8V
Finished download: https://live-brunner.pantheonsite.io/sites/default/files/styles/sm/public/oldImages/106875_Brunner_oval_1501_0300_Detail_1500_0020_HD_XL.jpg.webp?itok=k3Vere8V -> oval_Single-seater_1501-0300\image_7.jpg
Starting download with Playwright: https://live-brunner.pantheonsite.io/sites/default/files/styles/lg/public/oldImages/106875_Brunner_oval_1501_0300_Detail_1500_0020_HD_XL.jpg.webp?itok=fRrHvp4V
Finished download: https://live-brunner.pantheonsite.io/sites/default/files/styles/lg/public/oldImages/106875_Brunner_oval_1501_0300_Detail_1500_0020_HD_XL.jpg.webp?itok=fRrHvp4V -> oval_Single-seater_1501-0300\image_8.jpg
Starting download with Playwright: https://live-brunner.pantheonsite.io/sites/default/files/styles/original_webp/public/oldImages/106875_Brunner_oval_1501_0300_Detail_1500_0020_HD_XL.jpg.webp?itok=Sf3HisG3
Finished download: https://live-brunner.pantheonsite.io/sites/default/files/styles/original_webp/public/oldImages/106875_Brunner_oval_1501_0300_Detail_1500_0020_HD_XL.jpg.webp?itok=Sf3HisG3 -> oval_Single-seater_1501-0300\image_9.jpg
Starting download with Playwright: https://live-brunner.pantheonsite.io/sites/default/files/styles/sm/public/oldImages/106867_Brunner_oval_1501_0110_1502_0110_1502_0210_1502_0120_1503_0110_1505_1150_1520_0100_1510_0100_1501_0200_1501_0300_1500_0020_valet_VT_1000_VT_1001_VT_1002_VT_1003_HD_XL.jpg.webp?itok=tna-A1ya
Finished download: https://live-brunner.pantheonsite.io/sites/default/files/styles/sm/public/oldImages/106867_Brunner_oval_1501_0110_1502_0110_1502_0210_1502_0120_1503_0110_1505_1150_1520_0100_1510_0100_1501_0200_1501_0300_1500_0020_valet_VT_1000_VT_1001_VT_1002_VT_1003_HD_XL.jpg.webp?itok=tna-A1ya -> oval_Single-seater_1501-0300\image_10.jpg
Starting download with Playwright: https://live-brunner.pantheonsite.io/sites/default/files/styles/lg/public/oldImages/106867_Brunner_oval_1501_0110_1502_0110_1502_0210_1502_0120_1503_0110_1505_1150_1520_0100_1510_0100_1501_0200_1501_0300_1500_0020_valet_VT_1000_VT_1001_VT_1002_VT_1003_HD_XL.jpg.webp?itok=oBYVrppl
Finished download: https://live-brunner.pantheonsite.io/sites/default/files/styles/lg/public/oldImages/106867_Brunner_oval_1501_0110_1502_0110_1502_0210_1502_0120_1503_0110_1505_1150_1520_0100_1510_0100_1501_0200_1501_0300_1500_0020_valet_VT_1000_VT_1001_VT_1002_VT_1003_HD_XL.jpg.webp?itok=oBYVrppl -> oval_Single-seater_1501-0300\image_11.jpg
Starting download with Playwright: https://live-brunner.pantheonsite.io/sites/default/files/styles/original_webp/public/oldImages/106867_Brunner_oval_1501_0110_1502_0110_1502_0210_1502_0120_1503_0110_1505_1150_1520_0100_1510_0100_1501_0200_1501_0300_1500_0020_valet_VT_1000_VT_1001_VT_1002_VT_1003_HD_XL.jpg.webp?itok=G8F5dgly
Finished download: https://live-brunner.pantheonsite.io/sites/default/files/styles/original_webp/public/oldImages/106867_Brunner_oval_1501_0110_1502_0110_1502_0210_1502_0120_1503_0110_1505_1150_1520_0100_1510_0100_1501_0200_1501_0300_1500_0020_valet_VT_1000_VT_1001_VT_1002_VT_1003_HD_XL.jpg.webp?itok=G8F5dgly -> oval_Single-seater_1501-0300\image_12.jpg
Starting download with Playwright: https://live-brunner.pantheonsite.io/sites/default/files/styles/sm/public/oldImages/106870_Brunner_oval_1502_0120_1501_0200_1502_0210_valet_VT_1000_VT_1002_VT_1003_HD_XL.jpg.webp?itok=5-5rjL0g
Finished download: https://live-brunner.pantheonsite.io/sites/default/files/styles/sm/public/oldImages/106870_Brunner_oval_1502_0120_1501_0200_1502_0210_valet_VT_1000_VT_1002_VT_1003_HD_XL.jpg.webp?itok=5-5rjL0g -> oval_Single-seater_1501-0300\image_13.jpg
Starting download with Playwright: https://live-brunner.pantheonsite.io/sites/default/files/styles/lg/public/oldImages/106870_Brunner_oval_1502_0120_1501_0200_1502_0210_valet_VT_1000_VT_1002_VT_1003_HD_XL.jpg.webp?itok=yGlFnqQv
Finished download: https://live-brunner.pantheonsite.io/sites/default/files/styles/lg/public/oldImages/106870_Brunner_oval_1502_0120_1501_0200_1502_0210_valet_VT_1000_VT_1002_VT_1003_HD_XL.jpg.webp?itok=yGlFnqQv -> oval_Single-seater_1501-0300\image_14.jpg
Starting download with Playwright: https://live-brunner.pantheonsite.io/sites/default/files/styles/original_webp/public/oldImages/106870_Brunner_oval_1502_0120_1501_0200_1502_0210_valet_VT_1000_VT_1002_VT_1003_HD_XL.jpg.webp?itok=qGR-U9bq
Finished download: https://live-brunner.pantheonsite.io/sites/default/files/styles/original_webp/public/oldImages/106870_Brunner_oval_1502_0120_1501_0200_1502_0210_valet_VT_1000_VT_1002_VT_1003_HD_XL.jpg.webp?itok=qGR-U9bq -> oval_Single-seater_1501-0300\image_15.jpg
Starting download with Playwright: https://live-brunner.pantheonsite.io/sites/default/files/styles/sm/public/oldImages/105015_Brunner_oval_8084_02_HD_XL.jpg.webp?itok=5kCdnhRj
Finished download: https://live-brunner.pantheonsite.io/sites/default/files/styles/sm/public/oldImages/105015_Brunner_oval_8084_02_HD_XL.jpg.webp?itok=5kCdnhRj -> oval_Single-seater_1501-0300\image_16.jpg
Starting download with Playwright: https://live-brunner.pantheonsite.io/sites/default/files/styles/lg/public/oldImages/105015_Brunner_oval_8084_02_HD_XL.jpg.webp?itok=hgNaScgW
Finished download: https://live-brunner.pantheonsite.io/sites/default/files/styles/lg/public/oldImages/105015_Brunner_oval_8084_02_HD_XL.jpg.webp?itok=hgNaScgW -> oval_Single-seater_1501-0300\image_17.jpg
Starting download with Playwright: https://live-brunner.pantheonsite.io/sites/default/files/styles/original_webp/public/oldImages/105015_Brunner_oval_8084_02_HD_XL.jpg.webp?itok=dDR3sCgI
Finished download: https://live-brunner.pantheonsite.io/sites/default/files/styles/original_webp/public/oldImages/105015_Brunner_oval_8084_02_HD_XL.jpg.webp?itok=dDR3sCgI -> oval_Single-seater_1501-0300\image_18.jpg
Starting download with Playwright: https://live-brunner.pantheonsite.io/sites/default/files/styles/sm/public/oldImages/105120_Brunner_oval_Sessel_Niedrig_einfarbig_Grau_Schatten_HD_XL.jpg.webp?itok=qz4hIeK-
Finished download: https://live-brunner.pantheonsite.io/sites/default/files/styles/sm/public/oldImages/105120_Brunner_oval_Sessel_Niedrig_einfarbig_Grau_Schatten_HD_XL.jpg.webp?itok=qz4hIeK- -> oval_Single-seater_1501-0300\image_19.jpg
Starting download with Playwright: https://live-brunner.pantheonsite.io/sites/default/files/styles/lg/public/oldImages/105120_Brunner_oval_Sessel_Niedrig_einfarbig_Grau_Schatten_HD_XL.jpg.webp?itok=OS1mUGNv
Finished download: https://live-brunner.pantheonsite.io/sites/default/files/styles/lg/public/oldImages/105120_Brunner_oval_Sessel_Niedrig_einfarbig_Grau_Schatten_HD_XL.jpg.webp?itok=OS1mUGNv -> oval_Single-seater_1501-0300\image_20.jpg
Starting download with Playwright: https://live-brunner.pantheonsite.io/sites/default/files/styles/original_webp/public/oldImages/105120_Brunner_oval_Sessel_Niedrig_einfarbig_Grau_Schatten_HD_XL.jpg.webp?itok=gZbPt3pz
Finished download: https://live-brunner.pantheonsite.io/sites/default/files/styles/original_webp/public/oldImages/105120_Brunner_oval_Sessel_Niedrig_einfarbig_Grau_Schatten_HD_XL.jpg.webp?itok=gZbPt3pz -> oval_Single-seater_1501-0300\image_21.jpg
Starting download with Playwright: https://live-brunner.pantheonsite.io/sites/default/files/styles/sm/public/oldImages/106872_Brunner_oval_1505_1150_1501_0110_1501_0200_1502_0120_valet_VT_1000_VT_1001_VT_1002_HD_XL.jpg.webp?itok=K0sTejCu
Finished download: https://live-brunner.pantheonsite.io/sites/default/files/styles/sm/public/oldImages/106872_Brunner_oval_1505_1150_1501_0110_1501_0200_1502_0120_valet_VT_1000_VT_1001_VT_1002_HD_XL.jpg.webp?itok=K0sTejCu -> oval_Single-seater_1501-0300\image_22.jpg
Starting download with Playwright: https://live-brunner.pantheonsite.io/sites/default/files/styles/lg/public/oldImages/106872_Brunner_oval_1505_1150_1501_0110_1501_0200_1502_0120_valet_VT_1000_VT_1001_VT_1002_HD_XL.jpg.webp?itok=5kolAYWW
Finished download: https://live-brunner.pantheonsite.io/sites/default/files/styles/lg/public/oldImages/106872_Brunner_oval_1505_1150_1501_0110_1501_0200_1502_0120_valet_VT_1000_VT_1001_VT_1002_HD_XL.jpg.webp?itok=5kolAYWW -> oval_Single-seater_1501-0300\image_23.jpg
Starting download with Playwright: https://live-brunner.pantheonsite.io/sites/default/files/styles/original_webp/public/oldImages/106872_Brunner_oval_1505_1150_1501_0110_1501_0200_1502_0120_valet_VT_1000_VT_1001_VT_1002_HD_XL.jpg.webp?itok=bSfOlbVZ
Finished download: https://live-brunner.pantheonsite.io/sites/default/files/styles/original_webp/public/oldImages/106872_Brunner_oval_1505_1150_1501_0110_1501_0200_1502_0120_valet_VT_1000_VT_1001_VT_1002_HD_XL.jpg.webp?itok=bSfOlbVZ -> oval_Single-seater_1501-0300\image_24.jpg
Starting download with Playwright: https://live-brunner.pantheonsite.io/sites/default/files/styles/sm/public/oldImages/106876_Brunner_oval_1501_0300_HD_XL.jpg.webp?itok=Opisqw9p
Finished download: https://live-brunner.pantheonsite.io/sites/default/files/styles/sm/public/oldImages/106876_Brunner_oval_1501_0300_HD_XL.jpg.webp?itok=Opisqw9p -> oval_Single-seater_1501-0300\image_25.jpg
Starting download with Playwright: https://live-brunner.pantheonsite.io/sites/default/files/styles/lg/public/oldImages/106876_Brunner_oval_1501_0300_HD_XL.jpg.webp?itok=4oKl03Dr
Finished download: https://live-brunner.pantheonsite.io/sites/default/files/styles/lg/public/oldImages/106876_Brunner_oval_1501_0300_HD_XL.jpg.webp?itok=4oKl03Dr -> oval_Single-seater_1501-0300\image_26.jpg
Starting download with Playwright: https://live-brunner.pantheonsite.io/sites/default/files/styles/original_webp/public/oldImages/106876_Brunner_oval_1501_0300_HD_XL.jpg.webp?itok=wU4u9luf
Finished download: https://live-brunner.pantheonsite.io/sites/default/files/styles/original_webp/public/oldImages/106876_Brunner_oval_1501_0300_HD_XL.jpg.webp?itok=wU4u9luf -> oval_Single-seater_1501-0300\image_27.jpg
Starting download with Playwright: https://live-brunner.pantheonsite.io/sites/default/files/styles/sm/public/oldImages/106877_Brunner_oval_1502_0110_1505_1150_1501_0200_1501_0300_1500_0020_valet_VT_1000_VT_1001_VT_1002_HD_XL.jpg.webp?itok=t9g1JCSR
Finished download: https://live-brunner.pantheonsite.io/sites/default/files/styles/sm/public/oldImages/106877_Brunner_oval_1502_0110_1505_1150_1501_0200_1501_0300_1500_0020_valet_VT_1000_VT_1001_VT_1002_HD_XL.jpg.webp?itok=t9g1JCSR -> oval_Single-seater_1501-0300\image_28.jpg
Starting download with Playwright: https://live-brunner.pantheonsite.io/sites/default/files/styles/lg/public/oldImages/106877_Brunner_oval_1502_0110_1505_1150_1501_0200_1501_0300_1500_0020_valet_VT_1000_VT_1001_VT_1002_HD_XL.jpg.webp?itok=W4x3TNYN
Finished download: https://live-brunner.pantheonsite.io/sites/default/files/styles/lg/public/oldImages/106877_Brunner_oval_1502_0110_1505_1150_1501_0200_1501_0300_1500_0020_valet_VT_1000_VT_1001_VT_1002_HD_XL.jpg.webp?itok=W4x3TNYN -> oval_Single-seater_1501-0300\image_29.jpg
Starting download with Playwright: https://live-brunner.pantheonsite.io/sites/default/files/styles/original_webp/public/oldImages/106877_Brunner_oval_1502_0110_1505_1150_1501_0200_1501_0300_1500_0020_valet_VT_1000_VT_1001_VT_1002_HD_XL.jpg.webp?itok=qDkqBD_X
Finished download: https://live-brunner.pantheonsite.io/sites/default/files/styles/original_webp/public/oldImages/106877_Brunner_oval_1502_0110_1505_1150_1501_0200_1501_0300_1500_0020_valet_VT_1000_VT_1001_VT_1002_HD_XL.jpg.webp?itok=qDkqBD_X -> oval_Single-seater_1501-0300\image_30.jpg
Starting download with Playwright: https://live-brunner.pantheonsite.io/sites/default/files/styles/sm/public/oldImages/105119_Brunner_oval_Sessel_Hoch_Rollen_Tablar_Grau_Schatten_HD_XL.jpg.webp?itok=fgPSNsSY
Finished download: https://live-brunner.pantheonsite.io/sites/default/files/styles/sm/public/oldImages/105119_Brunner_oval_Sessel_Hoch_Rollen_Tablar_Grau_Schatten_HD_XL.jpg.webp?itok=fgPSNsSY -> oval_Single-seater_1501-0300\image_31.jpg
Starting download with Playwright: https://live-brunner.pantheonsite.io/sites/default/files/styles/lg/public/oldImages/105119_Brunner_oval_Sessel_Hoch_Rollen_Tablar_Grau_Schatten_HD_XL.jpg.webp?itok=uFD4x9B5
Finished download: https://live-brunner.pantheonsite.io/sites/default/files/styles/lg/public/oldImages/105119_Brunner_oval_Sessel_Hoch_Rollen_Tablar_Grau_Schatten_HD_XL.jpg.webp?itok=uFD4x9B5 -> oval_Single-seater_1501-0300\image_32.jpg
Starting download with Playwright: https://live-brunner.pantheonsite.io/sites/default/files/styles/original_webp/public/oldImages/105119_Brunner_oval_Sessel_Hoch_Rollen_Tablar_Grau_Schatten_HD_XL.jpg.webp?itok=6sRwmvHT
Finished download: https://live-brunner.pantheonsite.io/sites/default/files/styles/original_webp/public/oldImages/105119_Brunner_oval_Sessel_Hoch_Rollen_Tablar_Grau_Schatten_HD_XL.jpg.webp?itok=6sRwmvHT -> oval_Single-seater_1501-0300\image_33.jpg
Starting download with Playwright: https://live-brunner.pantheonsite.io/sites/default/files/styles/sm/public/oldImages/106987_Brunner_oval_animation_thumbnail_XL.jpg.webp?itok=6SYpS2Dp
Finished download: https://live-brunner.pantheonsite.io/sites/default/files/styles/sm/public/oldImages/106987_Brunner_oval_animation_thumbnail_XL.jpg.webp?itok=6SYpS2Dp -> oval_Single-seater_1501-0300\image_34.jpg
Starting download with Playwright: https://live-brunner.pantheonsite.io/sites/default/files/styles/lg/public/oldImages/106987_Brunner_oval_animation_thumbnail_XL.jpg.webp?itok=RN5L-2gu
Finished download: https://live-brunner.pantheonsite.io/sites/default/files/styles/lg/public/oldImages/106987_Brunner_oval_animation_thumbnail_XL.jpg.webp?itok=RN5L-2gu -> oval_Single-seater_1501-0300\image_35.jpg
Starting download with Playwright: https://live-brunner.pantheonsite.io/sites/default/files/styles/original_webp/public/oldImages/106987_Brunner_oval_animation_thumbnail_XL.jpg.webp?itok=OpuhYE_V
Finished download: https://live-brunner.pantheonsite.io/sites/default/files/styles/original_webp/public/oldImages/106987_Brunner_oval_animation_thumbnail_XL.jpg.webp?itok=OpuhYE_V -> oval_Single-seater_1501-0300\image_36.jpg
Starting download with Playwright: https://live-brunner.pantheonsite.io/sites/default/files/styles/sm/public/oldImages/106873_Brunner_oval_1510_0200_1501_0300_1500_0020_HD_XL.jpg.webp?itok=C8xGvR3U
Finished download: https://live-brunner.pantheonsite.io/sites/default/files/styles/sm/public/oldImages/106873_Brunner_oval_1510_0200_1501_0300_1500_0020_HD_XL.jpg.webp?itok=C8xGvR3U -> oval_Single-seater_1501-0300\image_37.jpg
Starting download with Playwright: https://live-brunner.pantheonsite.io/sites/default/files/styles/lg/public/oldImages/106873_Brunner_oval_1510_0200_1501_0300_1500_0020_HD_XL.jpg.webp?itok=dSMB-USD
Finished download: https://live-brunner.pantheonsite.io/sites/default/files/styles/lg/public/oldImages/106873_Brunner_oval_1510_0200_1501_0300_1500_0020_HD_XL.jpg.webp?itok=dSMB-USD -> oval_Single-seater_1501-0300\image_38.jpg
Starting download with Playwright: https://live-brunner.pantheonsite.io/sites/default/files/styles/original_webp/public/oldImages/106873_Brunner_oval_1510_0200_1501_0300_1500_0020_HD_XL.jpg.webp?itok=rAAWA_xQ
Finished download: https://live-brunner.pantheonsite.io/sites/default/files/styles/original_webp/public/oldImages/106873_Brunner_oval_1510_0200_1501_0300_1500_0020_HD_XL.jpg.webp?itok=rAAWA_xQ -> oval_Single-seater_1501-0300\image_39.jpg
Completed image downloads for product oval_Single-seater_1501-0300
Extracting features for product oval_Single-seater_1501-0300...
Features saved for product oval_Single-seater_1501-0300
Attempting to access Downloads tab for product oval_Single-seater_1501-0300...
Starting download of PDF: https://live-brunner.pantheonsite.io/sites/default/files/oldPdfs/Produktdatenblaetter/Produktdatenblaetter_EN/Brunner_product_data_sheet_oval_EN.pdf
Downloaded product_sheet.pdf for product oval_Single-seater_1501-0300
Opening URL for product oval_Bench_1502-0120: https://brunner-group.com/en/products/oval-bench/?variant=1502-0120
Images detected on page for oval_Bench_1502-0120, scrolling to load them...
Successfully opened URL for product oval_Bench_1502-0120
Extracting images for product oval_Bench_1502-0120...
Found 45 images for product oval_Bench_1502-0120
Starting download with Playwright: https://live-brunner.pantheonsite.io/sites/default/files/styles/sm/public/oldImages/106870_Brunner_oval_1502_0120_1501_0200_1502_0210_valet_VT_1000_VT_1002_VT_1003_HD_XL.jpg.webp?itok=5-5rjL0g
Finished download: https://live-brunner.pantheonsite.io/sites/default/files/styles/sm/public/oldImages/106870_Brunner_oval_1502_0120_1501_0200_1502_0210_valet_VT_1000_VT_1002_VT_1003_HD_XL.jpg.webp?itok=5-5rjL0g -> oval_Bench_1502-0120\image_1.jpg
Starting download with Playwright: https://live-brunner.pantheonsite.io/sites/default/files/styles/lg/public/oldImages/106870_Brunner_oval_1502_0120_1501_0200_1502_0210_valet_VT_1000_VT_1002_VT_1003_HD_XL.jpg.webp?itok=yGlFnqQv
Finished download: https://live-brunner.pantheonsite.io/sites/default/files/styles/lg/public/oldImages/106870_Brunner_oval_1502_0120_1501_0200_1502_0210_valet_VT_1000_VT_1002_VT_1003_HD_XL.jpg.webp?itok=yGlFnqQv -> oval_Bench_1502-0120\image_2.jpg
Starting download with Playwright: https://live-brunner.pantheonsite.io/sites/default/files/styles/original_webp/public/oldImages/106870_Brunner_oval_1502_0120_1501_0200_1502_0210_valet_VT_1000_VT_1002_VT_1003_HD_XL.jpg.webp?itok=qGR-U9bq
Finished download: https://live-brunner.pantheonsite.io/sites/default/files/styles/original_webp/public/oldImages/106870_Brunner_oval_1502_0120_1501_0200_1502_0210_valet_VT_1000_VT_1002_VT_1003_HD_XL.jpg.webp?itok=qGR-U9bq -> oval_Bench_1502-0120\image_3.jpg
Starting download with Playwright: https://live-brunner.pantheonsite.io/sites/default/files/styles/sm/public/oldImages/105016_Brunner_oval_8084_03_HD_XL.jpg.webp?itok=wrARv5BD
Finished download: https://live-brunner.pantheonsite.io/sites/default/files/styles/sm/public/oldImages/105016_Brunner_oval_8084_03_HD_XL.jpg.webp?itok=wrARv5BD -> oval_Bench_1502-0120\image_4.jpg
Starting download with Playwright: https://live-brunner.pantheonsite.io/sites/default/files/styles/lg/public/oldImages/105016_Brunner_oval_8084_03_HD_XL.jpg.webp?itok=PcWLs7yn
Finished download: https://live-brunner.pantheonsite.io/sites/default/files/styles/lg/public/oldImages/105016_Brunner_oval_8084_03_HD_XL.jpg.webp?itok=PcWLs7yn -> oval_Bench_1502-0120\image_5.jpg
Starting download with Playwright: https://live-brunner.pantheonsite.io/sites/default/files/styles/original_webp/public/oldImages/105016_Brunner_oval_8084_03_HD_XL.jpg.webp?itok=1AQBiqqA
Finished download: https://live-brunner.pantheonsite.io/sites/default/files/styles/original_webp/public/oldImages/105016_Brunner_oval_8084_03_HD_XL.jpg.webp?itok=1AQBiqqA -> oval_Bench_1502-0120\image_6.jpg
Starting download with Playwright: https://live-brunner.pantheonsite.io/sites/default/files/styles/sm/public/oldImages/105017_Brunner_oval_8084_01_HD_XL.jpg.webp?itok=Dt_oYVIH
Finished download: https://live-brunner.pantheonsite.io/sites/default/files/styles/sm/public/oldImages/105017_Brunner_oval_8084_01_HD_XL.jpg.webp?itok=Dt_oYVIH -> oval_Bench_1502-0120\image_7.jpg
Starting download with Playwright: https://live-brunner.pantheonsite.io/sites/default/files/styles/lg/public/oldImages/105017_Brunner_oval_8084_01_HD_XL.jpg.webp?itok=7YNx1rPo
Finished download: https://live-brunner.pantheonsite.io/sites/default/files/styles/lg/public/oldImages/105017_Brunner_oval_8084_01_HD_XL.jpg.webp?itok=7YNx1rPo -> oval_Bench_1502-0120\image_8.jpg
Starting download with Playwright: https://live-brunner.pantheonsite.io/sites/default/files/styles/original_webp/public/oldImages/105017_Brunner_oval_8084_01_HD_XL.jpg.webp?itok=mp9tSeKO
Finished download: https://live-brunner.pantheonsite.io/sites/default/files/styles/original_webp/public/oldImages/105017_Brunner_oval_8084_01_HD_XL.jpg.webp?itok=mp9tSeKO -> oval_Bench_1502-0120\image_9.jpg
Starting download with Playwright: https://live-brunner.pantheonsite.io/sites/default/files/styles/sm/public/oldImages/106867_Brunner_oval_1501_0110_1502_0110_1502_0210_1502_0120_1503_0110_1505_1150_1520_0100_1510_0100_1501_0200_1501_0300_1500_0020_valet_VT_1000_VT_1001_VT_1002_VT_1003_HD_XL.jpg.webp?itok=tna-A1ya
Finished download: https://live-brunner.pantheonsite.io/sites/default/files/styles/sm/public/oldImages/106867_Brunner_oval_1501_0110_1502_0110_1502_0210_1502_0120_1503_0110_1505_1150_1520_0100_1510_0100_1501_0200_1501_0300_1500_0020_valet_VT_1000_VT_1001_VT_1002_VT_1003_HD_XL.jpg.webp?itok=tna-A1ya -> oval_Bench_1502-0120\image_10.jpg
Starting download with Playwright: https://live-brunner.pantheonsite.io/sites/default/files/styles/lg/public/oldImages/106867_Brunner_oval_1501_0110_1502_0110_1502_0210_1502_0120_1503_0110_1505_1150_1520_0100_1510_0100_1501_0200_1501_0300_1500_0020_valet_VT_1000_VT_1001_VT_1002_VT_1003_HD_XL.jpg.webp?itok=oBYVrppl
Finished download: https://live-brunner.pantheonsite.io/sites/default/files/styles/lg/public/oldImages/106867_Brunner_oval_1501_0110_1502_0110_1502_0210_1502_0120_1503_0110_1505_1150_1520_0100_1510_0100_1501_0200_1501_0300_1500_0020_valet_VT_1000_VT_1001_VT_1002_VT_1003_HD_XL.jpg.webp?itok=oBYVrppl -> oval_Bench_1502-0120\image_11.jpg
Starting download with Playwright: https://live-brunner.pantheonsite.io/sites/default/files/styles/original_webp/public/oldImages/106867_Brunner_oval_1501_0110_1502_0110_1502_0210_1502_0120_1503_0110_1505_1150_1520_0100_1510_0100_1501_0200_1501_0300_1500_0020_valet_VT_1000_VT_1001_VT_1002_VT_1003_HD_XL.jpg.webp?itok=G8F5dgly
Finished download: https://live-brunner.pantheonsite.io/sites/default/files/styles/original_webp/public/oldImages/106867_Brunner_oval_1501_0110_1502_0110_1502_0210_1502_0120_1503_0110_1505_1150_1520_0100_1510_0100_1501_0200_1501_0300_1500_0020_valet_VT_1000_VT_1001_VT_1002_VT_1003_HD_XL.jpg.webp?itok=G8F5dgly -> oval_Bench_1502-0120\image_12.jpg
Starting download with Playwright: https://live-brunner.pantheonsite.io/sites/default/files/styles/sm/public/oldImages/106869_Brunner_oval_1501_0200_Detail_HD_XL.jpg.webp?itok=W-Cs65jR
Finished download: https://live-brunner.pantheonsite.io/sites/default/files/styles/sm/public/oldImages/106869_Brunner_oval_1501_0200_Detail_HD_XL.jpg.webp?itok=W-Cs65jR -> oval_Bench_1502-0120\image_13.jpg
Starting download with Playwright: https://live-brunner.pantheonsite.io/sites/default/files/styles/lg/public/oldImages/106869_Brunner_oval_1501_0200_Detail_HD_XL.jpg.webp?itok=1v0FExIT
Finished download: https://live-brunner.pantheonsite.io/sites/default/files/styles/lg/public/oldImages/106869_Brunner_oval_1501_0200_Detail_HD_XL.jpg.webp?itok=1v0FExIT -> oval_Bench_1502-0120\image_14.jpg
Starting download with Playwright: https://live-brunner.pantheonsite.io/sites/default/files/styles/original_webp/public/oldImages/106869_Brunner_oval_1501_0200_Detail_HD_XL.jpg.webp?itok=qHGB_995
Finished download: https://live-brunner.pantheonsite.io/sites/default/files/styles/original_webp/public/oldImages/106869_Brunner_oval_1501_0200_Detail_HD_XL.jpg.webp?itok=qHGB_995 -> oval_Bench_1502-0120\image_15.jpg
Starting download with Playwright: https://live-brunner.pantheonsite.io/sites/default/files/styles/sm/public/oldImages/105015_Brunner_oval_8084_02_HD_XL.jpg.webp?itok=5kCdnhRj
Finished download: https://live-brunner.pantheonsite.io/sites/default/files/styles/sm/public/oldImages/105015_Brunner_oval_8084_02_HD_XL.jpg.webp?itok=5kCdnhRj -> oval_Bench_1502-0120\image_16.jpg
Starting download with Playwright: https://live-brunner.pantheonsite.io/sites/default/files/styles/lg/public/oldImages/105015_Brunner_oval_8084_02_HD_XL.jpg.webp?itok=hgNaScgW
Finished download: https://live-brunner.pantheonsite.io/sites/default/files/styles/lg/public/oldImages/105015_Brunner_oval_8084_02_HD_XL.jpg.webp?itok=hgNaScgW -> oval_Bench_1502-0120\image_17.jpg
Starting download with Playwright: https://live-brunner.pantheonsite.io/sites/default/files/styles/original_webp/public/oldImages/105015_Brunner_oval_8084_02_HD_XL.jpg.webp?itok=dDR3sCgI
Finished download: https://live-brunner.pantheonsite.io/sites/default/files/styles/original_webp/public/oldImages/105015_Brunner_oval_8084_02_HD_XL.jpg.webp?itok=dDR3sCgI -> oval_Bench_1502-0120\image_18.jpg
Starting download with Playwright: https://live-brunner.pantheonsite.io/sites/default/files/styles/sm/public/oldImages/106877_Brunner_oval_1502_0110_1505_1150_1501_0200_1501_0300_1500_0020_valet_VT_1000_VT_1001_VT_1002_HD_XL.jpg.webp?itok=t9g1JCSR
Finished download: https://live-brunner.pantheonsite.io/sites/default/files/styles/sm/public/oldImages/106877_Brunner_oval_1502_0110_1505_1150_1501_0200_1501_0300_1500_0020_valet_VT_1000_VT_1001_VT_1002_HD_XL.jpg.webp?itok=t9g1JCSR -> oval_Bench_1502-0120\image_19.jpg
Starting download with Playwright: https://live-brunner.pantheonsite.io/sites/default/files/styles/lg/public/oldImages/106877_Brunner_oval_1502_0110_1505_1150_1501_0200_1501_0300_1500_0020_valet_VT_1000_VT_1001_VT_1002_HD_XL.jpg.webp?itok=W4x3TNYN
Finished download: https://live-brunner.pantheonsite.io/sites/default/files/styles/lg/public/oldImages/106877_Brunner_oval_1502_0110_1505_1150_1501_0200_1501_0300_1500_0020_valet_VT_1000_VT_1001_VT_1002_HD_XL.jpg.webp?itok=W4x3TNYN -> oval_Bench_1502-0120\image_20.jpg
Starting download with Playwright: https://live-brunner.pantheonsite.io/sites/default/files/styles/original_webp/public/oldImages/106877_Brunner_oval_1502_0110_1505_1150_1501_0200_1501_0300_1500_0020_valet_VT_1000_VT_1001_VT_1002_HD_XL.jpg.webp?itok=qDkqBD_X
Finished download: https://live-brunner.pantheonsite.io/sites/default/files/styles/original_webp/public/oldImages/106877_Brunner_oval_1502_0110_1505_1150_1501_0200_1501_0300_1500_0020_valet_VT_1000_VT_1001_VT_1002_HD_XL.jpg.webp?itok=qDkqBD_X -> oval_Bench_1502-0120\image_21.jpg
Starting download with Playwright: https://live-brunner.pantheonsite.io/sites/default/files/styles/sm/public/oldImages/106960_Brunner_oval_video_bench_thumbnail_XL.jpg.webp?itok=hhp9W-rJ
Finished download: https://live-brunner.pantheonsite.io/sites/default/files/styles/sm/public/oldImages/106960_Brunner_oval_video_bench_thumbnail_XL.jpg.webp?itok=hhp9W-rJ -> oval_Bench_1502-0120\image_22.jpg
Starting download with Playwright: https://live-brunner.pantheonsite.io/sites/default/files/styles/lg/public/oldImages/106960_Brunner_oval_video_bench_thumbnail_XL.jpg.webp?itok=rvQdLyAa
Finished download: https://live-brunner.pantheonsite.io/sites/default/files/styles/lg/public/oldImages/106960_Brunner_oval_video_bench_thumbnail_XL.jpg.webp?itok=rvQdLyAa -> oval_Bench_1502-0120\image_23.jpg
Starting download with Playwright: https://live-brunner.pantheonsite.io/sites/default/files/styles/original_webp/public/oldImages/106960_Brunner_oval_video_bench_thumbnail_XL.jpg.webp?itok=eA-B48iV
Finished download: https://live-brunner.pantheonsite.io/sites/default/files/styles/original_webp/public/oldImages/106960_Brunner_oval_video_bench_thumbnail_XL.jpg.webp?itok=eA-B48iV -> oval_Bench_1502-0120\image_24.jpg
Starting download with Playwright: https://live-brunner.pantheonsite.io/sites/default/files/styles/sm/public/oldImages/106871_Brunner_oval_1502_0120_1501_0200_Holz_3_HD_XL.jpg.webp?itok=TaDcurvv
Finished download: https://live-brunner.pantheonsite.io/sites/default/files/styles/sm/public/oldImages/106871_Brunner_oval_1502_0120_1501_0200_Holz_3_HD_XL.jpg.webp?itok=TaDcurvv -> oval_Bench_1502-0120\image_25.jpg
Starting download with Playwright: https://live-brunner.pantheonsite.io/sites/default/files/styles/lg/public/oldImages/106871_Brunner_oval_1502_0120_1501_0200_Holz_3_HD_XL.jpg.webp?itok=OJC7dMhW
Finished download: https://live-brunner.pantheonsite.io/sites/default/files/styles/lg/public/oldImages/106871_Brunner_oval_1502_0120_1501_0200_Holz_3_HD_XL.jpg.webp?itok=OJC7dMhW -> oval_Bench_1502-0120\image_26.jpg
Starting download with Playwright: https://live-brunner.pantheonsite.io/sites/default/files/styles/original_webp/public/oldImages/106871_Brunner_oval_1502_0120_1501_0200_Holz_3_HD_XL.jpg.webp?itok=D3u4SzL1
Finished download: https://live-brunner.pantheonsite.io/sites/default/files/styles/original_webp/public/oldImages/106871_Brunner_oval_1502_0120_1501_0200_Holz_3_HD_XL.jpg.webp?itok=D3u4SzL1 -> oval_Bench_1502-0120\image_27.jpg
Starting download with Playwright: https://live-brunner.pantheonsite.io/sites/default/files/styles/sm/public/oldImages/105112_Brunner_oval_2erBank_einfarbig_Grau_Schatten_HD_XL.jpg.webp?itok=jiicQ5rX
Finished download: https://live-brunner.pantheonsite.io/sites/default/files/styles/sm/public/oldImages/105112_Brunner_oval_2erBank_einfarbig_Grau_Schatten_HD_XL.jpg.webp?itok=jiicQ5rX -> oval_Bench_1502-0120\image_28.jpg
Starting download with Playwright: https://live-brunner.pantheonsite.io/sites/default/files/styles/lg/public/oldImages/105112_Brunner_oval_2erBank_einfarbig_Grau_Schatten_HD_XL.jpg.webp?itok=dCBAmpSb
Finished download: https://live-brunner.pantheonsite.io/sites/default/files/styles/lg/public/oldImages/105112_Brunner_oval_2erBank_einfarbig_Grau_Schatten_HD_XL.jpg.webp?itok=dCBAmpSb -> oval_Bench_1502-0120\image_29.jpg
Starting download with Playwright: https://live-brunner.pantheonsite.io/sites/default/files/styles/original_webp/public/oldImages/105112_Brunner_oval_2erBank_einfarbig_Grau_Schatten_HD_XL.jpg.webp?itok=aSXN9FJ7
Finished download: https://live-brunner.pantheonsite.io/sites/default/files/styles/original_webp/public/oldImages/105112_Brunner_oval_2erBank_einfarbig_Grau_Schatten_HD_XL.jpg.webp?itok=aSXN9FJ7 -> oval_Bench_1502-0120\image_30.jpg
Starting download with Playwright: https://live-brunner.pantheonsite.io/sites/default/files/styles/sm/public/oldImages/105114_Brunner_oval_1502_0520_Grau_Schatten_HD_XL.jpg.webp?itok=emXXJ0fa
Finished download: https://live-brunner.pantheonsite.io/sites/default/files/styles/sm/public/oldImages/105114_Brunner_oval_1502_0520_Grau_Schatten_HD_XL.jpg.webp?itok=emXXJ0fa -> oval_Bench_1502-0120\image_31.jpg
Starting download with Playwright: https://live-brunner.pantheonsite.io/sites/default/files/styles/lg/public/oldImages/105114_Brunner_oval_1502_0520_Grau_Schatten_HD_XL.jpg.webp?itok=8XYH9hRe
Finished download: https://live-brunner.pantheonsite.io/sites/default/files/styles/lg/public/oldImages/105114_Brunner_oval_1502_0520_Grau_Schatten_HD_XL.jpg.webp?itok=8XYH9hRe -> oval_Bench_1502-0120\image_32.jpg
Starting download with Playwright: https://live-brunner.pantheonsite.io/sites/default/files/styles/original_webp/public/oldImages/105114_Brunner_oval_1502_0520_Grau_Schatten_HD_XL.jpg.webp?itok=U-I3v0Fe
Finished download: https://live-brunner.pantheonsite.io/sites/default/files/styles/original_webp/public/oldImages/105114_Brunner_oval_1502_0520_Grau_Schatten_HD_XL.jpg.webp?itok=U-I3v0Fe -> oval_Bench_1502-0120\image_33.jpg
Starting download with Playwright: https://live-brunner.pantheonsite.io/sites/default/files/styles/sm/public/oldImages/106868_Brunner_oval_1501_0110_HD_XL.jpg.webp?itok=sIDeM8oq
Finished download: https://live-brunner.pantheonsite.io/sites/default/files/styles/sm/public/oldImages/106868_Brunner_oval_1501_0110_HD_XL.jpg.webp?itok=sIDeM8oq -> oval_Bench_1502-0120\image_34.jpg
Starting download with Playwright: https://live-brunner.pantheonsite.io/sites/default/files/styles/lg/public/oldImages/106868_Brunner_oval_1501_0110_HD_XL.jpg.webp?itok=jeH7TWRi
Finished download: https://live-brunner.pantheonsite.io/sites/default/files/styles/lg/public/oldImages/106868_Brunner_oval_1501_0110_HD_XL.jpg.webp?itok=jeH7TWRi -> oval_Bench_1502-0120\image_35.jpg
Starting download with Playwright: https://live-brunner.pantheonsite.io/sites/default/files/styles/original_webp/public/oldImages/106868_Brunner_oval_1501_0110_HD_XL.jpg.webp?itok=PZEcGeDl
Finished download: https://live-brunner.pantheonsite.io/sites/default/files/styles/original_webp/public/oldImages/106868_Brunner_oval_1501_0110_HD_XL.jpg.webp?itok=PZEcGeDl -> oval_Bench_1502-0120\image_36.jpg
Starting download with Playwright: https://live-brunner.pantheonsite.io/sites/default/files/styles/sm/public/oldImages/106987_Brunner_oval_animation_thumbnail_XL.jpg.webp?itok=6SYpS2Dp
Finished download: https://live-brunner.pantheonsite.io/sites/default/files/styles/sm/public/oldImages/106987_Brunner_oval_animation_thumbnail_XL.jpg.webp?itok=6SYpS2Dp -> oval_Bench_1502-0120\image_37.jpg
Starting download with Playwright: https://live-brunner.pantheonsite.io/sites/default/files/styles/lg/public/oldImages/106987_Brunner_oval_animation_thumbnail_XL.jpg.webp?itok=RN5L-2gu
Finished download: https://live-brunner.pantheonsite.io/sites/default/files/styles/lg/public/oldImages/106987_Brunner_oval_animation_thumbnail_XL.jpg.webp?itok=RN5L-2gu -> oval_Bench_1502-0120\image_38.jpg
Starting download with Playwright: https://live-brunner.pantheonsite.io/sites/default/files/styles/original_webp/public/oldImages/106987_Brunner_oval_animation_thumbnail_XL.jpg.webp?itok=OpuhYE_V
Finished download: https://live-brunner.pantheonsite.io/sites/default/files/styles/original_webp/public/oldImages/106987_Brunner_oval_animation_thumbnail_XL.jpg.webp?itok=OpuhYE_V -> oval_Bench_1502-0120\image_39.jpg
Starting download with Playwright: https://live-brunner.pantheonsite.io/sites/default/files/styles/sm/public/oldImages/106862_Brunner_oval_1502_0120_Holz_HD_XL.jpg.webp?itok=y66KM9Ru
Finished download: https://live-brunner.pantheonsite.io/sites/default/files/styles/sm/public/oldImages/106862_Brunner_oval_1502_0120_Holz_HD_XL.jpg.webp?itok=y66KM9Ru -> oval_Bench_1502-0120\image_40.jpg
Starting download with Playwright: https://live-brunner.pantheonsite.io/sites/default/files/styles/lg/public/oldImages/106862_Brunner_oval_1502_0120_Holz_HD_XL.jpg.webp?itok=FiV-evdc
Finished download: https://live-brunner.pantheonsite.io/sites/default/files/styles/lg/public/oldImages/106862_Brunner_oval_1502_0120_Holz_HD_XL.jpg.webp?itok=FiV-evdc -> oval_Bench_1502-0120\image_41.jpg
Starting download with Playwright: https://live-brunner.pantheonsite.io/sites/default/files/styles/original_webp/public/oldImages/106862_Brunner_oval_1502_0120_Holz_HD_XL.jpg.webp?itok=AVgLgnp0
Finished download: https://live-brunner.pantheonsite.io/sites/default/files/styles/original_webp/public/oldImages/106862_Brunner_oval_1502_0120_Holz_HD_XL.jpg.webp?itok=AVgLgnp0 -> oval_Bench_1502-0120\image_42.jpg
Starting download with Playwright: https://live-brunner.pantheonsite.io/sites/default/files/styles/sm/public/oldImages/105113_Brunner_oval_1502_0210_Grau_Schatten_HD_XL.jpg.webp?itok=Vv1Frq7m
Finished download: https://live-brunner.pantheonsite.io/sites/default/files/styles/sm/public/oldImages/105113_Brunner_oval_1502_0210_Grau_Schatten_HD_XL.jpg.webp?itok=Vv1Frq7m -> oval_Bench_1502-0120\image_43.jpg
Starting download with Playwright: https://live-brunner.pantheonsite.io/sites/default/files/styles/lg/public/oldImages/105113_Brunner_oval_1502_0210_Grau_Schatten_HD_XL.jpg.webp?itok=SxeDDnJp
Finished download: https://live-brunner.pantheonsite.io/sites/default/files/styles/lg/public/oldImages/105113_Brunner_oval_1502_0210_Grau_Schatten_HD_XL.jpg.webp?itok=SxeDDnJp -> oval_Bench_1502-0120\image_44.jpg
Starting download with Playwright: https://live-brunner.pantheonsite.io/sites/default/files/styles/original_webp/public/oldImages/105113_Brunner_oval_1502_0210_Grau_Schatten_HD_XL.jpg.webp?itok=38fYvad-
Finished download: https://live-brunner.pantheonsite.io/sites/default/files/styles/original_webp/public/oldImages/105113_Brunner_oval_1502_0210_Grau_Schatten_HD_XL.jpg.webp?itok=38fYvad- -> oval_Bench_1502-0120\image_45.jpg
Completed image downloads for product oval_Bench_1502-0120
Extracting features for product oval_Bench_1502-0120...
Features saved for product oval_Bench_1502-0120
Attempting to access Downloads tab for product oval_Bench_1502-0120...
Starting download of PDF: https://live-brunner.pantheonsite.io/sites/default/files/oldPdfs/Produktdatenblaetter/Produktdatenblaetter_EN/Brunner_product_data_sheet_oval_EN.pdf
Downloaded product_sheet.pdf for product oval_Bench_1502-0120
Opening URL for product oval_Lounge_system_1505-1150: https://brunner-group.com/en/products/oval-lounge-system/?variant=1505-1150
Images detected on page for oval_Lounge_system_1505-1150, scrolling to load them...
Successfully opened URL for product oval_Lounge_system_1505-1150
Extracting images for product oval_Lounge_system_1505-1150...
Found 33 images for product oval_Lounge_system_1505-1150
Starting download with Playwright: https://live-brunner.pantheonsite.io/sites/default/files/styles/sm/public/oldImages/105015_Brunner_oval_8084_02_HD_XL.jpg.webp?itok=5kCdnhRj
Finished download: https://live-brunner.pantheonsite.io/sites/default/files/styles/sm/public/oldImages/105015_Brunner_oval_8084_02_HD_XL.jpg.webp?itok=5kCdnhRj -> oval_Lounge_system_1505-1150\image_1.jpg
Starting download with Playwright: https://live-brunner.pantheonsite.io/sites/default/files/styles/lg/public/oldImages/105015_Brunner_oval_8084_02_HD_XL.jpg.webp?itok=hgNaScgW
Finished download: https://live-brunner.pantheonsite.io/sites/default/files/styles/lg/public/oldImages/105015_Brunner_oval_8084_02_HD_XL.jpg.webp?itok=hgNaScgW -> oval_Lounge_system_1505-1150\image_2.jpg
Starting download with Playwright: https://live-brunner.pantheonsite.io/sites/default/files/styles/original_webp/public/oldImages/105015_Brunner_oval_8084_02_HD_XL.jpg.webp?itok=dDR3sCgI
Finished download: https://live-brunner.pantheonsite.io/sites/default/files/styles/original_webp/public/oldImages/105015_Brunner_oval_8084_02_HD_XL.jpg.webp?itok=dDR3sCgI -> oval_Lounge_system_1505-1150\image_3.jpg
Starting download with Playwright: https://live-brunner.pantheonsite.io/sites/default/files/styles/sm/public/oldImages/106879_Brunner_oval_1520_0100_valet_VT_1003_2_HD_XL.jpg.webp?itok=98cGTf_a
Finished download: https://live-brunner.pantheonsite.io/sites/default/files/styles/sm/public/oldImages/106879_Brunner_oval_1520_0100_valet_VT_1003_2_HD_XL.jpg.webp?itok=98cGTf_a -> oval_Lounge_system_1505-1150\image_4.jpg
Starting download with Playwright: https://live-brunner.pantheonsite.io/sites/default/files/styles/lg/public/oldImages/106879_Brunner_oval_1520_0100_valet_VT_1003_2_HD_XL.jpg.webp?itok=cU1zqlsb
Finished download: https://live-brunner.pantheonsite.io/sites/default/files/styles/lg/public/oldImages/106879_Brunner_oval_1520_0100_valet_VT_1003_2_HD_XL.jpg.webp?itok=cU1zqlsb -> oval_Lounge_system_1505-1150\image_5.jpg
Starting download with Playwright: https://live-brunner.pantheonsite.io/sites/default/files/styles/original_webp/public/oldImages/106879_Brunner_oval_1520_0100_valet_VT_1003_2_HD_XL.jpg.webp?itok=L2j9kCM2
Finished download: https://live-brunner.pantheonsite.io/sites/default/files/styles/original_webp/public/oldImages/106879_Brunner_oval_1520_0100_valet_VT_1003_2_HD_XL.jpg.webp?itok=L2j9kCM2 -> oval_Lounge_system_1505-1150\image_6.jpg
Starting download with Playwright: https://live-brunner.pantheonsite.io/sites/default/files/styles/sm/public/oldImages/105121_Brunner_oval_Konfiguration_Grau_Schatten_HD_XL.jpg.webp?itok=5p2YwnIL
Finished download: https://live-brunner.pantheonsite.io/sites/default/files/styles/sm/public/oldImages/105121_Brunner_oval_Konfiguration_Grau_Schatten_HD_XL.jpg.webp?itok=5p2YwnIL -> oval_Lounge_system_1505-1150\image_7.jpg
Starting download with Playwright: https://live-brunner.pantheonsite.io/sites/default/files/styles/lg/public/oldImages/105121_Brunner_oval_Konfiguration_Grau_Schatten_HD_XL.jpg.webp?itok=DvKEcS53
Finished download: https://live-brunner.pantheonsite.io/sites/default/files/styles/lg/public/oldImages/105121_Brunner_oval_Konfiguration_Grau_Schatten_HD_XL.jpg.webp?itok=DvKEcS53 -> oval_Lounge_system_1505-1150\image_8.jpg
Starting download with Playwright: https://live-brunner.pantheonsite.io/sites/default/files/styles/original_webp/public/oldImages/105121_Brunner_oval_Konfiguration_Grau_Schatten_HD_XL.jpg.webp?itok=yHRxowLO
Finished download: https://live-brunner.pantheonsite.io/sites/default/files/styles/original_webp/public/oldImages/105121_Brunner_oval_Konfiguration_Grau_Schatten_HD_XL.jpg.webp?itok=yHRxowLO -> oval_Lounge_system_1505-1150\image_9.jpg
Starting download with Playwright: https://live-brunner.pantheonsite.io/sites/default/files/styles/sm/public/oldImages/106877_Brunner_oval_1502_0110_1505_1150_1501_0200_1501_0300_1500_0020_valet_VT_1000_VT_1001_VT_1002_HD_XL.jpg.webp?itok=t9g1JCSR
Finished download: https://live-brunner.pantheonsite.io/sites/default/files/styles/sm/public/oldImages/106877_Brunner_oval_1502_0110_1505_1150_1501_0200_1501_0300_1500_0020_valet_VT_1000_VT_1001_VT_1002_HD_XL.jpg.webp?itok=t9g1JCSR -> oval_Lounge_system_1505-1150\image_10.jpg
Starting download with Playwright: https://live-brunner.pantheonsite.io/sites/default/files/styles/lg/public/oldImages/106877_Brunner_oval_1502_0110_1505_1150_1501_0200_1501_0300_1500_0020_valet_VT_1000_VT_1001_VT_1002_HD_XL.jpg.webp?itok=W4x3TNYN
Finished download: https://live-brunner.pantheonsite.io/sites/default/files/styles/lg/public/oldImages/106877_Brunner_oval_1502_0110_1505_1150_1501_0200_1501_0300_1500_0020_valet_VT_1000_VT_1001_VT_1002_HD_XL.jpg.webp?itok=W4x3TNYN -> oval_Lounge_system_1505-1150\image_11.jpg
Starting download with Playwright: https://live-brunner.pantheonsite.io/sites/default/files/styles/original_webp/public/oldImages/106877_Brunner_oval_1502_0110_1505_1150_1501_0200_1501_0300_1500_0020_valet_VT_1000_VT_1001_VT_1002_HD_XL.jpg.webp?itok=qDkqBD_X
Finished download: https://live-brunner.pantheonsite.io/sites/default/files/styles/original_webp/public/oldImages/106877_Brunner_oval_1502_0110_1505_1150_1501_0200_1501_0300_1500_0020_valet_VT_1000_VT_1001_VT_1002_HD_XL.jpg.webp?itok=qDkqBD_X -> oval_Lounge_system_1505-1150\image_12.jpg
Starting download with Playwright: https://live-brunner.pantheonsite.io/sites/default/files/styles/sm/public/oldImages/106872_Brunner_oval_1505_1150_1501_0110_1501_0200_1502_0120_valet_VT_1000_VT_1001_VT_1002_HD_XL.jpg.webp?itok=K0sTejCu
Finished download: https://live-brunner.pantheonsite.io/sites/default/files/styles/sm/public/oldImages/106872_Brunner_oval_1505_1150_1501_0110_1501_0200_1502_0120_valet_VT_1000_VT_1001_VT_1002_HD_XL.jpg.webp?itok=K0sTejCu -> oval_Lounge_system_1505-1150\image_13.jpg
Starting download with Playwright: https://live-brunner.pantheonsite.io/sites/default/files/styles/lg/public/oldImages/106872_Brunner_oval_1505_1150_1501_0110_1501_0200_1502_0120_valet_VT_1000_VT_1001_VT_1002_HD_XL.jpg.webp?itok=5kolAYWW
Finished download: https://live-brunner.pantheonsite.io/sites/default/files/styles/lg/public/oldImages/106872_Brunner_oval_1505_1150_1501_0110_1501_0200_1502_0120_valet_VT_1000_VT_1001_VT_1002_HD_XL.jpg.webp?itok=5kolAYWW -> oval_Lounge_system_1505-1150\image_14.jpg
Starting download with Playwright: https://live-brunner.pantheonsite.io/sites/default/files/styles/original_webp/public/oldImages/106872_Brunner_oval_1505_1150_1501_0110_1501_0200_1502_0120_valet_VT_1000_VT_1001_VT_1002_HD_XL.jpg.webp?itok=bSfOlbVZ
Finished download: https://live-brunner.pantheonsite.io/sites/default/files/styles/original_webp/public/oldImages/106872_Brunner_oval_1505_1150_1501_0110_1501_0200_1502_0120_valet_VT_1000_VT_1001_VT_1002_HD_XL.jpg.webp?itok=bSfOlbVZ -> oval_Lounge_system_1505-1150\image_15.jpg
Starting download with Playwright: https://live-brunner.pantheonsite.io/sites/default/files/styles/sm/public/oldImages/106958_Brunner_oval_video_seating_landscape_thumbnail_XL.jpg.webp?itok=yJqe-baH
Finished download: https://live-brunner.pantheonsite.io/sites/default/files/styles/sm/public/oldImages/106958_Brunner_oval_video_seating_landscape_thumbnail_XL.jpg.webp?itok=yJqe-baH -> oval_Lounge_system_1505-1150\image_16.jpg
Starting download with Playwright: https://live-brunner.pantheonsite.io/sites/default/files/styles/lg/public/oldImages/106958_Brunner_oval_video_seating_landscape_thumbnail_XL.jpg.webp?itok=_rujUKtx
Finished download: https://live-brunner.pantheonsite.io/sites/default/files/styles/lg/public/oldImages/106958_Brunner_oval_video_seating_landscape_thumbnail_XL.jpg.webp?itok=_rujUKtx -> oval_Lounge_system_1505-1150\image_17.jpg
Starting download with Playwright: https://live-brunner.pantheonsite.io/sites/default/files/styles/original_webp/public/oldImages/106958_Brunner_oval_video_seating_landscape_thumbnail_XL.jpg.webp?itok=A0O-fqzW
Finished download: https://live-brunner.pantheonsite.io/sites/default/files/styles/original_webp/public/oldImages/106958_Brunner_oval_video_seating_landscape_thumbnail_XL.jpg.webp?itok=A0O-fqzW -> oval_Lounge_system_1505-1150\image_18.jpg
Starting download with Playwright: https://live-brunner.pantheonsite.io/sites/default/files/styles/sm/public/oldImages/106867_Brunner_oval_1501_0110_1502_0110_1502_0210_1502_0120_1503_0110_1505_1150_1520_0100_1510_0100_1501_0200_1501_0300_1500_0020_valet_VT_1000_VT_1001_VT_1002_VT_1003_HD_XL.jpg.webp?itok=tna-A1ya
Finished download: https://live-brunner.pantheonsite.io/sites/default/files/styles/sm/public/oldImages/106867_Brunner_oval_1501_0110_1502_0110_1502_0210_1502_0120_1503_0110_1505_1150_1520_0100_1510_0100_1501_0200_1501_0300_1500_0020_valet_VT_1000_VT_1001_VT_1002_VT_1003_HD_XL.jpg.webp?itok=tna-A1ya -> oval_Lounge_system_1505-1150\image_19.jpg
Starting download with Playwright: https://live-brunner.pantheonsite.io/sites/default/files/styles/lg/public/oldImages/106867_Brunner_oval_1501_0110_1502_0110_1502_0210_1502_0120_1503_0110_1505_1150_1520_0100_1510_0100_1501_0200_1501_0300_1500_0020_valet_VT_1000_VT_1001_VT_1002_VT_1003_HD_XL.jpg.webp?itok=oBYVrppl
Finished download: https://live-brunner.pantheonsite.io/sites/default/files/styles/lg/public/oldImages/106867_Brunner_oval_1501_0110_1502_0110_1502_0210_1502_0120_1503_0110_1505_1150_1520_0100_1510_0100_1501_0200_1501_0300_1500_0020_valet_VT_1000_VT_1001_VT_1002_VT_1003_HD_XL.jpg.webp?itok=oBYVrppl -> oval_Lounge_system_1505-1150\image_20.jpg
Starting download with Playwright: https://live-brunner.pantheonsite.io/sites/default/files/styles/original_webp/public/oldImages/106867_Brunner_oval_1501_0110_1502_0110_1502_0210_1502_0120_1503_0110_1505_1150_1520_0100_1510_0100_1501_0200_1501_0300_1500_0020_valet_VT_1000_VT_1001_VT_1002_VT_1003_HD_XL.jpg.webp?itok=G8F5dgly
Finished download: https://live-brunner.pantheonsite.io/sites/default/files/styles/original_webp/public/oldImages/106867_Brunner_oval_1501_0110_1502_0110_1502_0210_1502_0120_1503_0110_1505_1150_1520_0100_1510_0100_1501_0200_1501_0300_1500_0020_valet_VT_1000_VT_1001_VT_1002_VT_1003_HD_XL.jpg.webp?itok=G8F5dgly -> oval_Lounge_system_1505-1150\image_21.jpg
Starting download with Playwright: https://live-brunner.pantheonsite.io/sites/default/files/styles/sm/public/oldImages/105017_Brunner_oval_8084_01_HD_XL.jpg.webp?itok=Dt_oYVIH
Finished download: https://live-brunner.pantheonsite.io/sites/default/files/styles/sm/public/oldImages/105017_Brunner_oval_8084_01_HD_XL.jpg.webp?itok=Dt_oYVIH -> oval_Lounge_system_1505-1150\image_22.jpg
Starting download with Playwright: https://live-brunner.pantheonsite.io/sites/default/files/styles/lg/public/oldImages/105017_Brunner_oval_8084_01_HD_XL.jpg.webp?itok=7YNx1rPo
Finished download: https://live-brunner.pantheonsite.io/sites/default/files/styles/lg/public/oldImages/105017_Brunner_oval_8084_01_HD_XL.jpg.webp?itok=7YNx1rPo -> oval_Lounge_system_1505-1150\image_23.jpg
Starting download with Playwright: https://live-brunner.pantheonsite.io/sites/default/files/styles/original_webp/public/oldImages/105017_Brunner_oval_8084_01_HD_XL.jpg.webp?itok=mp9tSeKO
Finished download: https://live-brunner.pantheonsite.io/sites/default/files/styles/original_webp/public/oldImages/105017_Brunner_oval_8084_01_HD_XL.jpg.webp?itok=mp9tSeKO -> oval_Lounge_system_1505-1150\image_24.jpg
Starting download with Playwright: https://live-brunner.pantheonsite.io/sites/default/files/styles/sm/public/oldImages/106882_Brunner_oval_1510_0100_valet_VT_1000_VT_1001_2_HD_XL.jpg.webp?itok=vw2DI-8s
Finished download: https://live-brunner.pantheonsite.io/sites/default/files/styles/sm/public/oldImages/106882_Brunner_oval_1510_0100_valet_VT_1000_VT_1001_2_HD_XL.jpg.webp?itok=vw2DI-8s -> oval_Lounge_system_1505-1150\image_25.jpg
Starting download with Playwright: https://live-brunner.pantheonsite.io/sites/default/files/styles/lg/public/oldImages/106882_Brunner_oval_1510_0100_valet_VT_1000_VT_1001_2_HD_XL.jpg.webp?itok=iqVP5e0G
Finished download: https://live-brunner.pantheonsite.io/sites/default/files/styles/lg/public/oldImages/106882_Brunner_oval_1510_0100_valet_VT_1000_VT_1001_2_HD_XL.jpg.webp?itok=iqVP5e0G -> oval_Lounge_system_1505-1150\image_26.jpg
Starting download with Playwright: https://live-brunner.pantheonsite.io/sites/default/files/styles/original_webp/public/oldImages/106882_Brunner_oval_1510_0100_valet_VT_1000_VT_1001_2_HD_XL.jpg.webp?itok=_e3q7vBm
Finished download: https://live-brunner.pantheonsite.io/sites/default/files/styles/original_webp/public/oldImages/106882_Brunner_oval_1510_0100_valet_VT_1000_VT_1001_2_HD_XL.jpg.webp?itok=_e3q7vBm -> oval_Lounge_system_1505-1150\image_27.jpg
Starting download with Playwright: https://live-brunner.pantheonsite.io/sites/default/files/styles/sm/public/oldImages/106884_Brunner_oval_1520_0100%20-%20Kopie_HD_XL.jpg.webp?itok=O1V1K81A
Finished download: https://live-brunner.pantheonsite.io/sites/default/files/styles/sm/public/oldImages/106884_Brunner_oval_1520_0100%20-%20Kopie_HD_XL.jpg.webp?itok=O1V1K81A -> oval_Lounge_system_1505-1150\image_28.jpg
Starting download with Playwright: https://live-brunner.pantheonsite.io/sites/default/files/styles/lg/public/oldImages/106884_Brunner_oval_1520_0100%20-%20Kopie_HD_XL.jpg.webp?itok=P_jFkTqf
Finished download: https://live-brunner.pantheonsite.io/sites/default/files/styles/lg/public/oldImages/106884_Brunner_oval_1520_0100%20-%20Kopie_HD_XL.jpg.webp?itok=P_jFkTqf -> oval_Lounge_system_1505-1150\image_29.jpg
Starting download with Playwright: https://live-brunner.pantheonsite.io/sites/default/files/styles/original_webp/public/oldImages/106884_Brunner_oval_1520_0100%20-%20Kopie_HD_XL.jpg.webp?itok=PMdqJw9Q
Finished download: https://live-brunner.pantheonsite.io/sites/default/files/styles/original_webp/public/oldImages/106884_Brunner_oval_1520_0100%20-%20Kopie_HD_XL.jpg.webp?itok=PMdqJw9Q -> oval_Lounge_system_1505-1150\image_30.jpg
Starting download with Playwright: https://live-brunner.pantheonsite.io/sites/default/files/styles/sm/public/oldImages/106987_Brunner_oval_animation_thumbnail_XL.jpg.webp?itok=6SYpS2Dp
Finished download: https://live-brunner.pantheonsite.io/sites/default/files/styles/sm/public/oldImages/106987_Brunner_oval_animation_thumbnail_XL.jpg.webp?itok=6SYpS2Dp -> oval_Lounge_system_1505-1150\image_31.jpg
Starting download with Playwright: https://live-brunner.pantheonsite.io/sites/default/files/styles/lg/public/oldImages/106987_Brunner_oval_animation_thumbnail_XL.jpg.webp?itok=RN5L-2gu
Finished download: https://live-brunner.pantheonsite.io/sites/default/files/styles/lg/public/oldImages/106987_Brunner_oval_animation_thumbnail_XL.jpg.webp?itok=RN5L-2gu -> oval_Lounge_system_1505-1150\image_32.jpg
Starting download with Playwright: https://live-brunner.pantheonsite.io/sites/default/files/styles/original_webp/public/oldImages/106987_Brunner_oval_animation_thumbnail_XL.jpg.webp?itok=OpuhYE_V
Finished download: https://live-brunner.pantheonsite.io/sites/default/files/styles/original_webp/public/oldImages/106987_Brunner_oval_animation_thumbnail_XL.jpg.webp?itok=OpuhYE_V -> oval_Lounge_system_1505-1150\image_33.jpg
Completed image downloads for product oval_Lounge_system_1505-1150
Extracting features for product oval_Lounge_system_1505-1150...
Features saved for product oval_Lounge_system_1505-1150
Attempting to access Downloads tab for product oval_Lounge_system_1505-1150...
Starting download of PDF: https://live-brunner.pantheonsite.io/sites/default/files/oldPdfs/Produktdatenblaetter/Produktdatenblaetter_EN/Brunner_product_data_sheet_oval_EN.pdf
Downloaded product_sheet.pdf for product oval_Lounge_system_1505-1150
Opening URL for product oval_Cabin_1530-0100: https://brunner-group.com/en/products/oval-cabin/?variant=1530-0100
Images detected on page for oval_Cabin_1530-0100, scrolling to load them...
Successfully opened URL for product oval_Cabin_1530-0100
Extracting images for product oval_Cabin_1530-0100...
Found 15 images for product oval_Cabin_1530-0100
Starting download with Playwright: https://live-brunner.pantheonsite.io/sites/default/files/styles/sm/public/oldImages/105017_Brunner_oval_8084_01_HD_XL.jpg.webp?itok=Dt_oYVIH
Finished download: https://live-brunner.pantheonsite.io/sites/default/files/styles/sm/public/oldImages/105017_Brunner_oval_8084_01_HD_XL.jpg.webp?itok=Dt_oYVIH -> oval_Cabin_1530-0100\image_1.jpg
Starting download with Playwright: https://live-brunner.pantheonsite.io/sites/default/files/styles/lg/public/oldImages/105017_Brunner_oval_8084_01_HD_XL.jpg.webp?itok=7YNx1rPo
Finished download: https://live-brunner.pantheonsite.io/sites/default/files/styles/lg/public/oldImages/105017_Brunner_oval_8084_01_HD_XL.jpg.webp?itok=7YNx1rPo -> oval_Cabin_1530-0100\image_2.jpg
Starting download with Playwright: https://live-brunner.pantheonsite.io/sites/default/files/styles/original_webp/public/oldImages/105017_Brunner_oval_8084_01_HD_XL.jpg.webp?itok=mp9tSeKO
Finished download: https://live-brunner.pantheonsite.io/sites/default/files/styles/original_webp/public/oldImages/105017_Brunner_oval_8084_01_HD_XL.jpg.webp?itok=mp9tSeKO -> oval_Cabin_1530-0100\image_3.jpg
Starting download with Playwright: https://live-brunner.pantheonsite.io/sites/default/files/styles/sm/public/oldImages/105015_Brunner_oval_8084_02_HD_XL.jpg.webp?itok=5kCdnhRj
Finished download: https://live-brunner.pantheonsite.io/sites/default/files/styles/sm/public/oldImages/105015_Brunner_oval_8084_02_HD_XL.jpg.webp?itok=5kCdnhRj -> oval_Cabin_1530-0100\image_4.jpg
Starting download with Playwright: https://live-brunner.pantheonsite.io/sites/default/files/styles/lg/public/oldImages/105015_Brunner_oval_8084_02_HD_XL.jpg.webp?itok=hgNaScgW
Finished download: https://live-brunner.pantheonsite.io/sites/default/files/styles/lg/public/oldImages/105015_Brunner_oval_8084_02_HD_XL.jpg.webp?itok=hgNaScgW -> oval_Cabin_1530-0100\image_5.jpg
Starting download with Playwright: https://live-brunner.pantheonsite.io/sites/default/files/styles/original_webp/public/oldImages/105015_Brunner_oval_8084_02_HD_XL.jpg.webp?itok=dDR3sCgI
Finished download: https://live-brunner.pantheonsite.io/sites/default/files/styles/original_webp/public/oldImages/105015_Brunner_oval_8084_02_HD_XL.jpg.webp?itok=dDR3sCgI -> oval_Cabin_1530-0100\image_6.jpg
Starting download with Playwright: https://live-brunner.pantheonsite.io/sites/default/files/styles/sm/public/oldImages/105016_Brunner_oval_8084_03_HD_XL.jpg.webp?itok=wrARv5BD
Finished download: https://live-brunner.pantheonsite.io/sites/default/files/styles/sm/public/oldImages/105016_Brunner_oval_8084_03_HD_XL.jpg.webp?itok=wrARv5BD -> oval_Cabin_1530-0100\image_7.jpg
Starting download with Playwright: https://live-brunner.pantheonsite.io/sites/default/files/styles/lg/public/oldImages/105016_Brunner_oval_8084_03_HD_XL.jpg.webp?itok=PcWLs7yn
Finished download: https://live-brunner.pantheonsite.io/sites/default/files/styles/lg/public/oldImages/105016_Brunner_oval_8084_03_HD_XL.jpg.webp?itok=PcWLs7yn -> oval_Cabin_1530-0100\image_8.jpg
Starting download with Playwright: https://live-brunner.pantheonsite.io/sites/default/files/styles/original_webp/public/oldImages/105016_Brunner_oval_8084_03_HD_XL.jpg.webp?itok=1AQBiqqA
Finished download: https://live-brunner.pantheonsite.io/sites/default/files/styles/original_webp/public/oldImages/105016_Brunner_oval_8084_03_HD_XL.jpg.webp?itok=1AQBiqqA -> oval_Cabin_1530-0100\image_9.jpg
Starting download with Playwright: https://live-brunner.pantheonsite.io/sites/default/files/styles/sm/public/oldImages/106961_Brunner_oval_video_cabins_thumbnail_XL.jpg.webp?itok=erptbfpk
Finished download: https://live-brunner.pantheonsite.io/sites/default/files/styles/sm/public/oldImages/106961_Brunner_oval_video_cabins_thumbnail_XL.jpg.webp?itok=erptbfpk -> oval_Cabin_1530-0100\image_10.jpg
Starting download with Playwright: https://live-brunner.pantheonsite.io/sites/default/files/styles/lg/public/oldImages/106961_Brunner_oval_video_cabins_thumbnail_XL.jpg.webp?itok=Y1AP-kWE
Finished download: https://live-brunner.pantheonsite.io/sites/default/files/styles/lg/public/oldImages/106961_Brunner_oval_video_cabins_thumbnail_XL.jpg.webp?itok=Y1AP-kWE -> oval_Cabin_1530-0100\image_11.jpg
Starting download with Playwright: https://live-brunner.pantheonsite.io/sites/default/files/styles/original_webp/public/oldImages/106961_Brunner_oval_video_cabins_thumbnail_XL.jpg.webp?itok=ElydUTas
Finished download: https://live-brunner.pantheonsite.io/sites/default/files/styles/original_webp/public/oldImages/106961_Brunner_oval_video_cabins_thumbnail_XL.jpg.webp?itok=ElydUTas -> oval_Cabin_1530-0100\image_12.jpg
Starting download with Playwright: https://live-brunner.pantheonsite.io/sites/default/files/styles/sm/public/oldImages/106987_Brunner_oval_animation_thumbnail_XL.jpg.webp?itok=6SYpS2Dp
Finished download: https://live-brunner.pantheonsite.io/sites/default/files/styles/sm/public/oldImages/106987_Brunner_oval_animation_thumbnail_XL.jpg.webp?itok=6SYpS2Dp -> oval_Cabin_1530-0100\image_13.jpg
Starting download with Playwright: https://live-brunner.pantheonsite.io/sites/default/files/styles/lg/public/oldImages/106987_Brunner_oval_animation_thumbnail_XL.jpg.webp?itok=RN5L-2gu
Finished download: https://live-brunner.pantheonsite.io/sites/default/files/styles/lg/public/oldImages/106987_Brunner_oval_animation_thumbnail_XL.jpg.webp?itok=RN5L-2gu -> oval_Cabin_1530-0100\image_14.jpg
Starting download with Playwright: https://live-brunner.pantheonsite.io/sites/default/files/styles/original_webp/public/oldImages/106987_Brunner_oval_animation_thumbnail_XL.jpg.webp?itok=OpuhYE_V
Finished download: https://live-brunner.pantheonsite.io/sites/default/files/styles/original_webp/public/oldImages/106987_Brunner_oval_animation_thumbnail_XL.jpg.webp?itok=OpuhYE_V -> oval_Cabin_1530-0100\image_15.jpg
Completed image downloads for product oval_Cabin_1530-0100
Extracting features for product oval_Cabin_1530-0100...
Features saved for product oval_Cabin_1530-0100
Attempting to access Downloads tab for product oval_Cabin_1530-0100...
Starting download of PDF: https://live-brunner.pantheonsite.io/sites/default/files/oldPdfs/Produktdatenblaetter/Produktdatenblaetter_EN/Brunner_product_data_sheet_oval_EN.pdf
Downloaded product_sheet.pdf for product oval_Cabin_1530-0100
Opening URL for product pads_Stool_1400-0310: https://brunner-group.com/en/products/pads-stool/?variant=1400-0310
Images detected on page for pads_Stool_1400-0310, scrolling to load them...
Successfully opened URL for product pads_Stool_1400-0310
Extracting images for product pads_Stool_1400-0310...
Found 30 images for product pads_Stool_1400-0310
Starting download with Playwright: https://live-brunner.pantheonsite.io/sites/default/files/styles/sm/public/oldImages/98315_Brunner_pads_Workspace_Location_HD_XL.jpg.webp?itok=EbtjApzu
Finished download: https://live-brunner.pantheonsite.io/sites/default/files/styles/sm/public/oldImages/98315_Brunner_pads_Workspace_Location_HD_XL.jpg.webp?itok=EbtjApzu -> pads_Stool_1400-0310\image_1.jpg
Starting download with Playwright: https://live-brunner.pantheonsite.io/sites/default/files/styles/lg/public/oldImages/98315_Brunner_pads_Workspace_Location_HD_XL.jpg.webp?itok=4MPYVU4a
Finished download: https://live-brunner.pantheonsite.io/sites/default/files/styles/lg/public/oldImages/98315_Brunner_pads_Workspace_Location_HD_XL.jpg.webp?itok=4MPYVU4a -> pads_Stool_1400-0310\image_2.jpg
Starting download with Playwright: https://live-brunner.pantheonsite.io/sites/default/files/styles/original_webp/public/oldImages/98315_Brunner_pads_Workspace_Location_HD_XL.jpg.webp?itok=crdCN2md
Finished download: https://live-brunner.pantheonsite.io/sites/default/files/styles/original_webp/public/oldImages/98315_Brunner_pads_Workspace_Location_HD_XL.jpg.webp?itok=crdCN2md -> pads_Stool_1400-0310\image_3.jpg
Starting download with Playwright: https://live-brunner.pantheonsite.io/sites/default/files/styles/sm/public/oldImages/98316_Brunner_pads_Tetris_Location_HD_XL.jpg.webp?itok=OyaGRxOw
Finished download: https://live-brunner.pantheonsite.io/sites/default/files/styles/sm/public/oldImages/98316_Brunner_pads_Tetris_Location_HD_XL.jpg.webp?itok=OyaGRxOw -> pads_Stool_1400-0310\image_4.jpg
Starting download with Playwright: https://live-brunner.pantheonsite.io/sites/default/files/styles/lg/public/oldImages/98316_Brunner_pads_Tetris_Location_HD_XL.jpg.webp?itok=3CEAEuYq
Finished download: https://live-brunner.pantheonsite.io/sites/default/files/styles/lg/public/oldImages/98316_Brunner_pads_Tetris_Location_HD_XL.jpg.webp?itok=3CEAEuYq -> pads_Stool_1400-0310\image_5.jpg
Starting download with Playwright: https://live-brunner.pantheonsite.io/sites/default/files/styles/original_webp/public/oldImages/98316_Brunner_pads_Tetris_Location_HD_XL.jpg.webp?itok=bkn6Azhj
Finished download: https://live-brunner.pantheonsite.io/sites/default/files/styles/original_webp/public/oldImages/98316_Brunner_pads_Tetris_Location_HD_XL.jpg.webp?itok=bkn6Azhj -> pads_Stool_1400-0310\image_6.jpg
Starting download with Playwright: https://live-brunner.pantheonsite.io/sites/default/files/styles/sm/public/oldImages/92000_Brunner_pads_sofa_Work_XL.jpg.webp?itok=FIreDdEl
Finished download: https://live-brunner.pantheonsite.io/sites/default/files/styles/sm/public/oldImages/92000_Brunner_pads_sofa_Work_XL.jpg.webp?itok=FIreDdEl -> pads_Stool_1400-0310\image_7.jpg
Starting download with Playwright: https://live-brunner.pantheonsite.io/sites/default/files/styles/lg/public/oldImages/92000_Brunner_pads_sofa_Work_XL.jpg.webp?itok=0JvWZpAE
Finished download: https://live-brunner.pantheonsite.io/sites/default/files/styles/lg/public/oldImages/92000_Brunner_pads_sofa_Work_XL.jpg.webp?itok=0JvWZpAE -> pads_Stool_1400-0310\image_8.jpg
Starting download with Playwright: https://live-brunner.pantheonsite.io/sites/default/files/styles/original_webp/public/oldImages/92000_Brunner_pads_sofa_Work_XL.jpg.webp?itok=xQ5-ljnH
Finished download: https://live-brunner.pantheonsite.io/sites/default/files/styles/original_webp/public/oldImages/92000_Brunner_pads_sofa_Work_XL.jpg.webp?itok=xQ5-ljnH -> pads_Stool_1400-0310\image_9.jpg
Starting download with Playwright: https://live-brunner.pantheonsite.io/sites/default/files/styles/sm/public/oldImages/95272_Brunner_pads_workcafe_XL.jpg.webp?itok=MLTdiAPQ
Finished download: https://live-brunner.pantheonsite.io/sites/default/files/styles/sm/public/oldImages/95272_Brunner_pads_workcafe_XL.jpg.webp?itok=MLTdiAPQ -> pads_Stool_1400-0310\image_10.jpg
Starting download with Playwright: https://live-brunner.pantheonsite.io/sites/default/files/styles/lg/public/oldImages/95272_Brunner_pads_workcafe_XL.jpg.webp?itok=oVFxzvi6
Finished download: https://live-brunner.pantheonsite.io/sites/default/files/styles/lg/public/oldImages/95272_Brunner_pads_workcafe_XL.jpg.webp?itok=oVFxzvi6 -> pads_Stool_1400-0310\image_11.jpg
Starting download with Playwright: https://live-brunner.pantheonsite.io/sites/default/files/styles/original_webp/public/oldImages/95272_Brunner_pads_workcafe_XL.jpg.webp?itok=UqYt75gB
Finished download: https://live-brunner.pantheonsite.io/sites/default/files/styles/original_webp/public/oldImages/95272_Brunner_pads_workcafe_XL.jpg.webp?itok=UqYt75gB -> pads_Stool_1400-0310\image_12.jpg
Starting download with Playwright: https://live-brunner.pantheonsite.io/sites/default/files/styles/sm/public/oldImages/91052_Brunner_pads_Wuerfel_M_1400_0140_DivinaMD_843_Grau_mitSchatten_RGB_XL.jpg.webp?itok=CIu5_zi9
Finished download: https://live-brunner.pantheonsite.io/sites/default/files/styles/sm/public/oldImages/91052_Brunner_pads_Wuerfel_M_1400_0140_DivinaMD_843_Grau_mitSchatten_RGB_XL.jpg.webp?itok=CIu5_zi9 -> pads_Stool_1400-0310\image_13.jpg
Starting download with Playwright: https://live-brunner.pantheonsite.io/sites/default/files/styles/lg/public/oldImages/91052_Brunner_pads_Wuerfel_M_1400_0140_DivinaMD_843_Grau_mitSchatten_RGB_XL.jpg.webp?itok=5Z07MUG8
Finished download: https://live-brunner.pantheonsite.io/sites/default/files/styles/lg/public/oldImages/91052_Brunner_pads_Wuerfel_M_1400_0140_DivinaMD_843_Grau_mitSchatten_RGB_XL.jpg.webp?itok=5Z07MUG8 -> pads_Stool_1400-0310\image_14.jpg
Starting download with Playwright: https://live-brunner.pantheonsite.io/sites/default/files/styles/original_webp/public/oldImages/91052_Brunner_pads_Wuerfel_M_1400_0140_DivinaMD_843_Grau_mitSchatten_RGB_XL.jpg.webp?itok=begXLuo7
Finished download: https://live-brunner.pantheonsite.io/sites/default/files/styles/original_webp/public/oldImages/91052_Brunner_pads_Wuerfel_M_1400_0140_DivinaMD_843_Grau_mitSchatten_RGB_XL.jpg.webp?itok=begXLuo7 -> pads_Stool_1400-0310\image_15.jpg
Starting download with Playwright: https://live-brunner.pantheonsite.io/sites/default/files/styles/sm/public/oldImages/91076_Brunner_pads_Konfiguration_1400_0140_DivinaMD_813_843_Grau_mitSchatten_RGB_XL.jpg.webp?itok=2b8FTiTg
Finished download: https://live-brunner.pantheonsite.io/sites/default/files/styles/sm/public/oldImages/91076_Brunner_pads_Konfiguration_1400_0140_DivinaMD_813_843_Grau_mitSchatten_RGB_XL.jpg.webp?itok=2b8FTiTg -> pads_Stool_1400-0310\image_16.jpg
Starting download with Playwright: https://live-brunner.pantheonsite.io/sites/default/files/styles/lg/public/oldImages/91076_Brunner_pads_Konfiguration_1400_0140_DivinaMD_813_843_Grau_mitSchatten_RGB_XL.jpg.webp?itok=JMF0TiXb
Finished download: https://live-brunner.pantheonsite.io/sites/default/files/styles/lg/public/oldImages/91076_Brunner_pads_Konfiguration_1400_0140_DivinaMD_813_843_Grau_mitSchatten_RGB_XL.jpg.webp?itok=JMF0TiXb -> pads_Stool_1400-0310\image_17.jpg
Starting download with Playwright: https://live-brunner.pantheonsite.io/sites/default/files/styles/original_webp/public/oldImages/91076_Brunner_pads_Konfiguration_1400_0140_DivinaMD_813_843_Grau_mitSchatten_RGB_XL.jpg.webp?itok=xN438u6e
Finished download: https://live-brunner.pantheonsite.io/sites/default/files/styles/original_webp/public/oldImages/91076_Brunner_pads_Konfiguration_1400_0140_DivinaMD_813_843_Grau_mitSchatten_RGB_XL.jpg.webp?itok=xN438u6e -> pads_Stool_1400-0310\image_18.jpg
Starting download with Playwright: https://live-brunner.pantheonsite.io/sites/default/files/styles/sm/public/oldImages/91078_Brunner_pads_Konfiguration_1400_0220_DivinaMD_843_433_Grau_mitSchatten_RGB_XL.jpg.webp?itok=fTJylj0q
Finished download: https://live-brunner.pantheonsite.io/sites/default/files/styles/sm/public/oldImages/91078_Brunner_pads_Konfiguration_1400_0220_DivinaMD_843_433_Grau_mitSchatten_RGB_XL.jpg.webp?itok=fTJylj0q -> pads_Stool_1400-0310\image_19.jpg
Starting download with Playwright: https://live-brunner.pantheonsite.io/sites/default/files/styles/lg/public/oldImages/91078_Brunner_pads_Konfiguration_1400_0220_DivinaMD_843_433_Grau_mitSchatten_RGB_XL.jpg.webp?itok=RbRtTaG3
Finished download: https://live-brunner.pantheonsite.io/sites/default/files/styles/lg/public/oldImages/91078_Brunner_pads_Konfiguration_1400_0220_DivinaMD_843_433_Grau_mitSchatten_RGB_XL.jpg.webp?itok=RbRtTaG3 -> pads_Stool_1400-0310\image_20.jpg
Starting download with Playwright: https://live-brunner.pantheonsite.io/sites/default/files/styles/original_webp/public/oldImages/91078_Brunner_pads_Konfiguration_1400_0220_DivinaMD_843_433_Grau_mitSchatten_RGB_XL.jpg.webp?itok=vV0SeHjg
Finished download: https://live-brunner.pantheonsite.io/sites/default/files/styles/original_webp/public/oldImages/91078_Brunner_pads_Konfiguration_1400_0220_DivinaMD_843_433_Grau_mitSchatten_RGB_XL.jpg.webp?itok=vV0SeHjg -> pads_Stool_1400-0310\image_21.jpg
Starting download with Playwright: https://live-brunner.pantheonsite.io/sites/default/files/styles/sm/public/oldImages/92041_Brunner_cm-feature_pads_Beistelltisch_4_XL.jpg.webp?itok=uV63Z-py
Finished download: https://live-brunner.pantheonsite.io/sites/default/files/styles/sm/public/oldImages/92041_Brunner_cm-feature_pads_Beistelltisch_4_XL.jpg.webp?itok=uV63Z-py -> pads_Stool_1400-0310\image_22.jpg
Starting download with Playwright: https://live-brunner.pantheonsite.io/sites/default/files/styles/lg/public/oldImages/92041_Brunner_cm-feature_pads_Beistelltisch_4_XL.jpg.webp?itok=D9hJaI5H
Finished download: https://live-brunner.pantheonsite.io/sites/default/files/styles/lg/public/oldImages/92041_Brunner_cm-feature_pads_Beistelltisch_4_XL.jpg.webp?itok=D9hJaI5H -> pads_Stool_1400-0310\image_23.jpg
Starting download with Playwright: https://live-brunner.pantheonsite.io/sites/default/files/styles/original_webp/public/oldImages/92041_Brunner_cm-feature_pads_Beistelltisch_4_XL.jpg.webp?itok=GmorCh-t
Finished download: https://live-brunner.pantheonsite.io/sites/default/files/styles/original_webp/public/oldImages/92041_Brunner_cm-feature_pads_Beistelltisch_4_XL.jpg.webp?itok=GmorCh-t -> pads_Stool_1400-0310\image_24.jpg
Starting download with Playwright: https://live-brunner.pantheonsite.io/sites/default/files/styles/sm/public/oldImages/94181_Brunner_pads_1400-0100_1400-0120_crona%20steel_6346_6346A_6395_location1920x1080_XL.jpg.webp?itok=77DU_mjG
Finished download: https://live-brunner.pantheonsite.io/sites/default/files/styles/sm/public/oldImages/94181_Brunner_pads_1400-0100_1400-0120_crona%20steel_6346_6346A_6395_location1920x1080_XL.jpg.webp?itok=77DU_mjG -> pads_Stool_1400-0310\image_25.jpg
Starting download with Playwright: https://live-brunner.pantheonsite.io/sites/default/files/styles/lg/public/oldImages/94181_Brunner_pads_1400-0100_1400-0120_crona%20steel_6346_6346A_6395_location1920x1080_XL.jpg.webp?itok=2aFMXRd8
Finished download: https://live-brunner.pantheonsite.io/sites/default/files/styles/lg/public/oldImages/94181_Brunner_pads_1400-0100_1400-0120_crona%20steel_6346_6346A_6395_location1920x1080_XL.jpg.webp?itok=2aFMXRd8 -> pads_Stool_1400-0310\image_26.jpg
Starting download with Playwright: https://live-brunner.pantheonsite.io/sites/default/files/styles/original_webp/public/oldImages/94181_Brunner_pads_1400-0100_1400-0120_crona%20steel_6346_6346A_6395_location1920x1080_XL.jpg.webp?itok=1G2RVlk1
Finished download: https://live-brunner.pantheonsite.io/sites/default/files/styles/original_webp/public/oldImages/94181_Brunner_pads_1400-0100_1400-0120_crona%20steel_6346_6346A_6395_location1920x1080_XL.jpg.webp?itok=1G2RVlk1 -> pads_Stool_1400-0310\image_27.jpg
Starting download with Playwright: https://live-brunner.pantheonsite.io/sites/default/files/styles/sm/public/oldImages/91070_Brunner_pads_Eckmodul_L_1400_0320_DivinaMD_433_Grau_mitSchatten_RGB_XL.jpg.webp?itok=FWVL-2eh
Finished download: https://live-brunner.pantheonsite.io/sites/default/files/styles/sm/public/oldImages/91070_Brunner_pads_Eckmodul_L_1400_0320_DivinaMD_433_Grau_mitSchatten_RGB_XL.jpg.webp?itok=FWVL-2eh -> pads_Stool_1400-0310\image_28.jpg
Starting download with Playwright: https://live-brunner.pantheonsite.io/sites/default/files/styles/lg/public/oldImages/91070_Brunner_pads_Eckmodul_L_1400_0320_DivinaMD_433_Grau_mitSchatten_RGB_XL.jpg.webp?itok=8dGUp_lH
Finished download: https://live-brunner.pantheonsite.io/sites/default/files/styles/lg/public/oldImages/91070_Brunner_pads_Eckmodul_L_1400_0320_DivinaMD_433_Grau_mitSchatten_RGB_XL.jpg.webp?itok=8dGUp_lH -> pads_Stool_1400-0310\image_29.jpg
Starting download with Playwright: https://live-brunner.pantheonsite.io/sites/default/files/styles/original_webp/public/oldImages/91070_Brunner_pads_Eckmodul_L_1400_0320_DivinaMD_433_Grau_mitSchatten_RGB_XL.jpg.webp?itok=_5UrAhLO
Finished download: https://live-brunner.pantheonsite.io/sites/default/files/styles/original_webp/public/oldImages/91070_Brunner_pads_Eckmodul_L_1400_0320_DivinaMD_433_Grau_mitSchatten_RGB_XL.jpg.webp?itok=_5UrAhLO -> pads_Stool_1400-0310\image_30.jpg
Completed image downloads for product pads_Stool_1400-0310
Extracting features for product pads_Stool_1400-0310...
Features saved for product pads_Stool_1400-0310
Attempting to access Downloads tab for product pads_Stool_1400-0310...
Starting download of PDF: https://live-brunner.pantheonsite.io/sites/default/files/oldPdfs/Produktdatenblaetter/Produktdatenblaetter_EN/Brunner_pads_product_data_sheet_EN.pdf
Downloaded product_sheet.pdf for product pads_Stool_1400-0310
Opening URL for product pads_Lounge_chair_1420-0120: https://brunner-group.com/en/products/pads-lounge-stool/?variant=1420-0120
Images detected on page for pads_Lounge_chair_1420-0120, scrolling to load them...
Successfully opened URL for product pads_Lounge_chair_1420-0120
Extracting images for product pads_Lounge_chair_1420-0120...
Found 45 images for product pads_Lounge_chair_1420-0120
Starting download with Playwright: https://live-brunner.pantheonsite.io/sites/default/files/styles/sm/public/oldImages/112751_Brunner_Thumbnail_Design_News_Snippets_pads_XL.jpg.webp?itok=ZI_3SoIw
Finished download: https://live-brunner.pantheonsite.io/sites/default/files/styles/sm/public/oldImages/112751_Brunner_Thumbnail_Design_News_Snippets_pads_XL.jpg.webp?itok=ZI_3SoIw -> pads_Lounge_chair_1420-0120\image_1.jpg
Starting download with Playwright: https://live-brunner.pantheonsite.io/sites/default/files/styles/lg/public/oldImages/112751_Brunner_Thumbnail_Design_News_Snippets_pads_XL.jpg.webp?itok=d9h3dyLW
Finished download: https://live-brunner.pantheonsite.io/sites/default/files/styles/lg/public/oldImages/112751_Brunner_Thumbnail_Design_News_Snippets_pads_XL.jpg.webp?itok=d9h3dyLW -> pads_Lounge_chair_1420-0120\image_2.jpg
Starting download with Playwright: https://live-brunner.pantheonsite.io/sites/default/files/styles/original_webp/public/oldImages/112751_Brunner_Thumbnail_Design_News_Snippets_pads_XL.jpg.webp?itok=0A21Od_G
Finished download: https://live-brunner.pantheonsite.io/sites/default/files/styles/original_webp/public/oldImages/112751_Brunner_Thumbnail_Design_News_Snippets_pads_XL.jpg.webp?itok=0A21Od_G -> pads_Lounge_chair_1420-0120\image_3.jpg
Starting download with Playwright: https://live-brunner.pantheonsite.io/sites/default/files/styles/sm/public/oldImages/110683_Brunner_pads_1420-0120_1420-0310_valet_VT-1003_VT-1002_HD_XL.jpg.webp?itok=dgVUVf7X
Finished download: https://live-brunner.pantheonsite.io/sites/default/files/styles/sm/public/oldImages/110683_Brunner_pads_1420-0120_1420-0310_valet_VT-1003_VT-1002_HD_XL.jpg.webp?itok=dgVUVf7X -> pads_Lounge_chair_1420-0120\image_4.jpg
Starting download with Playwright: https://live-brunner.pantheonsite.io/sites/default/files/styles/lg/public/oldImages/110683_Brunner_pads_1420-0120_1420-0310_valet_VT-1003_VT-1002_HD_XL.jpg.webp?itok=sycv5rnw
Finished download: https://live-brunner.pantheonsite.io/sites/default/files/styles/lg/public/oldImages/110683_Brunner_pads_1420-0120_1420-0310_valet_VT-1003_VT-1002_HD_XL.jpg.webp?itok=sycv5rnw -> pads_Lounge_chair_1420-0120\image_5.jpg
Starting download with Playwright: https://live-brunner.pantheonsite.io/sites/default/files/styles/original_webp/public/oldImages/110683_Brunner_pads_1420-0120_1420-0310_valet_VT-1003_VT-1002_HD_XL.jpg.webp?itok=r5ltNki_
Finished download: https://live-brunner.pantheonsite.io/sites/default/files/styles/original_webp/public/oldImages/110683_Brunner_pads_1420-0120_1420-0310_valet_VT-1003_VT-1002_HD_XL.jpg.webp?itok=r5ltNki_ -> pads_Lounge_chair_1420-0120\image_6.jpg
Starting download with Playwright: https://live-brunner.pantheonsite.io/sites/default/files/styles/sm/public/oldImages/110684_Brunner_pads_1420-0120_Rollen_Detail_HD_XL.jpg.webp?itok=TmY--BLf
Finished download: https://live-brunner.pantheonsite.io/sites/default/files/styles/sm/public/oldImages/110684_Brunner_pads_1420-0120_Rollen_Detail_HD_XL.jpg.webp?itok=TmY--BLf -> pads_Lounge_chair_1420-0120\image_7.jpg
Starting download with Playwright: https://live-brunner.pantheonsite.io/sites/default/files/styles/lg/public/oldImages/110684_Brunner_pads_1420-0120_Rollen_Detail_HD_XL.jpg.webp?itok=u_77crL8
Finished download: https://live-brunner.pantheonsite.io/sites/default/files/styles/lg/public/oldImages/110684_Brunner_pads_1420-0120_Rollen_Detail_HD_XL.jpg.webp?itok=u_77crL8 -> pads_Lounge_chair_1420-0120\image_8.jpg
Starting download with Playwright: https://live-brunner.pantheonsite.io/sites/default/files/styles/original_webp/public/oldImages/110684_Brunner_pads_1420-0120_Rollen_Detail_HD_XL.jpg.webp?itok=hfpIvMKy
Finished download: https://live-brunner.pantheonsite.io/sites/default/files/styles/original_webp/public/oldImages/110684_Brunner_pads_1420-0120_Rollen_Detail_HD_XL.jpg.webp?itok=hfpIvMKy -> pads_Lounge_chair_1420-0120\image_9.jpg
Starting download with Playwright: https://live-brunner.pantheonsite.io/sites/default/files/styles/sm/public/oldImages/115430_Brunner_pads_1420-0010_HD_XL.jpg.webp?itok=N8Xjcs4C
Finished download: https://live-brunner.pantheonsite.io/sites/default/files/styles/sm/public/oldImages/115430_Brunner_pads_1420-0010_HD_XL.jpg.webp?itok=N8Xjcs4C -> pads_Lounge_chair_1420-0120\image_10.jpg
Starting download with Playwright: https://live-brunner.pantheonsite.io/sites/default/files/styles/lg/public/oldImages/115430_Brunner_pads_1420-0010_HD_XL.jpg.webp?itok=INBeliAf
Finished download: https://live-brunner.pantheonsite.io/sites/default/files/styles/lg/public/oldImages/115430_Brunner_pads_1420-0010_HD_XL.jpg.webp?itok=INBeliAf -> pads_Lounge_chair_1420-0120\image_11.jpg
Starting download with Playwright: https://live-brunner.pantheonsite.io/sites/default/files/styles/original_webp/public/oldImages/115430_Brunner_pads_1420-0010_HD_XL.jpg.webp?itok=y5DEDV7d
Finished download: https://live-brunner.pantheonsite.io/sites/default/files/styles/original_webp/public/oldImages/115430_Brunner_pads_1420-0010_HD_XL.jpg.webp?itok=y5DEDV7d -> pads_Lounge_chair_1420-0120\image_12.jpg
Starting download with Playwright: https://live-brunner.pantheonsite.io/sites/default/files/styles/sm/public/oldImages/110959_Brunner_pads_1420-0310_03_HD_XL.jpg.webp?itok=Uhn4wohW
Finished download: https://live-brunner.pantheonsite.io/sites/default/files/styles/sm/public/oldImages/110959_Brunner_pads_1420-0310_03_HD_XL.jpg.webp?itok=Uhn4wohW -> pads_Lounge_chair_1420-0120\image_13.jpg
Starting download with Playwright: https://live-brunner.pantheonsite.io/sites/default/files/styles/lg/public/oldImages/110959_Brunner_pads_1420-0310_03_HD_XL.jpg.webp?itok=VA1CPFWu
Finished download: https://live-brunner.pantheonsite.io/sites/default/files/styles/lg/public/oldImages/110959_Brunner_pads_1420-0310_03_HD_XL.jpg.webp?itok=VA1CPFWu -> pads_Lounge_chair_1420-0120\image_14.jpg
Starting download with Playwright: https://live-brunner.pantheonsite.io/sites/default/files/styles/original_webp/public/oldImages/110959_Brunner_pads_1420-0310_03_HD_XL.jpg.webp?itok=ge1y1K4u
Finished download: https://live-brunner.pantheonsite.io/sites/default/files/styles/original_webp/public/oldImages/110959_Brunner_pads_1420-0310_03_HD_XL.jpg.webp?itok=ge1y1K4u -> pads_Lounge_chair_1420-0120\image_15.jpg
Starting download with Playwright: https://live-brunner.pantheonsite.io/sites/default/files/styles/sm/public/oldImages/110961_Brunner_pads_1420_0120_Griff_03_HD_XL.jpg.webp?itok=bIdvR7QM
Finished download: https://live-brunner.pantheonsite.io/sites/default/files/styles/sm/public/oldImages/110961_Brunner_pads_1420_0120_Griff_03_HD_XL.jpg.webp?itok=bIdvR7QM -> pads_Lounge_chair_1420-0120\image_16.jpg
Starting download with Playwright: https://live-brunner.pantheonsite.io/sites/default/files/styles/lg/public/oldImages/110961_Brunner_pads_1420_0120_Griff_03_HD_XL.jpg.webp?itok=hsj6pPul
Finished download: https://live-brunner.pantheonsite.io/sites/default/files/styles/lg/public/oldImages/110961_Brunner_pads_1420_0120_Griff_03_HD_XL.jpg.webp?itok=hsj6pPul -> pads_Lounge_chair_1420-0120\image_17.jpg
Starting download with Playwright: https://live-brunner.pantheonsite.io/sites/default/files/styles/original_webp/public/oldImages/110961_Brunner_pads_1420_0120_Griff_03_HD_XL.jpg.webp?itok=U4rj072r
Finished download: https://live-brunner.pantheonsite.io/sites/default/files/styles/original_webp/public/oldImages/110961_Brunner_pads_1420_0120_Griff_03_HD_XL.jpg.webp?itok=U4rj072r -> pads_Lounge_chair_1420-0120\image_18.jpg
Starting download with Playwright: https://live-brunner.pantheonsite.io/sites/default/files/styles/sm/public/oldImages/110960_Brunner_Future_Works_Open_Plan_Office_Einzelrendering_02_HD_XL.jpg.webp?itok=GvU4D3C2
Finished download: https://live-brunner.pantheonsite.io/sites/default/files/styles/sm/public/oldImages/110960_Brunner_Future_Works_Open_Plan_Office_Einzelrendering_02_HD_XL.jpg.webp?itok=GvU4D3C2 -> pads_Lounge_chair_1420-0120\image_19.jpg
Starting download with Playwright: https://live-brunner.pantheonsite.io/sites/default/files/styles/lg/public/oldImages/110960_Brunner_Future_Works_Open_Plan_Office_Einzelrendering_02_HD_XL.jpg.webp?itok=TczmfuXA
Finished download: https://live-brunner.pantheonsite.io/sites/default/files/styles/lg/public/oldImages/110960_Brunner_Future_Works_Open_Plan_Office_Einzelrendering_02_HD_XL.jpg.webp?itok=TczmfuXA -> pads_Lounge_chair_1420-0120\image_20.jpg
Starting download with Playwright: https://live-brunner.pantheonsite.io/sites/default/files/styles/original_webp/public/oldImages/110960_Brunner_Future_Works_Open_Plan_Office_Einzelrendering_02_HD_XL.jpg.webp?itok=kk0Vo83u
Finished download: https://live-brunner.pantheonsite.io/sites/default/files/styles/original_webp/public/oldImages/110960_Brunner_Future_Works_Open_Plan_Office_Einzelrendering_02_HD_XL.jpg.webp?itok=kk0Vo83u -> pads_Lounge_chair_1420-0120\image_21.jpg
Starting download with Playwright: https://live-brunner.pantheonsite.io/sites/default/files/styles/sm/public/oldImages/110965_Brunner_pads_1420-0220_03_HD_XL.jpg.webp?itok=WejSoYHs
Finished download: https://live-brunner.pantheonsite.io/sites/default/files/styles/sm/public/oldImages/110965_Brunner_pads_1420-0220_03_HD_XL.jpg.webp?itok=WejSoYHs -> pads_Lounge_chair_1420-0120\image_22.jpg
Starting download with Playwright: https://live-brunner.pantheonsite.io/sites/default/files/styles/lg/public/oldImages/110965_Brunner_pads_1420-0220_03_HD_XL.jpg.webp?itok=EAuyo4Yc
Finished download: https://live-brunner.pantheonsite.io/sites/default/files/styles/lg/public/oldImages/110965_Brunner_pads_1420-0220_03_HD_XL.jpg.webp?itok=EAuyo4Yc -> pads_Lounge_chair_1420-0120\image_23.jpg
Starting download with Playwright: https://live-brunner.pantheonsite.io/sites/default/files/styles/original_webp/public/oldImages/110965_Brunner_pads_1420-0220_03_HD_XL.jpg.webp?itok=ba2Z1lmT
Finished download: https://live-brunner.pantheonsite.io/sites/default/files/styles/original_webp/public/oldImages/110965_Brunner_pads_1420-0220_03_HD_XL.jpg.webp?itok=ba2Z1lmT -> pads_Lounge_chair_1420-0120\image_24.jpg
Starting download with Playwright: https://live-brunner.pantheonsite.io/sites/default/files/styles/sm/public/oldImages/110698_Brunner_pads_1420-0120_1420-0310_1420-0220_pads_1400-0120_ray_work_9220_nate_s_7770_HD_XL.jpg.webp?itok=VWmKMamr
Finished download: https://live-brunner.pantheonsite.io/sites/default/files/styles/sm/public/oldImages/110698_Brunner_pads_1420-0120_1420-0310_1420-0220_pads_1400-0120_ray_work_9220_nate_s_7770_HD_XL.jpg.webp?itok=VWmKMamr -> pads_Lounge_chair_1420-0120\image_25.jpg
Starting download with Playwright: https://live-brunner.pantheonsite.io/sites/default/files/styles/lg/public/oldImages/110698_Brunner_pads_1420-0120_1420-0310_1420-0220_pads_1400-0120_ray_work_9220_nate_s_7770_HD_XL.jpg.webp?itok=2cNYLbNb
Finished download: https://live-brunner.pantheonsite.io/sites/default/files/styles/lg/public/oldImages/110698_Brunner_pads_1420-0120_1420-0310_1420-0220_pads_1400-0120_ray_work_9220_nate_s_7770_HD_XL.jpg.webp?itok=2cNYLbNb -> pads_Lounge_chair_1420-0120\image_26.jpg
Starting download with Playwright: https://live-brunner.pantheonsite.io/sites/default/files/styles/original_webp/public/oldImages/110698_Brunner_pads_1420-0120_1420-0310_1420-0220_pads_1400-0120_ray_work_9220_nate_s_7770_HD_XL.jpg.webp?itok=DQtaT8fK
Finished download: https://live-brunner.pantheonsite.io/sites/default/files/styles/original_webp/public/oldImages/110698_Brunner_pads_1420-0120_1420-0310_1420-0220_pads_1400-0120_ray_work_9220_nate_s_7770_HD_XL.jpg.webp?itok=DQtaT8fK -> pads_Lounge_chair_1420-0120\image_27.jpg
Starting download with Playwright: https://live-brunner.pantheonsite.io/sites/default/files/styles/sm/public/oldImages/110685_Brunner_pads_1420-0120_valet_VT-1003_VT-1002_HD_XL.jpg.webp?itok=e1ARmojh
Finished download: https://live-brunner.pantheonsite.io/sites/default/files/styles/sm/public/oldImages/110685_Brunner_pads_1420-0120_valet_VT-1003_VT-1002_HD_XL.jpg.webp?itok=e1ARmojh -> pads_Lounge_chair_1420-0120\image_28.jpg
Starting download with Playwright: https://live-brunner.pantheonsite.io/sites/default/files/styles/lg/public/oldImages/110685_Brunner_pads_1420-0120_valet_VT-1003_VT-1002_HD_XL.jpg.webp?itok=2Ym3CmNB
Finished download: https://live-brunner.pantheonsite.io/sites/default/files/styles/lg/public/oldImages/110685_Brunner_pads_1420-0120_valet_VT-1003_VT-1002_HD_XL.jpg.webp?itok=2Ym3CmNB -> pads_Lounge_chair_1420-0120\image_29.jpg
Starting download with Playwright: https://live-brunner.pantheonsite.io/sites/default/files/styles/original_webp/public/oldImages/110685_Brunner_pads_1420-0120_valet_VT-1003_VT-1002_HD_XL.jpg.webp?itok=iqlnt03z
Finished download: https://live-brunner.pantheonsite.io/sites/default/files/styles/original_webp/public/oldImages/110685_Brunner_pads_1420-0120_valet_VT-1003_VT-1002_HD_XL.jpg.webp?itok=iqlnt03z -> pads_Lounge_chair_1420-0120\image_30.jpg
Starting download with Playwright: https://live-brunner.pantheonsite.io/sites/default/files/styles/sm/public/oldImages/115431_Brunner_pads_1420-0020_HD_XL.jpg.webp?itok=2SGKtK3c
Finished download: https://live-brunner.pantheonsite.io/sites/default/files/styles/sm/public/oldImages/115431_Brunner_pads_1420-0020_HD_XL.jpg.webp?itok=2SGKtK3c -> pads_Lounge_chair_1420-0120\image_31.jpg
Starting download with Playwright: https://live-brunner.pantheonsite.io/sites/default/files/styles/lg/public/oldImages/115431_Brunner_pads_1420-0020_HD_XL.jpg.webp?itok=qL6UcM1-
Finished download: https://live-brunner.pantheonsite.io/sites/default/files/styles/lg/public/oldImages/115431_Brunner_pads_1420-0020_HD_XL.jpg.webp?itok=qL6UcM1- -> pads_Lounge_chair_1420-0120\image_32.jpg
Starting download with Playwright: https://live-brunner.pantheonsite.io/sites/default/files/styles/original_webp/public/oldImages/115431_Brunner_pads_1420-0020_HD_XL.jpg.webp?itok=VCA-XvA7
Finished download: https://live-brunner.pantheonsite.io/sites/default/files/styles/original_webp/public/oldImages/115431_Brunner_pads_1420-0020_HD_XL.jpg.webp?itok=VCA-XvA7 -> pads_Lounge_chair_1420-0120\image_33.jpg
Starting download with Playwright: https://live-brunner.pantheonsite.io/sites/default/files/styles/sm/public/oldImages/110964_Brunner_pads_1420-0210_03_HD_XL.jpg.webp?itok=q8HI4BjL
Finished download: https://live-brunner.pantheonsite.io/sites/default/files/styles/sm/public/oldImages/110964_Brunner_pads_1420-0210_03_HD_XL.jpg.webp?itok=q8HI4BjL -> pads_Lounge_chair_1420-0120\image_34.jpg
Starting download with Playwright: https://live-brunner.pantheonsite.io/sites/default/files/styles/lg/public/oldImages/110964_Brunner_pads_1420-0210_03_HD_XL.jpg.webp?itok=NQmmpCDH
Finished download: https://live-brunner.pantheonsite.io/sites/default/files/styles/lg/public/oldImages/110964_Brunner_pads_1420-0210_03_HD_XL.jpg.webp?itok=NQmmpCDH -> pads_Lounge_chair_1420-0120\image_35.jpg
Starting download with Playwright: https://live-brunner.pantheonsite.io/sites/default/files/styles/original_webp/public/oldImages/110964_Brunner_pads_1420-0210_03_HD_XL.jpg.webp?itok=vtErRnOY
Finished download: https://live-brunner.pantheonsite.io/sites/default/files/styles/original_webp/public/oldImages/110964_Brunner_pads_1420-0210_03_HD_XL.jpg.webp?itok=vtErRnOY -> pads_Lounge_chair_1420-0120\image_36.jpg
Starting download with Playwright: https://live-brunner.pantheonsite.io/sites/default/files/styles/sm/public/oldImages/110962_Brunner_pads_1420-0110_03_HD_XL.jpg.webp?itok=Tac7Hz8e
Finished download: https://live-brunner.pantheonsite.io/sites/default/files/styles/sm/public/oldImages/110962_Brunner_pads_1420-0110_03_HD_XL.jpg.webp?itok=Tac7Hz8e -> pads_Lounge_chair_1420-0120\image_37.jpg
Starting download with Playwright: https://live-brunner.pantheonsite.io/sites/default/files/styles/lg/public/oldImages/110962_Brunner_pads_1420-0110_03_HD_XL.jpg.webp?itok=S9wKV9bY
Finished download: https://live-brunner.pantheonsite.io/sites/default/files/styles/lg/public/oldImages/110962_Brunner_pads_1420-0110_03_HD_XL.jpg.webp?itok=S9wKV9bY -> pads_Lounge_chair_1420-0120\image_38.jpg
Starting download with Playwright: https://live-brunner.pantheonsite.io/sites/default/files/styles/original_webp/public/oldImages/110962_Brunner_pads_1420-0110_03_HD_XL.jpg.webp?itok=qhp5yd37
Finished download: https://live-brunner.pantheonsite.io/sites/default/files/styles/original_webp/public/oldImages/110962_Brunner_pads_1420-0110_03_HD_XL.jpg.webp?itok=qhp5yd37 -> pads_Lounge_chair_1420-0120\image_39.jpg
Starting download with Playwright: https://live-brunner.pantheonsite.io/sites/default/files/styles/sm/public/oldImages/115799_Brunner_nates_7770_7773_foild_1100-1020_crona_light_touch_6312%EF%80%A2T_crona_up_6320_6321_pads_1420-0010_1420_0020_1420_0120_scoop_4819_HD_XL.jpg.webp?itok=2QMTtiT3
Finished download: https://live-brunner.pantheonsite.io/sites/default/files/styles/sm/public/oldImages/115799_Brunner_nates_7770_7773_foild_1100-1020_crona_light_touch_6312%EF%80%A2T_crona_up_6320_6321_pads_1420-0010_1420_0020_1420_0120_scoop_4819_HD_XL.jpg.webp?itok=2QMTtiT3 -> pads_Lounge_chair_1420-0120\image_40.jpg
Starting download with Playwright: https://live-brunner.pantheonsite.io/sites/default/files/styles/lg/public/oldImages/115799_Brunner_nates_7770_7773_foild_1100-1020_crona_light_touch_6312%EF%80%A2T_crona_up_6320_6321_pads_1420-0010_1420_0020_1420_0120_scoop_4819_HD_XL.jpg.webp?itok=KfgV_J_-
Finished download: https://live-brunner.pantheonsite.io/sites/default/files/styles/lg/public/oldImages/115799_Brunner_nates_7770_7773_foild_1100-1020_crona_light_touch_6312%EF%80%A2T_crona_up_6320_6321_pads_1420-0010_1420_0020_1420_0120_scoop_4819_HD_XL.jpg.webp?itok=KfgV_J_- -> pads_Lounge_chair_1420-0120\image_41.jpg
Starting download with Playwright: https://live-brunner.pantheonsite.io/sites/default/files/styles/original_webp/public/oldImages/115799_Brunner_nates_7770_7773_foild_1100-1020_crona_light_touch_6312%EF%80%A2T_crona_up_6320_6321_pads_1420-0010_1420_0020_1420_0120_scoop_4819_HD_XL.jpg.webp?itok=GvIm49So
Finished download: https://live-brunner.pantheonsite.io/sites/default/files/styles/original_webp/public/oldImages/115799_Brunner_nates_7770_7773_foild_1100-1020_crona_light_touch_6312%EF%80%A2T_crona_up_6320_6321_pads_1420-0010_1420_0020_1420_0120_scoop_4819_HD_XL.jpg.webp?itok=GvIm49So -> pads_Lounge_chair_1420-0120\image_42.jpg
Starting download with Playwright: https://live-brunner.pantheonsite.io/sites/default/files/styles/sm/public/oldImages/110963_Brunner_pads_1420-0120_mit_Tablar_HD_XL.jpg.webp?itok=M_x3C3xr
Finished download: https://live-brunner.pantheonsite.io/sites/default/files/styles/sm/public/oldImages/110963_Brunner_pads_1420-0120_mit_Tablar_HD_XL.jpg.webp?itok=M_x3C3xr -> pads_Lounge_chair_1420-0120\image_43.jpg
Starting download with Playwright: https://live-brunner.pantheonsite.io/sites/default/files/styles/lg/public/oldImages/110963_Brunner_pads_1420-0120_mit_Tablar_HD_XL.jpg.webp?itok=emboo4LO
Finished download: https://live-brunner.pantheonsite.io/sites/default/files/styles/lg/public/oldImages/110963_Brunner_pads_1420-0120_mit_Tablar_HD_XL.jpg.webp?itok=emboo4LO -> pads_Lounge_chair_1420-0120\image_44.jpg
Starting download with Playwright: https://live-brunner.pantheonsite.io/sites/default/files/styles/original_webp/public/oldImages/110963_Brunner_pads_1420-0120_mit_Tablar_HD_XL.jpg.webp?itok=pNxIMXD-
Finished download: https://live-brunner.pantheonsite.io/sites/default/files/styles/original_webp/public/oldImages/110963_Brunner_pads_1420-0120_mit_Tablar_HD_XL.jpg.webp?itok=pNxIMXD- -> pads_Lounge_chair_1420-0120\image_45.jpg
Completed image downloads for product pads_Lounge_chair_1420-0120
Extracting features for product pads_Lounge_chair_1420-0120...
Features saved for product pads_Lounge_chair_1420-0120
Attempting to access Downloads tab for product pads_Lounge_chair_1420-0120...
Starting download of PDF: https://www.tfaforms.com/4904907
Downloaded product_sheet.pdf for product pads_Lounge_chair_1420-0120
Opening URL for product pheno_Cantilever_chair_1076: https://brunner-group.com/en/products/pheno-cantilever-chair/?variant=1076
Images detected on page for pheno_Cantilever_chair_1076, scrolling to load them...
Successfully opened URL for product pheno_Cantilever_chair_1076
Extracting images for product pheno_Cantilever_chair_1076...
Found 12 images for product pheno_Cantilever_chair_1076
Starting download with Playwright: https://live-brunner.pantheonsite.io/sites/default/files/styles/sm/public/oldImages/99226_Brunner_pheno_1076A_Freisteller-01_HD_XL.jpg.webp?itok=ZbrxeBX8
Finished download: https://live-brunner.pantheonsite.io/sites/default/files/styles/sm/public/oldImages/99226_Brunner_pheno_1076A_Freisteller-01_HD_XL.jpg.webp?itok=ZbrxeBX8 -> pheno_Cantilever_chair_1076\image_1.jpg
Starting download with Playwright: https://live-brunner.pantheonsite.io/sites/default/files/styles/lg/public/oldImages/99226_Brunner_pheno_1076A_Freisteller-01_HD_XL.jpg.webp?itok=xgVkNYDV
Finished download: https://live-brunner.pantheonsite.io/sites/default/files/styles/lg/public/oldImages/99226_Brunner_pheno_1076A_Freisteller-01_HD_XL.jpg.webp?itok=xgVkNYDV -> pheno_Cantilever_chair_1076\image_2.jpg
Starting download with Playwright: https://live-brunner.pantheonsite.io/sites/default/files/styles/original_webp/public/oldImages/99226_Brunner_pheno_1076A_Freisteller-01_HD_XL.jpg.webp?itok=nUhBvs-2
Finished download: https://live-brunner.pantheonsite.io/sites/default/files/styles/original_webp/public/oldImages/99226_Brunner_pheno_1076A_Freisteller-01_HD_XL.jpg.webp?itok=nUhBvs-2 -> pheno_Cantilever_chair_1076\image_3.jpg
Starting download with Playwright: https://live-brunner.pantheonsite.io/sites/default/files/styles/sm/public/oldImages/99225_Brunner_pheno_1076A_Freisteller-02_HD_XL.jpg.webp?itok=AI3mxrSo
Finished download: https://live-brunner.pantheonsite.io/sites/default/files/styles/sm/public/oldImages/99225_Brunner_pheno_1076A_Freisteller-02_HD_XL.jpg.webp?itok=AI3mxrSo -> pheno_Cantilever_chair_1076\image_4.jpg
Starting download with Playwright: https://live-brunner.pantheonsite.io/sites/default/files/styles/lg/public/oldImages/99225_Brunner_pheno_1076A_Freisteller-02_HD_XL.jpg.webp?itok=_HF20bnz
Finished download: https://live-brunner.pantheonsite.io/sites/default/files/styles/lg/public/oldImages/99225_Brunner_pheno_1076A_Freisteller-02_HD_XL.jpg.webp?itok=_HF20bnz -> pheno_Cantilever_chair_1076\image_5.jpg
Starting download with Playwright: https://live-brunner.pantheonsite.io/sites/default/files/styles/original_webp/public/oldImages/99225_Brunner_pheno_1076A_Freisteller-02_HD_XL.jpg.webp?itok=f_0bX_Az
Finished download: https://live-brunner.pantheonsite.io/sites/default/files/styles/original_webp/public/oldImages/99225_Brunner_pheno_1076A_Freisteller-02_HD_XL.jpg.webp?itok=f_0bX_Az -> pheno_Cantilever_chair_1076\image_6.jpg
Starting download with Playwright: https://live-brunner.pantheonsite.io/sites/default/files/styles/sm/public/oldImages/99224_Brunner_pheno_4more_Ref_NordportPlaza_Premero%20Immobilien_Marco%20Moog_01_HD_XL.jpg.webp?itok=fjlwaJ3t
Finished download: https://live-brunner.pantheonsite.io/sites/default/files/styles/sm/public/oldImages/99224_Brunner_pheno_4more_Ref_NordportPlaza_Premero%20Immobilien_Marco%20Moog_01_HD_XL.jpg.webp?itok=fjlwaJ3t -> pheno_Cantilever_chair_1076\image_7.jpg
Starting download with Playwright: https://live-brunner.pantheonsite.io/sites/default/files/styles/lg/public/oldImages/99224_Brunner_pheno_4more_Ref_NordportPlaza_Premero%20Immobilien_Marco%20Moog_01_HD_XL.jpg.webp?itok=1SMYWDB3
Finished download: https://live-brunner.pantheonsite.io/sites/default/files/styles/lg/public/oldImages/99224_Brunner_pheno_4more_Ref_NordportPlaza_Premero%20Immobilien_Marco%20Moog_01_HD_XL.jpg.webp?itok=1SMYWDB3 -> pheno_Cantilever_chair_1076\image_8.jpg
Starting download with Playwright: https://live-brunner.pantheonsite.io/sites/default/files/styles/original_webp/public/oldImages/99224_Brunner_pheno_4more_Ref_NordportPlaza_Premero%20Immobilien_Marco%20Moog_01_HD_XL.jpg.webp?itok=BbS3cPsA
Finished download: https://live-brunner.pantheonsite.io/sites/default/files/styles/original_webp/public/oldImages/99224_Brunner_pheno_4more_Ref_NordportPlaza_Premero%20Immobilien_Marco%20Moog_01_HD_XL.jpg.webp?itok=BbS3cPsA -> pheno_Cantilever_chair_1076\image_9.jpg
Starting download with Playwright: https://live-brunner.pantheonsite.io/sites/default/files/styles/sm/public/oldImages/99223_Brunner_pheno_4more_Ref_NordportPlaza_Premero%20Immobilien_Marco%20Moog_02_HD_XL.jpg.webp?itok=Avw_TDvl
Finished download: https://live-brunner.pantheonsite.io/sites/default/files/styles/sm/public/oldImages/99223_Brunner_pheno_4more_Ref_NordportPlaza_Premero%20Immobilien_Marco%20Moog_02_HD_XL.jpg.webp?itok=Avw_TDvl -> pheno_Cantilever_chair_1076\image_10.jpg
Starting download with Playwright: https://live-brunner.pantheonsite.io/sites/default/files/styles/lg/public/oldImages/99223_Brunner_pheno_4more_Ref_NordportPlaza_Premero%20Immobilien_Marco%20Moog_02_HD_XL.jpg.webp?itok=Gi67m_V9
Finished download: https://live-brunner.pantheonsite.io/sites/default/files/styles/lg/public/oldImages/99223_Brunner_pheno_4more_Ref_NordportPlaza_Premero%20Immobilien_Marco%20Moog_02_HD_XL.jpg.webp?itok=Gi67m_V9 -> pheno_Cantilever_chair_1076\image_11.jpg
Starting download with Playwright: https://live-brunner.pantheonsite.io/sites/default/files/styles/original_webp/public/oldImages/99223_Brunner_pheno_4more_Ref_NordportPlaza_Premero%20Immobilien_Marco%20Moog_02_HD_XL.jpg.webp?itok=4T7KdFPh
Finished download: https://live-brunner.pantheonsite.io/sites/default/files/styles/original_webp/public/oldImages/99223_Brunner_pheno_4more_Ref_NordportPlaza_Premero%20Immobilien_Marco%20Moog_02_HD_XL.jpg.webp?itok=4T7KdFPh -> pheno_Cantilever_chair_1076\image_12.jpg
Completed image downloads for product pheno_Cantilever_chair_1076
Extracting features for product pheno_Cantilever_chair_1076...
Features saved for product pheno_Cantilever_chair_1076
Attempting to access Downloads tab for product pheno_Cantilever_chair_1076...
Starting download of PDF: https://live-brunner.pantheonsite.io/sites/default/files/oldPdfs/Produktdatenblaetter/Produktdatenblaetter_EN/pheno_Brunner_product_data_sheet_EN.pdf
Downloaded product_sheet.pdf for product pheno_Cantilever_chair_1076
Opening URL for product plot_Stool_PL060: https://brunner-group.com/en/products/plot-stool/?variant=PL060
[Info] No images detected for product plot_Stool_PL060, skipping image extraction step.
Successfully opened URL for product plot_Stool_PL060
Extracting images for product plot_Stool_PL060...
[Info] No images found for product plot_Stool_PL060, skipping download step.
Extracting features for product plot_Stool_PL060...
Features saved for product plot_Stool_PL060
Attempting to access Downloads tab for product plot_Stool_PL060...
Starting download of PDF: https://live-brunner.pantheonsite.io/sites/default/files/oldPdfs/Produktdatenblaetter/Produktdatenblaetter_EN/plot_Brunner_product_data_sheet_EN.pdf
Downloaded product_sheet.pdf for product plot_Stool_PL060
Opening URL for product plot_Système_lounge_PL510: https://brunner-group.com/en/products/plot-syst%C3%A8me-lounge/?variant=PL510
Images detected on page for plot_Système_lounge_PL510, scrolling to load them...
Successfully opened URL for product plot_Système_lounge_PL510
Extracting images for product plot_Système_lounge_PL510...
Found 24 images for product plot_Système_lounge_PL510
Starting download with Playwright: https://live-brunner.pantheonsite.io/sites/default/files/styles/sm/public/oldImages/87680_Brunner_fc-Gruppe_Marquardt_08_XL.jpg.webp?itok=5xbEHHL0
Finished download: https://live-brunner.pantheonsite.io/sites/default/files/styles/sm/public/oldImages/87680_Brunner_fc-Gruppe_Marquardt_08_XL.jpg.webp?itok=5xbEHHL0 -> plot_Système_lounge_PL510\image_1.jpg
Starting download with Playwright: https://live-brunner.pantheonsite.io/sites/default/files/styles/lg/public/oldImages/87680_Brunner_fc-Gruppe_Marquardt_08_XL.jpg.webp?itok=4RRq6vBk
Finished download: https://live-brunner.pantheonsite.io/sites/default/files/styles/lg/public/oldImages/87680_Brunner_fc-Gruppe_Marquardt_08_XL.jpg.webp?itok=4RRq6vBk -> plot_Système_lounge_PL510\image_2.jpg
Starting download with Playwright: https://live-brunner.pantheonsite.io/sites/default/files/styles/original_webp/public/oldImages/87680_Brunner_fc-Gruppe_Marquardt_08_XL.jpg.webp?itok=tgpvtBE1
Finished download: https://live-brunner.pantheonsite.io/sites/default/files/styles/original_webp/public/oldImages/87680_Brunner_fc-Gruppe_Marquardt_08_XL.jpg.webp?itok=tgpvtBE1 -> plot_Système_lounge_PL510\image_3.jpg
Starting download with Playwright: https://live-brunner.pantheonsite.io/sites/default/files/styles/sm/public/oldImages/19483_plot_Netbox2_XL.jpg.webp?itok=NfXM22VP
Finished download: https://live-brunner.pantheonsite.io/sites/default/files/styles/sm/public/oldImages/19483_plot_Netbox2_XL.jpg.webp?itok=NfXM22VP -> plot_Système_lounge_PL510\image_4.jpg
Starting download with Playwright: https://live-brunner.pantheonsite.io/sites/default/files/styles/lg/public/oldImages/19483_plot_Netbox2_XL.jpg.webp?itok=hRrECT3_
Finished download: https://live-brunner.pantheonsite.io/sites/default/files/styles/lg/public/oldImages/19483_plot_Netbox2_XL.jpg.webp?itok=hRrECT3_ -> plot_Système_lounge_PL510\image_5.jpg
Starting download with Playwright: https://live-brunner.pantheonsite.io/sites/default/files/styles/original_webp/public/oldImages/19483_plot_Netbox2_XL.jpg.webp?itok=ZjF7khdo
Finished download: https://live-brunner.pantheonsite.io/sites/default/files/styles/original_webp/public/oldImages/19483_plot_Netbox2_XL.jpg.webp?itok=ZjF7khdo -> plot_Système_lounge_PL510\image_6.jpg
Starting download with Playwright: https://live-brunner.pantheonsite.io/sites/default/files/styles/sm/public/oldImages/54999_plot_Uebersicht_XL.jpg.webp?itok=mxkTVaEE
Finished download: https://live-brunner.pantheonsite.io/sites/default/files/styles/sm/public/oldImages/54999_plot_Uebersicht_XL.jpg.webp?itok=mxkTVaEE -> plot_Système_lounge_PL510\image_7.jpg
Starting download with Playwright: https://live-brunner.pantheonsite.io/sites/default/files/styles/lg/public/oldImages/54999_plot_Uebersicht_XL.jpg.webp?itok=LmAXeM2x
Finished download: https://live-brunner.pantheonsite.io/sites/default/files/styles/lg/public/oldImages/54999_plot_Uebersicht_XL.jpg.webp?itok=LmAXeM2x -> plot_Système_lounge_PL510\image_8.jpg
Starting download with Playwright: https://live-brunner.pantheonsite.io/sites/default/files/styles/original_webp/public/oldImages/54999_plot_Uebersicht_XL.jpg.webp?itok=hyEzS1uO
Finished download: https://live-brunner.pantheonsite.io/sites/default/files/styles/original_webp/public/oldImages/54999_plot_Uebersicht_XL.jpg.webp?itok=hyEzS1uO -> plot_Système_lounge_PL510\image_9.jpg
Starting download with Playwright: https://live-brunner.pantheonsite.io/sites/default/files/styles/sm/public/oldImages/87682_Brunner_fc-Gruppe_Marquardt_10_XL.jpg.webp?itok=Z3LCWGza
Finished download: https://live-brunner.pantheonsite.io/sites/default/files/styles/sm/public/oldImages/87682_Brunner_fc-Gruppe_Marquardt_10_XL.jpg.webp?itok=Z3LCWGza -> plot_Système_lounge_PL510\image_10.jpg
Starting download with Playwright: https://live-brunner.pantheonsite.io/sites/default/files/styles/lg/public/oldImages/87682_Brunner_fc-Gruppe_Marquardt_10_XL.jpg.webp?itok=eFhDDb6Y
Finished download: https://live-brunner.pantheonsite.io/sites/default/files/styles/lg/public/oldImages/87682_Brunner_fc-Gruppe_Marquardt_10_XL.jpg.webp?itok=eFhDDb6Y -> plot_Système_lounge_PL510\image_11.jpg
Starting download with Playwright: https://live-brunner.pantheonsite.io/sites/default/files/styles/original_webp/public/oldImages/87682_Brunner_fc-Gruppe_Marquardt_10_XL.jpg.webp?itok=aVatP29s
Finished download: https://live-brunner.pantheonsite.io/sites/default/files/styles/original_webp/public/oldImages/87682_Brunner_fc-Gruppe_Marquardt_10_XL.jpg.webp?itok=aVatP29s -> plot_Système_lounge_PL510\image_12.jpg
Starting download with Playwright: https://live-brunner.pantheonsite.io/sites/default/files/styles/sm/public/oldImages/25216_plot_PL510_PL520_PL060_PL071_PL072_XL.jpg.webp?itok=elcXUlF-
Finished download: https://live-brunner.pantheonsite.io/sites/default/files/styles/sm/public/oldImages/25216_plot_PL510_PL520_PL060_PL071_PL072_XL.jpg.webp?itok=elcXUlF- -> plot_Système_lounge_PL510\image_13.jpg
Starting download with Playwright: https://live-brunner.pantheonsite.io/sites/default/files/styles/lg/public/oldImages/25216_plot_PL510_PL520_PL060_PL071_PL072_XL.jpg.webp?itok=vxARdlX2
Finished download: https://live-brunner.pantheonsite.io/sites/default/files/styles/lg/public/oldImages/25216_plot_PL510_PL520_PL060_PL071_PL072_XL.jpg.webp?itok=vxARdlX2 -> plot_Système_lounge_PL510\image_14.jpg
Starting download with Playwright: https://live-brunner.pantheonsite.io/sites/default/files/styles/original_webp/public/oldImages/25216_plot_PL510_PL520_PL060_PL071_PL072_XL.jpg.webp?itok=1x6Z6aYP
Finished download: https://live-brunner.pantheonsite.io/sites/default/files/styles/original_webp/public/oldImages/25216_plot_PL510_PL520_PL060_PL071_PL072_XL.jpg.webp?itok=1x6Z6aYP -> plot_Système_lounge_PL510\image_15.jpg
Starting download with Playwright: https://live-brunner.pantheonsite.io/sites/default/files/styles/sm/public/oldImages/92930_Brunner_plot_PL520_Ablagetisch_PL600_lift_7890_XL.jpg.webp?itok=-_03gcfR
Finished download: https://live-brunner.pantheonsite.io/sites/default/files/styles/sm/public/oldImages/92930_Brunner_plot_PL520_Ablagetisch_PL600_lift_7890_XL.jpg.webp?itok=-_03gcfR -> plot_Système_lounge_PL510\image_16.jpg
Starting download with Playwright: https://live-brunner.pantheonsite.io/sites/default/files/styles/lg/public/oldImages/92930_Brunner_plot_PL520_Ablagetisch_PL600_lift_7890_XL.jpg.webp?itok=NrnleBrR
Finished download: https://live-brunner.pantheonsite.io/sites/default/files/styles/lg/public/oldImages/92930_Brunner_plot_PL520_Ablagetisch_PL600_lift_7890_XL.jpg.webp?itok=NrnleBrR -> plot_Système_lounge_PL510\image_17.jpg
Starting download with Playwright: https://live-brunner.pantheonsite.io/sites/default/files/styles/original_webp/public/oldImages/92930_Brunner_plot_PL520_Ablagetisch_PL600_lift_7890_XL.jpg.webp?itok=E1ii_Vfr
Finished download: https://live-brunner.pantheonsite.io/sites/default/files/styles/original_webp/public/oldImages/92930_Brunner_plot_PL520_Ablagetisch_PL600_lift_7890_XL.jpg.webp?itok=E1ii_Vfr -> plot_Système_lounge_PL510\image_18.jpg
Starting download with Playwright: https://live-brunner.pantheonsite.io/sites/default/files/styles/sm/public/oldImages/97826_Brunner_plot_PL510_HD_XL.jpg.webp?itok=4iSeWld8
Finished download: https://live-brunner.pantheonsite.io/sites/default/files/styles/sm/public/oldImages/97826_Brunner_plot_PL510_HD_XL.jpg.webp?itok=4iSeWld8 -> plot_Système_lounge_PL510\image_19.jpg
Starting download with Playwright: https://live-brunner.pantheonsite.io/sites/default/files/styles/lg/public/oldImages/97826_Brunner_plot_PL510_HD_XL.jpg.webp?itok=_rq56GmJ
Finished download: https://live-brunner.pantheonsite.io/sites/default/files/styles/lg/public/oldImages/97826_Brunner_plot_PL510_HD_XL.jpg.webp?itok=_rq56GmJ -> plot_Système_lounge_PL510\image_20.jpg
Starting download with Playwright: https://live-brunner.pantheonsite.io/sites/default/files/styles/original_webp/public/oldImages/97826_Brunner_plot_PL510_HD_XL.jpg.webp?itok=uKFQNci6
Finished download: https://live-brunner.pantheonsite.io/sites/default/files/styles/original_webp/public/oldImages/97826_Brunner_plot_PL510_HD_XL.jpg.webp?itok=uKFQNci6 -> plot_Système_lounge_PL510\image_21.jpg
Starting download with Playwright: https://live-brunner.pantheonsite.io/sites/default/files/styles/sm/public/oldImages/9765_plot_PL010_XL.jpg.webp?itok=vQy6U2Mr
Finished download: https://live-brunner.pantheonsite.io/sites/default/files/styles/sm/public/oldImages/9765_plot_PL010_XL.jpg.webp?itok=vQy6U2Mr -> plot_Système_lounge_PL510\image_22.jpg
Starting download with Playwright: https://live-brunner.pantheonsite.io/sites/default/files/styles/lg/public/oldImages/9765_plot_PL010_XL.jpg.webp?itok=HJkxzixJ
Finished download: https://live-brunner.pantheonsite.io/sites/default/files/styles/lg/public/oldImages/9765_plot_PL010_XL.jpg.webp?itok=HJkxzixJ -> plot_Système_lounge_PL510\image_23.jpg
Starting download with Playwright: https://live-brunner.pantheonsite.io/sites/default/files/styles/original_webp/public/oldImages/9765_plot_PL010_XL.jpg.webp?itok=nANnltRN
Finished download: https://live-brunner.pantheonsite.io/sites/default/files/styles/original_webp/public/oldImages/9765_plot_PL010_XL.jpg.webp?itok=nANnltRN -> plot_Système_lounge_PL510\image_24.jpg
Completed image downloads for product plot_Système_lounge_PL510
Extracting features for product plot_Système_lounge_PL510...
Features saved for product plot_Système_lounge_PL510
Attempting to access Downloads tab for product plot_Système_lounge_PL510...
Starting download of PDF: https://live-brunner.pantheonsite.io/sites/default/files/oldPdfs/Produktdatenblaetter/Produktdatenblaetter_EN/plot_Brunner_product_data_sheet_EN.pdf
Downloaded product_sheet.pdf for product plot_Système_lounge_PL510
Opening URL for product prime_Stacking_chair_1090: https://brunner-group.com/en/products/prime-stacking-chair/?variant=1090
Images detected on page for prime_Stacking_chair_1090, scrolling to load them...
Successfully opened URL for product prime_Stacking_chair_1090
Extracting images for product prime_Stacking_chair_1090...
Found 45 images for product prime_Stacking_chair_1090
Starting download with Playwright: https://live-brunner.pantheonsite.io/sites/default/files/styles/sm/public/oldImages/97836_Brunner_prime_1090_Detail_HD_XL.jpg.webp?itok=dSTyDWow
Finished download: https://live-brunner.pantheonsite.io/sites/default/files/styles/sm/public/oldImages/97836_Brunner_prime_1090_Detail_HD_XL.jpg.webp?itok=dSTyDWow -> prime_Stacking_chair_1090\image_1.jpg
Starting download with Playwright: https://live-brunner.pantheonsite.io/sites/default/files/styles/lg/public/oldImages/97836_Brunner_prime_1090_Detail_HD_XL.jpg.webp?itok=xjxny1_t
Finished download: https://live-brunner.pantheonsite.io/sites/default/files/styles/lg/public/oldImages/97836_Brunner_prime_1090_Detail_HD_XL.jpg.webp?itok=xjxny1_t -> prime_Stacking_chair_1090\image_2.jpg
Starting download with Playwright: https://live-brunner.pantheonsite.io/sites/default/files/styles/original_webp/public/oldImages/97836_Brunner_prime_1090_Detail_HD_XL.jpg.webp?itok=Q3p1Yk4S
Finished download: https://live-brunner.pantheonsite.io/sites/default/files/styles/original_webp/public/oldImages/97836_Brunner_prime_1090_Detail_HD_XL.jpg.webp?itok=Q3p1Yk4S -> prime_Stacking_chair_1090\image_3.jpg
Starting download with Playwright: https://live-brunner.pantheonsite.io/sites/default/files/styles/sm/public/oldImages/112956_Brunner_UniBibliothekFreiburg-0491_Stefan_Marquardt_HD_XL.jpg.webp?itok=y4j8yatH
Finished download: https://live-brunner.pantheonsite.io/sites/default/files/styles/sm/public/oldImages/112956_Brunner_UniBibliothekFreiburg-0491_Stefan_Marquardt_HD_XL.jpg.webp?itok=y4j8yatH -> prime_Stacking_chair_1090\image_4.jpg
Starting download with Playwright: https://live-brunner.pantheonsite.io/sites/default/files/styles/lg/public/oldImages/112956_Brunner_UniBibliothekFreiburg-0491_Stefan_Marquardt_HD_XL.jpg.webp?itok=p8H0Yl7g
Finished download: https://live-brunner.pantheonsite.io/sites/default/files/styles/lg/public/oldImages/112956_Brunner_UniBibliothekFreiburg-0491_Stefan_Marquardt_HD_XL.jpg.webp?itok=p8H0Yl7g -> prime_Stacking_chair_1090\image_5.jpg
Starting download with Playwright: https://live-brunner.pantheonsite.io/sites/default/files/styles/original_webp/public/oldImages/112956_Brunner_UniBibliothekFreiburg-0491_Stefan_Marquardt_HD_XL.jpg.webp?itok=R6YNd3wd
Finished download: https://live-brunner.pantheonsite.io/sites/default/files/styles/original_webp/public/oldImages/112956_Brunner_UniBibliothekFreiburg-0491_Stefan_Marquardt_HD_XL.jpg.webp?itok=R6YNd3wd -> prime_Stacking_chair_1090\image_6.jpg
Starting download with Playwright: https://live-brunner.pantheonsite.io/sites/default/files/styles/sm/public/oldImages/97774_Brunner_prime_1090A_Detail_HD_XL.jpg.webp?itok=UJ0yLfr-
Finished download: https://live-brunner.pantheonsite.io/sites/default/files/styles/sm/public/oldImages/97774_Brunner_prime_1090A_Detail_HD_XL.jpg.webp?itok=UJ0yLfr- -> prime_Stacking_chair_1090\image_7.jpg
Starting download with Playwright: https://live-brunner.pantheonsite.io/sites/default/files/styles/lg/public/oldImages/97774_Brunner_prime_1090A_Detail_HD_XL.jpg.webp?itok=XMWPSfDO
Finished download: https://live-brunner.pantheonsite.io/sites/default/files/styles/lg/public/oldImages/97774_Brunner_prime_1090A_Detail_HD_XL.jpg.webp?itok=XMWPSfDO -> prime_Stacking_chair_1090\image_8.jpg
Starting download with Playwright: https://live-brunner.pantheonsite.io/sites/default/files/styles/original_webp/public/oldImages/97774_Brunner_prime_1090A_Detail_HD_XL.jpg.webp?itok=t2s1bEtU
Finished download: https://live-brunner.pantheonsite.io/sites/default/files/styles/original_webp/public/oldImages/97774_Brunner_prime_1090A_Detail_HD_XL.jpg.webp?itok=t2s1bEtU -> prime_Stacking_chair_1090\image_9.jpg
Starting download with Playwright: https://live-brunner.pantheonsite.io/sites/default/files/styles/sm/public/oldImages/112953_prime_1090_HD_XL.jpg.webp?itok=XQzmgVLF
Finished download: https://live-brunner.pantheonsite.io/sites/default/files/styles/sm/public/oldImages/112953_prime_1090_HD_XL.jpg.webp?itok=XQzmgVLF -> prime_Stacking_chair_1090\image_10.jpg
Starting download with Playwright: https://live-brunner.pantheonsite.io/sites/default/files/styles/lg/public/oldImages/112953_prime_1090_HD_XL.jpg.webp?itok=Owom_UQg
Finished download: https://live-brunner.pantheonsite.io/sites/default/files/styles/lg/public/oldImages/112953_prime_1090_HD_XL.jpg.webp?itok=Owom_UQg -> prime_Stacking_chair_1090\image_11.jpg
Starting download with Playwright: https://live-brunner.pantheonsite.io/sites/default/files/styles/original_webp/public/oldImages/112953_prime_1090_HD_XL.jpg.webp?itok=P6BZ9KVj
Finished download: https://live-brunner.pantheonsite.io/sites/default/files/styles/original_webp/public/oldImages/112953_prime_1090_HD_XL.jpg.webp?itok=P6BZ9KVj -> prime_Stacking_chair_1090\image_12.jpg
Starting download with Playwright: https://live-brunner.pantheonsite.io/sites/default/files/styles/sm/public/oldImages/112957_Brunner_UniBibliothekFreiburg-0561_Stefan_Marquardt_HD_XL.jpg.webp?itok=4dfAVkEd
Finished download: https://live-brunner.pantheonsite.io/sites/default/files/styles/sm/public/oldImages/112957_Brunner_UniBibliothekFreiburg-0561_Stefan_Marquardt_HD_XL.jpg.webp?itok=4dfAVkEd -> prime_Stacking_chair_1090\image_13.jpg
Starting download with Playwright: https://live-brunner.pantheonsite.io/sites/default/files/styles/lg/public/oldImages/112957_Brunner_UniBibliothekFreiburg-0561_Stefan_Marquardt_HD_XL.jpg.webp?itok=S0R70AYv
Finished download: https://live-brunner.pantheonsite.io/sites/default/files/styles/lg/public/oldImages/112957_Brunner_UniBibliothekFreiburg-0561_Stefan_Marquardt_HD_XL.jpg.webp?itok=S0R70AYv -> prime_Stacking_chair_1090\image_14.jpg
Starting download with Playwright: https://live-brunner.pantheonsite.io/sites/default/files/styles/original_webp/public/oldImages/112957_Brunner_UniBibliothekFreiburg-0561_Stefan_Marquardt_HD_XL.jpg.webp?itok=kN27f5r9
Finished download: https://live-brunner.pantheonsite.io/sites/default/files/styles/original_webp/public/oldImages/112957_Brunner_UniBibliothekFreiburg-0561_Stefan_Marquardt_HD_XL.jpg.webp?itok=kN27f5r9 -> prime_Stacking_chair_1090\image_15.jpg
Starting download with Playwright: https://live-brunner.pantheonsite.io/sites/default/files/styles/sm/public/oldImages/97773_Brunner_prime_1090_Stapel_HD_XL.jpg.webp?itok=vpzh4qNo
Finished download: https://live-brunner.pantheonsite.io/sites/default/files/styles/sm/public/oldImages/97773_Brunner_prime_1090_Stapel_HD_XL.jpg.webp?itok=vpzh4qNo -> prime_Stacking_chair_1090\image_16.jpg
Starting download with Playwright: https://live-brunner.pantheonsite.io/sites/default/files/styles/lg/public/oldImages/97773_Brunner_prime_1090_Stapel_HD_XL.jpg.webp?itok=gFjnSkfv
Finished download: https://live-brunner.pantheonsite.io/sites/default/files/styles/lg/public/oldImages/97773_Brunner_prime_1090_Stapel_HD_XL.jpg.webp?itok=gFjnSkfv -> prime_Stacking_chair_1090\image_17.jpg
Starting download with Playwright: https://live-brunner.pantheonsite.io/sites/default/files/styles/original_webp/public/oldImages/97773_Brunner_prime_1090_Stapel_HD_XL.jpg.webp?itok=wa3v2pp2
Finished download: https://live-brunner.pantheonsite.io/sites/default/files/styles/original_webp/public/oldImages/97773_Brunner_prime_1090_Stapel_HD_XL.jpg.webp?itok=wa3v2pp2 -> prime_Stacking_chair_1090\image_18.jpg
Starting download with Playwright: https://live-brunner.pantheonsite.io/sites/default/files/styles/sm/public/oldImages/112959_Brunner_Endress_Hauser_Muenster_Thorsten_Arendt_HD_XL.jpg.webp?itok=M_A2Htd6
Finished download: https://live-brunner.pantheonsite.io/sites/default/files/styles/sm/public/oldImages/112959_Brunner_Endress_Hauser_Muenster_Thorsten_Arendt_HD_XL.jpg.webp?itok=M_A2Htd6 -> prime_Stacking_chair_1090\image_19.jpg
Starting download with Playwright: https://live-brunner.pantheonsite.io/sites/default/files/styles/lg/public/oldImages/112959_Brunner_Endress_Hauser_Muenster_Thorsten_Arendt_HD_XL.jpg.webp?itok=SUzexE-s
Finished download: https://live-brunner.pantheonsite.io/sites/default/files/styles/lg/public/oldImages/112959_Brunner_Endress_Hauser_Muenster_Thorsten_Arendt_HD_XL.jpg.webp?itok=SUzexE-s -> prime_Stacking_chair_1090\image_20.jpg
Starting download with Playwright: https://live-brunner.pantheonsite.io/sites/default/files/styles/original_webp/public/oldImages/112959_Brunner_Endress_Hauser_Muenster_Thorsten_Arendt_HD_XL.jpg.webp?itok=RCDcDaHl
Finished download: https://live-brunner.pantheonsite.io/sites/default/files/styles/original_webp/public/oldImages/112959_Brunner_Endress_Hauser_Muenster_Thorsten_Arendt_HD_XL.jpg.webp?itok=RCDcDaHl -> prime_Stacking_chair_1090\image_21.jpg
Starting download with Playwright: https://live-brunner.pantheonsite.io/sites/default/files/styles/sm/public/oldImages/112954_prime_1090A_1090_1096_HD_XL.jpg.webp?itok=upFDTa6p
Finished download: https://live-brunner.pantheonsite.io/sites/default/files/styles/sm/public/oldImages/112954_prime_1090A_1090_1096_HD_XL.jpg.webp?itok=upFDTa6p -> prime_Stacking_chair_1090\image_22.jpg
Starting download with Playwright: https://live-brunner.pantheonsite.io/sites/default/files/styles/lg/public/oldImages/112954_prime_1090A_1090_1096_HD_XL.jpg.webp?itok=gnS6K6vd
Finished download: https://live-brunner.pantheonsite.io/sites/default/files/styles/lg/public/oldImages/112954_prime_1090A_1090_1096_HD_XL.jpg.webp?itok=gnS6K6vd -> prime_Stacking_chair_1090\image_23.jpg
Starting download with Playwright: https://live-brunner.pantheonsite.io/sites/default/files/styles/original_webp/public/oldImages/112954_prime_1090A_1090_1096_HD_XL.jpg.webp?itok=-KhSsjl-
Finished download: https://live-brunner.pantheonsite.io/sites/default/files/styles/original_webp/public/oldImages/112954_prime_1090A_1090_1096_HD_XL.jpg.webp?itok=-KhSsjl- -> prime_Stacking_chair_1090\image_24.jpg
Starting download with Playwright: https://live-brunner.pantheonsite.io/sites/default/files/styles/sm/public/oldImages/112952_prime_1090_1090A_HD_XL.jpg.webp?itok=hUvVDnhM
Finished download: https://live-brunner.pantheonsite.io/sites/default/files/styles/sm/public/oldImages/112952_prime_1090_1090A_HD_XL.jpg.webp?itok=hUvVDnhM -> prime_Stacking_chair_1090\image_25.jpg
Starting download with Playwright: https://live-brunner.pantheonsite.io/sites/default/files/styles/lg/public/oldImages/112952_prime_1090_1090A_HD_XL.jpg.webp?itok=wKIOPmxX
Finished download: https://live-brunner.pantheonsite.io/sites/default/files/styles/lg/public/oldImages/112952_prime_1090_1090A_HD_XL.jpg.webp?itok=wKIOPmxX -> prime_Stacking_chair_1090\image_26.jpg
Starting download with Playwright: https://live-brunner.pantheonsite.io/sites/default/files/styles/original_webp/public/oldImages/112952_prime_1090_1090A_HD_XL.jpg.webp?itok=ATOWDF_W
Finished download: https://live-brunner.pantheonsite.io/sites/default/files/styles/original_webp/public/oldImages/112952_prime_1090_1090A_HD_XL.jpg.webp?itok=ATOWDF_W -> prime_Stacking_chair_1090\image_27.jpg
Starting download with Playwright: https://live-brunner.pantheonsite.io/sites/default/files/styles/sm/public/oldImages/97769_Brunner_prime_1090A_HD_XL.jpg.webp?itok=DkUXSD8u
Finished download: https://live-brunner.pantheonsite.io/sites/default/files/styles/sm/public/oldImages/97769_Brunner_prime_1090A_HD_XL.jpg.webp?itok=DkUXSD8u -> prime_Stacking_chair_1090\image_28.jpg
Starting download with Playwright: https://live-brunner.pantheonsite.io/sites/default/files/styles/lg/public/oldImages/97769_Brunner_prime_1090A_HD_XL.jpg.webp?itok=nPAue0nX
Finished download: https://live-brunner.pantheonsite.io/sites/default/files/styles/lg/public/oldImages/97769_Brunner_prime_1090A_HD_XL.jpg.webp?itok=nPAue0nX -> prime_Stacking_chair_1090\image_29.jpg
Starting download with Playwright: https://live-brunner.pantheonsite.io/sites/default/files/styles/original_webp/public/oldImages/97769_Brunner_prime_1090A_HD_XL.jpg.webp?itok=1GksdE8T
Finished download: https://live-brunner.pantheonsite.io/sites/default/files/styles/original_webp/public/oldImages/97769_Brunner_prime_1090A_HD_XL.jpg.webp?itok=1GksdE8T -> prime_Stacking_chair_1090\image_30.jpg
Starting download with Playwright: https://live-brunner.pantheonsite.io/sites/default/files/styles/sm/public/oldImages/112955_Brunner_UniBibliothekFreiburg-0451_Stefan_Marquardt_HD_XL.jpg.webp?itok=tfCUHxP5
Finished download: https://live-brunner.pantheonsite.io/sites/default/files/styles/sm/public/oldImages/112955_Brunner_UniBibliothekFreiburg-0451_Stefan_Marquardt_HD_XL.jpg.webp?itok=tfCUHxP5 -> prime_Stacking_chair_1090\image_31.jpg
Starting download with Playwright: https://live-brunner.pantheonsite.io/sites/default/files/styles/lg/public/oldImages/112955_Brunner_UniBibliothekFreiburg-0451_Stefan_Marquardt_HD_XL.jpg.webp?itok=eoBixFGz
Finished download: https://live-brunner.pantheonsite.io/sites/default/files/styles/lg/public/oldImages/112955_Brunner_UniBibliothekFreiburg-0451_Stefan_Marquardt_HD_XL.jpg.webp?itok=eoBixFGz -> prime_Stacking_chair_1090\image_32.jpg
Starting download with Playwright: https://live-brunner.pantheonsite.io/sites/default/files/styles/original_webp/public/oldImages/112955_Brunner_UniBibliothekFreiburg-0451_Stefan_Marquardt_HD_XL.jpg.webp?itok=Z1Lgkku6
Finished download: https://live-brunner.pantheonsite.io/sites/default/files/styles/original_webp/public/oldImages/112955_Brunner_UniBibliothekFreiburg-0451_Stefan_Marquardt_HD_XL.jpg.webp?itok=Z1Lgkku6 -> prime_Stacking_chair_1090\image_33.jpg
Starting download with Playwright: https://live-brunner.pantheonsite.io/sites/default/files/styles/sm/public/oldImages/112958_Brunner_UniBibliothekFreiburg-5781_Stefan_Marquardt_HD_XL.jpg.webp?itok=hqq0-5pw
Finished download: https://live-brunner.pantheonsite.io/sites/default/files/styles/sm/public/oldImages/112958_Brunner_UniBibliothekFreiburg-5781_Stefan_Marquardt_HD_XL.jpg.webp?itok=hqq0-5pw -> prime_Stacking_chair_1090\image_34.jpg
Starting download with Playwright: https://live-brunner.pantheonsite.io/sites/default/files/styles/lg/public/oldImages/112958_Brunner_UniBibliothekFreiburg-5781_Stefan_Marquardt_HD_XL.jpg.webp?itok=bfahFzfF
Finished download: https://live-brunner.pantheonsite.io/sites/default/files/styles/lg/public/oldImages/112958_Brunner_UniBibliothekFreiburg-5781_Stefan_Marquardt_HD_XL.jpg.webp?itok=bfahFzfF -> prime_Stacking_chair_1090\image_35.jpg
Starting download with Playwright: https://live-brunner.pantheonsite.io/sites/default/files/styles/original_webp/public/oldImages/112958_Brunner_UniBibliothekFreiburg-5781_Stefan_Marquardt_HD_XL.jpg.webp?itok=_fO5uKOi
Finished download: https://live-brunner.pantheonsite.io/sites/default/files/styles/original_webp/public/oldImages/112958_Brunner_UniBibliothekFreiburg-5781_Stefan_Marquardt_HD_XL.jpg.webp?itok=_fO5uKOi -> prime_Stacking_chair_1090\image_36.jpg
Starting download with Playwright: https://live-brunner.pantheonsite.io/sites/default/files/styles/sm/public/oldImages/112805_Brunner_prime_1090_Detail_Knierolle_HD_XL.jpg.webp?itok=YwnOU8l-
Finished download: https://live-brunner.pantheonsite.io/sites/default/files/styles/sm/public/oldImages/112805_Brunner_prime_1090_Detail_Knierolle_HD_XL.jpg.webp?itok=YwnOU8l- -> prime_Stacking_chair_1090\image_37.jpg
Starting download with Playwright: https://live-brunner.pantheonsite.io/sites/default/files/styles/lg/public/oldImages/112805_Brunner_prime_1090_Detail_Knierolle_HD_XL.jpg.webp?itok=9AXZMIfv
Finished download: https://live-brunner.pantheonsite.io/sites/default/files/styles/lg/public/oldImages/112805_Brunner_prime_1090_Detail_Knierolle_HD_XL.jpg.webp?itok=9AXZMIfv -> prime_Stacking_chair_1090\image_38.jpg
Starting download with Playwright: https://live-brunner.pantheonsite.io/sites/default/files/styles/original_webp/public/oldImages/112805_Brunner_prime_1090_Detail_Knierolle_HD_XL.jpg.webp?itok=kXnNsjjN
Finished download: https://live-brunner.pantheonsite.io/sites/default/files/styles/original_webp/public/oldImages/112805_Brunner_prime_1090_Detail_Knierolle_HD_XL.jpg.webp?itok=kXnNsjjN -> prime_Stacking_chair_1090\image_39.jpg
Starting download with Playwright: https://live-brunner.pantheonsite.io/sites/default/files/styles/sm/public/oldImages/97771_Brunner_prime_1090_Schreibtablar_HD_XL.jpg.webp?itok=F8Eb3Uj5
Finished download: https://live-brunner.pantheonsite.io/sites/default/files/styles/sm/public/oldImages/97771_Brunner_prime_1090_Schreibtablar_HD_XL.jpg.webp?itok=F8Eb3Uj5 -> prime_Stacking_chair_1090\image_40.jpg
Starting download with Playwright: https://live-brunner.pantheonsite.io/sites/default/files/styles/lg/public/oldImages/97771_Brunner_prime_1090_Schreibtablar_HD_XL.jpg.webp?itok=ALrq10Cy
Finished download: https://live-brunner.pantheonsite.io/sites/default/files/styles/lg/public/oldImages/97771_Brunner_prime_1090_Schreibtablar_HD_XL.jpg.webp?itok=ALrq10Cy -> prime_Stacking_chair_1090\image_41.jpg
Starting download with Playwright: https://live-brunner.pantheonsite.io/sites/default/files/styles/original_webp/public/oldImages/97771_Brunner_prime_1090_Schreibtablar_HD_XL.jpg.webp?itok=9jwuBoRT
Finished download: https://live-brunner.pantheonsite.io/sites/default/files/styles/original_webp/public/oldImages/97771_Brunner_prime_1090_Schreibtablar_HD_XL.jpg.webp?itok=9jwuBoRT -> prime_Stacking_chair_1090\image_42.jpg
Starting download with Playwright: https://live-brunner.pantheonsite.io/sites/default/files/styles/sm/public/oldImages/112788_prime_1096A_109_HD_XL.jpg.webp?itok=SBikLkLr
Finished download: https://live-brunner.pantheonsite.io/sites/default/files/styles/sm/public/oldImages/112788_prime_1096A_109_HD_XL.jpg.webp?itok=SBikLkLr -> prime_Stacking_chair_1090\image_43.jpg
Starting download with Playwright: https://live-brunner.pantheonsite.io/sites/default/files/styles/lg/public/oldImages/112788_prime_1096A_109_HD_XL.jpg.webp?itok=z9oPbxI8
Finished download: https://live-brunner.pantheonsite.io/sites/default/files/styles/lg/public/oldImages/112788_prime_1096A_109_HD_XL.jpg.webp?itok=z9oPbxI8 -> prime_Stacking_chair_1090\image_44.jpg
Starting download with Playwright: https://live-brunner.pantheonsite.io/sites/default/files/styles/original_webp/public/oldImages/112788_prime_1096A_109_HD_XL.jpg.webp?itok=pLIxN6Vr
Finished download: https://live-brunner.pantheonsite.io/sites/default/files/styles/original_webp/public/oldImages/112788_prime_1096A_109_HD_XL.jpg.webp?itok=pLIxN6Vr -> prime_Stacking_chair_1090\image_45.jpg
Completed image downloads for product prime_Stacking_chair_1090
Extracting features for product prime_Stacking_chair_1090...
Features saved for product prime_Stacking_chair_1090
Attempting to access Downloads tab for product prime_Stacking_chair_1090...
Starting download of PDF: https://live-brunner.pantheonsite.io/sites/default/files/oldPdfs/Produktdatenblaetter/Produktdatenblaetter_EN/prime_Brunner_product_data_sheet_EN.pdf
Downloaded product_sheet.pdf for product prime_Stacking_chair_1090
Opening URL for product ray_lounge_Ottoman_9247: https://brunner-group.com/en/products/ray-lounge-ottoman/?variant=9247
Images detected on page for ray_lounge_Ottoman_9247, scrolling to load them...
Successfully opened URL for product ray_lounge_Ottoman_9247
Extracting images for product ray_lounge_Ottoman_9247...
Found 36 images for product ray_lounge_Ottoman_9247
Starting download with Playwright: https://live-brunner.pantheonsite.io/sites/default/files/styles/sm/public/oldImages/55144_ray_lounge_9241_9247_XL.jpg.webp?itok=PKYXOXeV
Finished download: https://live-brunner.pantheonsite.io/sites/default/files/styles/sm/public/oldImages/55144_ray_lounge_9241_9247_XL.jpg.webp?itok=PKYXOXeV -> ray_lounge_Ottoman_9247\image_1.jpg
Starting download with Playwright: https://live-brunner.pantheonsite.io/sites/default/files/styles/lg/public/oldImages/55144_ray_lounge_9241_9247_XL.jpg.webp?itok=uORU6DoK
Finished download: https://live-brunner.pantheonsite.io/sites/default/files/styles/lg/public/oldImages/55144_ray_lounge_9241_9247_XL.jpg.webp?itok=uORU6DoK -> ray_lounge_Ottoman_9247\image_2.jpg
Starting download with Playwright: https://live-brunner.pantheonsite.io/sites/default/files/styles/original_webp/public/oldImages/55144_ray_lounge_9241_9247_XL.jpg.webp?itok=B8vVKMUJ
Finished download: https://live-brunner.pantheonsite.io/sites/default/files/styles/original_webp/public/oldImages/55144_ray_lounge_9241_9247_XL.jpg.webp?itok=B8vVKMUJ -> ray_lounge_Ottoman_9247\image_3.jpg
Starting download with Playwright: https://live-brunner.pantheonsite.io/sites/default/files/styles/sm/public/oldImages/33157_ray_lounge_9247_XL.jpg.webp?itok=95xa93QA
Finished download: https://live-brunner.pantheonsite.io/sites/default/files/styles/sm/public/oldImages/33157_ray_lounge_9247_XL.jpg.webp?itok=95xa93QA -> ray_lounge_Ottoman_9247\image_4.jpg
Starting download with Playwright: https://live-brunner.pantheonsite.io/sites/default/files/styles/lg/public/oldImages/33157_ray_lounge_9247_XL.jpg.webp?itok=n8PN8XeB
Finished download: https://live-brunner.pantheonsite.io/sites/default/files/styles/lg/public/oldImages/33157_ray_lounge_9247_XL.jpg.webp?itok=n8PN8XeB -> ray_lounge_Ottoman_9247\image_5.jpg
Starting download with Playwright: https://live-brunner.pantheonsite.io/sites/default/files/styles/original_webp/public/oldImages/33157_ray_lounge_9247_XL.jpg.webp?itok=826-GcIl
Finished download: https://live-brunner.pantheonsite.io/sites/default/files/styles/original_webp/public/oldImages/33157_ray_lounge_9247_XL.jpg.webp?itok=826-GcIl -> ray_lounge_Ottoman_9247\image_6.jpg
Starting download with Playwright: https://live-brunner.pantheonsite.io/sites/default/files/styles/sm/public/oldImages/33166_ray_lounge_9241_9247_XL.jpg.webp?itok=YxM9rdcs
Finished download: https://live-brunner.pantheonsite.io/sites/default/files/styles/sm/public/oldImages/33166_ray_lounge_9241_9247_XL.jpg.webp?itok=YxM9rdcs -> ray_lounge_Ottoman_9247\image_7.jpg
Starting download with Playwright: https://live-brunner.pantheonsite.io/sites/default/files/styles/lg/public/oldImages/33166_ray_lounge_9241_9247_XL.jpg.webp?itok=7cC7NOPJ
Finished download: https://live-brunner.pantheonsite.io/sites/default/files/styles/lg/public/oldImages/33166_ray_lounge_9241_9247_XL.jpg.webp?itok=7cC7NOPJ -> ray_lounge_Ottoman_9247\image_8.jpg
Starting download with Playwright: https://live-brunner.pantheonsite.io/sites/default/files/styles/original_webp/public/oldImages/33166_ray_lounge_9241_9247_XL.jpg.webp?itok=82pAnN7H
Finished download: https://live-brunner.pantheonsite.io/sites/default/files/styles/original_webp/public/oldImages/33166_ray_lounge_9241_9247_XL.jpg.webp?itok=82pAnN7H -> ray_lounge_Ottoman_9247\image_9.jpg
Starting download with Playwright: https://live-brunner.pantheonsite.io/sites/default/files/styles/sm/public/oldImages/57863_ray_lounge_XL.jpg.webp?itok=dIC7QpGd
Finished download: https://live-brunner.pantheonsite.io/sites/default/files/styles/sm/public/oldImages/57863_ray_lounge_XL.jpg.webp?itok=dIC7QpGd -> ray_lounge_Ottoman_9247\image_10.jpg
Starting download with Playwright: https://live-brunner.pantheonsite.io/sites/default/files/styles/lg/public/oldImages/57863_ray_lounge_XL.jpg.webp?itok=_pepZCEd
Finished download: https://live-brunner.pantheonsite.io/sites/default/files/styles/lg/public/oldImages/57863_ray_lounge_XL.jpg.webp?itok=_pepZCEd -> ray_lounge_Ottoman_9247\image_11.jpg
Starting download with Playwright: https://live-brunner.pantheonsite.io/sites/default/files/styles/original_webp/public/oldImages/57863_ray_lounge_XL.jpg.webp?itok=_iZwGqNf
Finished download: https://live-brunner.pantheonsite.io/sites/default/files/styles/original_webp/public/oldImages/57863_ray_lounge_XL.jpg.webp?itok=_iZwGqNf -> ray_lounge_Ottoman_9247\image_12.jpg
Starting download with Playwright: https://live-brunner.pantheonsite.io/sites/default/files/styles/sm/public/oldImages/97966_Brunner_ray_lounge_9241_9247_HD_XL.jpg.webp?itok=GAcYRjIB
Finished download: https://live-brunner.pantheonsite.io/sites/default/files/styles/sm/public/oldImages/97966_Brunner_ray_lounge_9241_9247_HD_XL.jpg.webp?itok=GAcYRjIB -> ray_lounge_Ottoman_9247\image_13.jpg
Starting download with Playwright: https://live-brunner.pantheonsite.io/sites/default/files/styles/lg/public/oldImages/97966_Brunner_ray_lounge_9241_9247_HD_XL.jpg.webp?itok=lSqCC8JI
Finished download: https://live-brunner.pantheonsite.io/sites/default/files/styles/lg/public/oldImages/97966_Brunner_ray_lounge_9241_9247_HD_XL.jpg.webp?itok=lSqCC8JI -> ray_lounge_Ottoman_9247\image_14.jpg
Starting download with Playwright: https://live-brunner.pantheonsite.io/sites/default/files/styles/original_webp/public/oldImages/97966_Brunner_ray_lounge_9241_9247_HD_XL.jpg.webp?itok=SE0SEBC-
Finished download: https://live-brunner.pantheonsite.io/sites/default/files/styles/original_webp/public/oldImages/97966_Brunner_ray_lounge_9241_9247_HD_XL.jpg.webp?itok=SE0SEBC- -> ray_lounge_Ottoman_9247\image_15.jpg
Starting download with Playwright: https://live-brunner.pantheonsite.io/sites/default/files/styles/sm/public/oldImages/33179_ray_lounge_9243_9241_9247_XL.jpg.webp?itok=H06OI3Lv
Finished download: https://live-brunner.pantheonsite.io/sites/default/files/styles/sm/public/oldImages/33179_ray_lounge_9243_9241_9247_XL.jpg.webp?itok=H06OI3Lv -> ray_lounge_Ottoman_9247\image_16.jpg
Starting download with Playwright: https://live-brunner.pantheonsite.io/sites/default/files/styles/lg/public/oldImages/33179_ray_lounge_9243_9241_9247_XL.jpg.webp?itok=PNCc1Byn
Finished download: https://live-brunner.pantheonsite.io/sites/default/files/styles/lg/public/oldImages/33179_ray_lounge_9243_9241_9247_XL.jpg.webp?itok=PNCc1Byn -> ray_lounge_Ottoman_9247\image_17.jpg
Starting download with Playwright: https://live-brunner.pantheonsite.io/sites/default/files/styles/original_webp/public/oldImages/33179_ray_lounge_9243_9241_9247_XL.jpg.webp?itok=80OqgdZI
Finished download: https://live-brunner.pantheonsite.io/sites/default/files/styles/original_webp/public/oldImages/33179_ray_lounge_9243_9241_9247_XL.jpg.webp?itok=80OqgdZI -> ray_lounge_Ottoman_9247\image_18.jpg
Starting download with Playwright: https://live-brunner.pantheonsite.io/sites/default/files/styles/sm/public/oldImages/65162_ray_lounge_XL.jpg.webp?itok=B-BVyWdx
Finished download: https://live-brunner.pantheonsite.io/sites/default/files/styles/sm/public/oldImages/65162_ray_lounge_XL.jpg.webp?itok=B-BVyWdx -> ray_lounge_Ottoman_9247\image_19.jpg
Starting download with Playwright: https://live-brunner.pantheonsite.io/sites/default/files/styles/lg/public/oldImages/65162_ray_lounge_XL.jpg.webp?itok=THHtDzmb
Finished download: https://live-brunner.pantheonsite.io/sites/default/files/styles/lg/public/oldImages/65162_ray_lounge_XL.jpg.webp?itok=THHtDzmb -> ray_lounge_Ottoman_9247\image_20.jpg
Starting download with Playwright: https://live-brunner.pantheonsite.io/sites/default/files/styles/original_webp/public/oldImages/65162_ray_lounge_XL.jpg.webp?itok=SBIEI5JK
Finished download: https://live-brunner.pantheonsite.io/sites/default/files/styles/original_webp/public/oldImages/65162_ray_lounge_XL.jpg.webp?itok=SBIEI5JK -> ray_lounge_Ottoman_9247\image_21.jpg
Starting download with Playwright: https://live-brunner.pantheonsite.io/sites/default/files/styles/sm/public/oldImages/55136_ray_lounge_9248_XL.jpg.webp?itok=B5JC2EYY
Finished download: https://live-brunner.pantheonsite.io/sites/default/files/styles/sm/public/oldImages/55136_ray_lounge_9248_XL.jpg.webp?itok=B5JC2EYY -> ray_lounge_Ottoman_9247\image_22.jpg
Starting download with Playwright: https://live-brunner.pantheonsite.io/sites/default/files/styles/lg/public/oldImages/55136_ray_lounge_9248_XL.jpg.webp?itok=pXBacO32
Finished download: https://live-brunner.pantheonsite.io/sites/default/files/styles/lg/public/oldImages/55136_ray_lounge_9248_XL.jpg.webp?itok=pXBacO32 -> ray_lounge_Ottoman_9247\image_23.jpg
Starting download with Playwright: https://live-brunner.pantheonsite.io/sites/default/files/styles/original_webp/public/oldImages/55136_ray_lounge_9248_XL.jpg.webp?itok=ml4_2Iy4
Finished download: https://live-brunner.pantheonsite.io/sites/default/files/styles/original_webp/public/oldImages/55136_ray_lounge_9248_XL.jpg.webp?itok=ml4_2Iy4 -> ray_lounge_Ottoman_9247\image_24.jpg
Starting download with Playwright: https://live-brunner.pantheonsite.io/sites/default/files/styles/sm/public/oldImages/33158_ray_lounge_9241_9247_XL.jpg.webp?itok=QanwWznS
Finished download: https://live-brunner.pantheonsite.io/sites/default/files/styles/sm/public/oldImages/33158_ray_lounge_9241_9247_XL.jpg.webp?itok=QanwWznS -> ray_lounge_Ottoman_9247\image_25.jpg
Starting download with Playwright: https://live-brunner.pantheonsite.io/sites/default/files/styles/lg/public/oldImages/33158_ray_lounge_9241_9247_XL.jpg.webp?itok=WYIqjuw3
Finished download: https://live-brunner.pantheonsite.io/sites/default/files/styles/lg/public/oldImages/33158_ray_lounge_9241_9247_XL.jpg.webp?itok=WYIqjuw3 -> ray_lounge_Ottoman_9247\image_26.jpg
Starting download with Playwright: https://live-brunner.pantheonsite.io/sites/default/files/styles/original_webp/public/oldImages/33158_ray_lounge_9241_9247_XL.jpg.webp?itok=-3B2ed4W
Finished download: https://live-brunner.pantheonsite.io/sites/default/files/styles/original_webp/public/oldImages/33158_ray_lounge_9241_9247_XL.jpg.webp?itok=-3B2ed4W -> ray_lounge_Ottoman_9247\image_27.jpg
Starting download with Playwright: https://live-brunner.pantheonsite.io/sites/default/files/styles/sm/public/oldImages/97967_Brunner_ray_lounge_9241_9247-1_HD_XL.jpg.webp?itok=tuqJBxd6
Finished download: https://live-brunner.pantheonsite.io/sites/default/files/styles/sm/public/oldImages/97967_Brunner_ray_lounge_9241_9247-1_HD_XL.jpg.webp?itok=tuqJBxd6 -> ray_lounge_Ottoman_9247\image_28.jpg
Starting download with Playwright: https://live-brunner.pantheonsite.io/sites/default/files/styles/lg/public/oldImages/97967_Brunner_ray_lounge_9241_9247-1_HD_XL.jpg.webp?itok=XKJltWw9
Finished download: https://live-brunner.pantheonsite.io/sites/default/files/styles/lg/public/oldImages/97967_Brunner_ray_lounge_9241_9247-1_HD_XL.jpg.webp?itok=XKJltWw9 -> ray_lounge_Ottoman_9247\image_29.jpg
Starting download with Playwright: https://live-brunner.pantheonsite.io/sites/default/files/styles/original_webp/public/oldImages/97967_Brunner_ray_lounge_9241_9247-1_HD_XL.jpg.webp?itok=z4SUDUaQ
Finished download: https://live-brunner.pantheonsite.io/sites/default/files/styles/original_webp/public/oldImages/97967_Brunner_ray_lounge_9241_9247-1_HD_XL.jpg.webp?itok=z4SUDUaQ -> ray_lounge_Ottoman_9247\image_30.jpg
Starting download with Playwright: https://live-brunner.pantheonsite.io/sites/default/files/styles/sm/public/oldImages/97968_Brunner_ray_lounge_9247_9241_HD_XL.jpg.webp?itok=OfLn544P
Finished download: https://live-brunner.pantheonsite.io/sites/default/files/styles/sm/public/oldImages/97968_Brunner_ray_lounge_9247_9241_HD_XL.jpg.webp?itok=OfLn544P -> ray_lounge_Ottoman_9247\image_31.jpg
Starting download with Playwright: https://live-brunner.pantheonsite.io/sites/default/files/styles/lg/public/oldImages/97968_Brunner_ray_lounge_9247_9241_HD_XL.jpg.webp?itok=CfU0zFPH
Finished download: https://live-brunner.pantheonsite.io/sites/default/files/styles/lg/public/oldImages/97968_Brunner_ray_lounge_9247_9241_HD_XL.jpg.webp?itok=CfU0zFPH -> ray_lounge_Ottoman_9247\image_32.jpg
Starting download with Playwright: https://live-brunner.pantheonsite.io/sites/default/files/styles/original_webp/public/oldImages/97968_Brunner_ray_lounge_9247_9241_HD_XL.jpg.webp?itok=SkR1ckMK
Finished download: https://live-brunner.pantheonsite.io/sites/default/files/styles/original_webp/public/oldImages/97968_Brunner_ray_lounge_9247_9241_HD_XL.jpg.webp?itok=SkR1ckMK -> ray_lounge_Ottoman_9247\image_33.jpg
Starting download with Playwright: https://live-brunner.pantheonsite.io/sites/default/files/styles/sm/public/oldImages/55143_ray_lounge_9241_9247_XL.jpg.webp?itok=IvWsaxUb
Finished download: https://live-brunner.pantheonsite.io/sites/default/files/styles/sm/public/oldImages/55143_ray_lounge_9241_9247_XL.jpg.webp?itok=IvWsaxUb -> ray_lounge_Ottoman_9247\image_34.jpg
Starting download with Playwright: https://live-brunner.pantheonsite.io/sites/default/files/styles/lg/public/oldImages/55143_ray_lounge_9241_9247_XL.jpg.webp?itok=1MTJ4aBn
Finished download: https://live-brunner.pantheonsite.io/sites/default/files/styles/lg/public/oldImages/55143_ray_lounge_9241_9247_XL.jpg.webp?itok=1MTJ4aBn -> ray_lounge_Ottoman_9247\image_35.jpg
Starting download with Playwright: https://live-brunner.pantheonsite.io/sites/default/files/styles/original_webp/public/oldImages/55143_ray_lounge_9241_9247_XL.jpg.webp?itok=DT6rlXoS
Finished download: https://live-brunner.pantheonsite.io/sites/default/files/styles/original_webp/public/oldImages/55143_ray_lounge_9241_9247_XL.jpg.webp?itok=DT6rlXoS -> ray_lounge_Ottoman_9247\image_36.jpg
Completed image downloads for product ray_lounge_Ottoman_9247
Extracting features for product ray_lounge_Ottoman_9247...
Features saved for product ray_lounge_Ottoman_9247
Attempting to access Downloads tab for product ray_lounge_Ottoman_9247...
Starting download of PDF: https://live-brunner.pantheonsite.io/sites/default/files/oldPdfs/Produktdatenblaetter/Produktdatenblaetter_EN/ray_lounge_Brunner_product_data_sheet_EN.pdf
Downloaded product_sheet.pdf for product ray_lounge_Ottoman_9247
Opening URL for product ray_lounge_seating_9245: https://brunner-group.com/en/products/ray-lounge-seating-0/?variant=9245
Images detected on page for ray_lounge_seating_9245, scrolling to load them...
Successfully opened URL for product ray_lounge_seating_9245
Extracting images for product ray_lounge_seating_9245...
Found 33 images for product ray_lounge_seating_9245
Starting download with Playwright: https://live-brunner.pantheonsite.io/sites/default/files/styles/sm/public/oldImages/97963_Brunner_ray_lounge_9243_HD_XL.jpg.webp?itok=Qn48k-3N
Finished download: https://live-brunner.pantheonsite.io/sites/default/files/styles/sm/public/oldImages/97963_Brunner_ray_lounge_9243_HD_XL.jpg.webp?itok=Qn48k-3N -> ray_lounge_seating_9245\image_1.jpg
Starting download with Playwright: https://live-brunner.pantheonsite.io/sites/default/files/styles/lg/public/oldImages/97963_Brunner_ray_lounge_9243_HD_XL.jpg.webp?itok=ZUrhhkH4
Finished download: https://live-brunner.pantheonsite.io/sites/default/files/styles/lg/public/oldImages/97963_Brunner_ray_lounge_9243_HD_XL.jpg.webp?itok=ZUrhhkH4 -> ray_lounge_seating_9245\image_2.jpg
Starting download with Playwright: https://live-brunner.pantheonsite.io/sites/default/files/styles/original_webp/public/oldImages/97963_Brunner_ray_lounge_9243_HD_XL.jpg.webp?itok=_Czkd0vs
Finished download: https://live-brunner.pantheonsite.io/sites/default/files/styles/original_webp/public/oldImages/97963_Brunner_ray_lounge_9243_HD_XL.jpg.webp?itok=_Czkd0vs -> ray_lounge_seating_9245\image_3.jpg
Starting download with Playwright: https://live-brunner.pantheonsite.io/sites/default/files/styles/sm/public/oldImages/64471_Brunner_GGArchard_Showroom01_2018_34_XL.jpg.webp?itok=Y8xWjYAS
Finished download: https://live-brunner.pantheonsite.io/sites/default/files/styles/sm/public/oldImages/64471_Brunner_GGArchard_Showroom01_2018_34_XL.jpg.webp?itok=Y8xWjYAS -> ray_lounge_seating_9245\image_4.jpg
Starting download with Playwright: https://live-brunner.pantheonsite.io/sites/default/files/styles/lg/public/oldImages/64471_Brunner_GGArchard_Showroom01_2018_34_XL.jpg.webp?itok=e1CUEdIL
Finished download: https://live-brunner.pantheonsite.io/sites/default/files/styles/lg/public/oldImages/64471_Brunner_GGArchard_Showroom01_2018_34_XL.jpg.webp?itok=e1CUEdIL -> ray_lounge_seating_9245\image_5.jpg
Starting download with Playwright: https://live-brunner.pantheonsite.io/sites/default/files/styles/original_webp/public/oldImages/64471_Brunner_GGArchard_Showroom01_2018_34_XL.jpg.webp?itok=QNT645y0
Finished download: https://live-brunner.pantheonsite.io/sites/default/files/styles/original_webp/public/oldImages/64471_Brunner_GGArchard_Showroom01_2018_34_XL.jpg.webp?itok=QNT645y0 -> ray_lounge_seating_9245\image_6.jpg
Starting download with Playwright: https://live-brunner.pantheonsite.io/sites/default/files/styles/sm/public/oldImages/97962_Brunner_ray_lounge_9243_9241_9247_HD_XL.jpg.webp?itok=GfJbtiOw
Finished download: https://live-brunner.pantheonsite.io/sites/default/files/styles/sm/public/oldImages/97962_Brunner_ray_lounge_9243_9241_9247_HD_XL.jpg.webp?itok=GfJbtiOw -> ray_lounge_seating_9245\image_7.jpg
Starting download with Playwright: https://live-brunner.pantheonsite.io/sites/default/files/styles/lg/public/oldImages/97962_Brunner_ray_lounge_9243_9241_9247_HD_XL.jpg.webp?itok=NatSLNFE
Finished download: https://live-brunner.pantheonsite.io/sites/default/files/styles/lg/public/oldImages/97962_Brunner_ray_lounge_9243_9241_9247_HD_XL.jpg.webp?itok=NatSLNFE -> ray_lounge_seating_9245\image_8.jpg
Starting download with Playwright: https://live-brunner.pantheonsite.io/sites/default/files/styles/original_webp/public/oldImages/97962_Brunner_ray_lounge_9243_9241_9247_HD_XL.jpg.webp?itok=elUlilJt
Finished download: https://live-brunner.pantheonsite.io/sites/default/files/styles/original_webp/public/oldImages/97962_Brunner_ray_lounge_9243_9241_9247_HD_XL.jpg.webp?itok=elUlilJt -> ray_lounge_seating_9245\image_9.jpg
Starting download with Playwright: https://live-brunner.pantheonsite.io/sites/default/files/styles/sm/public/oldImages/97964_Brunner_ray_lounge_9244_9243_HD_XL.jpg.webp?itok=k5i0X2fy
Finished download: https://live-brunner.pantheonsite.io/sites/default/files/styles/sm/public/oldImages/97964_Brunner_ray_lounge_9244_9243_HD_XL.jpg.webp?itok=k5i0X2fy -> ray_lounge_seating_9245\image_10.jpg
Starting download with Playwright: https://live-brunner.pantheonsite.io/sites/default/files/styles/lg/public/oldImages/97964_Brunner_ray_lounge_9244_9243_HD_XL.jpg.webp?itok=d-a9y-vF
Finished download: https://live-brunner.pantheonsite.io/sites/default/files/styles/lg/public/oldImages/97964_Brunner_ray_lounge_9244_9243_HD_XL.jpg.webp?itok=d-a9y-vF -> ray_lounge_seating_9245\image_11.jpg
Starting download with Playwright: https://live-brunner.pantheonsite.io/sites/default/files/styles/original_webp/public/oldImages/97964_Brunner_ray_lounge_9244_9243_HD_XL.jpg.webp?itok=GaOwY9mV
Finished download: https://live-brunner.pantheonsite.io/sites/default/files/styles/original_webp/public/oldImages/97964_Brunner_ray_lounge_9244_9243_HD_XL.jpg.webp?itok=GaOwY9mV -> ray_lounge_seating_9245\image_12.jpg
Starting download with Playwright: https://live-brunner.pantheonsite.io/sites/default/files/styles/sm/public/oldImages/87678_Brunner_fc-Gruppe_Marquardt_06_XL.jpg.webp?itok=HiJ10Zga
Finished download: https://live-brunner.pantheonsite.io/sites/default/files/styles/sm/public/oldImages/87678_Brunner_fc-Gruppe_Marquardt_06_XL.jpg.webp?itok=HiJ10Zga -> ray_lounge_seating_9245\image_13.jpg
Starting download with Playwright: https://live-brunner.pantheonsite.io/sites/default/files/styles/lg/public/oldImages/87678_Brunner_fc-Gruppe_Marquardt_06_XL.jpg.webp?itok=Nl7EYEjH
Finished download: https://live-brunner.pantheonsite.io/sites/default/files/styles/lg/public/oldImages/87678_Brunner_fc-Gruppe_Marquardt_06_XL.jpg.webp?itok=Nl7EYEjH -> ray_lounge_seating_9245\image_14.jpg
Starting download with Playwright: https://live-brunner.pantheonsite.io/sites/default/files/styles/original_webp/public/oldImages/87678_Brunner_fc-Gruppe_Marquardt_06_XL.jpg.webp?itok=L05aLFR7
Finished download: https://live-brunner.pantheonsite.io/sites/default/files/styles/original_webp/public/oldImages/87678_Brunner_fc-Gruppe_Marquardt_06_XL.jpg.webp?itok=L05aLFR7 -> ray_lounge_seating_9245\image_15.jpg
Starting download with Playwright: https://live-brunner.pantheonsite.io/sites/default/files/styles/sm/public/oldImages/55137_ray_lounge_9243_valet_VT1003_XL.jpg.webp?itok=a1oonxRw
Finished download: https://live-brunner.pantheonsite.io/sites/default/files/styles/sm/public/oldImages/55137_ray_lounge_9243_valet_VT1003_XL.jpg.webp?itok=a1oonxRw -> ray_lounge_seating_9245\image_16.jpg
Starting download with Playwright: https://live-brunner.pantheonsite.io/sites/default/files/styles/lg/public/oldImages/55137_ray_lounge_9243_valet_VT1003_XL.jpg.webp?itok=sy60biWm
Finished download: https://live-brunner.pantheonsite.io/sites/default/files/styles/lg/public/oldImages/55137_ray_lounge_9243_valet_VT1003_XL.jpg.webp?itok=sy60biWm -> ray_lounge_seating_9245\image_17.jpg
Starting download with Playwright: https://live-brunner.pantheonsite.io/sites/default/files/styles/original_webp/public/oldImages/55137_ray_lounge_9243_valet_VT1003_XL.jpg.webp?itok=Zc1zlKoN
Finished download: https://live-brunner.pantheonsite.io/sites/default/files/styles/original_webp/public/oldImages/55137_ray_lounge_9243_valet_VT1003_XL.jpg.webp?itok=Zc1zlKoN -> ray_lounge_seating_9245\image_18.jpg
Starting download with Playwright: https://live-brunner.pantheonsite.io/sites/default/files/styles/sm/public/oldImages/55147_ray_lounge_9241_9243_XL.jpg.webp?itok=1B8RiO5J
Finished download: https://live-brunner.pantheonsite.io/sites/default/files/styles/sm/public/oldImages/55147_ray_lounge_9241_9243_XL.jpg.webp?itok=1B8RiO5J -> ray_lounge_seating_9245\image_19.jpg
Starting download with Playwright: https://live-brunner.pantheonsite.io/sites/default/files/styles/lg/public/oldImages/55147_ray_lounge_9241_9243_XL.jpg.webp?itok=n6y7SDkJ
Finished download: https://live-brunner.pantheonsite.io/sites/default/files/styles/lg/public/oldImages/55147_ray_lounge_9241_9243_XL.jpg.webp?itok=n6y7SDkJ -> ray_lounge_seating_9245\image_20.jpg
Starting download with Playwright: https://live-brunner.pantheonsite.io/sites/default/files/styles/original_webp/public/oldImages/55147_ray_lounge_9241_9243_XL.jpg.webp?itok=cK9jKnuQ
Finished download: https://live-brunner.pantheonsite.io/sites/default/files/styles/original_webp/public/oldImages/55147_ray_lounge_9241_9243_XL.jpg.webp?itok=cK9jKnuQ -> ray_lounge_seating_9245\image_21.jpg
Starting download with Playwright: https://live-brunner.pantheonsite.io/sites/default/files/styles/sm/public/oldImages/67863_ray_lounge_9244_XL.jpg.webp?itok=NM3Wn9ih
Finished download: https://live-brunner.pantheonsite.io/sites/default/files/styles/sm/public/oldImages/67863_ray_lounge_9244_XL.jpg.webp?itok=NM3Wn9ih -> ray_lounge_seating_9245\image_22.jpg
Starting download with Playwright: https://live-brunner.pantheonsite.io/sites/default/files/styles/lg/public/oldImages/67863_ray_lounge_9244_XL.jpg.webp?itok=zOXM1B7Q
Finished download: https://live-brunner.pantheonsite.io/sites/default/files/styles/lg/public/oldImages/67863_ray_lounge_9244_XL.jpg.webp?itok=zOXM1B7Q -> ray_lounge_seating_9245\image_23.jpg
Starting download with Playwright: https://live-brunner.pantheonsite.io/sites/default/files/styles/original_webp/public/oldImages/67863_ray_lounge_9244_XL.jpg.webp?itok=626cRtEp
Finished download: https://live-brunner.pantheonsite.io/sites/default/files/styles/original_webp/public/oldImages/67863_ray_lounge_9244_XL.jpg.webp?itok=626cRtEp -> ray_lounge_seating_9245\image_24.jpg
Starting download with Playwright: https://live-brunner.pantheonsite.io/sites/default/files/styles/sm/public/oldImages/97961_Brunner_break_3969_ray_lounge_9243_HD_XL.jpg.webp?itok=80Jjk7uK
Finished download: https://live-brunner.pantheonsite.io/sites/default/files/styles/sm/public/oldImages/97961_Brunner_break_3969_ray_lounge_9243_HD_XL.jpg.webp?itok=80Jjk7uK -> ray_lounge_seating_9245\image_25.jpg
Starting download with Playwright: https://live-brunner.pantheonsite.io/sites/default/files/styles/lg/public/oldImages/97961_Brunner_break_3969_ray_lounge_9243_HD_XL.jpg.webp?itok=LUt7-A2w
Finished download: https://live-brunner.pantheonsite.io/sites/default/files/styles/lg/public/oldImages/97961_Brunner_break_3969_ray_lounge_9243_HD_XL.jpg.webp?itok=LUt7-A2w -> ray_lounge_seating_9245\image_26.jpg
Starting download with Playwright: https://live-brunner.pantheonsite.io/sites/default/files/styles/original_webp/public/oldImages/97961_Brunner_break_3969_ray_lounge_9243_HD_XL.jpg.webp?itok=K5f81EiZ
Finished download: https://live-brunner.pantheonsite.io/sites/default/files/styles/original_webp/public/oldImages/97961_Brunner_break_3969_ray_lounge_9243_HD_XL.jpg.webp?itok=K5f81EiZ -> ray_lounge_seating_9245\image_27.jpg
Starting download with Playwright: https://live-brunner.pantheonsite.io/sites/default/files/styles/sm/public/oldImages/97965_Brunner_ray_lounge_9244_Mid_Wire_Env_HD_XL.jpg.webp?itok=AXnJXNH0
Finished download: https://live-brunner.pantheonsite.io/sites/default/files/styles/sm/public/oldImages/97965_Brunner_ray_lounge_9244_Mid_Wire_Env_HD_XL.jpg.webp?itok=AXnJXNH0 -> ray_lounge_seating_9245\image_28.jpg
Starting download with Playwright: https://live-brunner.pantheonsite.io/sites/default/files/styles/lg/public/oldImages/97965_Brunner_ray_lounge_9244_Mid_Wire_Env_HD_XL.jpg.webp?itok=hZdi5R-7
Finished download: https://live-brunner.pantheonsite.io/sites/default/files/styles/lg/public/oldImages/97965_Brunner_ray_lounge_9244_Mid_Wire_Env_HD_XL.jpg.webp?itok=hZdi5R-7 -> ray_lounge_seating_9245\image_29.jpg
Starting download with Playwright: https://live-brunner.pantheonsite.io/sites/default/files/styles/original_webp/public/oldImages/97965_Brunner_ray_lounge_9244_Mid_Wire_Env_HD_XL.jpg.webp?itok=W4FikyMc
Finished download: https://live-brunner.pantheonsite.io/sites/default/files/styles/original_webp/public/oldImages/97965_Brunner_ray_lounge_9244_Mid_Wire_Env_HD_XL.jpg.webp?itok=W4FikyMc -> ray_lounge_seating_9245\image_30.jpg
Starting download with Playwright: https://live-brunner.pantheonsite.io/sites/default/files/styles/sm/public/oldImages/33178_ray_lounge_Spread_9243_XL.jpg.webp?itok=__amXaZH
Finished download: https://live-brunner.pantheonsite.io/sites/default/files/styles/sm/public/oldImages/33178_ray_lounge_Spread_9243_XL.jpg.webp?itok=__amXaZH -> ray_lounge_seating_9245\image_31.jpg
Starting download with Playwright: https://live-brunner.pantheonsite.io/sites/default/files/styles/lg/public/oldImages/33178_ray_lounge_Spread_9243_XL.jpg.webp?itok=BQ-GcKbG
Finished download: https://live-brunner.pantheonsite.io/sites/default/files/styles/lg/public/oldImages/33178_ray_lounge_Spread_9243_XL.jpg.webp?itok=BQ-GcKbG -> ray_lounge_seating_9245\image_32.jpg
Starting download with Playwright: https://live-brunner.pantheonsite.io/sites/default/files/styles/original_webp/public/oldImages/33178_ray_lounge_Spread_9243_XL.jpg.webp?itok=lTBi4yEB
Finished download: https://live-brunner.pantheonsite.io/sites/default/files/styles/original_webp/public/oldImages/33178_ray_lounge_Spread_9243_XL.jpg.webp?itok=lTBi4yEB -> ray_lounge_seating_9245\image_33.jpg
Completed image downloads for product ray_lounge_seating_9245
Extracting features for product ray_lounge_seating_9245...
Features saved for product ray_lounge_seating_9245
Attempting to access Downloads tab for product ray_lounge_seating_9245...
Starting download of PDF: https://live-brunner.pantheonsite.io/sites/default/files/oldPdfs/Produktdatenblaetter/Produktdatenblaetter_EN/ray_lounge_Brunner_product_data_sheet_EN.pdf
Downloaded product_sheet.pdf for product ray_lounge_seating_9245
Opening URL for product ray_soft_Bar_stool_9643: https://brunner-group.com/en/products/ray-soft-bar-stool/?variant=9643
Images detected on page for ray_soft_Bar_stool_9643, scrolling to load them...
Successfully opened URL for product ray_soft_Bar_stool_9643
Extracting images for product ray_soft_Bar_stool_9643...
Found 22 images for product ray_soft_Bar_stool_9643
Starting download with Playwright: https://live-brunner.pantheonsite.io/sites/default/files/styles/sm/public/oldImages/94800_Brunner_ray%20soft_9644__break_3964_XL.jpg.webp?itok=Z-Tzzcgp
Finished download: https://live-brunner.pantheonsite.io/sites/default/files/styles/sm/public/oldImages/94800_Brunner_ray%20soft_9644__break_3964_XL.jpg.webp?itok=Z-Tzzcgp -> ray_soft_Bar_stool_9643\image_1.jpg
Starting download with Playwright: https://live-brunner.pantheonsite.io/sites/default/files/styles/lg/public/oldImages/94800_Brunner_ray%20soft_9644__break_3964_XL.jpg.webp?itok=ehAA1DtB
Finished download: https://live-brunner.pantheonsite.io/sites/default/files/styles/lg/public/oldImages/94800_Brunner_ray%20soft_9644__break_3964_XL.jpg.webp?itok=ehAA1DtB -> ray_soft_Bar_stool_9643\image_2.jpg
Starting download with Playwright: https://live-brunner.pantheonsite.io/sites/default/files/styles/original_webp/public/oldImages/94800_Brunner_ray%20soft_9644__break_3964_XL.jpg.webp?itok=BcTr8oMG
Finished download: https://live-brunner.pantheonsite.io/sites/default/files/styles/original_webp/public/oldImages/94800_Brunner_ray%20soft_9644__break_3964_XL.jpg.webp?itok=BcTr8oMG -> ray_soft_Bar_stool_9643\image_3.jpg
Starting download with Playwright: https://live-brunner.pantheonsite.io/sites/default/files/styles/sm/public/oldImages/99083_Brunner_ray%20soft_9643_Freisteller_1080x1080_XL.jpg.webp?itok=GJ7GBrZ0
Finished download: https://live-brunner.pantheonsite.io/sites/default/files/styles/sm/public/oldImages/99083_Brunner_ray%20soft_9643_Freisteller_1080x1080_XL.jpg.webp?itok=GJ7GBrZ0 -> ray_soft_Bar_stool_9643\image_4.jpg
Starting download with Playwright: https://live-brunner.pantheonsite.io/sites/default/files/styles/lg/public/oldImages/99083_Brunner_ray%20soft_9643_Freisteller_1080x1080_XL.jpg.webp?itok=QjXgRYD4
Finished download: https://live-brunner.pantheonsite.io/sites/default/files/styles/lg/public/oldImages/99083_Brunner_ray%20soft_9643_Freisteller_1080x1080_XL.jpg.webp?itok=QjXgRYD4 -> ray_soft_Bar_stool_9643\image_5.jpg
Starting download with Playwright: https://live-brunner.pantheonsite.io/sites/default/files/styles/original_webp/public/oldImages/99083_Brunner_ray%20soft_9643_Freisteller_1080x1080_XL.jpg.webp?itok=W1i5dOWZ
Finished download: https://live-brunner.pantheonsite.io/sites/default/files/styles/original_webp/public/oldImages/99083_Brunner_ray%20soft_9643_Freisteller_1080x1080_XL.jpg.webp?itok=W1i5dOWZ -> ray_soft_Bar_stool_9643\image_6.jpg
Starting download with Playwright: #undefined
[Image Download] Failed image #undefined for product ray_soft_Bar_stool_9643: APIRequestContext.get: Invalid URL
Starting download with Playwright: https://live-brunner.pantheonsite.io/sites/default/files/styles/sm/public/oldImages/95026_Brunner_ray_soft_9626A_9643_9613_9615A_9614_XL.jpg.webp?itok=B0egji6b
Finished download: https://live-brunner.pantheonsite.io/sites/default/files/styles/sm/public/oldImages/95026_Brunner_ray_soft_9626A_9643_9613_9615A_9614_XL.jpg.webp?itok=B0egji6b -> ray_soft_Bar_stool_9643\image_8.jpg
Starting download with Playwright: https://live-brunner.pantheonsite.io/sites/default/files/styles/lg/public/oldImages/95026_Brunner_ray_soft_9626A_9643_9613_9615A_9614_XL.jpg.webp?itok=qQQmZWez
Finished download: https://live-brunner.pantheonsite.io/sites/default/files/styles/lg/public/oldImages/95026_Brunner_ray_soft_9626A_9643_9613_9615A_9614_XL.jpg.webp?itok=qQQmZWez -> ray_soft_Bar_stool_9643\image_9.jpg
Starting download with Playwright: https://live-brunner.pantheonsite.io/sites/default/files/styles/original_webp/public/oldImages/95026_Brunner_ray_soft_9626A_9643_9613_9615A_9614_XL.jpg.webp?itok=EYhpAyhG
Finished download: https://live-brunner.pantheonsite.io/sites/default/files/styles/original_webp/public/oldImages/95026_Brunner_ray_soft_9626A_9643_9613_9615A_9614_XL.jpg.webp?itok=EYhpAyhG -> ray_soft_Bar_stool_9643\image_10.jpg
Starting download with Playwright: https://live-brunner.pantheonsite.io/sites/default/files/styles/sm/public/oldImages/99081_Brunner_ray_soft_9643_break_3964_Loc_HD_XL.jpg.webp?itok=AB3AisKC
Finished download: https://live-brunner.pantheonsite.io/sites/default/files/styles/sm/public/oldImages/99081_Brunner_ray_soft_9643_break_3964_Loc_HD_XL.jpg.webp?itok=AB3AisKC -> ray_soft_Bar_stool_9643\image_11.jpg
Starting download with Playwright: https://live-brunner.pantheonsite.io/sites/default/files/styles/lg/public/oldImages/99081_Brunner_ray_soft_9643_break_3964_Loc_HD_XL.jpg.webp?itok=5Ntdy4h5
Finished download: https://live-brunner.pantheonsite.io/sites/default/files/styles/lg/public/oldImages/99081_Brunner_ray_soft_9643_break_3964_Loc_HD_XL.jpg.webp?itok=5Ntdy4h5 -> ray_soft_Bar_stool_9643\image_12.jpg
Starting download with Playwright: https://live-brunner.pantheonsite.io/sites/default/files/styles/original_webp/public/oldImages/99081_Brunner_ray_soft_9643_break_3964_Loc_HD_XL.jpg.webp?itok=mxM4CukA
Finished download: https://live-brunner.pantheonsite.io/sites/default/files/styles/original_webp/public/oldImages/99081_Brunner_ray_soft_9643_break_3964_Loc_HD_XL.jpg.webp?itok=mxM4CukA -> ray_soft_Bar_stool_9643\image_13.jpg
Starting download with Playwright: https://live-brunner.pantheonsite.io/sites/default/files/styles/sm/public/oldImages/99082_Brunner_ray_soft_ohneAL_Detail_1080x1080_XL.jpg.webp?itok=SRRLCwuv
Finished download: https://live-brunner.pantheonsite.io/sites/default/files/styles/sm/public/oldImages/99082_Brunner_ray_soft_ohneAL_Detail_1080x1080_XL.jpg.webp?itok=SRRLCwuv -> ray_soft_Bar_stool_9643\image_14.jpg
Starting download with Playwright: https://live-brunner.pantheonsite.io/sites/default/files/styles/lg/public/oldImages/99082_Brunner_ray_soft_ohneAL_Detail_1080x1080_XL.jpg.webp?itok=cTvjhyRo
Finished download: https://live-brunner.pantheonsite.io/sites/default/files/styles/lg/public/oldImages/99082_Brunner_ray_soft_ohneAL_Detail_1080x1080_XL.jpg.webp?itok=cTvjhyRo -> ray_soft_Bar_stool_9643\image_15.jpg
Starting download with Playwright: https://live-brunner.pantheonsite.io/sites/default/files/styles/original_webp/public/oldImages/99082_Brunner_ray_soft_ohneAL_Detail_1080x1080_XL.jpg.webp?itok=8F5AptfU
Finished download: https://live-brunner.pantheonsite.io/sites/default/files/styles/original_webp/public/oldImages/99082_Brunner_ray_soft_ohneAL_Detail_1080x1080_XL.jpg.webp?itok=8F5AptfU -> ray_soft_Bar_stool_9643\image_16.jpg
Starting download with Playwright: https://live-brunner.pantheonsite.io/sites/default/files/styles/sm/public/oldImages/94300_Brunner_ray_soft_9644_Location_XL.jpg.webp?itok=cklTtJmh
Finished download: https://live-brunner.pantheonsite.io/sites/default/files/styles/sm/public/oldImages/94300_Brunner_ray_soft_9644_Location_XL.jpg.webp?itok=cklTtJmh -> ray_soft_Bar_stool_9643\image_17.jpg
Starting download with Playwright: https://live-brunner.pantheonsite.io/sites/default/files/styles/lg/public/oldImages/94300_Brunner_ray_soft_9644_Location_XL.jpg.webp?itok=bITFD0Hk
Finished download: https://live-brunner.pantheonsite.io/sites/default/files/styles/lg/public/oldImages/94300_Brunner_ray_soft_9644_Location_XL.jpg.webp?itok=bITFD0Hk -> ray_soft_Bar_stool_9643\image_18.jpg
Starting download with Playwright: https://live-brunner.pantheonsite.io/sites/default/files/styles/original_webp/public/oldImages/94300_Brunner_ray_soft_9644_Location_XL.jpg.webp?itok=8BDMdXWF
Finished download: https://live-brunner.pantheonsite.io/sites/default/files/styles/original_webp/public/oldImages/94300_Brunner_ray_soft_9644_Location_XL.jpg.webp?itok=8BDMdXWF -> ray_soft_Bar_stool_9643\image_19.jpg
Starting download with Playwright: https://live-brunner.pantheonsite.io/sites/default/files/styles/sm/public/oldImages/99084_Brunner_ray%20soft_9644_Freisteller_H1_1080x1080_XL.jpg.webp?itok=moqvmGL7
Finished download: https://live-brunner.pantheonsite.io/sites/default/files/styles/sm/public/oldImages/99084_Brunner_ray%20soft_9644_Freisteller_H1_1080x1080_XL.jpg.webp?itok=moqvmGL7 -> ray_soft_Bar_stool_9643\image_20.jpg
Starting download with Playwright: https://live-brunner.pantheonsite.io/sites/default/files/styles/lg/public/oldImages/99084_Brunner_ray%20soft_9644_Freisteller_H1_1080x1080_XL.jpg.webp?itok=rb5PRg1K
Finished download: https://live-brunner.pantheonsite.io/sites/default/files/styles/lg/public/oldImages/99084_Brunner_ray%20soft_9644_Freisteller_H1_1080x1080_XL.jpg.webp?itok=rb5PRg1K -> ray_soft_Bar_stool_9643\image_21.jpg
Starting download with Playwright: https://live-brunner.pantheonsite.io/sites/default/files/styles/original_webp/public/oldImages/99084_Brunner_ray%20soft_9644_Freisteller_H1_1080x1080_XL.jpg.webp?itok=8cWXRt9V
Finished download: https://live-brunner.pantheonsite.io/sites/default/files/styles/original_webp/public/oldImages/99084_Brunner_ray%20soft_9644_Freisteller_H1_1080x1080_XL.jpg.webp?itok=8cWXRt9V -> ray_soft_Bar_stool_9643\image_22.jpg
Completed image downloads for product ray_soft_Bar_stool_9643
Extracting features for product ray_soft_Bar_stool_9643...
Features saved for product ray_soft_Bar_stool_9643
Attempting to access Downloads tab for product ray_soft_Bar_stool_9643...
Starting download of PDF: https://live-brunner.pantheonsite.io/sites/default/files/oldPdfs/Produktdatenblaetter/Produktdatenblaetter_EN/ray_soft_Brunner_product_data_sheet_EN.pdf
Downloaded product_sheet.pdf for product ray_soft_Bar_stool_9643
Opening URL for product ray_soft_Upholstered_chair_9664: https://brunner-group.com/en/products/ray-soft-upholstered-chair-1/?variant=9664
Images detected on page for ray_soft_Upholstered_chair_9664, scrolling to load them...
Successfully opened URL for product ray_soft_Upholstered_chair_9664
Extracting images for product ray_soft_Upholstered_chair_9664...
Found 45 images for product ray_soft_Upholstered_chair_9664
Starting download with Playwright: https://live-brunner.pantheonsite.io/sites/default/files/styles/sm/public/oldImages/97996_Brunner_ray_soft_9613A_ray_table_9310_HD_XL.jpg.webp?itok=y0ibjitJ
Finished download: https://live-brunner.pantheonsite.io/sites/default/files/styles/sm/public/oldImages/97996_Brunner_ray_soft_9613A_ray_table_9310_HD_XL.jpg.webp?itok=y0ibjitJ -> ray_soft_Upholstered_chair_9664\image_1.jpg
Starting download with Playwright: https://live-brunner.pantheonsite.io/sites/default/files/styles/lg/public/oldImages/97996_Brunner_ray_soft_9613A_ray_table_9310_HD_XL.jpg.webp?itok=UHCN5RBo
Finished download: https://live-brunner.pantheonsite.io/sites/default/files/styles/lg/public/oldImages/97996_Brunner_ray_soft_9613A_ray_table_9310_HD_XL.jpg.webp?itok=UHCN5RBo -> ray_soft_Upholstered_chair_9664\image_2.jpg
Starting download with Playwright: https://live-brunner.pantheonsite.io/sites/default/files/styles/original_webp/public/oldImages/97996_Brunner_ray_soft_9613A_ray_table_9310_HD_XL.jpg.webp?itok=1gsnG_TU
Finished download: https://live-brunner.pantheonsite.io/sites/default/files/styles/original_webp/public/oldImages/97996_Brunner_ray_soft_9613A_ray_table_9310_HD_XL.jpg.webp?itok=1gsnG_TU -> ray_soft_Upholstered_chair_9664\image_3.jpg
Starting download with Playwright: https://live-brunner.pantheonsite.io/sites/default/files/styles/sm/public/oldImages/94163_Brunner_ray_soft_9613_ray_table_9314_Location_XL.jpg.webp?itok=K7tcBMJH
Finished download: https://live-brunner.pantheonsite.io/sites/default/files/styles/sm/public/oldImages/94163_Brunner_ray_soft_9613_ray_table_9314_Location_XL.jpg.webp?itok=K7tcBMJH -> ray_soft_Upholstered_chair_9664\image_4.jpg
Starting download with Playwright: https://live-brunner.pantheonsite.io/sites/default/files/styles/lg/public/oldImages/94163_Brunner_ray_soft_9613_ray_table_9314_Location_XL.jpg.webp?itok=KCB9QERC
Finished download: https://live-brunner.pantheonsite.io/sites/default/files/styles/lg/public/oldImages/94163_Brunner_ray_soft_9613_ray_table_9314_Location_XL.jpg.webp?itok=KCB9QERC -> ray_soft_Upholstered_chair_9664\image_5.jpg
Starting download with Playwright: https://live-brunner.pantheonsite.io/sites/default/files/styles/original_webp/public/oldImages/94163_Brunner_ray_soft_9613_ray_table_9314_Location_XL.jpg.webp?itok=s48MZ0xR
Finished download: https://live-brunner.pantheonsite.io/sites/default/files/styles/original_webp/public/oldImages/94163_Brunner_ray_soft_9613_ray_table_9314_Location_XL.jpg.webp?itok=s48MZ0xR -> ray_soft_Upholstered_chair_9664\image_6.jpg
Starting download with Playwright: https://live-brunner.pantheonsite.io/sites/default/files/styles/sm/public/oldImages/99082_Brunner_ray_soft_ohneAL_Detail_1080x1080_XL.jpg.webp?itok=SRRLCwuv
Finished download: https://live-brunner.pantheonsite.io/sites/default/files/styles/sm/public/oldImages/99082_Brunner_ray_soft_ohneAL_Detail_1080x1080_XL.jpg.webp?itok=SRRLCwuv -> ray_soft_Upholstered_chair_9664\image_7.jpg
Starting download with Playwright: https://live-brunner.pantheonsite.io/sites/default/files/styles/lg/public/oldImages/99082_Brunner_ray_soft_ohneAL_Detail_1080x1080_XL.jpg.webp?itok=cTvjhyRo
Finished download: https://live-brunner.pantheonsite.io/sites/default/files/styles/lg/public/oldImages/99082_Brunner_ray_soft_ohneAL_Detail_1080x1080_XL.jpg.webp?itok=cTvjhyRo -> ray_soft_Upholstered_chair_9664\image_8.jpg
Starting download with Playwright: https://live-brunner.pantheonsite.io/sites/default/files/styles/original_webp/public/oldImages/99082_Brunner_ray_soft_ohneAL_Detail_1080x1080_XL.jpg.webp?itok=8F5AptfU
Finished download: https://live-brunner.pantheonsite.io/sites/default/files/styles/original_webp/public/oldImages/99082_Brunner_ray_soft_ohneAL_Detail_1080x1080_XL.jpg.webp?itok=8F5AptfU -> ray_soft_Upholstered_chair_9664\image_9.jpg
Starting download with Playwright: https://live-brunner.pantheonsite.io/sites/default/files/styles/sm/public/oldImages/99034_Brunner_ray_soft_9613A_ray_table_9312_HD_XL.jpg.webp?itok=Q8TfcBlW
Finished download: https://live-brunner.pantheonsite.io/sites/default/files/styles/sm/public/oldImages/99034_Brunner_ray_soft_9613A_ray_table_9312_HD_XL.jpg.webp?itok=Q8TfcBlW -> ray_soft_Upholstered_chair_9664\image_10.jpg
Starting download with Playwright: https://live-brunner.pantheonsite.io/sites/default/files/styles/lg/public/oldImages/99034_Brunner_ray_soft_9613A_ray_table_9312_HD_XL.jpg.webp?itok=89DHLtx5
Finished download: https://live-brunner.pantheonsite.io/sites/default/files/styles/lg/public/oldImages/99034_Brunner_ray_soft_9613A_ray_table_9312_HD_XL.jpg.webp?itok=89DHLtx5 -> ray_soft_Upholstered_chair_9664\image_11.jpg
Starting download with Playwright: https://live-brunner.pantheonsite.io/sites/default/files/styles/original_webp/public/oldImages/99034_Brunner_ray_soft_9613A_ray_table_9312_HD_XL.jpg.webp?itok=AiS2MaMe
Finished download: https://live-brunner.pantheonsite.io/sites/default/files/styles/original_webp/public/oldImages/99034_Brunner_ray_soft_9613A_ray_table_9312_HD_XL.jpg.webp?itok=AiS2MaMe -> ray_soft_Upholstered_chair_9664\image_12.jpg
Starting download with Playwright: https://live-brunner.pantheonsite.io/sites/default/files/styles/sm/public/oldImages/99037_Brunner_ray_soft_9614A_Detail_samt_HD_XL.jpg.webp?itok=1Y8HSPoQ
Finished download: https://live-brunner.pantheonsite.io/sites/default/files/styles/sm/public/oldImages/99037_Brunner_ray_soft_9614A_Detail_samt_HD_XL.jpg.webp?itok=1Y8HSPoQ -> ray_soft_Upholstered_chair_9664\image_13.jpg
Starting download with Playwright: https://live-brunner.pantheonsite.io/sites/default/files/styles/lg/public/oldImages/99037_Brunner_ray_soft_9614A_Detail_samt_HD_XL.jpg.webp?itok=B0D8pXBt
Finished download: https://live-brunner.pantheonsite.io/sites/default/files/styles/lg/public/oldImages/99037_Brunner_ray_soft_9614A_Detail_samt_HD_XL.jpg.webp?itok=B0D8pXBt -> ray_soft_Upholstered_chair_9664\image_14.jpg
Starting download with Playwright: https://live-brunner.pantheonsite.io/sites/default/files/styles/original_webp/public/oldImages/99037_Brunner_ray_soft_9614A_Detail_samt_HD_XL.jpg.webp?itok=DZAwfZPY
Finished download: https://live-brunner.pantheonsite.io/sites/default/files/styles/original_webp/public/oldImages/99037_Brunner_ray_soft_9614A_Detail_samt_HD_XL.jpg.webp?itok=DZAwfZPY -> ray_soft_Upholstered_chair_9664\image_15.jpg
Starting download with Playwright: https://live-brunner.pantheonsite.io/sites/default/files/styles/sm/public/oldImages/99032_Brunner_Detail_ray_soft_HD_XL.jpg.webp?itok=RuME4Dr0
Finished download: https://live-brunner.pantheonsite.io/sites/default/files/styles/sm/public/oldImages/99032_Brunner_Detail_ray_soft_HD_XL.jpg.webp?itok=RuME4Dr0 -> ray_soft_Upholstered_chair_9664\image_16.jpg
Starting download with Playwright: https://live-brunner.pantheonsite.io/sites/default/files/styles/lg/public/oldImages/99032_Brunner_Detail_ray_soft_HD_XL.jpg.webp?itok=xLi85R4k
Finished download: https://live-brunner.pantheonsite.io/sites/default/files/styles/lg/public/oldImages/99032_Brunner_Detail_ray_soft_HD_XL.jpg.webp?itok=xLi85R4k -> ray_soft_Upholstered_chair_9664\image_17.jpg
Starting download with Playwright: https://live-brunner.pantheonsite.io/sites/default/files/styles/original_webp/public/oldImages/99032_Brunner_Detail_ray_soft_HD_XL.jpg.webp?itok=5yr5OndH
Finished download: https://live-brunner.pantheonsite.io/sites/default/files/styles/original_webp/public/oldImages/99032_Brunner_Detail_ray_soft_HD_XL.jpg.webp?itok=5yr5OndH -> ray_soft_Upholstered_chair_9664\image_18.jpg
Starting download with Playwright: https://live-brunner.pantheonsite.io/sites/default/files/styles/sm/public/oldImages/99038_Brunner_ray_soft_9613A_ray_table_9312_UK_HD_XL.jpg.webp?itok=G-ZYLBJK
Finished download: https://live-brunner.pantheonsite.io/sites/default/files/styles/sm/public/oldImages/99038_Brunner_ray_soft_9613A_ray_table_9312_UK_HD_XL.jpg.webp?itok=G-ZYLBJK -> ray_soft_Upholstered_chair_9664\image_19.jpg
Starting download with Playwright: https://live-brunner.pantheonsite.io/sites/default/files/styles/lg/public/oldImages/99038_Brunner_ray_soft_9613A_ray_table_9312_UK_HD_XL.jpg.webp?itok=u2h2YTf8
Finished download: https://live-brunner.pantheonsite.io/sites/default/files/styles/lg/public/oldImages/99038_Brunner_ray_soft_9613A_ray_table_9312_UK_HD_XL.jpg.webp?itok=u2h2YTf8 -> ray_soft_Upholstered_chair_9664\image_20.jpg
Starting download with Playwright: https://live-brunner.pantheonsite.io/sites/default/files/styles/original_webp/public/oldImages/99038_Brunner_ray_soft_9613A_ray_table_9312_UK_HD_XL.jpg.webp?itok=qMd1JIoT
Finished download: https://live-brunner.pantheonsite.io/sites/default/files/styles/original_webp/public/oldImages/99038_Brunner_ray_soft_9613A_ray_table_9312_UK_HD_XL.jpg.webp?itok=qMd1JIoT -> ray_soft_Upholstered_chair_9664\image_21.jpg
Starting download with Playwright: https://live-brunner.pantheonsite.io/sites/default/files/styles/sm/public/oldImages/115748_Brunner_ray_soft_9613_HD_XL.jpg.webp?itok=_111btpa
Finished download: https://live-brunner.pantheonsite.io/sites/default/files/styles/sm/public/oldImages/115748_Brunner_ray_soft_9613_HD_XL.jpg.webp?itok=_111btpa -> ray_soft_Upholstered_chair_9664\image_22.jpg
Starting download with Playwright: https://live-brunner.pantheonsite.io/sites/default/files/styles/lg/public/oldImages/115748_Brunner_ray_soft_9613_HD_XL.jpg.webp?itok=HRezpWfL
Finished download: https://live-brunner.pantheonsite.io/sites/default/files/styles/lg/public/oldImages/115748_Brunner_ray_soft_9613_HD_XL.jpg.webp?itok=HRezpWfL -> ray_soft_Upholstered_chair_9664\image_23.jpg
Starting download with Playwright: https://live-brunner.pantheonsite.io/sites/default/files/styles/original_webp/public/oldImages/115748_Brunner_ray_soft_9613_HD_XL.jpg.webp?itok=Ei2m2EJV
Finished download: https://live-brunner.pantheonsite.io/sites/default/files/styles/original_webp/public/oldImages/115748_Brunner_ray_soft_9613_HD_XL.jpg.webp?itok=Ei2m2EJV -> ray_soft_Upholstered_chair_9664\image_24.jpg
Starting download with Playwright: https://live-brunner.pantheonsite.io/sites/default/files/styles/sm/public/oldImages/97999_Brunner_ray_soft_9614A_HD_XL.jpg.webp?itok=JBZ66YOO
Finished download: https://live-brunner.pantheonsite.io/sites/default/files/styles/sm/public/oldImages/97999_Brunner_ray_soft_9614A_HD_XL.jpg.webp?itok=JBZ66YOO -> ray_soft_Upholstered_chair_9664\image_25.jpg
Starting download with Playwright: https://live-brunner.pantheonsite.io/sites/default/files/styles/lg/public/oldImages/97999_Brunner_ray_soft_9614A_HD_XL.jpg.webp?itok=XwPjB1je
Finished download: https://live-brunner.pantheonsite.io/sites/default/files/styles/lg/public/oldImages/97999_Brunner_ray_soft_9614A_HD_XL.jpg.webp?itok=XwPjB1je -> ray_soft_Upholstered_chair_9664\image_26.jpg
Starting download with Playwright: https://live-brunner.pantheonsite.io/sites/default/files/styles/original_webp/public/oldImages/97999_Brunner_ray_soft_9614A_HD_XL.jpg.webp?itok=4Y0PGzb3
Finished download: https://live-brunner.pantheonsite.io/sites/default/files/styles/original_webp/public/oldImages/97999_Brunner_ray_soft_9614A_HD_XL.jpg.webp?itok=4Y0PGzb3 -> ray_soft_Upholstered_chair_9664\image_27.jpg
Starting download with Playwright: https://live-brunner.pantheonsite.io/sites/default/files/styles/sm/public/oldImages/113336_Brunner_wave_3560_ray_soft_9663_RGB_HD_XL.jpg.webp?itok=GmU-6f8x
Finished download: https://live-brunner.pantheonsite.io/sites/default/files/styles/sm/public/oldImages/113336_Brunner_wave_3560_ray_soft_9663_RGB_HD_XL.jpg.webp?itok=GmU-6f8x -> ray_soft_Upholstered_chair_9664\image_28.jpg
Starting download with Playwright: https://live-brunner.pantheonsite.io/sites/default/files/styles/lg/public/oldImages/113336_Brunner_wave_3560_ray_soft_9663_RGB_HD_XL.jpg.webp?itok=4ghOFDLl
Finished download: https://live-brunner.pantheonsite.io/sites/default/files/styles/lg/public/oldImages/113336_Brunner_wave_3560_ray_soft_9663_RGB_HD_XL.jpg.webp?itok=4ghOFDLl -> ray_soft_Upholstered_chair_9664\image_29.jpg
Starting download with Playwright: https://live-brunner.pantheonsite.io/sites/default/files/styles/original_webp/public/oldImages/113336_Brunner_wave_3560_ray_soft_9663_RGB_HD_XL.jpg.webp?itok=OksQtpqX
Finished download: https://live-brunner.pantheonsite.io/sites/default/files/styles/original_webp/public/oldImages/113336_Brunner_wave_3560_ray_soft_9663_RGB_HD_XL.jpg.webp?itok=OksQtpqX -> ray_soft_Upholstered_chair_9664\image_30.jpg
Starting download with Playwright: https://live-brunner.pantheonsite.io/sites/default/files/styles/sm/public/oldImages/115705_Brunner_ray_soft_9609_03_sRGB_HD_XL.jpg.webp?itok=lzpo7BS8
Finished download: https://live-brunner.pantheonsite.io/sites/default/files/styles/sm/public/oldImages/115705_Brunner_ray_soft_9609_03_sRGB_HD_XL.jpg.webp?itok=lzpo7BS8 -> ray_soft_Upholstered_chair_9664\image_31.jpg
Starting download with Playwright: https://live-brunner.pantheonsite.io/sites/default/files/styles/lg/public/oldImages/115705_Brunner_ray_soft_9609_03_sRGB_HD_XL.jpg.webp?itok=sVnV9zzi
Finished download: https://live-brunner.pantheonsite.io/sites/default/files/styles/lg/public/oldImages/115705_Brunner_ray_soft_9609_03_sRGB_HD_XL.jpg.webp?itok=sVnV9zzi -> ray_soft_Upholstered_chair_9664\image_32.jpg
Starting download with Playwright: https://live-brunner.pantheonsite.io/sites/default/files/styles/original_webp/public/oldImages/115705_Brunner_ray_soft_9609_03_sRGB_HD_XL.jpg.webp?itok=3upRbAJ8
Finished download: https://live-brunner.pantheonsite.io/sites/default/files/styles/original_webp/public/oldImages/115705_Brunner_ray_soft_9609_03_sRGB_HD_XL.jpg.webp?itok=3upRbAJ8 -> ray_soft_Upholstered_chair_9664\image_33.jpg
Starting download with Playwright: https://live-brunner.pantheonsite.io/sites/default/files/styles/sm/public/oldImages/97997_Brunner_ray_soft_9613A-1_HD_XL.jpg.webp?itok=hBC7OKvC
Finished download: https://live-brunner.pantheonsite.io/sites/default/files/styles/sm/public/oldImages/97997_Brunner_ray_soft_9613A-1_HD_XL.jpg.webp?itok=hBC7OKvC -> ray_soft_Upholstered_chair_9664\image_34.jpg
Starting download with Playwright: https://live-brunner.pantheonsite.io/sites/default/files/styles/lg/public/oldImages/97997_Brunner_ray_soft_9613A-1_HD_XL.jpg.webp?itok=tNyULXBw
Finished download: https://live-brunner.pantheonsite.io/sites/default/files/styles/lg/public/oldImages/97997_Brunner_ray_soft_9613A-1_HD_XL.jpg.webp?itok=tNyULXBw -> ray_soft_Upholstered_chair_9664\image_35.jpg
Starting download with Playwright: https://live-brunner.pantheonsite.io/sites/default/files/styles/original_webp/public/oldImages/97997_Brunner_ray_soft_9613A-1_HD_XL.jpg.webp?itok=PKi4kewq
Finished download: https://live-brunner.pantheonsite.io/sites/default/files/styles/original_webp/public/oldImages/97997_Brunner_ray_soft_9613A-1_HD_XL.jpg.webp?itok=PKi4kewq -> ray_soft_Upholstered_chair_9664\image_36.jpg
Starting download with Playwright: https://live-brunner.pantheonsite.io/sites/default/files/styles/sm/public/oldImages/99033_Brunner_ray%20soft_9615_grau_mit_Schatten_Davis_HD_XL.jpg.webp?itok=GQ5NRR10
Finished download: https://live-brunner.pantheonsite.io/sites/default/files/styles/sm/public/oldImages/99033_Brunner_ray%20soft_9615_grau_mit_Schatten_Davis_HD_XL.jpg.webp?itok=GQ5NRR10 -> ray_soft_Upholstered_chair_9664\image_37.jpg
Starting download with Playwright: https://live-brunner.pantheonsite.io/sites/default/files/styles/lg/public/oldImages/99033_Brunner_ray%20soft_9615_grau_mit_Schatten_Davis_HD_XL.jpg.webp?itok=rMiqU2Hu
Finished download: https://live-brunner.pantheonsite.io/sites/default/files/styles/lg/public/oldImages/99033_Brunner_ray%20soft_9615_grau_mit_Schatten_Davis_HD_XL.jpg.webp?itok=rMiqU2Hu -> ray_soft_Upholstered_chair_9664\image_38.jpg
Starting download with Playwright: https://live-brunner.pantheonsite.io/sites/default/files/styles/original_webp/public/oldImages/99033_Brunner_ray%20soft_9615_grau_mit_Schatten_Davis_HD_XL.jpg.webp?itok=Rcs17IPm
Finished download: https://live-brunner.pantheonsite.io/sites/default/files/styles/original_webp/public/oldImages/99033_Brunner_ray%20soft_9615_grau_mit_Schatten_Davis_HD_XL.jpg.webp?itok=Rcs17IPm -> ray_soft_Upholstered_chair_9664\image_39.jpg
Starting download with Playwright: https://live-brunner.pantheonsite.io/sites/default/files/styles/sm/public/oldImages/99036_Brunner_ray_soft_9614A_Leder_HD_XL.jpg.webp?itok=Gqp0JkDS
Finished download: https://live-brunner.pantheonsite.io/sites/default/files/styles/sm/public/oldImages/99036_Brunner_ray_soft_9614A_Leder_HD_XL.jpg.webp?itok=Gqp0JkDS -> ray_soft_Upholstered_chair_9664\image_40.jpg
Starting download with Playwright: https://live-brunner.pantheonsite.io/sites/default/files/styles/lg/public/oldImages/99036_Brunner_ray_soft_9614A_Leder_HD_XL.jpg.webp?itok=y5jo28TX
Finished download: https://live-brunner.pantheonsite.io/sites/default/files/styles/lg/public/oldImages/99036_Brunner_ray_soft_9614A_Leder_HD_XL.jpg.webp?itok=y5jo28TX -> ray_soft_Upholstered_chair_9664\image_41.jpg
Starting download with Playwright: https://live-brunner.pantheonsite.io/sites/default/files/styles/original_webp/public/oldImages/99036_Brunner_ray_soft_9614A_Leder_HD_XL.jpg.webp?itok=aOU8L7Zp
Finished download: https://live-brunner.pantheonsite.io/sites/default/files/styles/original_webp/public/oldImages/99036_Brunner_ray_soft_9614A_Leder_HD_XL.jpg.webp?itok=aOU8L7Zp -> ray_soft_Upholstered_chair_9664\image_42.jpg
Starting download with Playwright: https://live-brunner.pantheonsite.io/sites/default/files/styles/sm/public/oldImages/98001_Brunner_ray_soft_9618A_H_XL.jpg.webp?itok=3wcX6Yrr
Finished download: https://live-brunner.pantheonsite.io/sites/default/files/styles/sm/public/oldImages/98001_Brunner_ray_soft_9618A_H_XL.jpg.webp?itok=3wcX6Yrr -> ray_soft_Upholstered_chair_9664\image_43.jpg
Starting download with Playwright: https://live-brunner.pantheonsite.io/sites/default/files/styles/lg/public/oldImages/98001_Brunner_ray_soft_9618A_H_XL.jpg.webp?itok=LuYnvmeL
Finished download: https://live-brunner.pantheonsite.io/sites/default/files/styles/lg/public/oldImages/98001_Brunner_ray_soft_9618A_H_XL.jpg.webp?itok=LuYnvmeL -> ray_soft_Upholstered_chair_9664\image_44.jpg
Starting download with Playwright: https://live-brunner.pantheonsite.io/sites/default/files/styles/original_webp/public/oldImages/98001_Brunner_ray_soft_9618A_H_XL.jpg.webp?itok=wIo6TdqH
Finished download: https://live-brunner.pantheonsite.io/sites/default/files/styles/original_webp/public/oldImages/98001_Brunner_ray_soft_9618A_H_XL.jpg.webp?itok=wIo6TdqH -> ray_soft_Upholstered_chair_9664\image_45.jpg
Completed image downloads for product ray_soft_Upholstered_chair_9664
Extracting features for product ray_soft_Upholstered_chair_9664...
Features saved for product ray_soft_Upholstered_chair_9664
Attempting to access Downloads tab for product ray_soft_Upholstered_chair_9664...
Starting download of PDF: https://live-brunner.pantheonsite.io/sites/default/files/oldPdfs/Produktdatenblaetter/Produktdatenblaetter_EN/ray_soft_Brunner_product_data_sheet_EN.pdf
Downloaded product_sheet.pdf for product ray_soft_Upholstered_chair_9664
Opening URL for product ray_soft_upholstered_chair_9624: https://brunner-group.com/en/products/ray-soft-upholstered-chair-0/?variant=9624
Images detected on page for ray_soft_upholstered_chair_9624, scrolling to load them...
Successfully opened URL for product ray_soft_upholstered_chair_9624
Extracting images for product ray_soft_upholstered_chair_9624...
Found 30 images for product ray_soft_upholstered_chair_9624
Starting download with Playwright: https://live-brunner.pantheonsite.io/sites/default/files/styles/sm/public/oldImages/114849_Brunner_wave_3510_ray_soft_9625_9635_Detail_01_HD_XL.jpg.webp?itok=_Ef26nxd
Finished download: https://live-brunner.pantheonsite.io/sites/default/files/styles/sm/public/oldImages/114849_Brunner_wave_3510_ray_soft_9625_9635_Detail_01_HD_XL.jpg.webp?itok=_Ef26nxd -> ray_soft_upholstered_chair_9624\image_1.jpg
Starting download with Playwright: https://live-brunner.pantheonsite.io/sites/default/files/styles/lg/public/oldImages/114849_Brunner_wave_3510_ray_soft_9625_9635_Detail_01_HD_XL.jpg.webp?itok=gz17MzKU
Finished download: https://live-brunner.pantheonsite.io/sites/default/files/styles/lg/public/oldImages/114849_Brunner_wave_3510_ray_soft_9625_9635_Detail_01_HD_XL.jpg.webp?itok=gz17MzKU -> ray_soft_upholstered_chair_9624\image_2.jpg
Starting download with Playwright: https://live-brunner.pantheonsite.io/sites/default/files/styles/original_webp/public/oldImages/114849_Brunner_wave_3510_ray_soft_9625_9635_Detail_01_HD_XL.jpg.webp?itok=1dDmqxSR
Finished download: https://live-brunner.pantheonsite.io/sites/default/files/styles/original_webp/public/oldImages/114849_Brunner_wave_3510_ray_soft_9625_9635_Detail_01_HD_XL.jpg.webp?itok=1dDmqxSR -> ray_soft_upholstered_chair_9624\image_3.jpg
Starting download with Playwright: https://live-brunner.pantheonsite.io/sites/default/files/styles/sm/public/oldImages/83498_ray%20soft_9625A_XL.jpg.webp?itok=aW1xlkvg
Finished download: https://live-brunner.pantheonsite.io/sites/default/files/styles/sm/public/oldImages/83498_ray%20soft_9625A_XL.jpg.webp?itok=aW1xlkvg -> ray_soft_upholstered_chair_9624\image_4.jpg
Starting download with Playwright: https://live-brunner.pantheonsite.io/sites/default/files/styles/lg/public/oldImages/83498_ray%20soft_9625A_XL.jpg.webp?itok=xhcxk820
Finished download: https://live-brunner.pantheonsite.io/sites/default/files/styles/lg/public/oldImages/83498_ray%20soft_9625A_XL.jpg.webp?itok=xhcxk820 -> ray_soft_upholstered_chair_9624\image_5.jpg
Starting download with Playwright: https://live-brunner.pantheonsite.io/sites/default/files/styles/original_webp/public/oldImages/83498_ray%20soft_9625A_XL.jpg.webp?itok=nm3L2qDh
Finished download: https://live-brunner.pantheonsite.io/sites/default/files/styles/original_webp/public/oldImages/83498_ray%20soft_9625A_XL.jpg.webp?itok=nm3L2qDh -> ray_soft_upholstered_chair_9624\image_6.jpg
Starting download with Playwright: https://live-brunner.pantheonsite.io/sites/default/files/styles/sm/public/oldImages/115710_Brunner_ray_soft_6909_9629_HD_XL.jpg.webp?itok=r6DKO1fE
Finished download: https://live-brunner.pantheonsite.io/sites/default/files/styles/sm/public/oldImages/115710_Brunner_ray_soft_6909_9629_HD_XL.jpg.webp?itok=r6DKO1fE -> ray_soft_upholstered_chair_9624\image_7.jpg
Starting download with Playwright: https://live-brunner.pantheonsite.io/sites/default/files/styles/lg/public/oldImages/115710_Brunner_ray_soft_6909_9629_HD_XL.jpg.webp?itok=1mg722s6
Finished download: https://live-brunner.pantheonsite.io/sites/default/files/styles/lg/public/oldImages/115710_Brunner_ray_soft_6909_9629_HD_XL.jpg.webp?itok=1mg722s6 -> ray_soft_upholstered_chair_9624\image_8.jpg
Starting download with Playwright: https://live-brunner.pantheonsite.io/sites/default/files/styles/original_webp/public/oldImages/115710_Brunner_ray_soft_6909_9629_HD_XL.jpg.webp?itok=EI47nJh1
Finished download: https://live-brunner.pantheonsite.io/sites/default/files/styles/original_webp/public/oldImages/115710_Brunner_ray_soft_6909_9629_HD_XL.jpg.webp?itok=EI47nJh1 -> ray_soft_upholstered_chair_9624\image_9.jpg
Starting download with Playwright: https://live-brunner.pantheonsite.io/sites/default/files/styles/sm/public/oldImages/95026_Brunner_ray_soft_9629_9643_9603_9665_9604_XL.jpg.webp?itok=Te5nj5pX
[Image Download] Failed image https://live-brunner.pantheonsite.io/sites/default/files/styles/sm/public/oldImages/95026_Brunner_ray_soft_9629_9643_9603_9665_9604_XL.jpg.webp?itok=Te5nj5pX for product ray_soft_upholstered_chair_9624: HTTP status 404
Starting download with Playwright: https://live-brunner.pantheonsite.io/sites/default/files/styles/lg/public/oldImages/95026_Brunner_ray_soft_9629_9643_9603_9665_9604_XL.jpg.webp?itok=59eKur8u
[Image Download] Failed image https://live-brunner.pantheonsite.io/sites/default/files/styles/lg/public/oldImages/95026_Brunner_ray_soft_9629_9643_9603_9665_9604_XL.jpg.webp?itok=59eKur8u for product ray_soft_upholstered_chair_9624: HTTP status 404
Starting download with Playwright: https://live-brunner.pantheonsite.io/sites/default/files/styles/original_webp/public/oldImages/95026_Brunner_ray_soft_9629_9643_9603_9665_9604_XL.jpg.webp?itok=8S_bIFXX
[Image Download] Failed image https://live-brunner.pantheonsite.io/sites/default/files/styles/original_webp/public/oldImages/95026_Brunner_ray_soft_9629_9643_9603_9665_9604_XL.jpg.webp?itok=8S_bIFXX for product ray_soft_upholstered_chair_9624: HTTP status 404
Starting download with Playwright: https://live-brunner.pantheonsite.io/sites/default/files/styles/sm/public/oldImages/115751_ray_soft_9635_ray_table_9310_HD_XL.jpg.webp?itok=amwE8d__
Finished download: https://live-brunner.pantheonsite.io/sites/default/files/styles/sm/public/oldImages/115751_ray_soft_9635_ray_table_9310_HD_XL.jpg.webp?itok=amwE8d__ -> ray_soft_upholstered_chair_9624\image_13.jpg
Starting download with Playwright: https://live-brunner.pantheonsite.io/sites/default/files/styles/lg/public/oldImages/115751_ray_soft_9635_ray_table_9310_HD_XL.jpg.webp?itok=-leQTjOZ
Finished download: https://live-brunner.pantheonsite.io/sites/default/files/styles/lg/public/oldImages/115751_ray_soft_9635_ray_table_9310_HD_XL.jpg.webp?itok=-leQTjOZ -> ray_soft_upholstered_chair_9624\image_14.jpg
Starting download with Playwright: https://live-brunner.pantheonsite.io/sites/default/files/styles/original_webp/public/oldImages/115751_ray_soft_9635_ray_table_9310_HD_XL.jpg.webp?itok=CaUB8Xtf
Finished download: https://live-brunner.pantheonsite.io/sites/default/files/styles/original_webp/public/oldImages/115751_ray_soft_9635_ray_table_9310_HD_XL.jpg.webp?itok=CaUB8Xtf -> ray_soft_upholstered_chair_9624\image_15.jpg
Starting download with Playwright: https://live-brunner.pantheonsite.io/sites/default/files/styles/sm/public/oldImages/115749_Brunner_Orgatec_2024_Messestand_HD_XL.jpg.webp?itok=9fCvdLIX
Finished download: https://live-brunner.pantheonsite.io/sites/default/files/styles/sm/public/oldImages/115749_Brunner_Orgatec_2024_Messestand_HD_XL.jpg.webp?itok=9fCvdLIX -> ray_soft_upholstered_chair_9624\image_16.jpg
Starting download with Playwright: https://live-brunner.pantheonsite.io/sites/default/files/styles/lg/public/oldImages/115749_Brunner_Orgatec_2024_Messestand_HD_XL.jpg.webp?itok=rZ5cdlH-
Finished download: https://live-brunner.pantheonsite.io/sites/default/files/styles/lg/public/oldImages/115749_Brunner_Orgatec_2024_Messestand_HD_XL.jpg.webp?itok=rZ5cdlH- -> ray_soft_upholstered_chair_9624\image_17.jpg
Starting download with Playwright: https://live-brunner.pantheonsite.io/sites/default/files/styles/original_webp/public/oldImages/115749_Brunner_Orgatec_2024_Messestand_HD_XL.jpg.webp?itok=KN8nZnPu
Finished download: https://live-brunner.pantheonsite.io/sites/default/files/styles/original_webp/public/oldImages/115749_Brunner_Orgatec_2024_Messestand_HD_XL.jpg.webp?itok=KN8nZnPu -> ray_soft_upholstered_chair_9624\image_18.jpg
Starting download with Playwright: https://live-brunner.pantheonsite.io/sites/default/files/styles/sm/public/oldImages/98003_Brunner_ray_soft_9625A_quadr_HD_XL.jpg.webp?itok=wMiNWvrb
Finished download: https://live-brunner.pantheonsite.io/sites/default/files/styles/sm/public/oldImages/98003_Brunner_ray_soft_9625A_quadr_HD_XL.jpg.webp?itok=wMiNWvrb -> ray_soft_upholstered_chair_9624\image_19.jpg
Starting download with Playwright: https://live-brunner.pantheonsite.io/sites/default/files/styles/lg/public/oldImages/98003_Brunner_ray_soft_9625A_quadr_HD_XL.jpg.webp?itok=_RzLimbS
Finished download: https://live-brunner.pantheonsite.io/sites/default/files/styles/lg/public/oldImages/98003_Brunner_ray_soft_9625A_quadr_HD_XL.jpg.webp?itok=_RzLimbS -> ray_soft_upholstered_chair_9624\image_20.jpg
Starting download with Playwright: https://live-brunner.pantheonsite.io/sites/default/files/styles/original_webp/public/oldImages/98003_Brunner_ray_soft_9625A_quadr_HD_XL.jpg.webp?itok=xl0d1UBP
Finished download: https://live-brunner.pantheonsite.io/sites/default/files/styles/original_webp/public/oldImages/98003_Brunner_ray_soft_9625A_quadr_HD_XL.jpg.webp?itok=xl0d1UBP -> ray_soft_upholstered_chair_9624\image_21.jpg
Starting download with Playwright: https://live-brunner.pantheonsite.io/sites/default/files/styles/sm/public/oldImages/95025_Brunner_ray_soft_9603_9623A_9663_XL.jpg.webp?itok=v4GjnLtv
[Image Download] Failed image https://live-brunner.pantheonsite.io/sites/default/files/styles/sm/public/oldImages/95025_Brunner_ray_soft_9603_9623A_9663_XL.jpg.webp?itok=v4GjnLtv for product ray_soft_upholstered_chair_9624: HTTP status 404
Starting download with Playwright: https://live-brunner.pantheonsite.io/sites/default/files/styles/lg/public/oldImages/95025_Brunner_ray_soft_9603_9623A_9663_XL.jpg.webp?itok=KrKWeK8i
[Image Download] Failed image https://live-brunner.pantheonsite.io/sites/default/files/styles/lg/public/oldImages/95025_Brunner_ray_soft_9603_9623A_9663_XL.jpg.webp?itok=KrKWeK8i for product ray_soft_upholstered_chair_9624: HTTP status 404
Starting download with Playwright: https://live-brunner.pantheonsite.io/sites/default/files/styles/original_webp/public/oldImages/95025_Brunner_ray_soft_9603_9623A_9663_XL.jpg.webp?itok=nqIB_7gk
[Image Download] Failed image https://live-brunner.pantheonsite.io/sites/default/files/styles/original_webp/public/oldImages/95025_Brunner_ray_soft_9603_9623A_9663_XL.jpg.webp?itok=nqIB_7gk for product ray_soft_upholstered_chair_9624: HTTP status 404
Starting download with Playwright: https://live-brunner.pantheonsite.io/sites/default/files/styles/sm/public/oldImages/97987_Brunner_ray_soft_9623A_HD_XL.jpg.webp?itok=T4jUq24l
Finished download: https://live-brunner.pantheonsite.io/sites/default/files/styles/sm/public/oldImages/97987_Brunner_ray_soft_9623A_HD_XL.jpg.webp?itok=T4jUq24l -> ray_soft_upholstered_chair_9624\image_25.jpg
Starting download with Playwright: https://live-brunner.pantheonsite.io/sites/default/files/styles/lg/public/oldImages/97987_Brunner_ray_soft_9623A_HD_XL.jpg.webp?itok=oMmd_0Q6
Finished download: https://live-brunner.pantheonsite.io/sites/default/files/styles/lg/public/oldImages/97987_Brunner_ray_soft_9623A_HD_XL.jpg.webp?itok=oMmd_0Q6 -> ray_soft_upholstered_chair_9624\image_26.jpg
Starting download with Playwright: https://live-brunner.pantheonsite.io/sites/default/files/styles/original_webp/public/oldImages/97987_Brunner_ray_soft_9623A_HD_XL.jpg.webp?itok=6ZWI4oC_
Finished download: https://live-brunner.pantheonsite.io/sites/default/files/styles/original_webp/public/oldImages/97987_Brunner_ray_soft_9623A_HD_XL.jpg.webp?itok=6ZWI4oC_ -> ray_soft_upholstered_chair_9624\image_27.jpg
Starting download with Playwright: https://live-brunner.pantheonsite.io/sites/default/files/styles/sm/public/oldImages/97990_Brunner_ray_soft_9628A_HD_XL.jpg.webp?itok=X4_OH-ZG
Finished download: https://live-brunner.pantheonsite.io/sites/default/files/styles/sm/public/oldImages/97990_Brunner_ray_soft_9628A_HD_XL.jpg.webp?itok=X4_OH-ZG -> ray_soft_upholstered_chair_9624\image_28.jpg
Starting download with Playwright: https://live-brunner.pantheonsite.io/sites/default/files/styles/lg/public/oldImages/97990_Brunner_ray_soft_9628A_HD_XL.jpg.webp?itok=cFkmdsJc
Finished download: https://live-brunner.pantheonsite.io/sites/default/files/styles/lg/public/oldImages/97990_Brunner_ray_soft_9628A_HD_XL.jpg.webp?itok=cFkmdsJc -> ray_soft_upholstered_chair_9624\image_29.jpg
Starting download with Playwright: https://live-brunner.pantheonsite.io/sites/default/files/styles/original_webp/public/oldImages/97990_Brunner_ray_soft_9628A_HD_XL.jpg.webp?itok=TS_Aiv5l
Finished download: https://live-brunner.pantheonsite.io/sites/default/files/styles/original_webp/public/oldImages/97990_Brunner_ray_soft_9628A_HD_XL.jpg.webp?itok=TS_Aiv5l -> ray_soft_upholstered_chair_9624\image_30.jpg
Completed image downloads for product ray_soft_upholstered_chair_9624
Extracting features for product ray_soft_upholstered_chair_9624...
Features saved for product ray_soft_upholstered_chair_9624
Attempting to access Downloads tab for product ray_soft_upholstered_chair_9624...
Starting download of PDF: https://live-brunner.pantheonsite.io/sites/default/files/oldPdfs/Produktdatenblaetter/Produktdatenblaetter_EN/ray_soft_Brunner_product_data_sheet_EN.pdf
Downloaded product_sheet.pdf for product ray_soft_upholstered_chair_9624
Opening URL for product ray_soft_Swivel_chair__9639: https://brunner-group.com/en/products/ray-soft-upholstered-chair/?variant=9639
Images detected on page for ray_soft_Swivel_chair__9639, scrolling to load them...
Successfully opened URL for product ray_soft_Swivel_chair__9639
Extracting images for product ray_soft_Swivel_chair__9639...
Found 33 images for product ray_soft_Swivel_chair__9639
Starting download with Playwright: https://live-brunner.pantheonsite.io/sites/default/files/styles/sm/public/oldImages/114849_Brunner_wave_3510_ray_soft_9625_9635_Detail_01_HD_XL.jpg.webp?itok=_Ef26nxd
Finished download: https://live-brunner.pantheonsite.io/sites/default/files/styles/sm/public/oldImages/114849_Brunner_wave_3510_ray_soft_9625_9635_Detail_01_HD_XL.jpg.webp?itok=_Ef26nxd -> ray_soft_Swivel_chair__9639\image_1.jpg
Starting download with Playwright: https://live-brunner.pantheonsite.io/sites/default/files/styles/lg/public/oldImages/114849_Brunner_wave_3510_ray_soft_9625_9635_Detail_01_HD_XL.jpg.webp?itok=gz17MzKU
Finished download: https://live-brunner.pantheonsite.io/sites/default/files/styles/lg/public/oldImages/114849_Brunner_wave_3510_ray_soft_9625_9635_Detail_01_HD_XL.jpg.webp?itok=gz17MzKU -> ray_soft_Swivel_chair__9639\image_2.jpg
Starting download with Playwright: https://live-brunner.pantheonsite.io/sites/default/files/styles/original_webp/public/oldImages/114849_Brunner_wave_3510_ray_soft_9625_9635_Detail_01_HD_XL.jpg.webp?itok=1dDmqxSR
Finished download: https://live-brunner.pantheonsite.io/sites/default/files/styles/original_webp/public/oldImages/114849_Brunner_wave_3510_ray_soft_9625_9635_Detail_01_HD_XL.jpg.webp?itok=1dDmqxSR -> ray_soft_Swivel_chair__9639\image_3.jpg
Starting download with Playwright: https://live-brunner.pantheonsite.io/sites/default/files/styles/sm/public/oldImages/114850_Brunner_wave_3510_ray_soft_9625_9635_1920x1330_XL.jpg.webp?itok=nGIsJkFP
Finished download: https://live-brunner.pantheonsite.io/sites/default/files/styles/sm/public/oldImages/114850_Brunner_wave_3510_ray_soft_9625_9635_1920x1330_XL.jpg.webp?itok=nGIsJkFP -> ray_soft_Swivel_chair__9639\image_4.jpg
Starting download with Playwright: https://live-brunner.pantheonsite.io/sites/default/files/styles/lg/public/oldImages/114850_Brunner_wave_3510_ray_soft_9625_9635_1920x1330_XL.jpg.webp?itok=5rKIqLk5
Finished download: https://live-brunner.pantheonsite.io/sites/default/files/styles/lg/public/oldImages/114850_Brunner_wave_3510_ray_soft_9625_9635_1920x1330_XL.jpg.webp?itok=5rKIqLk5 -> ray_soft_Swivel_chair__9639\image_5.jpg
Starting download with Playwright: https://live-brunner.pantheonsite.io/sites/default/files/styles/original_webp/public/oldImages/114850_Brunner_wave_3510_ray_soft_9625_9635_1920x1330_XL.jpg.webp?itok=WdsT2wAE
Finished download: https://live-brunner.pantheonsite.io/sites/default/files/styles/original_webp/public/oldImages/114850_Brunner_wave_3510_ray_soft_9625_9635_1920x1330_XL.jpg.webp?itok=WdsT2wAE -> ray_soft_Swivel_chair__9639\image_6.jpg
Starting download with Playwright: https://live-brunner.pantheonsite.io/sites/default/files/styles/sm/public/oldImages/85821_Brunner_Excutive-01_XL.jpg.webp?itok=IA5z7hia
Finished download: https://live-brunner.pantheonsite.io/sites/default/files/styles/sm/public/oldImages/85821_Brunner_Excutive-01_XL.jpg.webp?itok=IA5z7hia -> ray_soft_Swivel_chair__9639\image_7.jpg
Starting download with Playwright: https://live-brunner.pantheonsite.io/sites/default/files/styles/lg/public/oldImages/85821_Brunner_Excutive-01_XL.jpg.webp?itok=2_FK_aav
Finished download: https://live-brunner.pantheonsite.io/sites/default/files/styles/lg/public/oldImages/85821_Brunner_Excutive-01_XL.jpg.webp?itok=2_FK_aav -> ray_soft_Swivel_chair__9639\image_8.jpg
Starting download with Playwright: https://live-brunner.pantheonsite.io/sites/default/files/styles/original_webp/public/oldImages/85821_Brunner_Excutive-01_XL.jpg.webp?itok=rJogQBMa
Finished download: https://live-brunner.pantheonsite.io/sites/default/files/styles/original_webp/public/oldImages/85821_Brunner_Excutive-01_XL.jpg.webp?itok=rJogQBMa -> ray_soft_Swivel_chair__9639\image_9.jpg
Starting download with Playwright: https://live-brunner.pantheonsite.io/sites/default/files/styles/sm/public/oldImages/97970_Brunner_ray_soft_9633A_HD_XL.jpg.webp?itok=WCjmGan1
Finished download: https://live-brunner.pantheonsite.io/sites/default/files/styles/sm/public/oldImages/97970_Brunner_ray_soft_9633A_HD_XL.jpg.webp?itok=WCjmGan1 -> ray_soft_Swivel_chair__9639\image_10.jpg
Starting download with Playwright: https://live-brunner.pantheonsite.io/sites/default/files/styles/lg/public/oldImages/97970_Brunner_ray_soft_9633A_HD_XL.jpg.webp?itok=hme2yZQL
Finished download: https://live-brunner.pantheonsite.io/sites/default/files/styles/lg/public/oldImages/97970_Brunner_ray_soft_9633A_HD_XL.jpg.webp?itok=hme2yZQL -> ray_soft_Swivel_chair__9639\image_11.jpg
Starting download with Playwright: https://live-brunner.pantheonsite.io/sites/default/files/styles/original_webp/public/oldImages/97970_Brunner_ray_soft_9633A_HD_XL.jpg.webp?itok=SZPo2dBw
Finished download: https://live-brunner.pantheonsite.io/sites/default/files/styles/original_webp/public/oldImages/97970_Brunner_ray_soft_9633A_HD_XL.jpg.webp?itok=SZPo2dBw -> ray_soft_Swivel_chair__9639\image_12.jpg
Starting download with Playwright: https://live-brunner.pantheonsite.io/sites/default/files/styles/sm/public/oldImages/97974_Brunner_ray_soft_9638A_HD_XL.jpg.webp?itok=UdZFt8kf
Finished download: https://live-brunner.pantheonsite.io/sites/default/files/styles/sm/public/oldImages/97974_Brunner_ray_soft_9638A_HD_XL.jpg.webp?itok=UdZFt8kf -> ray_soft_Swivel_chair__9639\image_13.jpg
Starting download with Playwright: https://live-brunner.pantheonsite.io/sites/default/files/styles/lg/public/oldImages/97974_Brunner_ray_soft_9638A_HD_XL.jpg.webp?itok=2MQplR-n
Finished download: https://live-brunner.pantheonsite.io/sites/default/files/styles/lg/public/oldImages/97974_Brunner_ray_soft_9638A_HD_XL.jpg.webp?itok=2MQplR-n -> ray_soft_Swivel_chair__9639\image_14.jpg
Starting download with Playwright: https://live-brunner.pantheonsite.io/sites/default/files/styles/original_webp/public/oldImages/97974_Brunner_ray_soft_9638A_HD_XL.jpg.webp?itok=SLspy7Vt
Finished download: https://live-brunner.pantheonsite.io/sites/default/files/styles/original_webp/public/oldImages/97974_Brunner_ray_soft_9638A_HD_XL.jpg.webp?itok=SLspy7Vt -> ray_soft_Swivel_chair__9639\image_15.jpg
Starting download with Playwright: https://live-brunner.pantheonsite.io/sites/default/files/styles/sm/public/oldImages/97969_Bilder_ray_soft_9635A_ray_table_9314_HD_XL.jpg.webp?itok=UJltaUCE
Finished download: https://live-brunner.pantheonsite.io/sites/default/files/styles/sm/public/oldImages/97969_Bilder_ray_soft_9635A_ray_table_9314_HD_XL.jpg.webp?itok=UJltaUCE -> ray_soft_Swivel_chair__9639\image_16.jpg
Starting download with Playwright: https://live-brunner.pantheonsite.io/sites/default/files/styles/lg/public/oldImages/97969_Bilder_ray_soft_9635A_ray_table_9314_HD_XL.jpg.webp?itok=6x8YkzzI
Finished download: https://live-brunner.pantheonsite.io/sites/default/files/styles/lg/public/oldImages/97969_Bilder_ray_soft_9635A_ray_table_9314_HD_XL.jpg.webp?itok=6x8YkzzI -> ray_soft_Swivel_chair__9639\image_17.jpg
Starting download with Playwright: https://live-brunner.pantheonsite.io/sites/default/files/styles/original_webp/public/oldImages/97969_Bilder_ray_soft_9635A_ray_table_9314_HD_XL.jpg.webp?itok=m2bGQV4a
Finished download: https://live-brunner.pantheonsite.io/sites/default/files/styles/original_webp/public/oldImages/97969_Bilder_ray_soft_9635A_ray_table_9314_HD_XL.jpg.webp?itok=m2bGQV4a -> ray_soft_Swivel_chair__9639\image_18.jpg
Starting download with Playwright: https://live-brunner.pantheonsite.io/sites/default/files/styles/sm/public/oldImages/97972_Brunner_ray_soft_9635A_HD_XL.jpg.webp?itok=MIAwm_Pq
Finished download: https://live-brunner.pantheonsite.io/sites/default/files/styles/sm/public/oldImages/97972_Brunner_ray_soft_9635A_HD_XL.jpg.webp?itok=MIAwm_Pq -> ray_soft_Swivel_chair__9639\image_19.jpg
Starting download with Playwright: https://live-brunner.pantheonsite.io/sites/default/files/styles/lg/public/oldImages/97972_Brunner_ray_soft_9635A_HD_XL.jpg.webp?itok=KZ7mWACN
Finished download: https://live-brunner.pantheonsite.io/sites/default/files/styles/lg/public/oldImages/97972_Brunner_ray_soft_9635A_HD_XL.jpg.webp?itok=KZ7mWACN -> ray_soft_Swivel_chair__9639\image_20.jpg
Starting download with Playwright: https://live-brunner.pantheonsite.io/sites/default/files/styles/original_webp/public/oldImages/97972_Brunner_ray_soft_9635A_HD_XL.jpg.webp?itok=xtUvaMYS
Finished download: https://live-brunner.pantheonsite.io/sites/default/files/styles/original_webp/public/oldImages/97972_Brunner_ray_soft_9635A_HD_XL.jpg.webp?itok=xtUvaMYS -> ray_soft_Swivel_chair__9639\image_21.jpg
Starting download with Playwright: https://live-brunner.pantheonsite.io/sites/default/files/styles/sm/public/oldImages/80576_ray_soft_9639A-Davis_XL.jpg.webp?itok=qGwhIOUu
Finished download: https://live-brunner.pantheonsite.io/sites/default/files/styles/sm/public/oldImages/80576_ray_soft_9639A-Davis_XL.jpg.webp?itok=qGwhIOUu -> ray_soft_Swivel_chair__9639\image_22.jpg
Starting download with Playwright: https://live-brunner.pantheonsite.io/sites/default/files/styles/lg/public/oldImages/80576_ray_soft_9639A-Davis_XL.jpg.webp?itok=IPoBcFEH
Finished download: https://live-brunner.pantheonsite.io/sites/default/files/styles/lg/public/oldImages/80576_ray_soft_9639A-Davis_XL.jpg.webp?itok=IPoBcFEH -> ray_soft_Swivel_chair__9639\image_23.jpg
Starting download with Playwright: https://live-brunner.pantheonsite.io/sites/default/files/styles/original_webp/public/oldImages/80576_ray_soft_9639A-Davis_XL.jpg.webp?itok=MSfl97_i
Finished download: https://live-brunner.pantheonsite.io/sites/default/files/styles/original_webp/public/oldImages/80576_ray_soft_9639A-Davis_XL.jpg.webp?itok=MSfl97_i -> ray_soft_Swivel_chair__9639\image_24.jpg
Starting download with Playwright: https://live-brunner.pantheonsite.io/sites/default/files/styles/sm/public/oldImages/115706_Brunner_ray_soft_9639_03_sRGB_HD_XL.jpg.webp?itok=JVFUrRMC
Finished download: https://live-brunner.pantheonsite.io/sites/default/files/styles/sm/public/oldImages/115706_Brunner_ray_soft_9639_03_sRGB_HD_XL.jpg.webp?itok=JVFUrRMC -> ray_soft_Swivel_chair__9639\image_25.jpg
Starting download with Playwright: https://live-brunner.pantheonsite.io/sites/default/files/styles/lg/public/oldImages/115706_Brunner_ray_soft_9639_03_sRGB_HD_XL.jpg.webp?itok=f9pVXgYK
Finished download: https://live-brunner.pantheonsite.io/sites/default/files/styles/lg/public/oldImages/115706_Brunner_ray_soft_9639_03_sRGB_HD_XL.jpg.webp?itok=f9pVXgYK -> ray_soft_Swivel_chair__9639\image_26.jpg
Starting download with Playwright: https://live-brunner.pantheonsite.io/sites/default/files/styles/original_webp/public/oldImages/115706_Brunner_ray_soft_9639_03_sRGB_HD_XL.jpg.webp?itok=D5NWZ-uy
Finished download: https://live-brunner.pantheonsite.io/sites/default/files/styles/original_webp/public/oldImages/115706_Brunner_ray_soft_9639_03_sRGB_HD_XL.jpg.webp?itok=D5NWZ-uy -> ray_soft_Swivel_chair__9639\image_27.jpg
Starting download with Playwright: https://live-brunner.pantheonsite.io/sites/default/files/styles/sm/public/oldImages/97973_Brunner_ray_soft_9635A_ray_table_9314-1_HD_XL.jpg.webp?itok=YUWqAyVg
Finished download: https://live-brunner.pantheonsite.io/sites/default/files/styles/sm/public/oldImages/97973_Brunner_ray_soft_9635A_ray_table_9314-1_HD_XL.jpg.webp?itok=YUWqAyVg -> ray_soft_Swivel_chair__9639\image_28.jpg
Starting download with Playwright: https://live-brunner.pantheonsite.io/sites/default/files/styles/lg/public/oldImages/97973_Brunner_ray_soft_9635A_ray_table_9314-1_HD_XL.jpg.webp?itok=5UCykXJl
Finished download: https://live-brunner.pantheonsite.io/sites/default/files/styles/lg/public/oldImages/97973_Brunner_ray_soft_9635A_ray_table_9314-1_HD_XL.jpg.webp?itok=5UCykXJl -> ray_soft_Swivel_chair__9639\image_29.jpg
Starting download with Playwright: https://live-brunner.pantheonsite.io/sites/default/files/styles/original_webp/public/oldImages/97973_Brunner_ray_soft_9635A_ray_table_9314-1_HD_XL.jpg.webp?itok=kyY29bQY
Finished download: https://live-brunner.pantheonsite.io/sites/default/files/styles/original_webp/public/oldImages/97973_Brunner_ray_soft_9635A_ray_table_9314-1_HD_XL.jpg.webp?itok=kyY29bQY -> ray_soft_Swivel_chair__9639\image_30.jpg
Starting download with Playwright: https://live-brunner.pantheonsite.io/sites/default/files/styles/sm/public/oldImages/97971_Brunner_ray_soft_9634A_HD_XL.jpg.webp?itok=4F5sI1jl
Finished download: https://live-brunner.pantheonsite.io/sites/default/files/styles/sm/public/oldImages/97971_Brunner_ray_soft_9634A_HD_XL.jpg.webp?itok=4F5sI1jl -> ray_soft_Swivel_chair__9639\image_31.jpg
Starting download with Playwright: https://live-brunner.pantheonsite.io/sites/default/files/styles/lg/public/oldImages/97971_Brunner_ray_soft_9634A_HD_XL.jpg.webp?itok=25uJLQhD
Finished download: https://live-brunner.pantheonsite.io/sites/default/files/styles/lg/public/oldImages/97971_Brunner_ray_soft_9634A_HD_XL.jpg.webp?itok=25uJLQhD -> ray_soft_Swivel_chair__9639\image_32.jpg
Starting download with Playwright: https://live-brunner.pantheonsite.io/sites/default/files/styles/original_webp/public/oldImages/97971_Brunner_ray_soft_9634A_HD_XL.jpg.webp?itok=jAX4Xmmb
Finished download: https://live-brunner.pantheonsite.io/sites/default/files/styles/original_webp/public/oldImages/97971_Brunner_ray_soft_9634A_HD_XL.jpg.webp?itok=jAX4Xmmb -> ray_soft_Swivel_chair__9639\image_33.jpg
Completed image downloads for product ray_soft_Swivel_chair__9639
Extracting features for product ray_soft_Swivel_chair__9639...
Features saved for product ray_soft_Swivel_chair__9639
Attempting to access Downloads tab for product ray_soft_Swivel_chair__9639...
Starting download of PDF: https://live-brunner.pantheonsite.io/sites/default/files/oldPdfs/Produktdatenblaetter/Produktdatenblaetter_EN/ray_soft_Brunner_product_data_sheet_EN.pdf
Downloaded product_sheet.pdf for product ray_soft_Swivel_chair__9639
Opening URL for product ray_soft_lounge_Easy_chair_9653: https://brunner-group.com/en/products/ray-soft-lounge-ottoman/?variant=9653
Images detected on page for ray_soft_lounge_Easy_chair_9653, scrolling to load them...
Successfully opened URL for product ray_soft_lounge_Easy_chair_9653
Extracting images for product ray_soft_lounge_Easy_chair_9653...
Found 18 images for product ray_soft_lounge_Easy_chair_9653
Starting download with Playwright: https://live-brunner.pantheonsite.io/sites/default/files/styles/sm/public/oldImages/105130_Brunne_ray_soft_lounge_9654_9656_break_3960_HD_XL.jpg.webp?itok=2k3rXr1c
Finished download: https://live-brunner.pantheonsite.io/sites/default/files/styles/sm/public/oldImages/105130_Brunne_ray_soft_lounge_9654_9656_break_3960_HD_XL.jpg.webp?itok=2k3rXr1c -> ray_soft_lounge_Easy_chair_9653\image_1.jpg
Starting download with Playwright: https://live-brunner.pantheonsite.io/sites/default/files/styles/lg/public/oldImages/105130_Brunne_ray_soft_lounge_9654_9656_break_3960_HD_XL.jpg.webp?itok=A7fBOC25
Finished download: https://live-brunner.pantheonsite.io/sites/default/files/styles/lg/public/oldImages/105130_Brunne_ray_soft_lounge_9654_9656_break_3960_HD_XL.jpg.webp?itok=A7fBOC25 -> ray_soft_lounge_Easy_chair_9653\image_2.jpg
Starting download with Playwright: https://live-brunner.pantheonsite.io/sites/default/files/styles/original_webp/public/oldImages/105130_Brunne_ray_soft_lounge_9654_9656_break_3960_HD_XL.jpg.webp?itok=WGkw_LSa
Finished download: https://live-brunner.pantheonsite.io/sites/default/files/styles/original_webp/public/oldImages/105130_Brunne_ray_soft_lounge_9654_9656_break_3960_HD_XL.jpg.webp?itok=WGkw_LSa -> ray_soft_lounge_Easy_chair_9653\image_3.jpg
Starting download with Playwright: https://live-brunner.pantheonsite.io/sites/default/files/styles/sm/public/oldImages/105131_Brunner_Future_Works_Bibliothek_Einzel_04_HD_XL.jpg.webp?itok=RjmWVBvt
Finished download: https://live-brunner.pantheonsite.io/sites/default/files/styles/sm/public/oldImages/105131_Brunner_Future_Works_Bibliothek_Einzel_04_HD_XL.jpg.webp?itok=RjmWVBvt -> ray_soft_lounge_Easy_chair_9653\image_4.jpg
Starting download with Playwright: https://live-brunner.pantheonsite.io/sites/default/files/styles/lg/public/oldImages/105131_Brunner_Future_Works_Bibliothek_Einzel_04_HD_XL.jpg.webp?itok=n5T8brET
Finished download: https://live-brunner.pantheonsite.io/sites/default/files/styles/lg/public/oldImages/105131_Brunner_Future_Works_Bibliothek_Einzel_04_HD_XL.jpg.webp?itok=n5T8brET -> ray_soft_lounge_Easy_chair_9653\image_5.jpg
Starting download with Playwright: https://live-brunner.pantheonsite.io/sites/default/files/styles/original_webp/public/oldImages/105131_Brunner_Future_Works_Bibliothek_Einzel_04_HD_XL.jpg.webp?itok=9zom_o2b
Finished download: https://live-brunner.pantheonsite.io/sites/default/files/styles/original_webp/public/oldImages/105131_Brunner_Future_Works_Bibliothek_Einzel_04_HD_XL.jpg.webp?itok=9zom_o2b -> ray_soft_lounge_Easy_chair_9653\image_6.jpg
Starting download with Playwright: https://live-brunner.pantheonsite.io/sites/default/files/styles/sm/public/oldImages/105133_Brunner_ray_soft_lounge_1080x1080_XL.jpg.webp?itok=8QSYSZi6
Finished download: https://live-brunner.pantheonsite.io/sites/default/files/styles/sm/public/oldImages/105133_Brunner_ray_soft_lounge_1080x1080_XL.jpg.webp?itok=8QSYSZi6 -> ray_soft_lounge_Easy_chair_9653\image_7.jpg
Starting download with Playwright: https://live-brunner.pantheonsite.io/sites/default/files/styles/lg/public/oldImages/105133_Brunner_ray_soft_lounge_1080x1080_XL.jpg.webp?itok=gR82-AMN
Finished download: https://live-brunner.pantheonsite.io/sites/default/files/styles/lg/public/oldImages/105133_Brunner_ray_soft_lounge_1080x1080_XL.jpg.webp?itok=gR82-AMN -> ray_soft_lounge_Easy_chair_9653\image_8.jpg
Starting download with Playwright: https://live-brunner.pantheonsite.io/sites/default/files/styles/original_webp/public/oldImages/105133_Brunner_ray_soft_lounge_1080x1080_XL.jpg.webp?itok=jegz-UNj
Finished download: https://live-brunner.pantheonsite.io/sites/default/files/styles/original_webp/public/oldImages/105133_Brunner_ray_soft_lounge_1080x1080_XL.jpg.webp?itok=jegz-UNj -> ray_soft_lounge_Easy_chair_9653\image_9.jpg
Starting download with Playwright: https://live-brunner.pantheonsite.io/sites/default/files/styles/sm/public/oldImages/105126_Brunner_ray_soft_lounge_9653_Detail2_HD_XL.jpg.webp?itok=FuZ9QRZt
Finished download: https://live-brunner.pantheonsite.io/sites/default/files/styles/sm/public/oldImages/105126_Brunner_ray_soft_lounge_9653_Detail2_HD_XL.jpg.webp?itok=FuZ9QRZt -> ray_soft_lounge_Easy_chair_9653\image_10.jpg
Starting download with Playwright: https://live-brunner.pantheonsite.io/sites/default/files/styles/lg/public/oldImages/105126_Brunner_ray_soft_lounge_9653_Detail2_HD_XL.jpg.webp?itok=72nQZtlx
Finished download: https://live-brunner.pantheonsite.io/sites/default/files/styles/lg/public/oldImages/105126_Brunner_ray_soft_lounge_9653_Detail2_HD_XL.jpg.webp?itok=72nQZtlx -> ray_soft_lounge_Easy_chair_9653\image_11.jpg
Starting download with Playwright: https://live-brunner.pantheonsite.io/sites/default/files/styles/original_webp/public/oldImages/105126_Brunner_ray_soft_lounge_9653_Detail2_HD_XL.jpg.webp?itok=qAHFU148
Finished download: https://live-brunner.pantheonsite.io/sites/default/files/styles/original_webp/public/oldImages/105126_Brunner_ray_soft_lounge_9653_Detail2_HD_XL.jpg.webp?itok=qAHFU148 -> ray_soft_lounge_Easy_chair_9653\image_12.jpg
Starting download with Playwright: https://live-brunner.pantheonsite.io/sites/default/files/styles/sm/public/oldImages/105127_Brunner_ray_soft_lounge_9653_9655_HD_XL.jpg.webp?itok=1bdaApFj
Finished download: https://live-brunner.pantheonsite.io/sites/default/files/styles/sm/public/oldImages/105127_Brunner_ray_soft_lounge_9653_9655_HD_XL.jpg.webp?itok=1bdaApFj -> ray_soft_lounge_Easy_chair_9653\image_13.jpg
Starting download with Playwright: https://live-brunner.pantheonsite.io/sites/default/files/styles/lg/public/oldImages/105127_Brunner_ray_soft_lounge_9653_9655_HD_XL.jpg.webp?itok=jIJg8xBC
Finished download: https://live-brunner.pantheonsite.io/sites/default/files/styles/lg/public/oldImages/105127_Brunner_ray_soft_lounge_9653_9655_HD_XL.jpg.webp?itok=jIJg8xBC -> ray_soft_lounge_Easy_chair_9653\image_14.jpg
Starting download with Playwright: https://live-brunner.pantheonsite.io/sites/default/files/styles/original_webp/public/oldImages/105127_Brunner_ray_soft_lounge_9653_9655_HD_XL.jpg.webp?itok=EWlSQpv9
Finished download: https://live-brunner.pantheonsite.io/sites/default/files/styles/original_webp/public/oldImages/105127_Brunner_ray_soft_lounge_9653_9655_HD_XL.jpg.webp?itok=EWlSQpv9 -> ray_soft_lounge_Easy_chair_9653\image_15.jpg
Starting download with Playwright: https://live-brunner.pantheonsite.io/sites/default/files/styles/sm/public/oldImages/105123_Brunner_ray_soft_lounge_9651_Grau_Schatten_HD_XL.jpg.webp?itok=u39XwCxo
Finished download: https://live-brunner.pantheonsite.io/sites/default/files/styles/sm/public/oldImages/105123_Brunner_ray_soft_lounge_9651_Grau_Schatten_HD_XL.jpg.webp?itok=u39XwCxo -> ray_soft_lounge_Easy_chair_9653\image_16.jpg
Starting download with Playwright: https://live-brunner.pantheonsite.io/sites/default/files/styles/lg/public/oldImages/105123_Brunner_ray_soft_lounge_9651_Grau_Schatten_HD_XL.jpg.webp?itok=nRtVW5FX
Finished download: https://live-brunner.pantheonsite.io/sites/default/files/styles/lg/public/oldImages/105123_Brunner_ray_soft_lounge_9651_Grau_Schatten_HD_XL.jpg.webp?itok=nRtVW5FX -> ray_soft_lounge_Easy_chair_9653\image_17.jpg
Starting download with Playwright: https://live-brunner.pantheonsite.io/sites/default/files/styles/original_webp/public/oldImages/105123_Brunner_ray_soft_lounge_9651_Grau_Schatten_HD_XL.jpg.webp?itok=EG76ZJeF
Finished download: https://live-brunner.pantheonsite.io/sites/default/files/styles/original_webp/public/oldImages/105123_Brunner_ray_soft_lounge_9651_Grau_Schatten_HD_XL.jpg.webp?itok=EG76ZJeF -> ray_soft_lounge_Easy_chair_9653\image_18.jpg
Completed image downloads for product ray_soft_lounge_Easy_chair_9653
Extracting features for product ray_soft_lounge_Easy_chair_9653...
Features saved for product ray_soft_lounge_Easy_chair_9653
Attempting to access Downloads tab for product ray_soft_lounge_Easy_chair_9653...
Starting download of PDF: https://live-brunner.pantheonsite.io/sites/default/files/oldPdfs/Produktdatenblaetter/Produktdatenblaetter_EN/Brunner_product_data_sheet_ray_soft_lounge_EN.pdf
Downloaded product_sheet.pdf for product ray_soft_lounge_Easy_chair_9653
Opening URL for product ray_soft_lounge_Easy_chair_9655: https://brunner-group.com/en/products/ray-soft-lounge-easy-chair/?variant=9655
Images detected on page for ray_soft_lounge_Easy_chair_9655, scrolling to load them...
Successfully opened URL for product ray_soft_lounge_Easy_chair_9655
Extracting images for product ray_soft_lounge_Easy_chair_9655...
Found 12 images for product ray_soft_lounge_Easy_chair_9655
Starting download with Playwright: https://live-brunner.pantheonsite.io/sites/default/files/styles/sm/public/oldImages/105128_Brunner_ray_soft_lounge_9652_valet_VT_1001_HD_XL.jpg.webp?itok=Xs47q_dz
Finished download: https://live-brunner.pantheonsite.io/sites/default/files/styles/sm/public/oldImages/105128_Brunner_ray_soft_lounge_9652_valet_VT_1001_HD_XL.jpg.webp?itok=Xs47q_dz -> ray_soft_lounge_Easy_chair_9655\image_1.jpg
Starting download with Playwright: https://live-brunner.pantheonsite.io/sites/default/files/styles/lg/public/oldImages/105128_Brunner_ray_soft_lounge_9652_valet_VT_1001_HD_XL.jpg.webp?itok=YB2X2ngU
Finished download: https://live-brunner.pantheonsite.io/sites/default/files/styles/lg/public/oldImages/105128_Brunner_ray_soft_lounge_9652_valet_VT_1001_HD_XL.jpg.webp?itok=YB2X2ngU -> ray_soft_lounge_Easy_chair_9655\image_2.jpg
Starting download with Playwright: https://live-brunner.pantheonsite.io/sites/default/files/styles/original_webp/public/oldImages/105128_Brunner_ray_soft_lounge_9652_valet_VT_1001_HD_XL.jpg.webp?itok=fzid9U6-
Finished download: https://live-brunner.pantheonsite.io/sites/default/files/styles/original_webp/public/oldImages/105128_Brunner_ray_soft_lounge_9652_valet_VT_1001_HD_XL.jpg.webp?itok=fzid9U6- -> ray_soft_lounge_Easy_chair_9655\image_3.jpg
Starting download with Playwright: https://live-brunner.pantheonsite.io/sites/default/files/styles/sm/public/oldImages/105133_Brunner_ray_soft_lounge_1080x1080_XL.jpg.webp?itok=8QSYSZi6
Finished download: https://live-brunner.pantheonsite.io/sites/default/files/styles/sm/public/oldImages/105133_Brunner_ray_soft_lounge_1080x1080_XL.jpg.webp?itok=8QSYSZi6 -> ray_soft_lounge_Easy_chair_9655\image_4.jpg
Starting download with Playwright: https://live-brunner.pantheonsite.io/sites/default/files/styles/lg/public/oldImages/105133_Brunner_ray_soft_lounge_1080x1080_XL.jpg.webp?itok=gR82-AMN
Finished download: https://live-brunner.pantheonsite.io/sites/default/files/styles/lg/public/oldImages/105133_Brunner_ray_soft_lounge_1080x1080_XL.jpg.webp?itok=gR82-AMN -> ray_soft_lounge_Easy_chair_9655\image_5.jpg
Starting download with Playwright: https://live-brunner.pantheonsite.io/sites/default/files/styles/original_webp/public/oldImages/105133_Brunner_ray_soft_lounge_1080x1080_XL.jpg.webp?itok=jegz-UNj
Finished download: https://live-brunner.pantheonsite.io/sites/default/files/styles/original_webp/public/oldImages/105133_Brunner_ray_soft_lounge_1080x1080_XL.jpg.webp?itok=jegz-UNj -> ray_soft_lounge_Easy_chair_9655\image_6.jpg
Starting download with Playwright: https://live-brunner.pantheonsite.io/sites/default/files/styles/sm/public/oldImages/105124_Brunner_ray_soft_lounge_9652_Grau_Schatten_HD_XL.jpg.webp?itok=H2Ceqf1j
Finished download: https://live-brunner.pantheonsite.io/sites/default/files/styles/sm/public/oldImages/105124_Brunner_ray_soft_lounge_9652_Grau_Schatten_HD_XL.jpg.webp?itok=H2Ceqf1j -> ray_soft_lounge_Easy_chair_9655\image_7.jpg
Starting download with Playwright: https://live-brunner.pantheonsite.io/sites/default/files/styles/lg/public/oldImages/105124_Brunner_ray_soft_lounge_9652_Grau_Schatten_HD_XL.jpg.webp?itok=sMbnQLa5
Finished download: https://live-brunner.pantheonsite.io/sites/default/files/styles/lg/public/oldImages/105124_Brunner_ray_soft_lounge_9652_Grau_Schatten_HD_XL.jpg.webp?itok=sMbnQLa5 -> ray_soft_lounge_Easy_chair_9655\image_8.jpg
Starting download with Playwright: https://live-brunner.pantheonsite.io/sites/default/files/styles/original_webp/public/oldImages/105124_Brunner_ray_soft_lounge_9652_Grau_Schatten_HD_XL.jpg.webp?itok=BHS1jziq
Finished download: https://live-brunner.pantheonsite.io/sites/default/files/styles/original_webp/public/oldImages/105124_Brunner_ray_soft_lounge_9652_Grau_Schatten_HD_XL.jpg.webp?itok=BHS1jziq -> ray_soft_lounge_Easy_chair_9655\image_9.jpg
Starting download with Playwright: https://live-brunner.pantheonsite.io/sites/default/files/styles/sm/public/oldImages/105132_Brunner_ray_soft_lounge_9655_HD_XL.jpg.webp?itok=1wx2br36
Finished download: https://live-brunner.pantheonsite.io/sites/default/files/styles/sm/public/oldImages/105132_Brunner_ray_soft_lounge_9655_HD_XL.jpg.webp?itok=1wx2br36 -> ray_soft_lounge_Easy_chair_9655\image_10.jpg
Starting download with Playwright: https://live-brunner.pantheonsite.io/sites/default/files/styles/lg/public/oldImages/105132_Brunner_ray_soft_lounge_9655_HD_XL.jpg.webp?itok=GkHznpU6
Finished download: https://live-brunner.pantheonsite.io/sites/default/files/styles/lg/public/oldImages/105132_Brunner_ray_soft_lounge_9655_HD_XL.jpg.webp?itok=GkHznpU6 -> ray_soft_lounge_Easy_chair_9655\image_11.jpg
Starting download with Playwright: https://live-brunner.pantheonsite.io/sites/default/files/styles/original_webp/public/oldImages/105132_Brunner_ray_soft_lounge_9655_HD_XL.jpg.webp?itok=a4Z8abPs
Finished download: https://live-brunner.pantheonsite.io/sites/default/files/styles/original_webp/public/oldImages/105132_Brunner_ray_soft_lounge_9655_HD_XL.jpg.webp?itok=a4Z8abPs -> ray_soft_lounge_Easy_chair_9655\image_12.jpg
Completed image downloads for product ray_soft_lounge_Easy_chair_9655
Extracting features for product ray_soft_lounge_Easy_chair_9655...
Features saved for product ray_soft_lounge_Easy_chair_9655
Attempting to access Downloads tab for product ray_soft_lounge_Easy_chair_9655...
Starting download of PDF: https://live-brunner.pantheonsite.io/sites/default/files/oldPdfs/Produktdatenblaetter/Produktdatenblaetter_EN/Brunner_product_data_sheet_ray_soft_lounge_EN.pdf
Downloaded product_sheet.pdf for product ray_soft_lounge_Easy_chair_9655
Opening URL for product scoop_Shell_chair_4812: https://brunner-group.com/en/products/scoop-shell-chair/?variant=4812
Images detected on page for scoop_Shell_chair_4812, scrolling to load them...
Successfully opened URL for product scoop_Shell_chair_4812
Extracting images for product scoop_Shell_chair_4812...
Found 42 images for product scoop_Shell_chair_4812
Starting download with Playwright: https://live-brunner.pantheonsite.io/sites/default/files/styles/sm/public/oldImages/115801_Brunner_wave_light_3570_scoop_4803_scoop_bar_4874_crona_steel_6340_HD_XL.jpg.webp?itok=E6ZnEJJr
Finished download: https://live-brunner.pantheonsite.io/sites/default/files/styles/sm/public/oldImages/115801_Brunner_wave_light_3570_scoop_4803_scoop_bar_4874_crona_steel_6340_HD_XL.jpg.webp?itok=E6ZnEJJr -> scoop_Shell_chair_4812\image_1.jpg
Starting download with Playwright: https://live-brunner.pantheonsite.io/sites/default/files/styles/lg/public/oldImages/115801_Brunner_wave_light_3570_scoop_4803_scoop_bar_4874_crona_steel_6340_HD_XL.jpg.webp?itok=9Ykq_dUR
Finished download: https://live-brunner.pantheonsite.io/sites/default/files/styles/lg/public/oldImages/115801_Brunner_wave_light_3570_scoop_4803_scoop_bar_4874_crona_steel_6340_HD_XL.jpg.webp?itok=9Ykq_dUR -> scoop_Shell_chair_4812\image_2.jpg
Starting download with Playwright: https://live-brunner.pantheonsite.io/sites/default/files/styles/original_webp/public/oldImages/115801_Brunner_wave_light_3570_scoop_4803_scoop_bar_4874_crona_steel_6340_HD_XL.jpg.webp?itok=KMWElEZx
Finished download: https://live-brunner.pantheonsite.io/sites/default/files/styles/original_webp/public/oldImages/115801_Brunner_wave_light_3570_scoop_4803_scoop_bar_4874_crona_steel_6340_HD_XL.jpg.webp?itok=KMWElEZx -> scoop_Shell_chair_4812\image_3.jpg
Starting download with Playwright: https://live-brunner.pantheonsite.io/sites/default/files/styles/sm/public/oldImages/115589_Brunner_wave_light_3570_scoop_4802_4812_banc_BC-H40_soop_bar_4872_RGB_HD_XL.jpg.webp?itok=xQB12Jqf
Finished download: https://live-brunner.pantheonsite.io/sites/default/files/styles/sm/public/oldImages/115589_Brunner_wave_light_3570_scoop_4802_4812_banc_BC-H40_soop_bar_4872_RGB_HD_XL.jpg.webp?itok=xQB12Jqf -> scoop_Shell_chair_4812\image_4.jpg
Starting download with Playwright: https://live-brunner.pantheonsite.io/sites/default/files/styles/lg/public/oldImages/115589_Brunner_wave_light_3570_scoop_4802_4812_banc_BC-H40_soop_bar_4872_RGB_HD_XL.jpg.webp?itok=O8G3RRTt
Finished download: https://live-brunner.pantheonsite.io/sites/default/files/styles/lg/public/oldImages/115589_Brunner_wave_light_3570_scoop_4802_4812_banc_BC-H40_soop_bar_4872_RGB_HD_XL.jpg.webp?itok=O8G3RRTt -> scoop_Shell_chair_4812\image_5.jpg
Starting download with Playwright: https://live-brunner.pantheonsite.io/sites/default/files/styles/original_webp/public/oldImages/115589_Brunner_wave_light_3570_scoop_4802_4812_banc_BC-H40_soop_bar_4872_RGB_HD_XL.jpg.webp?itok=-ZqAOcyk
Finished download: https://live-brunner.pantheonsite.io/sites/default/files/styles/original_webp/public/oldImages/115589_Brunner_wave_light_3570_scoop_4802_4812_banc_BC-H40_soop_bar_4872_RGB_HD_XL.jpg.webp?itok=-ZqAOcyk -> scoop_Shell_chair_4812\image_6.jpg
Starting download with Playwright: https://live-brunner.pantheonsite.io/sites/default/files/styles/sm/public/oldImages/115579_Brunner_advance_2970_scoop_4805_RGB_HD_XL.jpg.webp?itok=WwgIuuYb
Finished download: https://live-brunner.pantheonsite.io/sites/default/files/styles/sm/public/oldImages/115579_Brunner_advance_2970_scoop_4805_RGB_HD_XL.jpg.webp?itok=WwgIuuYb -> scoop_Shell_chair_4812\image_7.jpg
Starting download with Playwright: https://live-brunner.pantheonsite.io/sites/default/files/styles/lg/public/oldImages/115579_Brunner_advance_2970_scoop_4805_RGB_HD_XL.jpg.webp?itok=Uo_II84x
Finished download: https://live-brunner.pantheonsite.io/sites/default/files/styles/lg/public/oldImages/115579_Brunner_advance_2970_scoop_4805_RGB_HD_XL.jpg.webp?itok=Uo_II84x -> scoop_Shell_chair_4812\image_8.jpg
Starting download with Playwright: https://live-brunner.pantheonsite.io/sites/default/files/styles/original_webp/public/oldImages/115579_Brunner_advance_2970_scoop_4805_RGB_HD_XL.jpg.webp?itok=JYj-zySQ
Finished download: https://live-brunner.pantheonsite.io/sites/default/files/styles/original_webp/public/oldImages/115579_Brunner_advance_2970_scoop_4805_RGB_HD_XL.jpg.webp?itok=JYj-zySQ -> scoop_Shell_chair_4812\image_9.jpg
Starting download with Playwright: https://live-brunner.pantheonsite.io/sites/default/files/styles/sm/public/oldImages/115481_Brunner_scoop_4805_03_HD_XL.jpg.webp?itok=yeEzHcmF
Finished download: https://live-brunner.pantheonsite.io/sites/default/files/styles/sm/public/oldImages/115481_Brunner_scoop_4805_03_HD_XL.jpg.webp?itok=yeEzHcmF -> scoop_Shell_chair_4812\image_10.jpg
Starting download with Playwright: https://live-brunner.pantheonsite.io/sites/default/files/styles/lg/public/oldImages/115481_Brunner_scoop_4805_03_HD_XL.jpg.webp?itok=6T-tOI6S
Finished download: https://live-brunner.pantheonsite.io/sites/default/files/styles/lg/public/oldImages/115481_Brunner_scoop_4805_03_HD_XL.jpg.webp?itok=6T-tOI6S -> scoop_Shell_chair_4812\image_11.jpg
Starting download with Playwright: https://live-brunner.pantheonsite.io/sites/default/files/styles/original_webp/public/oldImages/115481_Brunner_scoop_4805_03_HD_XL.jpg.webp?itok=_XFM2kS2
Finished download: https://live-brunner.pantheonsite.io/sites/default/files/styles/original_webp/public/oldImages/115481_Brunner_scoop_4805_03_HD_XL.jpg.webp?itok=_XFM2kS2 -> scoop_Shell_chair_4812\image_12.jpg
Starting download with Playwright: https://live-brunner.pantheonsite.io/sites/default/files/styles/sm/public/oldImages/115582_Brunner_boards_B0340_scoop_4805_lift_active_7884_pads_1420-0120_foild_1100-2020_RGB_HD_XL.jpg.webp?itok=FaLoInLq
Finished download: https://live-brunner.pantheonsite.io/sites/default/files/styles/sm/public/oldImages/115582_Brunner_boards_B0340_scoop_4805_lift_active_7884_pads_1420-0120_foild_1100-2020_RGB_HD_XL.jpg.webp?itok=FaLoInLq -> scoop_Shell_chair_4812\image_13.jpg
Starting download with Playwright: https://live-brunner.pantheonsite.io/sites/default/files/styles/lg/public/oldImages/115582_Brunner_boards_B0340_scoop_4805_lift_active_7884_pads_1420-0120_foild_1100-2020_RGB_HD_XL.jpg.webp?itok=rhaiXt4s
Finished download: https://live-brunner.pantheonsite.io/sites/default/files/styles/lg/public/oldImages/115582_Brunner_boards_B0340_scoop_4805_lift_active_7884_pads_1420-0120_foild_1100-2020_RGB_HD_XL.jpg.webp?itok=rhaiXt4s -> scoop_Shell_chair_4812\image_14.jpg
Starting download with Playwright: https://live-brunner.pantheonsite.io/sites/default/files/styles/original_webp/public/oldImages/115582_Brunner_boards_B0340_scoop_4805_lift_active_7884_pads_1420-0120_foild_1100-2020_RGB_HD_XL.jpg.webp?itok=n8vnxppB
Finished download: https://live-brunner.pantheonsite.io/sites/default/files/styles/original_webp/public/oldImages/115582_Brunner_boards_B0340_scoop_4805_lift_active_7884_pads_1420-0120_foild_1100-2020_RGB_HD_XL.jpg.webp?itok=n8vnxppB -> scoop_Shell_chair_4812\image_15.jpg
Starting download with Playwright: https://live-brunner.pantheonsite.io/sites/default/files/styles/sm/public/oldImages/115587_Brunner_scoop_4802_4812_4804_4814_wave_light_3570_wave_3560_RGB_HD_XL.jpg.webp?itok=_qneLU5e
Finished download: https://live-brunner.pantheonsite.io/sites/default/files/styles/sm/public/oldImages/115587_Brunner_scoop_4802_4812_4804_4814_wave_light_3570_wave_3560_RGB_HD_XL.jpg.webp?itok=_qneLU5e -> scoop_Shell_chair_4812\image_16.jpg
Starting download with Playwright: https://live-brunner.pantheonsite.io/sites/default/files/styles/lg/public/oldImages/115587_Brunner_scoop_4802_4812_4804_4814_wave_light_3570_wave_3560_RGB_HD_XL.jpg.webp?itok=STQWmFN3
Finished download: https://live-brunner.pantheonsite.io/sites/default/files/styles/lg/public/oldImages/115587_Brunner_scoop_4802_4812_4804_4814_wave_light_3570_wave_3560_RGB_HD_XL.jpg.webp?itok=STQWmFN3 -> scoop_Shell_chair_4812\image_17.jpg
Starting download with Playwright: https://live-brunner.pantheonsite.io/sites/default/files/styles/original_webp/public/oldImages/115587_Brunner_scoop_4802_4812_4804_4814_wave_light_3570_wave_3560_RGB_HD_XL.jpg.webp?itok=KQl7vtvP
Finished download: https://live-brunner.pantheonsite.io/sites/default/files/styles/original_webp/public/oldImages/115587_Brunner_scoop_4802_4812_4804_4814_wave_light_3570_wave_3560_RGB_HD_XL.jpg.webp?itok=KQl7vtvP -> scoop_Shell_chair_4812\image_18.jpg
Starting download with Playwright: https://live-brunner.pantheonsite.io/sites/default/files/styles/sm/public/oldImages/115591_Brunner_wave_light_3570_scoop_4812_RGB_HD_XL.jpg.webp?itok=cJUDbYpl
Finished download: https://live-brunner.pantheonsite.io/sites/default/files/styles/sm/public/oldImages/115591_Brunner_wave_light_3570_scoop_4812_RGB_HD_XL.jpg.webp?itok=cJUDbYpl -> scoop_Shell_chair_4812\image_19.jpg
Starting download with Playwright: https://live-brunner.pantheonsite.io/sites/default/files/styles/lg/public/oldImages/115591_Brunner_wave_light_3570_scoop_4812_RGB_HD_XL.jpg.webp?itok=gyThSBYn
Finished download: https://live-brunner.pantheonsite.io/sites/default/files/styles/lg/public/oldImages/115591_Brunner_wave_light_3570_scoop_4812_RGB_HD_XL.jpg.webp?itok=gyThSBYn -> scoop_Shell_chair_4812\image_20.jpg
Starting download with Playwright: https://live-brunner.pantheonsite.io/sites/default/files/styles/original_webp/public/oldImages/115591_Brunner_wave_light_3570_scoop_4812_RGB_HD_XL.jpg.webp?itok=SHoLp8_P
Finished download: https://live-brunner.pantheonsite.io/sites/default/files/styles/original_webp/public/oldImages/115591_Brunner_wave_light_3570_scoop_4812_RGB_HD_XL.jpg.webp?itok=SHoLp8_P -> scoop_Shell_chair_4812\image_21.jpg
Starting download with Playwright: https://live-brunner.pantheonsite.io/sites/default/files/styles/sm/public/oldImages/115586_Brunner_Orgatec_2024_Messestand_031_HD_XL.jpg.webp?itok=h78zqTYc
Finished download: https://live-brunner.pantheonsite.io/sites/default/files/styles/sm/public/oldImages/115586_Brunner_Orgatec_2024_Messestand_031_HD_XL.jpg.webp?itok=h78zqTYc -> scoop_Shell_chair_4812\image_22.jpg
Starting download with Playwright: https://live-brunner.pantheonsite.io/sites/default/files/styles/lg/public/oldImages/115586_Brunner_Orgatec_2024_Messestand_031_HD_XL.jpg.webp?itok=8hxLYq1Q
Finished download: https://live-brunner.pantheonsite.io/sites/default/files/styles/lg/public/oldImages/115586_Brunner_Orgatec_2024_Messestand_031_HD_XL.jpg.webp?itok=8hxLYq1Q -> scoop_Shell_chair_4812\image_23.jpg
Starting download with Playwright: https://live-brunner.pantheonsite.io/sites/default/files/styles/original_webp/public/oldImages/115586_Brunner_Orgatec_2024_Messestand_031_HD_XL.jpg.webp?itok=emTNLJC_
Finished download: https://live-brunner.pantheonsite.io/sites/default/files/styles/original_webp/public/oldImages/115586_Brunner_Orgatec_2024_Messestand_031_HD_XL.jpg.webp?itok=emTNLJC_ -> scoop_Shell_chair_4812\image_24.jpg
Starting download with Playwright: https://live-brunner.pantheonsite.io/sites/default/files/styles/sm/public/oldImages/115588_Brunner_scoop_4802_4814_wave_3560_RGB_HD_XL.jpg.webp?itok=G5SMrkBx
Finished download: https://live-brunner.pantheonsite.io/sites/default/files/styles/sm/public/oldImages/115588_Brunner_scoop_4802_4814_wave_3560_RGB_HD_XL.jpg.webp?itok=G5SMrkBx -> scoop_Shell_chair_4812\image_25.jpg
Starting download with Playwright: https://live-brunner.pantheonsite.io/sites/default/files/styles/lg/public/oldImages/115588_Brunner_scoop_4802_4814_wave_3560_RGB_HD_XL.jpg.webp?itok=lmSZC-qI
Finished download: https://live-brunner.pantheonsite.io/sites/default/files/styles/lg/public/oldImages/115588_Brunner_scoop_4802_4814_wave_3560_RGB_HD_XL.jpg.webp?itok=lmSZC-qI -> scoop_Shell_chair_4812\image_26.jpg
Starting download with Playwright: https://live-brunner.pantheonsite.io/sites/default/files/styles/original_webp/public/oldImages/115588_Brunner_scoop_4802_4814_wave_3560_RGB_HD_XL.jpg.webp?itok=urKQ65sH
Finished download: https://live-brunner.pantheonsite.io/sites/default/files/styles/original_webp/public/oldImages/115588_Brunner_scoop_4802_4814_wave_3560_RGB_HD_XL.jpg.webp?itok=urKQ65sH -> scoop_Shell_chair_4812\image_27.jpg
Starting download with Playwright: https://live-brunner.pantheonsite.io/sites/default/files/styles/sm/public/oldImages/115590_Brunner_wave_light_3570_scoop_4804_banc_BC-H40_RGB_HD_XL.jpg.webp?itok=2QdIUHcf
Finished download: https://live-brunner.pantheonsite.io/sites/default/files/styles/sm/public/oldImages/115590_Brunner_wave_light_3570_scoop_4804_banc_BC-H40_RGB_HD_XL.jpg.webp?itok=2QdIUHcf -> scoop_Shell_chair_4812\image_28.jpg
Starting download with Playwright: https://live-brunner.pantheonsite.io/sites/default/files/styles/lg/public/oldImages/115590_Brunner_wave_light_3570_scoop_4804_banc_BC-H40_RGB_HD_XL.jpg.webp?itok=wJlwBf1g
Finished download: https://live-brunner.pantheonsite.io/sites/default/files/styles/lg/public/oldImages/115590_Brunner_wave_light_3570_scoop_4804_banc_BC-H40_RGB_HD_XL.jpg.webp?itok=wJlwBf1g -> scoop_Shell_chair_4812\image_29.jpg
Starting download with Playwright: https://live-brunner.pantheonsite.io/sites/default/files/styles/original_webp/public/oldImages/115590_Brunner_wave_light_3570_scoop_4804_banc_BC-H40_RGB_HD_XL.jpg.webp?itok=FtI5giZw
Finished download: https://live-brunner.pantheonsite.io/sites/default/files/styles/original_webp/public/oldImages/115590_Brunner_wave_light_3570_scoop_4804_banc_BC-H40_RGB_HD_XL.jpg.webp?itok=FtI5giZw -> scoop_Shell_chair_4812\image_30.jpg
Starting download with Playwright: https://live-brunner.pantheonsite.io/sites/default/files/styles/sm/public/oldImages/115482_Brunner_scoop_4819_03_HD_XL.jpg.webp?itok=qc_8OYoR
Finished download: https://live-brunner.pantheonsite.io/sites/default/files/styles/sm/public/oldImages/115482_Brunner_scoop_4819_03_HD_XL.jpg.webp?itok=qc_8OYoR -> scoop_Shell_chair_4812\image_31.jpg
Starting download with Playwright: https://live-brunner.pantheonsite.io/sites/default/files/styles/lg/public/oldImages/115482_Brunner_scoop_4819_03_HD_XL.jpg.webp?itok=3uutW2gW
Finished download: https://live-brunner.pantheonsite.io/sites/default/files/styles/lg/public/oldImages/115482_Brunner_scoop_4819_03_HD_XL.jpg.webp?itok=3uutW2gW -> scoop_Shell_chair_4812\image_32.jpg
Starting download with Playwright: https://live-brunner.pantheonsite.io/sites/default/files/styles/original_webp/public/oldImages/115482_Brunner_scoop_4819_03_HD_XL.jpg.webp?itok=a8Zivo5N
Finished download: https://live-brunner.pantheonsite.io/sites/default/files/styles/original_webp/public/oldImages/115482_Brunner_scoop_4819_03_HD_XL.jpg.webp?itok=a8Zivo5N -> scoop_Shell_chair_4812\image_33.jpg
Starting download with Playwright: https://live-brunner.pantheonsite.io/sites/default/files/styles/sm/public/oldImages/116111_Brunner_scoop_4813_wave_light_3570_3572_crona_steel_6340_HD_XL.jpg.webp?itok=SeYfqUk8
Finished download: https://live-brunner.pantheonsite.io/sites/default/files/styles/sm/public/oldImages/116111_Brunner_scoop_4813_wave_light_3570_3572_crona_steel_6340_HD_XL.jpg.webp?itok=SeYfqUk8 -> scoop_Shell_chair_4812\image_34.jpg
Starting download with Playwright: https://live-brunner.pantheonsite.io/sites/default/files/styles/lg/public/oldImages/116111_Brunner_scoop_4813_wave_light_3570_3572_crona_steel_6340_HD_XL.jpg.webp?itok=dBEEf_Zz
Finished download: https://live-brunner.pantheonsite.io/sites/default/files/styles/lg/public/oldImages/116111_Brunner_scoop_4813_wave_light_3570_3572_crona_steel_6340_HD_XL.jpg.webp?itok=dBEEf_Zz -> scoop_Shell_chair_4812\image_35.jpg
Starting download with Playwright: https://live-brunner.pantheonsite.io/sites/default/files/styles/original_webp/public/oldImages/116111_Brunner_scoop_4813_wave_light_3570_3572_crona_steel_6340_HD_XL.jpg.webp?itok=rxWXyQNb
Finished download: https://live-brunner.pantheonsite.io/sites/default/files/styles/original_webp/public/oldImages/116111_Brunner_scoop_4813_wave_light_3570_3572_crona_steel_6340_HD_XL.jpg.webp?itok=rxWXyQNb -> scoop_Shell_chair_4812\image_36.jpg
Starting download with Playwright: https://live-brunner.pantheonsite.io/sites/default/files/styles/sm/public/oldImages/115480_Brunner_scoop_4803_03_HD_XL.jpg.webp?itok=8ulyP1yH
Finished download: https://live-brunner.pantheonsite.io/sites/default/files/styles/sm/public/oldImages/115480_Brunner_scoop_4803_03_HD_XL.jpg.webp?itok=8ulyP1yH -> scoop_Shell_chair_4812\image_37.jpg
Starting download with Playwright: https://live-brunner.pantheonsite.io/sites/default/files/styles/lg/public/oldImages/115480_Brunner_scoop_4803_03_HD_XL.jpg.webp?itok=c2UPKFdp
Finished download: https://live-brunner.pantheonsite.io/sites/default/files/styles/lg/public/oldImages/115480_Brunner_scoop_4803_03_HD_XL.jpg.webp?itok=c2UPKFdp -> scoop_Shell_chair_4812\image_38.jpg
Starting download with Playwright: https://live-brunner.pantheonsite.io/sites/default/files/styles/original_webp/public/oldImages/115480_Brunner_scoop_4803_03_HD_XL.jpg.webp?itok=vop0Zw0x
Finished download: https://live-brunner.pantheonsite.io/sites/default/files/styles/original_webp/public/oldImages/115480_Brunner_scoop_4803_03_HD_XL.jpg.webp?itok=vop0Zw0x -> scoop_Shell_chair_4812\image_39.jpg
Starting download with Playwright: https://live-brunner.pantheonsite.io/sites/default/files/styles/sm/public/oldImages/115483_Brunner_scoop_Sitzpolster_4812_03_HD_XL.jpg.webp?itok=mVUHt4Ra
Finished download: https://live-brunner.pantheonsite.io/sites/default/files/styles/sm/public/oldImages/115483_Brunner_scoop_Sitzpolster_4812_03_HD_XL.jpg.webp?itok=mVUHt4Ra -> scoop_Shell_chair_4812\image_40.jpg
Starting download with Playwright: https://live-brunner.pantheonsite.io/sites/default/files/styles/lg/public/oldImages/115483_Brunner_scoop_Sitzpolster_4812_03_HD_XL.jpg.webp?itok=TZKLiW-s
Finished download: https://live-brunner.pantheonsite.io/sites/default/files/styles/lg/public/oldImages/115483_Brunner_scoop_Sitzpolster_4812_03_HD_XL.jpg.webp?itok=TZKLiW-s -> scoop_Shell_chair_4812\image_41.jpg
Starting download with Playwright: https://live-brunner.pantheonsite.io/sites/default/files/styles/original_webp/public/oldImages/115483_Brunner_scoop_Sitzpolster_4812_03_HD_XL.jpg.webp?itok=0nk2Um9G
Finished download: https://live-brunner.pantheonsite.io/sites/default/files/styles/original_webp/public/oldImages/115483_Brunner_scoop_Sitzpolster_4812_03_HD_XL.jpg.webp?itok=0nk2Um9G -> scoop_Shell_chair_4812\image_42.jpg
Completed image downloads for product scoop_Shell_chair_4812
Extracting features for product scoop_Shell_chair_4812...
Features saved for product scoop_Shell_chair_4812
Attempting to access Downloads tab for product scoop_Shell_chair_4812...
Starting download of PDF: https://live-brunner.pantheonsite.io/sites/default/files/oldPdfs/Produktdatenblaetter/Produktdatenblaetter_EN/Brunner_product_data_sheet_scoop_EN.pdf
Downloaded product_sheet.pdf for product scoop_Shell_chair_4812
Opening URL for product scoop_bar_Bar_stool__4874: https://brunner-group.com/en/products/scoop-bar-bar-stool/?variant=4874
Images detected on page for scoop_bar_Bar_stool__4874, scrolling to load them...
Successfully opened URL for product scoop_bar_Bar_stool__4874
Extracting images for product scoop_bar_Bar_stool__4874...
Found 27 images for product scoop_bar_Bar_stool__4874
Starting download with Playwright: https://live-brunner.pantheonsite.io/sites/default/files/styles/sm/public/oldImages/115489_Brunner_scoop_bar_4872_Stapel_RGB_HD_XL.jpg.webp?itok=B2Q4itCc
Finished download: https://live-brunner.pantheonsite.io/sites/default/files/styles/sm/public/oldImages/115489_Brunner_scoop_bar_4872_Stapel_RGB_HD_XL.jpg.webp?itok=B2Q4itCc -> scoop_bar_Bar_stool__4874\image_1.jpg
Starting download with Playwright: https://live-brunner.pantheonsite.io/sites/default/files/styles/lg/public/oldImages/115489_Brunner_scoop_bar_4872_Stapel_RGB_HD_XL.jpg.webp?itok=BYqe-iKD
Finished download: https://live-brunner.pantheonsite.io/sites/default/files/styles/lg/public/oldImages/115489_Brunner_scoop_bar_4872_Stapel_RGB_HD_XL.jpg.webp?itok=BYqe-iKD -> scoop_bar_Bar_stool__4874\image_2.jpg
Starting download with Playwright: https://live-brunner.pantheonsite.io/sites/default/files/styles/original_webp/public/oldImages/115489_Brunner_scoop_bar_4872_Stapel_RGB_HD_XL.jpg.webp?itok=1O6mi9uP
Finished download: https://live-brunner.pantheonsite.io/sites/default/files/styles/original_webp/public/oldImages/115489_Brunner_scoop_bar_4872_Stapel_RGB_HD_XL.jpg.webp?itok=1O6mi9uP -> scoop_bar_Bar_stool__4874\image_3.jpg
Starting download with Playwright: https://live-brunner.pantheonsite.io/sites/default/files/styles/sm/public/oldImages/115488_Brunner_scoop_bar_4872_RGB_HD_XL.jpg.webp?itok=c00TWI2Z
Finished download: https://live-brunner.pantheonsite.io/sites/default/files/styles/sm/public/oldImages/115488_Brunner_scoop_bar_4872_RGB_HD_XL.jpg.webp?itok=c00TWI2Z -> scoop_bar_Bar_stool__4874\image_4.jpg
Starting download with Playwright: https://live-brunner.pantheonsite.io/sites/default/files/styles/lg/public/oldImages/115488_Brunner_scoop_bar_4872_RGB_HD_XL.jpg.webp?itok=PrOxCDAI
Finished download: https://live-brunner.pantheonsite.io/sites/default/files/styles/lg/public/oldImages/115488_Brunner_scoop_bar_4872_RGB_HD_XL.jpg.webp?itok=PrOxCDAI -> scoop_bar_Bar_stool__4874\image_5.jpg
Starting download with Playwright: https://live-brunner.pantheonsite.io/sites/default/files/styles/original_webp/public/oldImages/115488_Brunner_scoop_bar_4872_RGB_HD_XL.jpg.webp?itok=jFi6kjT5
Finished download: https://live-brunner.pantheonsite.io/sites/default/files/styles/original_webp/public/oldImages/115488_Brunner_scoop_bar_4872_RGB_HD_XL.jpg.webp?itok=jFi6kjT5 -> scoop_bar_Bar_stool__4874\image_6.jpg
Starting download with Playwright: https://live-brunner.pantheonsite.io/sites/default/files/styles/sm/public/oldImages/115490_Brunner_scoop_bar_4874_03_HD_XL.jpg.webp?itok=Jk-HwcbD
Finished download: https://live-brunner.pantheonsite.io/sites/default/files/styles/sm/public/oldImages/115490_Brunner_scoop_bar_4874_03_HD_XL.jpg.webp?itok=Jk-HwcbD -> scoop_bar_Bar_stool__4874\image_7.jpg
Starting download with Playwright: https://live-brunner.pantheonsite.io/sites/default/files/styles/lg/public/oldImages/115490_Brunner_scoop_bar_4874_03_HD_XL.jpg.webp?itok=doXSw95_
Finished download: https://live-brunner.pantheonsite.io/sites/default/files/styles/lg/public/oldImages/115490_Brunner_scoop_bar_4874_03_HD_XL.jpg.webp?itok=doXSw95_ -> scoop_bar_Bar_stool__4874\image_8.jpg
Starting download with Playwright: https://live-brunner.pantheonsite.io/sites/default/files/styles/original_webp/public/oldImages/115490_Brunner_scoop_bar_4874_03_HD_XL.jpg.webp?itok=9GLluSwT
Finished download: https://live-brunner.pantheonsite.io/sites/default/files/styles/original_webp/public/oldImages/115490_Brunner_scoop_bar_4874_03_HD_XL.jpg.webp?itok=9GLluSwT -> scoop_bar_Bar_stool__4874\image_9.jpg
Starting download with Playwright: https://live-brunner.pantheonsite.io/sites/default/files/styles/sm/public/oldImages/115493_Brunner_wave_light_3570_scoop_4812_RGB_HD_XL.jpg.webp?itok=zSPTLvJR
Finished download: https://live-brunner.pantheonsite.io/sites/default/files/styles/sm/public/oldImages/115493_Brunner_wave_light_3570_scoop_4812_RGB_HD_XL.jpg.webp?itok=zSPTLvJR -> scoop_bar_Bar_stool__4874\image_10.jpg
Starting download with Playwright: https://live-brunner.pantheonsite.io/sites/default/files/styles/lg/public/oldImages/115493_Brunner_wave_light_3570_scoop_4812_RGB_HD_XL.jpg.webp?itok=MfhYnSsK
Finished download: https://live-brunner.pantheonsite.io/sites/default/files/styles/lg/public/oldImages/115493_Brunner_wave_light_3570_scoop_4812_RGB_HD_XL.jpg.webp?itok=MfhYnSsK -> scoop_bar_Bar_stool__4874\image_11.jpg
Starting download with Playwright: https://live-brunner.pantheonsite.io/sites/default/files/styles/original_webp/public/oldImages/115493_Brunner_wave_light_3570_scoop_4812_RGB_HD_XL.jpg.webp?itok=RmrAanw7
Finished download: https://live-brunner.pantheonsite.io/sites/default/files/styles/original_webp/public/oldImages/115493_Brunner_wave_light_3570_scoop_4812_RGB_HD_XL.jpg.webp?itok=RmrAanw7 -> scoop_bar_Bar_stool__4874\image_12.jpg
Starting download with Playwright: https://live-brunner.pantheonsite.io/sites/default/files/styles/sm/public/oldImages/115801_Brunner_wave_light_3570_scoop_4803_scoop_bar_4874_crona_steel_6340_HD_XL.jpg.webp?itok=E6ZnEJJr
Finished download: https://live-brunner.pantheonsite.io/sites/default/files/styles/sm/public/oldImages/115801_Brunner_wave_light_3570_scoop_4803_scoop_bar_4874_crona_steel_6340_HD_XL.jpg.webp?itok=E6ZnEJJr -> scoop_bar_Bar_stool__4874\image_13.jpg
Starting download with Playwright: https://live-brunner.pantheonsite.io/sites/default/files/styles/lg/public/oldImages/115801_Brunner_wave_light_3570_scoop_4803_scoop_bar_4874_crona_steel_6340_HD_XL.jpg.webp?itok=9Ykq_dUR
Finished download: https://live-brunner.pantheonsite.io/sites/default/files/styles/lg/public/oldImages/115801_Brunner_wave_light_3570_scoop_4803_scoop_bar_4874_crona_steel_6340_HD_XL.jpg.webp?itok=9Ykq_dUR -> scoop_bar_Bar_stool__4874\image_14.jpg
Starting download with Playwright: https://live-brunner.pantheonsite.io/sites/default/files/styles/original_webp/public/oldImages/115801_Brunner_wave_light_3570_scoop_4803_scoop_bar_4874_crona_steel_6340_HD_XL.jpg.webp?itok=KMWElEZx
Finished download: https://live-brunner.pantheonsite.io/sites/default/files/styles/original_webp/public/oldImages/115801_Brunner_wave_light_3570_scoop_4803_scoop_bar_4874_crona_steel_6340_HD_XL.jpg.webp?itok=KMWElEZx -> scoop_bar_Bar_stool__4874\image_15.jpg
Starting download with Playwright: https://live-brunner.pantheonsite.io/sites/default/files/styles/sm/public/oldImages/115589_Brunner_wave_light_3570_scoop_4802_4812_banc_BC-H40_soop_bar_4872_RGB_HD_XL.jpg.webp?itok=xQB12Jqf
Finished download: https://live-brunner.pantheonsite.io/sites/default/files/styles/sm/public/oldImages/115589_Brunner_wave_light_3570_scoop_4802_4812_banc_BC-H40_soop_bar_4872_RGB_HD_XL.jpg.webp?itok=xQB12Jqf -> scoop_bar_Bar_stool__4874\image_16.jpg
Starting download with Playwright: https://live-brunner.pantheonsite.io/sites/default/files/styles/lg/public/oldImages/115589_Brunner_wave_light_3570_scoop_4802_4812_banc_BC-H40_soop_bar_4872_RGB_HD_XL.jpg.webp?itok=O8G3RRTt
Finished download: https://live-brunner.pantheonsite.io/sites/default/files/styles/lg/public/oldImages/115589_Brunner_wave_light_3570_scoop_4802_4812_banc_BC-H40_soop_bar_4872_RGB_HD_XL.jpg.webp?itok=O8G3RRTt -> scoop_bar_Bar_stool__4874\image_17.jpg
Starting download with Playwright: https://live-brunner.pantheonsite.io/sites/default/files/styles/original_webp/public/oldImages/115589_Brunner_wave_light_3570_scoop_4802_4812_banc_BC-H40_soop_bar_4872_RGB_HD_XL.jpg.webp?itok=-ZqAOcyk
Finished download: https://live-brunner.pantheonsite.io/sites/default/files/styles/original_webp/public/oldImages/115589_Brunner_wave_light_3570_scoop_4802_4812_banc_BC-H40_soop_bar_4872_RGB_HD_XL.jpg.webp?itok=-ZqAOcyk -> scoop_bar_Bar_stool__4874\image_18.jpg
Starting download with Playwright: https://live-brunner.pantheonsite.io/sites/default/files/styles/sm/public/oldImages/115491_Brunner_wave_light_3570_3550_scoop_4804_4814_banc_BC-H40_scoop_bar_4874_RGB_HD_XL.jpg.webp?itok=-CuDor8B
Finished download: https://live-brunner.pantheonsite.io/sites/default/files/styles/sm/public/oldImages/115491_Brunner_wave_light_3570_3550_scoop_4804_4814_banc_BC-H40_scoop_bar_4874_RGB_HD_XL.jpg.webp?itok=-CuDor8B -> scoop_bar_Bar_stool__4874\image_19.jpg
Starting download with Playwright: https://live-brunner.pantheonsite.io/sites/default/files/styles/lg/public/oldImages/115491_Brunner_wave_light_3570_3550_scoop_4804_4814_banc_BC-H40_scoop_bar_4874_RGB_HD_XL.jpg.webp?itok=tvMxgtnZ
Finished download: https://live-brunner.pantheonsite.io/sites/default/files/styles/lg/public/oldImages/115491_Brunner_wave_light_3570_3550_scoop_4804_4814_banc_BC-H40_scoop_bar_4874_RGB_HD_XL.jpg.webp?itok=tvMxgtnZ -> scoop_bar_Bar_stool__4874\image_20.jpg
Starting download with Playwright: https://live-brunner.pantheonsite.io/sites/default/files/styles/original_webp/public/oldImages/115491_Brunner_wave_light_3570_3550_scoop_4804_4814_banc_BC-H40_scoop_bar_4874_RGB_HD_XL.jpg.webp?itok=MJfh4Ghw
Finished download: https://live-brunner.pantheonsite.io/sites/default/files/styles/original_webp/public/oldImages/115491_Brunner_wave_light_3570_3550_scoop_4804_4814_banc_BC-H40_scoop_bar_4874_RGB_HD_XL.jpg.webp?itok=MJfh4Ghw -> scoop_bar_Bar_stool__4874\image_21.jpg
Starting download with Playwright: https://live-brunner.pantheonsite.io/sites/default/files/styles/sm/public/oldImages/115494_Brunner_wave_light_3570_scoop_4812_RGB_HD_XL.jpg.webp?itok=wPl4rRpz
Finished download: https://live-brunner.pantheonsite.io/sites/default/files/styles/sm/public/oldImages/115494_Brunner_wave_light_3570_scoop_4812_RGB_HD_XL.jpg.webp?itok=wPl4rRpz -> scoop_bar_Bar_stool__4874\image_22.jpg
Starting download with Playwright: https://live-brunner.pantheonsite.io/sites/default/files/styles/lg/public/oldImages/115494_Brunner_wave_light_3570_scoop_4812_RGB_HD_XL.jpg.webp?itok=065BbB8u
Finished download: https://live-brunner.pantheonsite.io/sites/default/files/styles/lg/public/oldImages/115494_Brunner_wave_light_3570_scoop_4812_RGB_HD_XL.jpg.webp?itok=065BbB8u -> scoop_bar_Bar_stool__4874\image_23.jpg
Starting download with Playwright: https://live-brunner.pantheonsite.io/sites/default/files/styles/original_webp/public/oldImages/115494_Brunner_wave_light_3570_scoop_4812_RGB_HD_XL.jpg.webp?itok=F21MEqcA
Finished download: https://live-brunner.pantheonsite.io/sites/default/files/styles/original_webp/public/oldImages/115494_Brunner_wave_light_3570_scoop_4812_RGB_HD_XL.jpg.webp?itok=F21MEqcA -> scoop_bar_Bar_stool__4874\image_24.jpg
Starting download with Playwright: https://live-brunner.pantheonsite.io/sites/default/files/styles/sm/public/oldImages/115487_Brunner_scoop_bar_4872_03_HD_XL.jpg.webp?itok=NvWPSxqQ
Finished download: https://live-brunner.pantheonsite.io/sites/default/files/styles/sm/public/oldImages/115487_Brunner_scoop_bar_4872_03_HD_XL.jpg.webp?itok=NvWPSxqQ -> scoop_bar_Bar_stool__4874\image_25.jpg
Starting download with Playwright: https://live-brunner.pantheonsite.io/sites/default/files/styles/lg/public/oldImages/115487_Brunner_scoop_bar_4872_03_HD_XL.jpg.webp?itok=9O0-2p_D
Finished download: https://live-brunner.pantheonsite.io/sites/default/files/styles/lg/public/oldImages/115487_Brunner_scoop_bar_4872_03_HD_XL.jpg.webp?itok=9O0-2p_D -> scoop_bar_Bar_stool__4874\image_26.jpg
Starting download with Playwright: https://live-brunner.pantheonsite.io/sites/default/files/styles/original_webp/public/oldImages/115487_Brunner_scoop_bar_4872_03_HD_XL.jpg.webp?itok=LTmPlfW8
Finished download: https://live-brunner.pantheonsite.io/sites/default/files/styles/original_webp/public/oldImages/115487_Brunner_scoop_bar_4872_03_HD_XL.jpg.webp?itok=LTmPlfW8 -> scoop_bar_Bar_stool__4874\image_27.jpg
Completed image downloads for product scoop_bar_Bar_stool__4874
Extracting features for product scoop_bar_Bar_stool__4874...
Features saved for product scoop_bar_Bar_stool__4874
Attempting to access Downloads tab for product scoop_bar_Bar_stool__4874...
Starting download of PDF: https://live-brunner.pantheonsite.io/sites/default/files/oldPdfs/Produktdatenblaetter/Produktdatenblaetter_EN/Brunner_product_data_sheet_scoop_bar_EN.pdf
Downloaded product_sheet.pdf for product scoop_bar_Bar_stool__4874
Opening URL for product sonato_stacking_chair_8524: https://brunner-group.com/en/products/sonato-stacking-chair/?variant=8524
[Info] No images detected for product sonato_stacking_chair_8524, skipping image extraction step.
Successfully opened URL for product sonato_stacking_chair_8524
Extracting images for product sonato_stacking_chair_8524...
[Info] No images found for product sonato_stacking_chair_8524, skipping download step.
Extracting features for product sonato_stacking_chair_8524...
Features saved for product sonato_stacking_chair_8524
Attempting to access Downloads tab for product sonato_stacking_chair_8524...
Starting download of PDF: https://live-brunner.pantheonsite.io/sites/default/files/oldPdfs/Produktdatenblaetter/Produktdatenblaetter_EN/sonato_Brunner_product_data_sheet_EN.pdf
Downloaded product_sheet.pdf for product sonato_stacking_chair_8524
Opening URL for product sonato_high-back_chair_8534: https://brunner-group.com/en/products/sonato-high-back-chair/?variant=8534
[Info] No images detected for product sonato_high-back_chair_8534, skipping image extraction step.
Successfully opened URL for product sonato_high-back_chair_8534
Extracting images for product sonato_high-back_chair_8534...
[Info] No images found for product sonato_high-back_chair_8534, skipping download step.
Extracting features for product sonato_high-back_chair_8534...
Features saved for product sonato_high-back_chair_8534
Attempting to access Downloads tab for product sonato_high-back_chair_8534...
Starting download of PDF: https://live-brunner.pantheonsite.io/sites/default/files/oldPdfs/Produktdatenblaetter/Produktdatenblaetter_EN/sonato_Brunner_product_data_sheet_EN.pdf
Downloaded product_sheet.pdf for product sonato_high-back_chair_8534
Opening URL for product sonato_seating_8541: https://brunner-group.com/en/products/sonato-seating-0/?variant=8541
[Info] No images detected for product sonato_seating_8541, skipping image extraction step.
Successfully opened URL for product sonato_seating_8541
Extracting images for product sonato_seating_8541...
[Info] No images found for product sonato_seating_8541, skipping download step.
Extracting features for product sonato_seating_8541...
Features saved for product sonato_seating_8541
Attempting to access Downloads tab for product sonato_seating_8541...
Starting download of PDF: https://live-brunner.pantheonsite.io/sites/default/files/oldPdfs/Produktdatenblaetter/Produktdatenblaetter_EN/sonato_Brunner_product_data_sheet_EN.pdf
Downloaded product_sheet.pdf for product sonato_seating_8541
Opening URL for product taceo_seating_8331: https://brunner-group.com/en/products/taceo-seating/?variant=8331
[Info] No images detected for product taceo_seating_8331, skipping image extraction step.
Successfully opened URL for product taceo_seating_8331
Extracting images for product taceo_seating_8331...
[Info] No images found for product taceo_seating_8331, skipping download step.
Extracting features for product taceo_seating_8331...
Features saved for product taceo_seating_8331
Attempting to access Downloads tab for product taceo_seating_8331...
Starting download of PDF: https://live-brunner.pantheonsite.io/sites/default/files/oldPdfs/Produktdatenblaetter/Produktdatenblaetter_EN/taceo_Brunner_Produktblatt_EN.pdf
Downloaded product_sheet.pdf for product taceo_seating_8331
Opening URL for product taceo_reclining_chair_8356: https://brunner-group.com/en/products/taceo-reclining-chair/?variant=8356
Images detected on page for taceo_reclining_chair_8356, scrolling to load them...
Successfully opened URL for product taceo_reclining_chair_8356
Extracting images for product taceo_reclining_chair_8356...
Found 12 images for product taceo_reclining_chair_8356
Starting download with Playwright: https://live-brunner.pantheonsite.io/sites/default/files/styles/sm/public/oldImages/113791_Brunner_Erich-Baehner-Haus_Marquardt_26_HD_XL.jpg.webp?itok=hsiMlAsX
Finished download: https://live-brunner.pantheonsite.io/sites/default/files/styles/sm/public/oldImages/113791_Brunner_Erich-Baehner-Haus_Marquardt_26_HD_XL.jpg.webp?itok=hsiMlAsX -> taceo_reclining_chair_8356\image_1.jpg
Starting download with Playwright: https://live-brunner.pantheonsite.io/sites/default/files/styles/lg/public/oldImages/113791_Brunner_Erich-Baehner-Haus_Marquardt_26_HD_XL.jpg.webp?itok=OKE6YjgY
Finished download: https://live-brunner.pantheonsite.io/sites/default/files/styles/lg/public/oldImages/113791_Brunner_Erich-Baehner-Haus_Marquardt_26_HD_XL.jpg.webp?itok=OKE6YjgY -> taceo_reclining_chair_8356\image_2.jpg
Starting download with Playwright: https://live-brunner.pantheonsite.io/sites/default/files/styles/original_webp/public/oldImages/113791_Brunner_Erich-Baehner-Haus_Marquardt_26_HD_XL.jpg.webp?itok=mjqMN0Se
Finished download: https://live-brunner.pantheonsite.io/sites/default/files/styles/original_webp/public/oldImages/113791_Brunner_Erich-Baehner-Haus_Marquardt_26_HD_XL.jpg.webp?itok=mjqMN0Se -> taceo_reclining_chair_8356\image_3.jpg
Starting download with Playwright: https://live-brunner.pantheonsite.io/sites/default/files/styles/sm/public/oldImages/113794_Brunner_taceo_8322A_8361_8362_8356_8381_HD_XL.jpg.webp?itok=iUS3EgLg
Finished download: https://live-brunner.pantheonsite.io/sites/default/files/styles/sm/public/oldImages/113794_Brunner_taceo_8322A_8361_8362_8356_8381_HD_XL.jpg.webp?itok=iUS3EgLg -> taceo_reclining_chair_8356\image_4.jpg
Starting download with Playwright: https://live-brunner.pantheonsite.io/sites/default/files/styles/lg/public/oldImages/113794_Brunner_taceo_8322A_8361_8362_8356_8381_HD_XL.jpg.webp?itok=Ewnv2w_j
Finished download: https://live-brunner.pantheonsite.io/sites/default/files/styles/lg/public/oldImages/113794_Brunner_taceo_8322A_8361_8362_8356_8381_HD_XL.jpg.webp?itok=Ewnv2w_j -> taceo_reclining_chair_8356\image_5.jpg
Starting download with Playwright: https://live-brunner.pantheonsite.io/sites/default/files/styles/original_webp/public/oldImages/113794_Brunner_taceo_8322A_8361_8362_8356_8381_HD_XL.jpg.webp?itok=8Lum2st8
Finished download: https://live-brunner.pantheonsite.io/sites/default/files/styles/original_webp/public/oldImages/113794_Brunner_taceo_8322A_8361_8362_8356_8381_HD_XL.jpg.webp?itok=8Lum2st8 -> taceo_reclining_chair_8356\image_6.jpg
Starting download with Playwright: https://live-brunner.pantheonsite.io/sites/default/files/styles/sm/public/oldImages/113799_Brunner_EMS_Le_Ch%C3%AAne_Gfeller_07_HD_XL.jpg.webp?itok=ZOnMy70p
Finished download: https://live-brunner.pantheonsite.io/sites/default/files/styles/sm/public/oldImages/113799_Brunner_EMS_Le_Ch%C3%AAne_Gfeller_07_HD_XL.jpg.webp?itok=ZOnMy70p -> taceo_reclining_chair_8356\image_7.jpg
Starting download with Playwright: https://live-brunner.pantheonsite.io/sites/default/files/styles/lg/public/oldImages/113799_Brunner_EMS_Le_Ch%C3%AAne_Gfeller_07_HD_XL.jpg.webp?itok=VSJlQfY7
Finished download: https://live-brunner.pantheonsite.io/sites/default/files/styles/lg/public/oldImages/113799_Brunner_EMS_Le_Ch%C3%AAne_Gfeller_07_HD_XL.jpg.webp?itok=VSJlQfY7 -> taceo_reclining_chair_8356\image_8.jpg
Starting download with Playwright: https://live-brunner.pantheonsite.io/sites/default/files/styles/original_webp/public/oldImages/113799_Brunner_EMS_Le_Ch%C3%AAne_Gfeller_07_HD_XL.jpg.webp?itok=_MortSYs
Finished download: https://live-brunner.pantheonsite.io/sites/default/files/styles/original_webp/public/oldImages/113799_Brunner_EMS_Le_Ch%C3%AAne_Gfeller_07_HD_XL.jpg.webp?itok=_MortSYs -> taceo_reclining_chair_8356\image_9.jpg
Starting download with Playwright: https://live-brunner.pantheonsite.io/sites/default/files/styles/sm/public/oldImages/113798_Brunner_EMS_Le_Ch%C3%AAne_Gfeller_05_HD_XL.jpg.webp?itok=CY-_8XRF
Finished download: https://live-brunner.pantheonsite.io/sites/default/files/styles/sm/public/oldImages/113798_Brunner_EMS_Le_Ch%C3%AAne_Gfeller_05_HD_XL.jpg.webp?itok=CY-_8XRF -> taceo_reclining_chair_8356\image_10.jpg
Starting download with Playwright: https://live-brunner.pantheonsite.io/sites/default/files/styles/lg/public/oldImages/113798_Brunner_EMS_Le_Ch%C3%AAne_Gfeller_05_HD_XL.jpg.webp?itok=AzzNIx9b
Finished download: https://live-brunner.pantheonsite.io/sites/default/files/styles/lg/public/oldImages/113798_Brunner_EMS_Le_Ch%C3%AAne_Gfeller_05_HD_XL.jpg.webp?itok=AzzNIx9b -> taceo_reclining_chair_8356\image_11.jpg
Starting download with Playwright: https://live-brunner.pantheonsite.io/sites/default/files/styles/original_webp/public/oldImages/113798_Brunner_EMS_Le_Ch%C3%AAne_Gfeller_05_HD_XL.jpg.webp?itok=PUPF4lWh
Finished download: https://live-brunner.pantheonsite.io/sites/default/files/styles/original_webp/public/oldImages/113798_Brunner_EMS_Le_Ch%C3%AAne_Gfeller_05_HD_XL.jpg.webp?itok=PUPF4lWh -> taceo_reclining_chair_8356\image_12.jpg
Completed image downloads for product taceo_reclining_chair_8356
Extracting features for product taceo_reclining_chair_8356...
Features saved for product taceo_reclining_chair_8356
Attempting to access Downloads tab for product taceo_reclining_chair_8356...
Starting download of PDF: https://live-brunner.pantheonsite.io/sites/default/files/oldPdfs/Produktdatenblaetter/Produktdatenblaetter_EN/taceo_Brunner_Produktblatt_EN.pdf
Downloaded product_sheet.pdf for product taceo_reclining_chair_8356
Opening URL for product taceo_lounge_furniture_8361: https://brunner-group.com/en/products/taceo-lounge-furniture-0/?variant=8361
Images detected on page for taceo_lounge_furniture_8361, scrolling to load them...
Successfully opened URL for product taceo_lounge_furniture_8361
Extracting images for product taceo_lounge_furniture_8361...
Found 9 images for product taceo_lounge_furniture_8361
Starting download with Playwright: https://live-brunner.pantheonsite.io/sites/default/files/styles/sm/public/oldImages/113794_Brunner_taceo_8322A_8361_8362_8356_8381_HD_XL.jpg.webp?itok=iUS3EgLg
Finished download: https://live-brunner.pantheonsite.io/sites/default/files/styles/sm/public/oldImages/113794_Brunner_taceo_8322A_8361_8362_8356_8381_HD_XL.jpg.webp?itok=iUS3EgLg -> taceo_lounge_furniture_8361\image_1.jpg
Starting download with Playwright: https://live-brunner.pantheonsite.io/sites/default/files/styles/lg/public/oldImages/113794_Brunner_taceo_8322A_8361_8362_8356_8381_HD_XL.jpg.webp?itok=Ewnv2w_j
Finished download: https://live-brunner.pantheonsite.io/sites/default/files/styles/lg/public/oldImages/113794_Brunner_taceo_8322A_8361_8362_8356_8381_HD_XL.jpg.webp?itok=Ewnv2w_j -> taceo_lounge_furniture_8361\image_2.jpg
Starting download with Playwright: https://live-brunner.pantheonsite.io/sites/default/files/styles/original_webp/public/oldImages/113794_Brunner_taceo_8322A_8361_8362_8356_8381_HD_XL.jpg.webp?itok=8Lum2st8
Finished download: https://live-brunner.pantheonsite.io/sites/default/files/styles/original_webp/public/oldImages/113794_Brunner_taceo_8322A_8361_8362_8356_8381_HD_XL.jpg.webp?itok=8Lum2st8 -> taceo_lounge_furniture_8361\image_3.jpg
Starting download with Playwright: https://live-brunner.pantheonsite.io/sites/default/files/styles/sm/public/oldImages/113796_Brunner_taceo_8361AN_8362AN_8381_1_HD_XL.jpg.webp?itok=-Ez75vbw
Finished download: https://live-brunner.pantheonsite.io/sites/default/files/styles/sm/public/oldImages/113796_Brunner_taceo_8361AN_8362AN_8381_1_HD_XL.jpg.webp?itok=-Ez75vbw -> taceo_lounge_furniture_8361\image_4.jpg
Starting download with Playwright: https://live-brunner.pantheonsite.io/sites/default/files/styles/lg/public/oldImages/113796_Brunner_taceo_8361AN_8362AN_8381_1_HD_XL.jpg.webp?itok=hZqxV_pN
Finished download: https://live-brunner.pantheonsite.io/sites/default/files/styles/lg/public/oldImages/113796_Brunner_taceo_8361AN_8362AN_8381_1_HD_XL.jpg.webp?itok=hZqxV_pN -> taceo_lounge_furniture_8361\image_5.jpg
Starting download with Playwright: https://live-brunner.pantheonsite.io/sites/default/files/styles/original_webp/public/oldImages/113796_Brunner_taceo_8361AN_8362AN_8381_1_HD_XL.jpg.webp?itok=e-KhYqC_
Finished download: https://live-brunner.pantheonsite.io/sites/default/files/styles/original_webp/public/oldImages/113796_Brunner_taceo_8361AN_8362AN_8381_1_HD_XL.jpg.webp?itok=e-KhYqC_ -> taceo_lounge_furniture_8361\image_6.jpg
Starting download with Playwright: https://live-brunner.pantheonsite.io/sites/default/files/styles/sm/public/oldImages/113793_Brunner_taceo_8312AB_8362_8381_HD_XL.jpg.webp?itok=-E5snbi2
Finished download: https://live-brunner.pantheonsite.io/sites/default/files/styles/sm/public/oldImages/113793_Brunner_taceo_8312AB_8362_8381_HD_XL.jpg.webp?itok=-E5snbi2 -> taceo_lounge_furniture_8361\image_7.jpg
Starting download with Playwright: https://live-brunner.pantheonsite.io/sites/default/files/styles/lg/public/oldImages/113793_Brunner_taceo_8312AB_8362_8381_HD_XL.jpg.webp?itok=eaEzTJ28
Finished download: https://live-brunner.pantheonsite.io/sites/default/files/styles/lg/public/oldImages/113793_Brunner_taceo_8312AB_8362_8381_HD_XL.jpg.webp?itok=eaEzTJ28 -> taceo_lounge_furniture_8361\image_8.jpg
Starting download with Playwright: https://live-brunner.pantheonsite.io/sites/default/files/styles/original_webp/public/oldImages/113793_Brunner_taceo_8312AB_8362_8381_HD_XL.jpg.webp?itok=_HdgRqFQ
Finished download: https://live-brunner.pantheonsite.io/sites/default/files/styles/original_webp/public/oldImages/113793_Brunner_taceo_8312AB_8362_8381_HD_XL.jpg.webp?itok=_HdgRqFQ -> taceo_lounge_furniture_8361\image_9.jpg
Completed image downloads for product taceo_lounge_furniture_8361
Extracting features for product taceo_lounge_furniture_8361...
Features saved for product taceo_lounge_furniture_8361
Attempting to access Downloads tab for product taceo_lounge_furniture_8361...
Starting download of PDF: https://live-brunner.pantheonsite.io/sites/default/files/oldPdfs/Produktdatenblaetter/Produktdatenblaetter_EN/taceo_Brunner_Produktblatt_EN.pdf
Downloaded product_sheet.pdf for product taceo_lounge_furniture_8361
Opening URL for product timber_Bench_TI400: https://brunner-group.com/en/products/timber-bench/?variant=TI400
Images detected on page for timber_Bench_TI400, scrolling to load them...
Successfully opened URL for product timber_Bench_TI400
Extracting images for product timber_Bench_TI400...
Found 18 images for product timber_Bench_TI400
Starting download with Playwright: https://live-brunner.pantheonsite.io/sites/default/files/styles/sm/public/oldImages/43160_timber_TI500_BRUNNER_Location-Mittweida_578_XL.jpg.webp?itok=M8iswMwp
Finished download: https://live-brunner.pantheonsite.io/sites/default/files/styles/sm/public/oldImages/43160_timber_TI500_BRUNNER_Location-Mittweida_578_XL.jpg.webp?itok=M8iswMwp -> timber_Bench_TI400\image_1.jpg
Starting download with Playwright: https://live-brunner.pantheonsite.io/sites/default/files/styles/lg/public/oldImages/43160_timber_TI500_BRUNNER_Location-Mittweida_578_XL.jpg.webp?itok=Z5qtKhUd
Finished download: https://live-brunner.pantheonsite.io/sites/default/files/styles/lg/public/oldImages/43160_timber_TI500_BRUNNER_Location-Mittweida_578_XL.jpg.webp?itok=Z5qtKhUd -> timber_Bench_TI400\image_2.jpg
Starting download with Playwright: https://live-brunner.pantheonsite.io/sites/default/files/styles/original_webp/public/oldImages/43160_timber_TI500_BRUNNER_Location-Mittweida_578_XL.jpg.webp?itok=DItHe2f6
Finished download: https://live-brunner.pantheonsite.io/sites/default/files/styles/original_webp/public/oldImages/43160_timber_TI500_BRUNNER_Location-Mittweida_578_XL.jpg.webp?itok=DItHe2f6 -> timber_Bench_TI400\image_3.jpg
Starting download with Playwright: https://live-brunner.pantheonsite.io/sites/default/files/styles/sm/public/oldImages/97735_Brunner_timber_TI400_A_Polster_HD_XL.jpg.webp?itok=t4E8sGPV
Finished download: https://live-brunner.pantheonsite.io/sites/default/files/styles/sm/public/oldImages/97735_Brunner_timber_TI400_A_Polster_HD_XL.jpg.webp?itok=t4E8sGPV -> timber_Bench_TI400\image_4.jpg
Starting download with Playwright: https://live-brunner.pantheonsite.io/sites/default/files/styles/lg/public/oldImages/97735_Brunner_timber_TI400_A_Polster_HD_XL.jpg.webp?itok=K1XBLUeh
Finished download: https://live-brunner.pantheonsite.io/sites/default/files/styles/lg/public/oldImages/97735_Brunner_timber_TI400_A_Polster_HD_XL.jpg.webp?itok=K1XBLUeh -> timber_Bench_TI400\image_5.jpg
Starting download with Playwright: https://live-brunner.pantheonsite.io/sites/default/files/styles/original_webp/public/oldImages/97735_Brunner_timber_TI400_A_Polster_HD_XL.jpg.webp?itok=hzRSdPwQ
Finished download: https://live-brunner.pantheonsite.io/sites/default/files/styles/original_webp/public/oldImages/97735_Brunner_timber_TI400_A_Polster_HD_XL.jpg.webp?itok=hzRSdPwQ -> timber_Bench_TI400\image_6.jpg
Starting download with Playwright: https://live-brunner.pantheonsite.io/sites/default/files/styles/sm/public/oldImages/43161_timber_TI500_BRUNNER_Location-Mittweida_584_XL.jpg.webp?itok=itOa0FZK
Finished download: https://live-brunner.pantheonsite.io/sites/default/files/styles/sm/public/oldImages/43161_timber_TI500_BRUNNER_Location-Mittweida_584_XL.jpg.webp?itok=itOa0FZK -> timber_Bench_TI400\image_7.jpg
Starting download with Playwright: https://live-brunner.pantheonsite.io/sites/default/files/styles/lg/public/oldImages/43161_timber_TI500_BRUNNER_Location-Mittweida_584_XL.jpg.webp?itok=FRt2plz-
Finished download: https://live-brunner.pantheonsite.io/sites/default/files/styles/lg/public/oldImages/43161_timber_TI500_BRUNNER_Location-Mittweida_584_XL.jpg.webp?itok=FRt2plz- -> timber_Bench_TI400\image_8.jpg
Starting download with Playwright: https://live-brunner.pantheonsite.io/sites/default/files/styles/original_webp/public/oldImages/43161_timber_TI500_BRUNNER_Location-Mittweida_584_XL.jpg.webp?itok=4HiWBdFw
Finished download: https://live-brunner.pantheonsite.io/sites/default/files/styles/original_webp/public/oldImages/43161_timber_TI500_BRUNNER_Location-Mittweida_584_XL.jpg.webp?itok=4HiWBdFw -> timber_Bench_TI400\image_9.jpg
Starting download with Playwright: https://live-brunner.pantheonsite.io/sites/default/files/styles/sm/public/oldImages/43135_timber_TI500_BRUNNER_Location-Mittweida_282_XL.jpg.webp?itok=4IAGSpm4
Finished download: https://live-brunner.pantheonsite.io/sites/default/files/styles/sm/public/oldImages/43135_timber_TI500_BRUNNER_Location-Mittweida_282_XL.jpg.webp?itok=4IAGSpm4 -> timber_Bench_TI400\image_10.jpg
Starting download with Playwright: https://live-brunner.pantheonsite.io/sites/default/files/styles/lg/public/oldImages/43135_timber_TI500_BRUNNER_Location-Mittweida_282_XL.jpg.webp?itok=-_P__nlS
Finished download: https://live-brunner.pantheonsite.io/sites/default/files/styles/lg/public/oldImages/43135_timber_TI500_BRUNNER_Location-Mittweida_282_XL.jpg.webp?itok=-_P__nlS -> timber_Bench_TI400\image_11.jpg
Starting download with Playwright: https://live-brunner.pantheonsite.io/sites/default/files/styles/original_webp/public/oldImages/43135_timber_TI500_BRUNNER_Location-Mittweida_282_XL.jpg.webp?itok=H4rirm87
Finished download: https://live-brunner.pantheonsite.io/sites/default/files/styles/original_webp/public/oldImages/43135_timber_TI500_BRUNNER_Location-Mittweida_282_XL.jpg.webp?itok=H4rirm87 -> timber_Bench_TI400\image_12.jpg
Starting download with Playwright: https://live-brunner.pantheonsite.io/sites/default/files/styles/sm/public/oldImages/43125_timber_TI400_BRUNNER_Location-Mittweida_148_XL.jpg.webp?itok=zdVQPbo8
Finished download: https://live-brunner.pantheonsite.io/sites/default/files/styles/sm/public/oldImages/43125_timber_TI400_BRUNNER_Location-Mittweida_148_XL.jpg.webp?itok=zdVQPbo8 -> timber_Bench_TI400\image_13.jpg
Starting download with Playwright: https://live-brunner.pantheonsite.io/sites/default/files/styles/lg/public/oldImages/43125_timber_TI400_BRUNNER_Location-Mittweida_148_XL.jpg.webp?itok=Xh6Qpdp-
Finished download: https://live-brunner.pantheonsite.io/sites/default/files/styles/lg/public/oldImages/43125_timber_TI400_BRUNNER_Location-Mittweida_148_XL.jpg.webp?itok=Xh6Qpdp- -> timber_Bench_TI400\image_14.jpg
Starting download with Playwright: https://live-brunner.pantheonsite.io/sites/default/files/styles/original_webp/public/oldImages/43125_timber_TI400_BRUNNER_Location-Mittweida_148_XL.jpg.webp?itok=VabniewH
Finished download: https://live-brunner.pantheonsite.io/sites/default/files/styles/original_webp/public/oldImages/43125_timber_TI400_BRUNNER_Location-Mittweida_148_XL.jpg.webp?itok=VabniewH -> timber_Bench_TI400\image_15.jpg
Starting download with Playwright: https://live-brunner.pantheonsite.io/sites/default/files/styles/sm/public/oldImages/43127_timber_TI400_BRUNNER_Location-Mittweida_160_XL.jpg.webp?itok=x6KVe4m7
Finished download: https://live-brunner.pantheonsite.io/sites/default/files/styles/sm/public/oldImages/43127_timber_TI400_BRUNNER_Location-Mittweida_160_XL.jpg.webp?itok=x6KVe4m7 -> timber_Bench_TI400\image_16.jpg
Starting download with Playwright: https://live-brunner.pantheonsite.io/sites/default/files/styles/lg/public/oldImages/43127_timber_TI400_BRUNNER_Location-Mittweida_160_XL.jpg.webp?itok=RQl1m_3s
Finished download: https://live-brunner.pantheonsite.io/sites/default/files/styles/lg/public/oldImages/43127_timber_TI400_BRUNNER_Location-Mittweida_160_XL.jpg.webp?itok=RQl1m_3s -> timber_Bench_TI400\image_17.jpg
Starting download with Playwright: https://live-brunner.pantheonsite.io/sites/default/files/styles/original_webp/public/oldImages/43127_timber_TI400_BRUNNER_Location-Mittweida_160_XL.jpg.webp?itok=tNVlLqER
Finished download: https://live-brunner.pantheonsite.io/sites/default/files/styles/original_webp/public/oldImages/43127_timber_TI400_BRUNNER_Location-Mittweida_160_XL.jpg.webp?itok=tNVlLqER -> timber_Bench_TI400\image_18.jpg
Completed image downloads for product timber_Bench_TI400
Extracting features for product timber_Bench_TI400...
Features saved for product timber_Bench_TI400
Attempting to access Downloads tab for product timber_Bench_TI400...
Starting download of PDF: https://live-brunner.pantheonsite.io/sites/default/files/oldPdfs/Produktdatenblaetter/Produktdatenblaetter_EN/timber_Brunner_product_data_sheet_EN.pdf
[PDF Download] Failed for product timber_Bench_TI400: HTTP status 404
Opening URL for product too_Swivel_chair_152: https://brunner-group.com/en/products/too-swivel-chair/?variant=152
Images detected on page for too_Swivel_chair_152, scrolling to load them...
Successfully opened URL for product too_Swivel_chair_152
Extracting images for product too_Swivel_chair_152...
Found 12 images for product too_Swivel_chair_152
Starting download with Playwright: https://live-brunner.pantheonsite.io/sites/default/files/styles/sm/public/oldImages/111703_Brunner_too_152_4more_2920_01_HD_XL.jpg.webp?itok=KZy3kCbO
Finished download: https://live-brunner.pantheonsite.io/sites/default/files/styles/sm/public/oldImages/111703_Brunner_too_152_4more_2920_01_HD_XL.jpg.webp?itok=KZy3kCbO -> too_Swivel_chair_152\image_1.jpg
Starting download with Playwright: https://live-brunner.pantheonsite.io/sites/default/files/styles/lg/public/oldImages/111703_Brunner_too_152_4more_2920_01_HD_XL.jpg.webp?itok=uX37mDJg
Finished download: https://live-brunner.pantheonsite.io/sites/default/files/styles/lg/public/oldImages/111703_Brunner_too_152_4more_2920_01_HD_XL.jpg.webp?itok=uX37mDJg -> too_Swivel_chair_152\image_2.jpg
Starting download with Playwright: https://live-brunner.pantheonsite.io/sites/default/files/styles/original_webp/public/oldImages/111703_Brunner_too_152_4more_2920_01_HD_XL.jpg.webp?itok=ICfr3CVB
Finished download: https://live-brunner.pantheonsite.io/sites/default/files/styles/original_webp/public/oldImages/111703_Brunner_too_152_4more_2920_01_HD_XL.jpg.webp?itok=ICfr3CVB -> too_Swivel_chair_152\image_3.jpg
Starting download with Playwright: https://live-brunner.pantheonsite.io/sites/default/files/styles/sm/public/oldImages/111704_Brunner_too_152_4more_2920_02_HD_XL.jpg.webp?itok=2VptLeTR
Finished download: https://live-brunner.pantheonsite.io/sites/default/files/styles/sm/public/oldImages/111704_Brunner_too_152_4more_2920_02_HD_XL.jpg.webp?itok=2VptLeTR -> too_Swivel_chair_152\image_4.jpg
Starting download with Playwright: https://live-brunner.pantheonsite.io/sites/default/files/styles/lg/public/oldImages/111704_Brunner_too_152_4more_2920_02_HD_XL.jpg.webp?itok=qeAWLK4-
Finished download: https://live-brunner.pantheonsite.io/sites/default/files/styles/lg/public/oldImages/111704_Brunner_too_152_4more_2920_02_HD_XL.jpg.webp?itok=qeAWLK4- -> too_Swivel_chair_152\image_5.jpg
Starting download with Playwright: https://live-brunner.pantheonsite.io/sites/default/files/styles/original_webp/public/oldImages/111704_Brunner_too_152_4more_2920_02_HD_XL.jpg.webp?itok=6Tg3I8lE
Finished download: https://live-brunner.pantheonsite.io/sites/default/files/styles/original_webp/public/oldImages/111704_Brunner_too_152_4more_2920_02_HD_XL.jpg.webp?itok=6Tg3I8lE -> too_Swivel_chair_152\image_6.jpg
Starting download with Playwright: https://live-brunner.pantheonsite.io/sites/default/files/styles/sm/public/oldImages/111701_Brunner_too_152_Detail_02_HD_XL.jpg.webp?itok=e0cEvWu4
Finished download: https://live-brunner.pantheonsite.io/sites/default/files/styles/sm/public/oldImages/111701_Brunner_too_152_Detail_02_HD_XL.jpg.webp?itok=e0cEvWu4 -> too_Swivel_chair_152\image_7.jpg
Starting download with Playwright: https://live-brunner.pantheonsite.io/sites/default/files/styles/lg/public/oldImages/111701_Brunner_too_152_Detail_02_HD_XL.jpg.webp?itok=fVMvQGKa
Finished download: https://live-brunner.pantheonsite.io/sites/default/files/styles/lg/public/oldImages/111701_Brunner_too_152_Detail_02_HD_XL.jpg.webp?itok=fVMvQGKa -> too_Swivel_chair_152\image_8.jpg
Starting download with Playwright: https://live-brunner.pantheonsite.io/sites/default/files/styles/original_webp/public/oldImages/111701_Brunner_too_152_Detail_02_HD_XL.jpg.webp?itok=ZUcQrR9n
Finished download: https://live-brunner.pantheonsite.io/sites/default/files/styles/original_webp/public/oldImages/111701_Brunner_too_152_Detail_02_HD_XL.jpg.webp?itok=ZUcQrR9n -> too_Swivel_chair_152\image_9.jpg
Starting download with Playwright: https://live-brunner.pantheonsite.io/sites/default/files/styles/sm/public/oldImages/111702_Brunner_too_152_01_HD_XL.jpg.webp?itok=v3O3R9q6
Finished download: https://live-brunner.pantheonsite.io/sites/default/files/styles/sm/public/oldImages/111702_Brunner_too_152_01_HD_XL.jpg.webp?itok=v3O3R9q6 -> too_Swivel_chair_152\image_10.jpg
Starting download with Playwright: https://live-brunner.pantheonsite.io/sites/default/files/styles/lg/public/oldImages/111702_Brunner_too_152_01_HD_XL.jpg.webp?itok=iNkVC7Sd
Finished download: https://live-brunner.pantheonsite.io/sites/default/files/styles/lg/public/oldImages/111702_Brunner_too_152_01_HD_XL.jpg.webp?itok=iNkVC7Sd -> too_Swivel_chair_152\image_11.jpg
Starting download with Playwright: https://live-brunner.pantheonsite.io/sites/default/files/styles/original_webp/public/oldImages/111702_Brunner_too_152_01_HD_XL.jpg.webp?itok=kwZ6_T-O
Finished download: https://live-brunner.pantheonsite.io/sites/default/files/styles/original_webp/public/oldImages/111702_Brunner_too_152_01_HD_XL.jpg.webp?itok=kwZ6_T-O -> too_Swivel_chair_152\image_12.jpg
Completed image downloads for product too_Swivel_chair_152
Extracting features for product too_Swivel_chair_152...
Features saved for product too_Swivel_chair_152
Attempting to access Downloads tab for product too_Swivel_chair_152...
Starting download of PDF: https://live-brunner.pantheonsite.io/sites/default/files/oldPdfs/Produktdatenblaetter/Produktdatenblaetter_EN/too_Brunner_product_data_sheet_EN.pdf
Downloaded product_sheet.pdf for product too_Swivel_chair_152
Opening URL for product too_2.0_swivel_chair_with_mesh_back_154: https://brunner-group.com/en/products/too-20-swivel-chair-with-mesh-back/?variant=154
[Info] No images detected for product too_2.0_swivel_chair_with_mesh_back_154, skipping image extraction step.
Successfully opened URL for product too_2.0_swivel_chair_with_mesh_back_154
Extracting images for product too_2.0_swivel_chair_with_mesh_back_154...
[Info] No images found for product too_2.0_swivel_chair_with_mesh_back_154, skipping download step.
Extracting features for product too_2.0_swivel_chair_with_mesh_back_154...
Features saved for product too_2.0_swivel_chair_with_mesh_back_154
Attempting to access Downloads tab for product too_2.0_swivel_chair_with_mesh_back_154...
Starting download of PDF: https://live-brunner.pantheonsite.io/sites/default/files/oldPdfs/Produktdatenblaetter/Produktdatenblaetter_EN/too_2.0_Brunner_product_data_sheet_EN.pdf
Downloaded product_sheet.pdf for product too_2.0_swivel_chair_with_mesh_back_154
Opening URL for product too_2.0_visitor_chair_with_mesh_back__258: https://brunner-group.com/en/products/too-20-visitor-chair-with-mesh-back/?variant=258
[Info] No images detected for product too_2.0_visitor_chair_with_mesh_back__258, skipping image extraction step.
Successfully opened URL for product too_2.0_visitor_chair_with_mesh_back__258
Extracting images for product too_2.0_visitor_chair_with_mesh_back__258...
[Info] No images found for product too_2.0_visitor_chair_with_mesh_back__258, skipping download step.
Extracting features for product too_2.0_visitor_chair_with_mesh_back__258...
Features saved for product too_2.0_visitor_chair_with_mesh_back__258
Attempting to access Downloads tab for product too_2.0_visitor_chair_with_mesh_back__258...
Starting download of PDF: https://live-brunner.pantheonsite.io/sites/default/files/oldPdfs/Produktdatenblaetter/Produktdatenblaetter_EN/too_2.0_Brunner_product_data_sheet_EN.pdf
Downloaded product_sheet.pdf for product too_2.0_visitor_chair_with_mesh_back__258
Opening URL for product tool_2_Stacking_chair_1330: https://brunner-group.com/en/products/tool-2-stacking-chair/?variant=1330
Images detected on page for tool_2_Stacking_chair_1330, scrolling to load them...
Successfully opened URL for product tool_2_Stacking_chair_1330
Extracting images for product tool_2_Stacking_chair_1330...
Found 33 images for product tool_2_Stacking_chair_1330
Starting download with Playwright: https://live-brunner.pantheonsite.io/sites/default/files/styles/sm/public/oldImages/112780_tool2_1330A_50_lava_1920px_XL.jpg.webp?itok=zUYsdLvQ
Finished download: https://live-brunner.pantheonsite.io/sites/default/files/styles/sm/public/oldImages/112780_tool2_1330A_50_lava_1920px_XL.jpg.webp?itok=zUYsdLvQ -> tool_2_Stacking_chair_1330\image_1.jpg
Starting download with Playwright: https://live-brunner.pantheonsite.io/sites/default/files/styles/lg/public/oldImages/112780_tool2_1330A_50_lava_1920px_XL.jpg.webp?itok=Pcq22w_S
Finished download: https://live-brunner.pantheonsite.io/sites/default/files/styles/lg/public/oldImages/112780_tool2_1330A_50_lava_1920px_XL.jpg.webp?itok=Pcq22w_S -> tool_2_Stacking_chair_1330\image_2.jpg
Starting download with Playwright: https://live-brunner.pantheonsite.io/sites/default/files/styles/original_webp/public/oldImages/112780_tool2_1330A_50_lava_1920px_XL.jpg.webp?itok=9KFUCwRq
Finished download: https://live-brunner.pantheonsite.io/sites/default/files/styles/original_webp/public/oldImages/112780_tool2_1330A_50_lava_1920px_XL.jpg.webp?itok=9KFUCwRq -> tool_2_Stacking_chair_1330\image_3.jpg
Starting download with Playwright: https://live-brunner.pantheonsite.io/sites/default/files/styles/sm/public/oldImages/112963_1330_HD_XL.jpg.webp?itok=zaF21O0t
Finished download: https://live-brunner.pantheonsite.io/sites/default/files/styles/sm/public/oldImages/112963_1330_HD_XL.jpg.webp?itok=zaF21O0t -> tool_2_Stacking_chair_1330\image_4.jpg
Starting download with Playwright: https://live-brunner.pantheonsite.io/sites/default/files/styles/lg/public/oldImages/112963_1330_HD_XL.jpg.webp?itok=m4FjWaVN
Finished download: https://live-brunner.pantheonsite.io/sites/default/files/styles/lg/public/oldImages/112963_1330_HD_XL.jpg.webp?itok=m4FjWaVN -> tool_2_Stacking_chair_1330\image_5.jpg
Starting download with Playwright: https://live-brunner.pantheonsite.io/sites/default/files/styles/original_webp/public/oldImages/112963_1330_HD_XL.jpg.webp?itok=o2hvT-f6
Finished download: https://live-brunner.pantheonsite.io/sites/default/files/styles/original_webp/public/oldImages/112963_1330_HD_XL.jpg.webp?itok=o2hvT-f6 -> tool_2_Stacking_chair_1330\image_6.jpg
Starting download with Playwright: https://live-brunner.pantheonsite.io/sites/default/files/styles/sm/public/oldImages/112968_tool_1332A_HD_XL.jpg.webp?itok=9TKSh3kN
Finished download: https://live-brunner.pantheonsite.io/sites/default/files/styles/sm/public/oldImages/112968_tool_1332A_HD_XL.jpg.webp?itok=9TKSh3kN -> tool_2_Stacking_chair_1330\image_7.jpg
Starting download with Playwright: https://live-brunner.pantheonsite.io/sites/default/files/styles/lg/public/oldImages/112968_tool_1332A_HD_XL.jpg.webp?itok=82QCDZHI
Finished download: https://live-brunner.pantheonsite.io/sites/default/files/styles/lg/public/oldImages/112968_tool_1332A_HD_XL.jpg.webp?itok=82QCDZHI -> tool_2_Stacking_chair_1330\image_8.jpg
Starting download with Playwright: https://live-brunner.pantheonsite.io/sites/default/files/styles/original_webp/public/oldImages/112968_tool_1332A_HD_XL.jpg.webp?itok=UT8Z2MpY
Finished download: https://live-brunner.pantheonsite.io/sites/default/files/styles/original_webp/public/oldImages/112968_tool_1332A_HD_XL.jpg.webp?itok=UT8Z2MpY -> tool_2_Stacking_chair_1330\image_9.jpg
Starting download with Playwright: https://live-brunner.pantheonsite.io/sites/default/files/styles/sm/public/oldImages/112832_sleight_2245_tool2_1332A_HD_XL.jpg.webp?itok=erwQCDQT
Finished download: https://live-brunner.pantheonsite.io/sites/default/files/styles/sm/public/oldImages/112832_sleight_2245_tool2_1332A_HD_XL.jpg.webp?itok=erwQCDQT -> tool_2_Stacking_chair_1330\image_10.jpg
Starting download with Playwright: https://live-brunner.pantheonsite.io/sites/default/files/styles/lg/public/oldImages/112832_sleight_2245_tool2_1332A_HD_XL.jpg.webp?itok=vvwhe6IL
Finished download: https://live-brunner.pantheonsite.io/sites/default/files/styles/lg/public/oldImages/112832_sleight_2245_tool2_1332A_HD_XL.jpg.webp?itok=vvwhe6IL -> tool_2_Stacking_chair_1330\image_11.jpg
Starting download with Playwright: https://live-brunner.pantheonsite.io/sites/default/files/styles/original_webp/public/oldImages/112832_sleight_2245_tool2_1332A_HD_XL.jpg.webp?itok=ygqxeBMU
Finished download: https://live-brunner.pantheonsite.io/sites/default/files/styles/original_webp/public/oldImages/112832_sleight_2245_tool2_1332A_HD_XL.jpg.webp?itok=ygqxeBMU -> tool_2_Stacking_chair_1330\image_12.jpg
Starting download with Playwright: https://live-brunner.pantheonsite.io/sites/default/files/styles/sm/public/oldImages/112966_tool_1332_HD_XL.jpg.webp?itok=2N3IqRbg
Finished download: https://live-brunner.pantheonsite.io/sites/default/files/styles/sm/public/oldImages/112966_tool_1332_HD_XL.jpg.webp?itok=2N3IqRbg -> tool_2_Stacking_chair_1330\image_13.jpg
Starting download with Playwright: https://live-brunner.pantheonsite.io/sites/default/files/styles/lg/public/oldImages/112966_tool_1332_HD_XL.jpg.webp?itok=UW83PmBO
Finished download: https://live-brunner.pantheonsite.io/sites/default/files/styles/lg/public/oldImages/112966_tool_1332_HD_XL.jpg.webp?itok=UW83PmBO -> tool_2_Stacking_chair_1330\image_14.jpg
Starting download with Playwright: https://live-brunner.pantheonsite.io/sites/default/files/styles/original_webp/public/oldImages/112966_tool_1332_HD_XL.jpg.webp?itok=NjDxOAlC
Finished download: https://live-brunner.pantheonsite.io/sites/default/files/styles/original_webp/public/oldImages/112966_tool_1332_HD_XL.jpg.webp?itok=NjDxOAlC -> tool_2_Stacking_chair_1330\image_15.jpg
Starting download with Playwright: https://live-brunner.pantheonsite.io/sites/default/files/styles/sm/public/oldImages/112960_tool2_1330_Sitzpolster_Schreibtablar_30_HD_XL.jpg.webp?itok=ZHJMg2na
Finished download: https://live-brunner.pantheonsite.io/sites/default/files/styles/sm/public/oldImages/112960_tool2_1330_Sitzpolster_Schreibtablar_30_HD_XL.jpg.webp?itok=ZHJMg2na -> tool_2_Stacking_chair_1330\image_16.jpg
Starting download with Playwright: https://live-brunner.pantheonsite.io/sites/default/files/styles/lg/public/oldImages/112960_tool2_1330_Sitzpolster_Schreibtablar_30_HD_XL.jpg.webp?itok=pWW5XQTh
Finished download: https://live-brunner.pantheonsite.io/sites/default/files/styles/lg/public/oldImages/112960_tool2_1330_Sitzpolster_Schreibtablar_30_HD_XL.jpg.webp?itok=pWW5XQTh -> tool_2_Stacking_chair_1330\image_17.jpg
Starting download with Playwright: https://live-brunner.pantheonsite.io/sites/default/files/styles/original_webp/public/oldImages/112960_tool2_1330_Sitzpolster_Schreibtablar_30_HD_XL.jpg.webp?itok=UJrVsQuf
Finished download: https://live-brunner.pantheonsite.io/sites/default/files/styles/original_webp/public/oldImages/112960_tool2_1330_Sitzpolster_Schreibtablar_30_HD_XL.jpg.webp?itok=UJrVsQuf -> tool_2_Stacking_chair_1330\image_18.jpg
Starting download with Playwright: https://live-brunner.pantheonsite.io/sites/default/files/styles/sm/public/oldImages/112962_tool2_1332A_136_trust_2247_HD_XL.jpg.webp?itok=Uu3EFgtK
Finished download: https://live-brunner.pantheonsite.io/sites/default/files/styles/sm/public/oldImages/112962_tool2_1332A_136_trust_2247_HD_XL.jpg.webp?itok=Uu3EFgtK -> tool_2_Stacking_chair_1330\image_19.jpg
Starting download with Playwright: https://live-brunner.pantheonsite.io/sites/default/files/styles/lg/public/oldImages/112962_tool2_1332A_136_trust_2247_HD_XL.jpg.webp?itok=QLuhZK4h
Finished download: https://live-brunner.pantheonsite.io/sites/default/files/styles/lg/public/oldImages/112962_tool2_1332A_136_trust_2247_HD_XL.jpg.webp?itok=QLuhZK4h -> tool_2_Stacking_chair_1330\image_20.jpg
Starting download with Playwright: https://live-brunner.pantheonsite.io/sites/default/files/styles/original_webp/public/oldImages/112962_tool2_1332A_136_trust_2247_HD_XL.jpg.webp?itok=DztU6v-4
Finished download: https://live-brunner.pantheonsite.io/sites/default/files/styles/original_webp/public/oldImages/112962_tool2_1332A_136_trust_2247_HD_XL.jpg.webp?itok=DztU6v-4 -> tool_2_Stacking_chair_1330\image_21.jpg
Starting download with Playwright: https://live-brunner.pantheonsite.io/sites/default/files/styles/sm/public/oldImages/112969_tool2_1330_136_HD_XL.jpg.webp?itok=9MHUaAed
Finished download: https://live-brunner.pantheonsite.io/sites/default/files/styles/sm/public/oldImages/112969_tool2_1330_136_HD_XL.jpg.webp?itok=9MHUaAed -> tool_2_Stacking_chair_1330\image_22.jpg
Starting download with Playwright: https://live-brunner.pantheonsite.io/sites/default/files/styles/lg/public/oldImages/112969_tool2_1330_136_HD_XL.jpg.webp?itok=3krKfUtP
Finished download: https://live-brunner.pantheonsite.io/sites/default/files/styles/lg/public/oldImages/112969_tool2_1330_136_HD_XL.jpg.webp?itok=3krKfUtP -> tool_2_Stacking_chair_1330\image_23.jpg
Starting download with Playwright: https://live-brunner.pantheonsite.io/sites/default/files/styles/original_webp/public/oldImages/112969_tool2_1330_136_HD_XL.jpg.webp?itok=tdrMtUrF
Finished download: https://live-brunner.pantheonsite.io/sites/default/files/styles/original_webp/public/oldImages/112969_tool2_1330_136_HD_XL.jpg.webp?itok=tdrMtUrF -> tool_2_Stacking_chair_1330\image_24.jpg
Starting download with Playwright: https://live-brunner.pantheonsite.io/sites/default/files/styles/sm/public/oldImages/112967_tool_1332A_01_HD_XL.jpg.webp?itok=D8uKgxv3
Finished download: https://live-brunner.pantheonsite.io/sites/default/files/styles/sm/public/oldImages/112967_tool_1332A_01_HD_XL.jpg.webp?itok=D8uKgxv3 -> tool_2_Stacking_chair_1330\image_25.jpg
Starting download with Playwright: https://live-brunner.pantheonsite.io/sites/default/files/styles/lg/public/oldImages/112967_tool_1332A_01_HD_XL.jpg.webp?itok=xw1AFL5L
Finished download: https://live-brunner.pantheonsite.io/sites/default/files/styles/lg/public/oldImages/112967_tool_1332A_01_HD_XL.jpg.webp?itok=xw1AFL5L -> tool_2_Stacking_chair_1330\image_26.jpg
Starting download with Playwright: https://live-brunner.pantheonsite.io/sites/default/files/styles/original_webp/public/oldImages/112967_tool_1332A_01_HD_XL.jpg.webp?itok=BkdBXykc
Finished download: https://live-brunner.pantheonsite.io/sites/default/files/styles/original_webp/public/oldImages/112967_tool_1332A_01_HD_XL.jpg.webp?itok=BkdBXykc -> tool_2_Stacking_chair_1330\image_27.jpg
Starting download with Playwright: https://live-brunner.pantheonsite.io/sites/default/files/styles/sm/public/oldImages/112787_tool_1332_1920px_XL.jpg.webp?itok=hUwS_tfC
Finished download: https://live-brunner.pantheonsite.io/sites/default/files/styles/sm/public/oldImages/112787_tool_1332_1920px_XL.jpg.webp?itok=hUwS_tfC -> tool_2_Stacking_chair_1330\image_28.jpg
Starting download with Playwright: https://live-brunner.pantheonsite.io/sites/default/files/styles/lg/public/oldImages/112787_tool_1332_1920px_XL.jpg.webp?itok=xPJevQAx
Finished download: https://live-brunner.pantheonsite.io/sites/default/files/styles/lg/public/oldImages/112787_tool_1332_1920px_XL.jpg.webp?itok=xPJevQAx -> tool_2_Stacking_chair_1330\image_29.jpg
Starting download with Playwright: https://live-brunner.pantheonsite.io/sites/default/files/styles/original_webp/public/oldImages/112787_tool_1332_1920px_XL.jpg.webp?itok=Pm8HGDly
Finished download: https://live-brunner.pantheonsite.io/sites/default/files/styles/original_webp/public/oldImages/112787_tool_1332_1920px_XL.jpg.webp?itok=Pm8HGDly -> tool_2_Stacking_chair_1330\image_30.jpg
Starting download with Playwright: https://live-brunner.pantheonsite.io/sites/default/files/styles/sm/public/oldImages/112970_tool2_1330_1330A_HPL_HD_XL.jpg.webp?itok=YPoMKRHV
Finished download: https://live-brunner.pantheonsite.io/sites/default/files/styles/sm/public/oldImages/112970_tool2_1330_1330A_HPL_HD_XL.jpg.webp?itok=YPoMKRHV -> tool_2_Stacking_chair_1330\image_31.jpg
Starting download with Playwright: https://live-brunner.pantheonsite.io/sites/default/files/styles/lg/public/oldImages/112970_tool2_1330_1330A_HPL_HD_XL.jpg.webp?itok=gSVdF1cg
Finished download: https://live-brunner.pantheonsite.io/sites/default/files/styles/lg/public/oldImages/112970_tool2_1330_1330A_HPL_HD_XL.jpg.webp?itok=gSVdF1cg -> tool_2_Stacking_chair_1330\image_32.jpg
Starting download with Playwright: https://live-brunner.pantheonsite.io/sites/default/files/styles/original_webp/public/oldImages/112970_tool2_1330_1330A_HPL_HD_XL.jpg.webp?itok=dqB0oZaW
Finished download: https://live-brunner.pantheonsite.io/sites/default/files/styles/original_webp/public/oldImages/112970_tool2_1330_1330A_HPL_HD_XL.jpg.webp?itok=dqB0oZaW -> tool_2_Stacking_chair_1330\image_33.jpg
Completed image downloads for product tool_2_Stacking_chair_1330
Extracting features for product tool_2_Stacking_chair_1330...
Features saved for product tool_2_Stacking_chair_1330
Attempting to access Downloads tab for product tool_2_Stacking_chair_1330...
Starting download of PDF: https://live-brunner.pantheonsite.io/sites/default/files/oldPdfs/Produktdatenblaetter/Produktdatenblaetter_EN/tool_2_Brunner_product_data_sheet_EN.pdf
Downloaded product_sheet.pdf for product tool_2_Stacking_chair_1330
Opening URL for product torras_reclining_chair_8000: https://brunner-group.com/en/products/torras-reclining-chair/?variant=8000
[Info] No images detected for product torras_reclining_chair_8000, skipping image extraction step.
Successfully opened URL for product torras_reclining_chair_8000
Extracting images for product torras_reclining_chair_8000...
[Info] No images found for product torras_reclining_chair_8000, skipping download step.
Extracting features for product torras_reclining_chair_8000...
Features saved for product torras_reclining_chair_8000
Attempting to access Downloads tab for product torras_reclining_chair_8000...
Starting download of PDF: https://live-brunner.pantheonsite.io/sites/default/files/oldPdfs/Produktdatenblaetter/Produktdatenblaetter_EN/torras_Brunner_product_data_sheet_EN.pdf
Downloaded product_sheet.pdf for product torras_reclining_chair_8000
Opening URL for product twin_plastic_chair_3104: https://brunner-group.com/en/products/twin-plastic-chair/?variant=3104
Images detected on page for twin_plastic_chair_3104, scrolling to load them...
Successfully opened URL for product twin_plastic_chair_3104
Extracting images for product twin_plastic_chair_3104...
Found 30 images for product twin_plastic_chair_3104
Starting download with Playwright: https://live-brunner.pantheonsite.io/sites/default/files/styles/sm/public/oldImages/112815_Brunner_twin_3102_3104_break_3962_HD_XL.jpg.webp?itok=I7_mK7H3
Finished download: https://live-brunner.pantheonsite.io/sites/default/files/styles/sm/public/oldImages/112815_Brunner_twin_3102_3104_break_3962_HD_XL.jpg.webp?itok=I7_mK7H3 -> twin_plastic_chair_3104\image_1.jpg
Starting download with Playwright: https://live-brunner.pantheonsite.io/sites/default/files/styles/lg/public/oldImages/112815_Brunner_twin_3102_3104_break_3962_HD_XL.jpg.webp?itok=uxRIaqmV
Finished download: https://live-brunner.pantheonsite.io/sites/default/files/styles/lg/public/oldImages/112815_Brunner_twin_3102_3104_break_3962_HD_XL.jpg.webp?itok=uxRIaqmV -> twin_plastic_chair_3104\image_2.jpg
Starting download with Playwright: https://live-brunner.pantheonsite.io/sites/default/files/styles/original_webp/public/oldImages/112815_Brunner_twin_3102_3104_break_3962_HD_XL.jpg.webp?itok=_07B9pW1
Finished download: https://live-brunner.pantheonsite.io/sites/default/files/styles/original_webp/public/oldImages/112815_Brunner_twin_3102_3104_break_3962_HD_XL.jpg.webp?itok=_07B9pW1 -> twin_plastic_chair_3104\image_3.jpg
Starting download with Playwright: https://live-brunner.pantheonsite.io/sites/default/files/styles/sm/public/oldImages/112824_Brunner_twin_3102_3104_3000_3042_HD_XL.jpg.webp?itok=WwjnyRlx
Finished download: https://live-brunner.pantheonsite.io/sites/default/files/styles/sm/public/oldImages/112824_Brunner_twin_3102_3104_3000_3042_HD_XL.jpg.webp?itok=WwjnyRlx -> twin_plastic_chair_3104\image_4.jpg
Starting download with Playwright: https://live-brunner.pantheonsite.io/sites/default/files/styles/lg/public/oldImages/112824_Brunner_twin_3102_3104_3000_3042_HD_XL.jpg.webp?itok=jtz-LX1i
Finished download: https://live-brunner.pantheonsite.io/sites/default/files/styles/lg/public/oldImages/112824_Brunner_twin_3102_3104_3000_3042_HD_XL.jpg.webp?itok=jtz-LX1i -> twin_plastic_chair_3104\image_5.jpg
Starting download with Playwright: https://live-brunner.pantheonsite.io/sites/default/files/styles/original_webp/public/oldImages/112824_Brunner_twin_3102_3104_3000_3042_HD_XL.jpg.webp?itok=eo3aTx9g
Finished download: https://live-brunner.pantheonsite.io/sites/default/files/styles/original_webp/public/oldImages/112824_Brunner_twin_3102_3104_3000_3042_HD_XL.jpg.webp?itok=eo3aTx9g -> twin_plastic_chair_3104\image_6.jpg
Starting download with Playwright: https://live-brunner.pantheonsite.io/sites/default/files/styles/sm/public/oldImages/112819_Brunner_Erich-Baehner-Haus_1_StefanMarquardt_HD_XL.jpg.webp?itok=38MJ4nm4
Finished download: https://live-brunner.pantheonsite.io/sites/default/files/styles/sm/public/oldImages/112819_Brunner_Erich-Baehner-Haus_1_StefanMarquardt_HD_XL.jpg.webp?itok=38MJ4nm4 -> twin_plastic_chair_3104\image_7.jpg
Starting download with Playwright: https://live-brunner.pantheonsite.io/sites/default/files/styles/lg/public/oldImages/112819_Brunner_Erich-Baehner-Haus_1_StefanMarquardt_HD_XL.jpg.webp?itok=ygY6xhS1
Finished download: https://live-brunner.pantheonsite.io/sites/default/files/styles/lg/public/oldImages/112819_Brunner_Erich-Baehner-Haus_1_StefanMarquardt_HD_XL.jpg.webp?itok=ygY6xhS1 -> twin_plastic_chair_3104\image_8.jpg
Starting download with Playwright: https://live-brunner.pantheonsite.io/sites/default/files/styles/original_webp/public/oldImages/112819_Brunner_Erich-Baehner-Haus_1_StefanMarquardt_HD_XL.jpg.webp?itok=m3tCq__e
Finished download: https://live-brunner.pantheonsite.io/sites/default/files/styles/original_webp/public/oldImages/112819_Brunner_Erich-Baehner-Haus_1_StefanMarquardt_HD_XL.jpg.webp?itok=m3tCq__e -> twin_plastic_chair_3104\image_9.jpg
Starting download with Playwright: https://live-brunner.pantheonsite.io/sites/default/files/styles/sm/public/oldImages/112820_Brunner_LandtagPotsdam-6850_StefanMarquard_HD_XL.jpg.webp?itok=Y6SK-x_L
Finished download: https://live-brunner.pantheonsite.io/sites/default/files/styles/sm/public/oldImages/112820_Brunner_LandtagPotsdam-6850_StefanMarquard_HD_XL.jpg.webp?itok=Y6SK-x_L -> twin_plastic_chair_3104\image_10.jpg
Starting download with Playwright: https://live-brunner.pantheonsite.io/sites/default/files/styles/lg/public/oldImages/112820_Brunner_LandtagPotsdam-6850_StefanMarquard_HD_XL.jpg.webp?itok=beFtCOUN
Finished download: https://live-brunner.pantheonsite.io/sites/default/files/styles/lg/public/oldImages/112820_Brunner_LandtagPotsdam-6850_StefanMarquard_HD_XL.jpg.webp?itok=beFtCOUN -> twin_plastic_chair_3104\image_11.jpg
Starting download with Playwright: https://live-brunner.pantheonsite.io/sites/default/files/styles/original_webp/public/oldImages/112820_Brunner_LandtagPotsdam-6850_StefanMarquard_HD_XL.jpg.webp?itok=mswW6i8g
Finished download: https://live-brunner.pantheonsite.io/sites/default/files/styles/original_webp/public/oldImages/112820_Brunner_LandtagPotsdam-6850_StefanMarquard_HD_XL.jpg.webp?itok=mswW6i8g -> twin_plastic_chair_3104\image_12.jpg
Starting download with Playwright: https://live-brunner.pantheonsite.io/sites/default/files/styles/sm/public/oldImages/112818_LandtagPotsdam-6876_StefanMarquardt_HD_XL.jpg.webp?itok=yR1LWllZ
Finished download: https://live-brunner.pantheonsite.io/sites/default/files/styles/sm/public/oldImages/112818_LandtagPotsdam-6876_StefanMarquardt_HD_XL.jpg.webp?itok=yR1LWllZ -> twin_plastic_chair_3104\image_13.jpg
Starting download with Playwright: https://live-brunner.pantheonsite.io/sites/default/files/styles/lg/public/oldImages/112818_LandtagPotsdam-6876_StefanMarquardt_HD_XL.jpg.webp?itok=5yiLgnTo
Finished download: https://live-brunner.pantheonsite.io/sites/default/files/styles/lg/public/oldImages/112818_LandtagPotsdam-6876_StefanMarquardt_HD_XL.jpg.webp?itok=5yiLgnTo -> twin_plastic_chair_3104\image_14.jpg
Starting download with Playwright: https://live-brunner.pantheonsite.io/sites/default/files/styles/original_webp/public/oldImages/112818_LandtagPotsdam-6876_StefanMarquardt_HD_XL.jpg.webp?itok=e2NCn_La
Finished download: https://live-brunner.pantheonsite.io/sites/default/files/styles/original_webp/public/oldImages/112818_LandtagPotsdam-6876_StefanMarquardt_HD_XL.jpg.webp?itok=e2NCn_La -> twin_plastic_chair_3104\image_15.jpg
Starting download with Playwright: https://live-brunner.pantheonsite.io/sites/default/files/styles/sm/public/oldImages/112816_Brunner_twin_Outdoor_5976_4c_HD_XL.jpg.webp?itok=ERuhLczS
Finished download: https://live-brunner.pantheonsite.io/sites/default/files/styles/sm/public/oldImages/112816_Brunner_twin_Outdoor_5976_4c_HD_XL.jpg.webp?itok=ERuhLczS -> twin_plastic_chair_3104\image_16.jpg
Starting download with Playwright: https://live-brunner.pantheonsite.io/sites/default/files/styles/lg/public/oldImages/112816_Brunner_twin_Outdoor_5976_4c_HD_XL.jpg.webp?itok=4dGwF8oj
Finished download: https://live-brunner.pantheonsite.io/sites/default/files/styles/lg/public/oldImages/112816_Brunner_twin_Outdoor_5976_4c_HD_XL.jpg.webp?itok=4dGwF8oj -> twin_plastic_chair_3104\image_17.jpg
Starting download with Playwright: https://live-brunner.pantheonsite.io/sites/default/files/styles/original_webp/public/oldImages/112816_Brunner_twin_Outdoor_5976_4c_HD_XL.jpg.webp?itok=pRe3peJU
Finished download: https://live-brunner.pantheonsite.io/sites/default/files/styles/original_webp/public/oldImages/112816_Brunner_twin_Outdoor_5976_4c_HD_XL.jpg.webp?itok=pRe3peJU -> twin_plastic_chair_3104\image_18.jpg
Starting download with Playwright: https://live-brunner.pantheonsite.io/sites/default/files/styles/sm/public/oldImages/112822_Brunner_Messinghof_Kassel_StefanMarquardt_HD_XL.jpg.webp?itok=-gUJziXW
Finished download: https://live-brunner.pantheonsite.io/sites/default/files/styles/sm/public/oldImages/112822_Brunner_Messinghof_Kassel_StefanMarquardt_HD_XL.jpg.webp?itok=-gUJziXW -> twin_plastic_chair_3104\image_19.jpg
Starting download with Playwright: https://live-brunner.pantheonsite.io/sites/default/files/styles/lg/public/oldImages/112822_Brunner_Messinghof_Kassel_StefanMarquardt_HD_XL.jpg.webp?itok=xueDLsyt
Finished download: https://live-brunner.pantheonsite.io/sites/default/files/styles/lg/public/oldImages/112822_Brunner_Messinghof_Kassel_StefanMarquardt_HD_XL.jpg.webp?itok=xueDLsyt -> twin_plastic_chair_3104\image_20.jpg
Starting download with Playwright: https://live-brunner.pantheonsite.io/sites/default/files/styles/original_webp/public/oldImages/112822_Brunner_Messinghof_Kassel_StefanMarquardt_HD_XL.jpg.webp?itok=nZ3h7T40
Finished download: https://live-brunner.pantheonsite.io/sites/default/files/styles/original_webp/public/oldImages/112822_Brunner_Messinghof_Kassel_StefanMarquardt_HD_XL.jpg.webp?itok=nZ3h7T40 -> twin_plastic_chair_3104\image_21.jpg
Starting download with Playwright: https://live-brunner.pantheonsite.io/sites/default/files/styles/sm/public/oldImages/112817_LandtagPotsdam-6869_StefanMarquardt_HD_XL.jpg.webp?itok=rnTW66zs
Finished download: https://live-brunner.pantheonsite.io/sites/default/files/styles/sm/public/oldImages/112817_LandtagPotsdam-6869_StefanMarquardt_HD_XL.jpg.webp?itok=rnTW66zs -> twin_plastic_chair_3104\image_22.jpg
Starting download with Playwright: https://live-brunner.pantheonsite.io/sites/default/files/styles/lg/public/oldImages/112817_LandtagPotsdam-6869_StefanMarquardt_HD_XL.jpg.webp?itok=JD3C4NmB
Finished download: https://live-brunner.pantheonsite.io/sites/default/files/styles/lg/public/oldImages/112817_LandtagPotsdam-6869_StefanMarquardt_HD_XL.jpg.webp?itok=JD3C4NmB -> twin_plastic_chair_3104\image_23.jpg
Starting download with Playwright: https://live-brunner.pantheonsite.io/sites/default/files/styles/original_webp/public/oldImages/112817_LandtagPotsdam-6869_StefanMarquardt_HD_XL.jpg.webp?itok=lSVIcHcw
Finished download: https://live-brunner.pantheonsite.io/sites/default/files/styles/original_webp/public/oldImages/112817_LandtagPotsdam-6869_StefanMarquardt_HD_XL.jpg.webp?itok=lSVIcHcw -> twin_plastic_chair_3104\image_24.jpg
Starting download with Playwright: https://live-brunner.pantheonsite.io/sites/default/files/styles/sm/public/oldImages/112823_Brunner_Pflegeheim_Oepfelbaum_Recherswil_Oliver_Lang_06_HD_XL.jpg.webp?itok=MbbVo3k7
Finished download: https://live-brunner.pantheonsite.io/sites/default/files/styles/sm/public/oldImages/112823_Brunner_Pflegeheim_Oepfelbaum_Recherswil_Oliver_Lang_06_HD_XL.jpg.webp?itok=MbbVo3k7 -> twin_plastic_chair_3104\image_25.jpg
Starting download with Playwright: https://live-brunner.pantheonsite.io/sites/default/files/styles/lg/public/oldImages/112823_Brunner_Pflegeheim_Oepfelbaum_Recherswil_Oliver_Lang_06_HD_XL.jpg.webp?itok=9l2eEVap
Finished download: https://live-brunner.pantheonsite.io/sites/default/files/styles/lg/public/oldImages/112823_Brunner_Pflegeheim_Oepfelbaum_Recherswil_Oliver_Lang_06_HD_XL.jpg.webp?itok=9l2eEVap -> twin_plastic_chair_3104\image_26.jpg
Starting download with Playwright: https://live-brunner.pantheonsite.io/sites/default/files/styles/original_webp/public/oldImages/112823_Brunner_Pflegeheim_Oepfelbaum_Recherswil_Oliver_Lang_06_HD_XL.jpg.webp?itok=WbESpDbg
Finished download: https://live-brunner.pantheonsite.io/sites/default/files/styles/original_webp/public/oldImages/112823_Brunner_Pflegeheim_Oepfelbaum_Recherswil_Oliver_Lang_06_HD_XL.jpg.webp?itok=WbESpDbg -> twin_plastic_chair_3104\image_27.jpg
Starting download with Playwright: https://live-brunner.pantheonsite.io/sites/default/files/styles/sm/public/oldImages/112821_Brunner_Messinghof_Kassel_15_StefanMarquardt_HD_XL.jpg.webp?itok=dhT1rSFB
Finished download: https://live-brunner.pantheonsite.io/sites/default/files/styles/sm/public/oldImages/112821_Brunner_Messinghof_Kassel_15_StefanMarquardt_HD_XL.jpg.webp?itok=dhT1rSFB -> twin_plastic_chair_3104\image_28.jpg
Starting download with Playwright: https://live-brunner.pantheonsite.io/sites/default/files/styles/lg/public/oldImages/112821_Brunner_Messinghof_Kassel_15_StefanMarquardt_HD_XL.jpg.webp?itok=48hp6nNS
Finished download: https://live-brunner.pantheonsite.io/sites/default/files/styles/lg/public/oldImages/112821_Brunner_Messinghof_Kassel_15_StefanMarquardt_HD_XL.jpg.webp?itok=48hp6nNS -> twin_plastic_chair_3104\image_29.jpg
Starting download with Playwright: https://live-brunner.pantheonsite.io/sites/default/files/styles/original_webp/public/oldImages/112821_Brunner_Messinghof_Kassel_15_StefanMarquardt_HD_XL.jpg.webp?itok=Xyt7qtM-
Finished download: https://live-brunner.pantheonsite.io/sites/default/files/styles/original_webp/public/oldImages/112821_Brunner_Messinghof_Kassel_15_StefanMarquardt_HD_XL.jpg.webp?itok=Xyt7qtM- -> twin_plastic_chair_3104\image_30.jpg
Completed image downloads for product twin_plastic_chair_3104
Extracting features for product twin_plastic_chair_3104...
Features saved for product twin_plastic_chair_3104
Attempting to access Downloads tab for product twin_plastic_chair_3104...
Starting download of PDF: https://live-brunner.pantheonsite.io/sites/default/files/oldPdfs/Produktdatenblaetter/Produktdatenblaetter_EN/twin_Brunner_Produktdatenblatt_EN.pdf
Downloaded product_sheet.pdf for product twin_plastic_chair_3104
Opening URL for product verona_bench_5304: https://brunner-group.com/en/products/verona-bench/?variant=5304
[Info] No images detected for product verona_bench_5304, skipping image extraction step.
Successfully opened URL for product verona_bench_5304
Extracting images for product verona_bench_5304...
[Info] No images found for product verona_bench_5304, skipping download step.
Extracting features for product verona_bench_5304...
Features saved for product verona_bench_5304
Attempting to access Downloads tab for product verona_bench_5304...
Starting download of PDF: https://live-brunner.pantheonsite.io/sites/default/files/oldPdfs/Produktdatenblaetter/Produktdatenblaetter_EN/verona_Brunner_product_data_sheet_EN.pdf
Downloaded product_sheet.pdf for product verona_bench_5304
Opening URL for product wait_Beam_seating_system_10103: https://brunner-group.com/en/products/wait-beam-seating-system/?variant=10103
Images detected on page for wait_Beam_seating_system_10103, scrolling to load them...
Successfully opened URL for product wait_Beam_seating_system_10103
Extracting images for product wait_Beam_seating_system_10103...
Found 21 images for product wait_Beam_seating_system_10103
Starting download with Playwright: https://live-brunner.pantheonsite.io/sites/default/files/styles/sm/public/oldImages/113374_Brunner_wait_10103-201_10103-61_pads_1420-0020_RGB_HD_XL.jpg.webp?itok=-0dapkfu
Finished download: https://live-brunner.pantheonsite.io/sites/default/files/styles/sm/public/oldImages/113374_Brunner_wait_10103-201_10103-61_pads_1420-0020_RGB_HD_XL.jpg.webp?itok=-0dapkfu -> wait_Beam_seating_system_10103\image_1.jpg
Starting download with Playwright: https://live-brunner.pantheonsite.io/sites/default/files/styles/lg/public/oldImages/113374_Brunner_wait_10103-201_10103-61_pads_1420-0020_RGB_HD_XL.jpg.webp?itok=aT6AykUH
Finished download: https://live-brunner.pantheonsite.io/sites/default/files/styles/lg/public/oldImages/113374_Brunner_wait_10103-201_10103-61_pads_1420-0020_RGB_HD_XL.jpg.webp?itok=aT6AykUH -> wait_Beam_seating_system_10103\image_2.jpg
Starting download with Playwright: https://live-brunner.pantheonsite.io/sites/default/files/styles/original_webp/public/oldImages/113374_Brunner_wait_10103-201_10103-61_pads_1420-0020_RGB_HD_XL.jpg.webp?itok=Euz9zD71
Finished download: https://live-brunner.pantheonsite.io/sites/default/files/styles/original_webp/public/oldImages/113374_Brunner_wait_10103-201_10103-61_pads_1420-0020_RGB_HD_XL.jpg.webp?itok=Euz9zD71 -> wait_Beam_seating_system_10103\image_3.jpg
Starting download with Playwright: https://live-brunner.pantheonsite.io/sites/default/files/styles/sm/public/oldImages/115521_Brunner_wait_10113_scoop_03_HD_XL.jpg.webp?itok=XWYa6zlc
Finished download: https://live-brunner.pantheonsite.io/sites/default/files/styles/sm/public/oldImages/115521_Brunner_wait_10113_scoop_03_HD_XL.jpg.webp?itok=XWYa6zlc -> wait_Beam_seating_system_10103\image_4.jpg
Starting download with Playwright: https://live-brunner.pantheonsite.io/sites/default/files/styles/lg/public/oldImages/115521_Brunner_wait_10113_scoop_03_HD_XL.jpg.webp?itok=RREX0XAI
Finished download: https://live-brunner.pantheonsite.io/sites/default/files/styles/lg/public/oldImages/115521_Brunner_wait_10113_scoop_03_HD_XL.jpg.webp?itok=RREX0XAI -> wait_Beam_seating_system_10103\image_5.jpg
Starting download with Playwright: https://live-brunner.pantheonsite.io/sites/default/files/styles/original_webp/public/oldImages/115521_Brunner_wait_10113_scoop_03_HD_XL.jpg.webp?itok=Oxr-dx4q
Finished download: https://live-brunner.pantheonsite.io/sites/default/files/styles/original_webp/public/oldImages/115521_Brunner_wait_10113_scoop_03_HD_XL.jpg.webp?itok=Oxr-dx4q -> wait_Beam_seating_system_10103\image_6.jpg
Starting download with Playwright: https://live-brunner.pantheonsite.io/sites/default/files/styles/sm/public/oldImages/115516_Brunner_wait_10102_hero_plus_02_HD_XL.jpg.webp?itok=9FrGfPwd
Finished download: https://live-brunner.pantheonsite.io/sites/default/files/styles/sm/public/oldImages/115516_Brunner_wait_10102_hero_plus_02_HD_XL.jpg.webp?itok=9FrGfPwd -> wait_Beam_seating_system_10103\image_7.jpg
Starting download with Playwright: https://live-brunner.pantheonsite.io/sites/default/files/styles/lg/public/oldImages/115516_Brunner_wait_10102_hero_plus_02_HD_XL.jpg.webp?itok=KKsA0f1j
Finished download: https://live-brunner.pantheonsite.io/sites/default/files/styles/lg/public/oldImages/115516_Brunner_wait_10102_hero_plus_02_HD_XL.jpg.webp?itok=KKsA0f1j -> wait_Beam_seating_system_10103\image_8.jpg
Starting download with Playwright: https://live-brunner.pantheonsite.io/sites/default/files/styles/original_webp/public/oldImages/115516_Brunner_wait_10102_hero_plus_02_HD_XL.jpg.webp?itok=aDxhI5wh
Finished download: https://live-brunner.pantheonsite.io/sites/default/files/styles/original_webp/public/oldImages/115516_Brunner_wait_10102_hero_plus_02_HD_XL.jpg.webp?itok=aDxhI5wh -> wait_Beam_seating_system_10103\image_9.jpg
Starting download with Playwright: https://live-brunner.pantheonsite.io/sites/default/files/styles/sm/public/oldImages/115520_Brunner_wait_10104_hero_plus_04_HD_XL.jpg.webp?itok=9r2OAEiW
Finished download: https://live-brunner.pantheonsite.io/sites/default/files/styles/sm/public/oldImages/115520_Brunner_wait_10104_hero_plus_04_HD_XL.jpg.webp?itok=9r2OAEiW -> wait_Beam_seating_system_10103\image_10.jpg
Starting download with Playwright: https://live-brunner.pantheonsite.io/sites/default/files/styles/lg/public/oldImages/115520_Brunner_wait_10104_hero_plus_04_HD_XL.jpg.webp?itok=WEUc8bCf
Finished download: https://live-brunner.pantheonsite.io/sites/default/files/styles/lg/public/oldImages/115520_Brunner_wait_10104_hero_plus_04_HD_XL.jpg.webp?itok=WEUc8bCf -> wait_Beam_seating_system_10103\image_11.jpg
Starting download with Playwright: https://live-brunner.pantheonsite.io/sites/default/files/styles/original_webp/public/oldImages/115520_Brunner_wait_10104_hero_plus_04_HD_XL.jpg.webp?itok=1f8sEOSG
Finished download: https://live-brunner.pantheonsite.io/sites/default/files/styles/original_webp/public/oldImages/115520_Brunner_wait_10104_hero_plus_04_HD_XL.jpg.webp?itok=1f8sEOSG -> wait_Beam_seating_system_10103\image_12.jpg
Starting download with Playwright: https://live-brunner.pantheonsite.io/sites/default/files/styles/sm/public/oldImages/115519_Brunner_wait_10103-201_HD_XL.jpg.webp?itok=Q9E1OVQ-
Finished download: https://live-brunner.pantheonsite.io/sites/default/files/styles/sm/public/oldImages/115519_Brunner_wait_10103-201_HD_XL.jpg.webp?itok=Q9E1OVQ- -> wait_Beam_seating_system_10103\image_13.jpg
Starting download with Playwright: https://live-brunner.pantheonsite.io/sites/default/files/styles/lg/public/oldImages/115519_Brunner_wait_10103-201_HD_XL.jpg.webp?itok=QG3iBxKJ
Finished download: https://live-brunner.pantheonsite.io/sites/default/files/styles/lg/public/oldImages/115519_Brunner_wait_10103-201_HD_XL.jpg.webp?itok=QG3iBxKJ -> wait_Beam_seating_system_10103\image_14.jpg
Starting download with Playwright: https://live-brunner.pantheonsite.io/sites/default/files/styles/original_webp/public/oldImages/115519_Brunner_wait_10103-201_HD_XL.jpg.webp?itok=X4FmgHqN
Finished download: https://live-brunner.pantheonsite.io/sites/default/files/styles/original_webp/public/oldImages/115519_Brunner_wait_10103-201_HD_XL.jpg.webp?itok=X4FmgHqN -> wait_Beam_seating_system_10103\image_15.jpg
Starting download with Playwright: https://live-brunner.pantheonsite.io/sites/default/files/styles/sm/public/oldImages/115517_Brunner_wait_10103_hero_plus_03_HD_XL.jpg.webp?itok=dPDnfOl2
Finished download: https://live-brunner.pantheonsite.io/sites/default/files/styles/sm/public/oldImages/115517_Brunner_wait_10103_hero_plus_03_HD_XL.jpg.webp?itok=dPDnfOl2 -> wait_Beam_seating_system_10103\image_16.jpg
Starting download with Playwright: https://live-brunner.pantheonsite.io/sites/default/files/styles/lg/public/oldImages/115517_Brunner_wait_10103_hero_plus_03_HD_XL.jpg.webp?itok=0nvaHhxm
Finished download: https://live-brunner.pantheonsite.io/sites/default/files/styles/lg/public/oldImages/115517_Brunner_wait_10103_hero_plus_03_HD_XL.jpg.webp?itok=0nvaHhxm -> wait_Beam_seating_system_10103\image_17.jpg
Starting download with Playwright: https://live-brunner.pantheonsite.io/sites/default/files/styles/original_webp/public/oldImages/115517_Brunner_wait_10103_hero_plus_03_HD_XL.jpg.webp?itok=AbWferjy
Finished download: https://live-brunner.pantheonsite.io/sites/default/files/styles/original_webp/public/oldImages/115517_Brunner_wait_10103_hero_plus_03_HD_XL.jpg.webp?itok=AbWferjy -> wait_Beam_seating_system_10103\image_18.jpg
Starting download with Playwright: https://live-brunner.pantheonsite.io/sites/default/files/styles/sm/public/oldImages/115522_Brunner_wait_10115_scoop_05_HD_XL.jpg.webp?itok=tJvaU1X-
Finished download: https://live-brunner.pantheonsite.io/sites/default/files/styles/sm/public/oldImages/115522_Brunner_wait_10115_scoop_05_HD_XL.jpg.webp?itok=tJvaU1X- -> wait_Beam_seating_system_10103\image_19.jpg
Starting download with Playwright: https://live-brunner.pantheonsite.io/sites/default/files/styles/lg/public/oldImages/115522_Brunner_wait_10115_scoop_05_HD_XL.jpg.webp?itok=SuYDGBLt
Finished download: https://live-brunner.pantheonsite.io/sites/default/files/styles/lg/public/oldImages/115522_Brunner_wait_10115_scoop_05_HD_XL.jpg.webp?itok=SuYDGBLt -> wait_Beam_seating_system_10103\image_20.jpg
Starting download with Playwright: https://live-brunner.pantheonsite.io/sites/default/files/styles/original_webp/public/oldImages/115522_Brunner_wait_10115_scoop_05_HD_XL.jpg.webp?itok=HsPFuKMj
Finished download: https://live-brunner.pantheonsite.io/sites/default/files/styles/original_webp/public/oldImages/115522_Brunner_wait_10115_scoop_05_HD_XL.jpg.webp?itok=HsPFuKMj -> wait_Beam_seating_system_10103\image_21.jpg
Completed image downloads for product wait_Beam_seating_system_10103
Extracting features for product wait_Beam_seating_system_10103...
Features saved for product wait_Beam_seating_system_10103
Attempting to access Downloads tab for product wait_Beam_seating_system_10103...
Starting download of PDF: https://live-brunner.pantheonsite.io/sites/default/files/oldPdfs/Produktdatenblaetter/Produktdatenblaetter_EN/Brunner_product_data_sheet_wait_EN.pdf
Downloaded product_sheet.pdf for product wait_Beam_seating_system_10103
Opening URL for product wellano_seating_9955: https://brunner-group.com/en/products/wellano-seating/?variant=9955
[Info] No images detected for product wellano_seating_9955, skipping image extraction step.
Successfully opened URL for product wellano_seating_9955
Extracting images for product wellano_seating_9955...
[Info] No images found for product wellano_seating_9955, skipping download step.
Extracting features for product wellano_seating_9955...
Features saved for product wellano_seating_9955
Attempting to access Downloads tab for product wellano_seating_9955...
Starting download of PDF: https://live-brunner.pantheonsite.io/sites/default/files/oldPdfs/Produktdatenblaetter/Produktdatenblaetter_EN/wellano_Brunner_product_data_sheet_EN.pdf
Downloaded product_sheet.pdf for product wellano_seating_9955
Opening URL for product window_seating_3441: https://brunner-group.com/en/products/window-seating/?variant=3441
[Info] No images detected for product window_seating_3441, skipping image extraction step.
Successfully opened URL for product window_seating_3441
Extracting images for product window_seating_3441...
[Info] No images found for product window_seating_3441, skipping download step.
Extracting features for product window_seating_3441...
Features saved for product window_seating_3441
Attempting to access Downloads tab for product window_seating_3441...
Starting download of PDF: https://live-brunner.pantheonsite.io/sites/default/files/oldPdfs/Produktdatenblaetter/Produktdatenblaetter_EN/window_Brunner_product_data_sheet_EN.pdf
Downloaded product_sheet.pdf for product window_seating_3441
Opening URL for product window_reclining_chair_3456: https://brunner-group.com/en/products/window-reclining-chair/?variant=3456
Images detected on page for window_reclining_chair_3456, scrolling to load them...
Successfully opened URL for product window_reclining_chair_3456
Extracting images for product window_reclining_chair_3456...
Found 9 images for product window_reclining_chair_3456
Starting download with Playwright: https://live-brunner.pantheonsite.io/sites/default/files/styles/sm/public/oldImages/113809_Brunner_window_3412_3458_3471_HD_XL.jpg.webp?itok=pBS12QqO
Finished download: https://live-brunner.pantheonsite.io/sites/default/files/styles/sm/public/oldImages/113809_Brunner_window_3412_3458_3471_HD_XL.jpg.webp?itok=pBS12QqO -> window_reclining_chair_3456\image_1.jpg
Starting download with Playwright: https://live-brunner.pantheonsite.io/sites/default/files/styles/lg/public/oldImages/113809_Brunner_window_3412_3458_3471_HD_XL.jpg.webp?itok=6i-7P09K
Finished download: https://live-brunner.pantheonsite.io/sites/default/files/styles/lg/public/oldImages/113809_Brunner_window_3412_3458_3471_HD_XL.jpg.webp?itok=6i-7P09K -> window_reclining_chair_3456\image_2.jpg
Starting download with Playwright: https://live-brunner.pantheonsite.io/sites/default/files/styles/original_webp/public/oldImages/113809_Brunner_window_3412_3458_3471_HD_XL.jpg.webp?itok=rFJ2Meli
Finished download: https://live-brunner.pantheonsite.io/sites/default/files/styles/original_webp/public/oldImages/113809_Brunner_window_3412_3458_3471_HD_XL.jpg.webp?itok=rFJ2Meli -> window_reclining_chair_3456\image_3.jpg
Starting download with Playwright: https://live-brunner.pantheonsite.io/sites/default/files/styles/sm/public/oldImages/113797_Brunner_window_3456V_HD_XL.jpg.webp?itok=HCYFmA1_
Finished download: https://live-brunner.pantheonsite.io/sites/default/files/styles/sm/public/oldImages/113797_Brunner_window_3456V_HD_XL.jpg.webp?itok=HCYFmA1_ -> window_reclining_chair_3456\image_4.jpg
Starting download with Playwright: https://live-brunner.pantheonsite.io/sites/default/files/styles/lg/public/oldImages/113797_Brunner_window_3456V_HD_XL.jpg.webp?itok=ZT5ddevC
Finished download: https://live-brunner.pantheonsite.io/sites/default/files/styles/lg/public/oldImages/113797_Brunner_window_3456V_HD_XL.jpg.webp?itok=ZT5ddevC -> window_reclining_chair_3456\image_5.jpg
Starting download with Playwright: https://live-brunner.pantheonsite.io/sites/default/files/styles/original_webp/public/oldImages/113797_Brunner_window_3456V_HD_XL.jpg.webp?itok=itMNcuLu
Finished download: https://live-brunner.pantheonsite.io/sites/default/files/styles/original_webp/public/oldImages/113797_Brunner_window_3456V_HD_XL.jpg.webp?itok=itMNcuLu -> window_reclining_chair_3456\image_6.jpg
Starting download with Playwright: https://live-brunner.pantheonsite.io/sites/default/files/styles/sm/public/oldImages/113811_Brunner_window_3422_3442_3456_valet_VT-1003_HD_XL.jpg.webp?itok=2tlpw7tw
Finished download: https://live-brunner.pantheonsite.io/sites/default/files/styles/sm/public/oldImages/113811_Brunner_window_3422_3442_3456_valet_VT-1003_HD_XL.jpg.webp?itok=2tlpw7tw -> window_reclining_chair_3456\image_7.jpg
Starting download with Playwright: https://live-brunner.pantheonsite.io/sites/default/files/styles/lg/public/oldImages/113811_Brunner_window_3422_3442_3456_valet_VT-1003_HD_XL.jpg.webp?itok=6rb7BpVP
Finished download: https://live-brunner.pantheonsite.io/sites/default/files/styles/lg/public/oldImages/113811_Brunner_window_3422_3442_3456_valet_VT-1003_HD_XL.jpg.webp?itok=6rb7BpVP -> window_reclining_chair_3456\image_8.jpg
Starting download with Playwright: https://live-brunner.pantheonsite.io/sites/default/files/styles/original_webp/public/oldImages/113811_Brunner_window_3422_3442_3456_valet_VT-1003_HD_XL.jpg.webp?itok=7muFVyty
Finished download: https://live-brunner.pantheonsite.io/sites/default/files/styles/original_webp/public/oldImages/113811_Brunner_window_3422_3442_3456_valet_VT-1003_HD_XL.jpg.webp?itok=7muFVyty -> window_reclining_chair_3456\image_9.jpg
Completed image downloads for product window_reclining_chair_3456
Extracting features for product window_reclining_chair_3456...
Features saved for product window_reclining_chair_3456
Attempting to access Downloads tab for product window_reclining_chair_3456...
Starting download of PDF: https://live-brunner.pantheonsite.io/sites/default/files/oldPdfs/Produktdatenblaetter/Produktdatenblaetter_EN/window_Brunner_product_data_sheet_EN.pdf
Downloaded product_sheet.pdf for product window_reclining_chair_3456
